2026-08-20 15:58:39,623|line:449| processing article 52494291
2026-08-20 15:58:39,773|line:413| 获取 Article 结构化正文失败 52494291: -509 请求过于频繁，请稍后再试
2026-08-20 15:58:40,734|line:413| 获取 Article 结构化正文失败 52494291: -509 请求过于频繁，请稍后再试
2026-08-20 15:58:42,509|line:933| ==================================================2026-08-20 15:58==================================================
2026-08-20 15:58:42,510|line:945| https://t.bilibili.com/1224854467309993993
2026-08-20 15:58:42,510|line:947| 已有
2026-08-20 15:58:42,510|line:945| https://t.bilibili.com/1227157609149104130
2026-08-20 15:58:42,510|line:947| 已有
2026-08-20 15:58:42,510|line:945| https://t.bilibili.com/1225602319919349764
2026-08-20 15:58:42,510|line:947| 已有
2026-08-20 15:58:42,510|line:945| https://t.bilibili.com/1232309469667393556
2026-08-20 15:58:42,510|line:947| 已有
2026-08-20 15:58:42,511|line:945| https://t.bilibili.com/1234410090970218515
2026-08-20 15:58:42,511|line:947| 已有
2026-08-20 15:58:42,512|line:945| https://t.bilibili.com/1237236316839608340
2026-08-20 15:58:42,512|line:947| 已有
2026-08-20 15:58:42,512|line:945| https://t.bilibili.com/1237599563695521797
2026-08-20 15:58:42,512|line:947| 已有
2026-08-20 15:58:42,512|line:945| https://t.bilibili.com/1237967973119950852
2026-08-20 15:58:46,758|line:759| =========此为源动态=========
2026-08-20 15:58:46,758|line:780| *********子动态开始*********
2026-08-20 15:58:53,536|line:810| *********子动态结束*********
2026-08-20 15:58:53,537|line:963| -=-=-=-=处理回最初的动态-=-=-=-=
2026-08-20 15:59:09,199|line:945| https://t.bilibili.com/1238117051438989368
2026-08-20 15:59:12,402|line:952| 官方 或 预约 OUT！
2026-08-20 15:59:12,403|line:945| https://t.bilibili.com/1238100174374436867
2026-08-20 15:59:15,591|line:759| =========此为源动态=========
2026-08-20 15:59:15,592|line:780| *********子动态开始*********
2026-08-20 15:59:25,253|line:810| *********子动态结束*********
2026-08-20 15:59:25,255|line:963| -=-=-=-=处理回最初的动态-=-=-=-=
2026-08-20 15:59:32,871|line:945| https://t.bilibili.com/1238261611454529574
2026-08-20 15:59:35,091|line:759| =========此为源动态=========
2026-08-20 15:59:35,091|line:780| *********子动态开始*********
2026-08-20 15:59:45,759|line:810| *********子动态结束*********
2026-08-20 15:59:45,762|line:963| -=-=-=-=处理回最初的动态-=-=-=-=
2026-08-20 15:59:56,419|line:945| https://t.bilibili.com/1238203225691127811
2026-08-20 15:59:58,712|line:759| =========此为源动态=========
2026-08-20 15:59:58,721|line:780| *********子动态开始*********
2026-08-20 16:00:08,445|line:810| *********子动态结束*********
2026-08-20 16:00:08,449|line:963| -=-=-=-=处理回最初的动态-=-=-=-=
2026-08-20 16:00:20,027|line:945| https://t.bilibili.com/1228848557120815106
2026-08-20 16:00:21,208|line:759| =========此为源动态=========
2026-08-20 16:00:21,208|line:780| *********子动态开始*********
2026-08-20 16:00:26,844|line:810| *********子动态结束*********
2026-08-20 16:00:26,847|line:963| -=-=-=-=处理回最初的动态-=-=-=-=
2026-08-20 16:00:35,468|line:945| https://t.bilibili.com/1228512675656368152
2026-08-20 16:00:37,690|line:759| =========此为源动态=========
2026-08-20 16:00:37,691|line:780| *********子动态开始*********
2026-08-20 16:00:43,991|line:533| 获取转发列表失败 1228512675656368152: -352 -352
2026-08-20 16:00:43,992|line:810| *********子动态结束*********
2026-08-20 16:00:43,992|line:963| -=-=-=-=处理回最初的动态-=-=-=-=
2026-08-20 16:00:47,121|line:533| 获取转发列表失败 1228512675656368152: -352 -352
2026-08-20 16:00:57,472|line:945| https://t.bilibili.com/1233703616049577992
2026-08-20 16:00:58,628|line:759| =========此为源动态=========
2026-08-20 16:00:58,629|line:780| *********子动态开始*********
2026-08-20 16:01:00,774|line:533| 获取转发列表失败 1233703616049577992: -352 -352
2026-08-20 16:01:00,776|line:810| *********子动态结束*********
2026-08-20 16:01:00,776|line:963| -=-=-=-=处理回最初的动态-=-=-=-=
2026-08-20 16:01:01,936|line:533| 获取转发列表失败 1233703616049577992: -352 -352
2026-08-20 16:01:10,277|line:945| https://t.bilibili.com/1233703809369243689
2026-08-20 16:01:14,449|line:759| =========此为源动态=========
2026-08-20 16:01:14,449|line:780| *********子动态开始*********
2026-08-20 16:01:15,587|line:533| 获取转发列表失败 1233703809369243689: -352 -352
2026-08-20 16:01:15,587|line:810| *********子动态结束*********
2026-08-20 16:01:15,587|line:963| -=-=-=-=处理回最初的动态-=-=-=-=
2026-08-20 16:01:16,728|line:533| 获取转发列表失败 1233703809369243689: -352 -352
2026-08-20 16:01:24,013|line:945| https://t.bilibili.com/1235246707656097798
2026-08-20 16:01:27,238|line:759| =========此为源动态=========
2026-08-20 16:01:27,238|line:780| *********子动态开始*********
2026-08-20 16:01:28,382|line:533| 获取转发列表失败 1235246707656097798: -352 -352
2026-08-20 16:01:28,382|line:810| *********子动态结束*********
2026-08-20 16:01:28,383|line:963| -=-=-=-=处理回最初的动态-=-=-=-=
2026-08-20 16:01:31,537|line:533| 获取转发列表失败 1235246707656097798: -352 -352
2026-08-20 16:01:40,932|line:945| https://t.bilibili.com/1235888663510908931
2026-08-20 16:01:43,172|line:759| =========此为源动态=========
2026-08-20 16:01:43,176|line:780| *********子动态开始*********
2026-08-20 16:01:45,320|line:533| 获取转发列表失败 1235888663510908931: -352 -352
2026-08-20 16:01:45,321|line:810| *********子动态结束*********
2026-08-20 16:01:45,322|line:963| -=-=-=-=处理回最初的动态-=-=-=-=
2026-08-20 16:01:49,460|line:533| 获取转发列表失败 1235888663510908931: -352 -352
2026-08-20 16:01:56,796|line:945| https://t.bilibili.com/1236274686571053059
2026-08-20 16:01:58,973|line:759| =========此为源动态=========
2026-08-20 16:01:58,973|line:780| *********子动态开始*********
2026-08-20 16:02:01,129|line:533| 获取转发列表失败 1236274686571053059: -352 -352
2026-08-20 16:02:01,131|line:810| *********子动态结束*********
2026-08-20 16:02:01,132|line:963| -=-=-=-=处理回最初的动态-=-=-=-=
2026-08-20 16:02:02,307|line:533| 获取转发列表失败 1236274686571053059: -352 -352
2026-08-20 16:02:08,633|line:945| https://t.bilibili.com/1236272509033119744
2026-08-20 16:02:12,849|line:759| =========此为源动态=========
2026-08-20 16:02:12,851|line:780| *********子动态开始*********
2026-08-20 16:02:15,018|line:533| 获取转发列表失败 1236272509033119744: -352 -352
2026-08-20 16:02:15,021|line:810| *********子动态结束*********
2026-08-20 16:02:15,021|line:963| -=-=-=-=处理回最初的动态-=-=-=-=
2026-08-20 16:02:18,171|line:533| 获取转发列表失败 1236272509033119744: -352 -352
2026-08-20 16:02:28,616|line:945| https://t.bilibili.com/1236270103835705353
2026-08-20 16:02:32,804|line:759| =========此为源动态=========
2026-08-20 16:02:32,805|line:780| *********子动态开始*********
2026-08-20 16:02:36,936|line:533| 获取转发列表失败 1236270103835705353: -352 -352
2026-08-20 16:02:36,938|line:810| *********子动态结束*********
2026-08-20 16:02:36,938|line:963| -=-=-=-=处理回最初的动态-=-=-=-=
2026-08-20 16:02:41,111|line:533| 获取转发列表失败 1236270103835705353: -352 -352
2026-08-20 16:02:52,492|line:945| https://t.bilibili.com/1236263914763714561
2026-08-20 16:02:53,670|line:759| =========此为源动态=========
2026-08-20 16:02:53,672|line:780| *********子动态开始*********
2026-08-20 16:02:56,804|line:533| 获取转发列表失败 1236263914763714561: -352 -352
2026-08-20 16:02:56,807|line:810| *********子动态结束*********
2026-08-20 16:02:56,807|line:963| -=-=-=-=处理回最初的动态-=-=-=-=
2026-08-20 16:02:59,948|line:533| 获取转发列表失败 1236263914763714561: -352 -352
2026-08-20 16:03:09,314|line:945| https://t.bilibili.com/1236265521131814929
2026-08-20 16:03:10,491|line:759| =========此为源动态=========
2026-08-20 16:03:10,492|line:780| *********子动态开始*********
2026-08-20 16:03:11,630|line:533| 获取转发列表失败 1236265521131814929: -352 -352
2026-08-20 16:03:11,630|line:810| *********子动态结束*********
2026-08-20 16:03:11,630|line:963| -=-=-=-=处理回最初的动态-=-=-=-=
2026-08-20 16:03:15,763|line:533| 获取转发列表失败 1236265521131814929: -352 -352
2026-08-20 16:03:27,080|line:945| https://t.bilibili.com/1234754996158857225
2026-08-20 16:03:30,283|line:759| =========此为源动态=========
2026-08-20 16:03:30,284|line:780| *********子动态开始*********
2026-08-20 16:03:34,447|line:533| 获取转发列表失败 1234754996158857225: -352 -352
2026-08-20 16:03:34,448|line:810| *********子动态结束*********
2026-08-20 16:03:34,448|line:963| -=-=-=-=处理回最初的动态-=-=-=-=
2026-08-20 16:03:38,604|line:533| 获取转发列表失败 1234754996158857225: -352 -352
2026-08-20 16:03:47,959|line:945| https://t.bilibili.com/1235603451888533507
2026-08-20 16:03:52,195|line:759| =========此为源动态=========
2026-08-20 16:03:52,195|line:780| *********子动态开始*********
2026-08-20 16:03:55,335|line:533| 获取转发列表失败 1235603451888533507: -352 -352
2026-08-20 16:03:55,336|line:810| *********子动态结束*********
2026-08-20 16:03:55,336|line:963| -=-=-=-=处理回最初的动态-=-=-=-=
2026-08-20 16:03:56,505|line:533| 获取转发列表失败 1235603451888533507: -352 -352
