2026-07-31 17:47:40,799|line:232| processing article 51959342
2026-07-31 17:47:45,571|line:507| ==================================================2026-08-01 01:47==================================================
2026-07-31 17:47:45,571|line:232| processing article 51959172
2026-07-31 17:47:50,731|line:507| ==================================================2026-08-01 01:47==================================================
2026-07-31 17:47:50,732|line:519| https://t.bilibili.com/1230901622383575064
2026-07-31 17:47:55,183|line:346| Expecting value: line 1 column 1 (char 0)
2026-07-31 17:47:55,183|line:347| error line:319
2026-07-31 17:47:55,184|line:533| *#*#*#*#*#*#*#*#*#*原动态处理失败*#*#*#*#*#*#*#*#*#
2026-07-31 17:47:55,184|line:519| https://t.bilibili.com/1224854467309993993
2026-07-31 17:47:58,516|line:346| Expecting value: line 1 column 1 (char 0)
2026-07-31 17:47:58,517|line:347| error line:319
2026-07-31 17:47:58,518|line:533| *#*#*#*#*#*#*#*#*#*原动态处理失败*#*#*#*#*#*#*#*#*#
2026-07-31 17:47:58,518|line:519| https://t.bilibili.com/1229935443724730400
2026-07-31 17:47:59,869|line:346| Expecting value: line 1 column 1 (char 0)
2026-07-31 17:47:59,870|line:347| error line:319
2026-07-31 17:47:59,871|line:533| *#*#*#*#*#*#*#*#*#*原动态处理失败*#*#*#*#*#*#*#*#*#
2026-07-31 17:47:59,871|line:519| https://t.bilibili.com/1231146220775276545
2026-07-31 17:48:03,177|line:346| Expecting value: line 1 column 1 (char 0)
2026-07-31 17:48:03,177|line:347| error line:319
2026-07-31 17:48:03,179|line:533| *#*#*#*#*#*#*#*#*#*原动态处理失败*#*#*#*#*#*#*#*#*#
2026-07-31 17:48:03,179|line:519| https://t.bilibili.com/1231163974015254533
2026-07-31 17:48:04,460|line:346| Expecting value: line 1 column 1 (char 0)
2026-07-31 17:48:04,460|line:347| error line:319
2026-07-31 17:48:04,461|line:533| *#*#*#*#*#*#*#*#*#*原动态处理失败*#*#*#*#*#*#*#*#*#
2026-07-31 17:48:04,461|line:519| https://t.bilibili.com/1231142368186466353
2026-07-31 17:48:07,741|line:346| Expecting value: line 1 column 1 (char 0)
2026-07-31 17:48:07,742|line:347| error line:319
2026-07-31 17:48:07,743|line:533| *#*#*#*#*#*#*#*#*#*原动态处理失败*#*#*#*#*#*#*#*#*#
2026-07-31 17:48:07,743|line:519| https://t.bilibili.com/1231186911248252935
2026-07-31 17:48:12,030|line:346| Expecting value: line 1 column 1 (char 0)
2026-07-31 17:48:12,031|line:347| error line:319
2026-07-31 17:48:12,031|line:533| *#*#*#*#*#*#*#*#*#*原动态处理失败*#*#*#*#*#*#*#*#*#
2026-07-31 17:48:12,032|line:519| https://t.bilibili.com/1230997758765170696
2026-07-31 17:48:13,403|line:346| Expecting value: line 1 column 1 (char 0)
2026-07-31 17:48:13,403|line:347| error line:319
2026-07-31 17:48:13,404|line:533| *#*#*#*#*#*#*#*#*#*原动态处理失败*#*#*#*#*#*#*#*#*#
2026-07-31 17:48:13,404|line:519| https://t.bilibili.com/1227699818755784726
2026-07-31 17:48:17,685|line:346| Expecting value: line 1 column 1 (char 0)
2026-07-31 17:48:17,685|line:347| error line:319
2026-07-31 17:48:17,686|line:533| *#*#*#*#*#*#*#*#*#*原动态处理失败*#*#*#*#*#*#*#*#*#
2026-07-31 17:48:17,686|line:519| https://t.bilibili.com/1231130445346766871
2026-07-31 17:48:19,141|line:346| Expecting value: line 1 column 1 (char 0)
2026-07-31 17:48:19,141|line:347| error line:319
2026-07-31 17:48:19,142|line:533| *#*#*#*#*#*#*#*#*#*原动态处理失败*#*#*#*#*#*#*#*#*#
2026-07-31 17:48:19,142|line:519| https://t.bilibili.com/1231062782425694216
2026-07-31 17:48:23,491|line:346| Expecting value: line 1 column 1 (char 0)
2026-07-31 17:48:23,491|line:347| error line:319
2026-07-31 17:48:23,492|line:533| *#*#*#*#*#*#*#*#*#*原动态处理失败*#*#*#*#*#*#*#*#*#
2026-07-31 17:48:23,493|line:519| https://t.bilibili.com/1231198763203166216
2026-07-31 17:48:26,846|line:346| Expecting value: line 1 column 1 (char 0)
2026-07-31 17:48:26,847|line:347| error line:319
2026-07-31 17:48:26,848|line:533| *#*#*#*#*#*#*#*#*#*原动态处理失败*#*#*#*#*#*#*#*#*#
2026-07-31 17:48:26,848|line:519| https://t.bilibili.com/1231175570411225091
2026-07-31 17:48:28,131|line:346| Expecting value: line 1 column 1 (char 0)
2026-07-31 17:48:28,131|line:347| error line:319
2026-07-31 17:48:28,132|line:533| *#*#*#*#*#*#*#*#*#*原动态处理失败*#*#*#*#*#*#*#*#*#
2026-07-31 17:48:28,132|line:519| https://t.bilibili.com/1230856400675012663
2026-07-31 17:48:31,435|line:346| Expecting value: line 1 column 1 (char 0)
2026-07-31 17:48:31,435|line:347| error line:319
2026-07-31 17:48:31,436|line:533| *#*#*#*#*#*#*#*#*#*原动态处理失败*#*#*#*#*#*#*#*#*#
2026-07-31 17:48:31,436|line:519| https://t.bilibili.com/1231157357586677764
2026-07-31 17:48:33,795|line:346| Expecting value: line 1 column 1 (char 0)
2026-07-31 17:48:33,796|line:347| error line:319
2026-07-31 17:48:33,797|line:533| *#*#*#*#*#*#*#*#*#*原动态处理失败*#*#*#*#*#*#*#*#*#
2026-07-31 17:48:33,797|line:519| https://t.bilibili.com/1231160108539445271
2026-07-31 17:48:35,078|line:346| Expecting value: line 1 column 1 (char 0)
2026-07-31 17:48:35,079|line:347| error line:319
2026-07-31 17:48:35,080|line:533| *#*#*#*#*#*#*#*#*#*原动态处理失败*#*#*#*#*#*#*#*#*#
2026-07-31 17:48:35,080|line:519| https://t.bilibili.com/1231168357008408629
2026-07-31 17:48:37,366|line:346| Expecting value: line 1 column 1 (char 0)
2026-07-31 17:48:37,366|line:347| error line:319
2026-07-31 17:48:37,367|line:533| *#*#*#*#*#*#*#*#*#*原动态处理失败*#*#*#*#*#*#*#*#*#
2026-07-31 17:48:37,368|line:519| https://t.bilibili.com/1231110400746979365
2026-07-31 17:48:40,715|line:346| Expecting value: line 1 column 1 (char 0)
2026-07-31 17:48:40,715|line:347| error line:319
2026-07-31 17:48:40,716|line:533| *#*#*#*#*#*#*#*#*#*原动态处理失败*#*#*#*#*#*#*#*#*#
2026-07-31 17:48:40,716|line:519| https://t.bilibili.com/1231172737887633412
2026-07-31 17:48:42,020|line:346| Expecting value: line 1 column 1 (char 0)
2026-07-31 17:48:42,020|line:347| error line:319
2026-07-31 17:48:42,021|line:533| *#*#*#*#*#*#*#*#*#*原动态处理失败*#*#*#*#*#*#*#*#*#
2026-07-31 17:48:42,022|line:519| https://t.bilibili.com/1231117453070696448
2026-07-31 17:48:43,303|line:346| Expecting value: line 1 column 1 (char 0)
2026-07-31 17:48:43,303|line:347| error line:319
2026-07-31 17:48:43,304|line:533| *#*#*#*#*#*#*#*#*#*原动态处理失败*#*#*#*#*#*#*#*#*#
2026-07-31 17:48:43,305|line:519| https://t.bilibili.com/1231171704935415816
2026-07-31 17:48:46,649|line:346| Expecting value: line 1 column 1 (char 0)
2026-07-31 17:48:46,649|line:347| error line:319
2026-07-31 17:48:46,650|line:533| *#*#*#*#*#*#*#*#*#*原动态处理失败*#*#*#*#*#*#*#*#*#
2026-07-31 17:48:46,651|line:519| https://t.bilibili.com/1231128877691043843
2026-07-31 17:48:49,936|line:346| Expecting value: line 1 column 1 (char 0)
2026-07-31 17:48:49,936|line:347| error line:319
2026-07-31 17:48:49,937|line:533| *#*#*#*#*#*#*#*#*#*原动态处理失败*#*#*#*#*#*#*#*#*#
2026-07-31 17:48:49,937|line:519| https://t.bilibili.com/1230673220321935384
2026-07-31 17:48:51,285|line:346| Expecting value: line 1 column 1 (char 0)
2026-07-31 17:48:51,285|line:347| error line:319
2026-07-31 17:48:51,286|line:533| *#*#*#*#*#*#*#*#*#*原动态处理失败*#*#*#*#*#*#*#*#*#
2026-07-31 17:48:51,287|line:519| https://t.bilibili.com/1231172574674681862
2026-07-31 17:48:54,640|line:346| Expecting value: line 1 column 1 (char 0)
2026-07-31 17:48:54,640|line:347| error line:319
2026-07-31 17:48:54,641|line:533| *#*#*#*#*#*#*#*#*#*原动态处理失败*#*#*#*#*#*#*#*#*#
2026-07-31 17:48:54,642|line:519| https://t.bilibili.com/1230750368665698321
2026-07-31 17:48:56,950|line:346| Expecting value: line 1 column 1 (char 0)
2026-07-31 17:48:56,951|line:347| error line:319
2026-07-31 17:48:56,952|line:533| *#*#*#*#*#*#*#*#*#*原动态处理失败*#*#*#*#*#*#*#*#*#
2026-07-31 17:48:56,952|line:519| https://t.bilibili.com/1231043188781744184
2026-07-31 17:49:00,234|line:346| Expecting value: line 1 column 1 (char 0)
2026-07-31 17:49:00,234|line:347| error line:319
2026-07-31 17:49:00,235|line:533| *#*#*#*#*#*#*#*#*#*原动态处理失败*#*#*#*#*#*#*#*#*#
2026-07-31 17:49:00,236|line:519| https://t.bilibili.com/1230859664850157572
2026-07-31 17:49:04,514|line:346| Expecting value: line 1 column 1 (char 0)
2026-07-31 17:49:04,515|line:347| error line:319
2026-07-31 17:49:04,515|line:533| *#*#*#*#*#*#*#*#*#*原动态处理失败*#*#*#*#*#*#*#*#*#
2026-07-31 17:49:04,516|line:519| https://t.bilibili.com/1231152377608798225
2026-07-31 17:49:07,795|line:346| Expecting value: line 1 column 1 (char 0)
2026-07-31 17:49:07,795|line:347| error line:319
2026-07-31 17:49:07,796|line:533| *#*#*#*#*#*#*#*#*#*原动态处理失败*#*#*#*#*#*#*#*#*#
2026-07-31 17:49:07,797|line:519| https://t.bilibili.com/1231143128363171860
2026-07-31 17:49:09,079|line:346| Expecting value: line 1 column 1 (char 0)
2026-07-31 17:49:09,080|line:347| error line:319
2026-07-31 17:49:09,081|line:533| *#*#*#*#*#*#*#*#*#*原动态处理失败*#*#*#*#*#*#*#*#*#
2026-07-31 17:49:09,081|line:519| https://t.bilibili.com/1231167839473238050
2026-07-31 17:49:11,427|line:346| Expecting value: line 1 column 1 (char 0)
2026-07-31 17:49:11,427|line:347| error line:319
2026-07-31 17:49:11,429|line:533| *#*#*#*#*#*#*#*#*#*原动态处理失败*#*#*#*#*#*#*#*#*#
2026-07-31 17:49:11,429|line:519| https://t.bilibili.com/1231059312057516032
2026-07-31 17:49:14,773|line:346| Expecting value: line 1 column 1 (char 0)
2026-07-31 17:49:14,774|line:347| error line:319
2026-07-31 17:49:14,775|line:533| *#*#*#*#*#*#*#*#*#*原动态处理失败*#*#*#*#*#*#*#*#*#
2026-07-31 17:49:14,775|line:519| https://t.bilibili.com/1231150026056531972
2026-07-31 17:49:18,126|line:346| Expecting value: line 1 column 1 (char 0)
2026-07-31 17:49:18,126|line:347| error line:319
2026-07-31 17:49:18,127|line:533| *#*#*#*#*#*#*#*#*#*原动态处理失败*#*#*#*#*#*#*#*#*#
2026-07-31 17:49:18,127|line:519| https://t.bilibili.com/1231122899083984928
2026-07-31 17:49:20,411|line:346| Expecting value: line 1 column 1 (char 0)
2026-07-31 17:49:20,411|line:347| error line:319
2026-07-31 17:49:20,412|line:533| *#*#*#*#*#*#*#*#*#*原动态处理失败*#*#*#*#*#*#*#*#*#
2026-07-31 17:49:20,412|line:519| https://t.bilibili.com/1231065466745651200
2026-07-31 17:49:24,696|line:346| Expecting value: line 1 column 1 (char 0)
2026-07-31 17:49:24,697|line:347| error line:319
2026-07-31 17:49:24,698|line:533| *#*#*#*#*#*#*#*#*#*原动态处理失败*#*#*#*#*#*#*#*#*#
2026-07-31 17:49:24,698|line:519| https://t.bilibili.com/1231035101349937209
2026-07-31 17:49:27,978|line:346| Expecting value: line 1 column 1 (char 0)
2026-07-31 17:49:27,979|line:347| error line:319
2026-07-31 17:49:27,980|line:533| *#*#*#*#*#*#*#*#*#*原动态处理失败*#*#*#*#*#*#*#*#*#
2026-07-31 17:49:27,980|line:519| https://t.bilibili.com/1230851564531351561
2026-07-31 17:49:29,261|line:346| Expecting value: line 1 column 1 (char 0)
2026-07-31 17:49:29,261|line:347| error line:319
2026-07-31 17:49:29,262|line:533| *#*#*#*#*#*#*#*#*#*原动态处理失败*#*#*#*#*#*#*#*#*#
2026-07-31 17:49:29,262|line:519| https://t.bilibili.com/1231105259617648657
2026-07-31 17:49:33,610|line:346| Expecting value: line 1 column 1 (char 0)
2026-07-31 17:49:33,610|line:347| error line:319
2026-07-31 17:49:33,611|line:533| *#*#*#*#*#*#*#*#*#*原动态处理失败*#*#*#*#*#*#*#*#*#
2026-07-31 17:49:33,612|line:519| https://t.bilibili.com/1231078467665133571
2026-07-31 17:49:34,959|line:346| Expecting value: line 1 column 1 (char 0)
2026-07-31 17:49:34,960|line:347| error line:319
2026-07-31 17:49:34,960|line:533| *#*#*#*#*#*#*#*#*#*原动态处理失败*#*#*#*#*#*#*#*#*#
2026-07-31 17:49:34,961|line:519| https://t.bilibili.com/1231055605523808263
2026-07-31 17:49:38,250|line:346| Expecting value: line 1 column 1 (char 0)
2026-07-31 17:49:38,250|line:347| error line:319
2026-07-31 17:49:38,251|line:533| *#*#*#*#*#*#*#*#*#*原动态处理失败*#*#*#*#*#*#*#*#*#
2026-07-31 17:49:38,251|line:519| https://t.bilibili.com/1231051138738946051
2026-07-31 17:49:42,549|line:346| Expecting value: line 1 column 1 (char 0)
2026-07-31 17:49:42,549|line:347| error line:319
2026-07-31 17:49:42,550|line:533| *#*#*#*#*#*#*#*#*#*原动态处理失败*#*#*#*#*#*#*#*#*#
2026-07-31 17:49:42,550|line:519| https://t.bilibili.com/1231167839479529511
2026-07-31 17:49:46,831|line:346| Expecting value: line 1 column 1 (char 0)
2026-07-31 17:49:46,831|line:347| error line:319
2026-07-31 17:49:46,832|line:533| *#*#*#*#*#*#*#*#*#*原动态处理失败*#*#*#*#*#*#*#*#*#
2026-07-31 17:49:46,833|line:519| https://t.bilibili.com/1231172445812031513
2026-07-31 17:49:48,113|line:346| Expecting value: line 1 column 1 (char 0)
2026-07-31 17:49:48,114|line:347| error line:319
2026-07-31 17:49:48,115|line:533| *#*#*#*#*#*#*#*#*#*原动态处理失败*#*#*#*#*#*#*#*#*#
2026-07-31 17:49:48,115|line:519| https://t.bilibili.com/1231158113533427744
2026-07-31 17:49:50,395|line:346| Expecting value: line 1 column 1 (char 0)
2026-07-31 17:49:50,396|line:347| error line:319
2026-07-31 17:49:50,397|line:533| *#*#*#*#*#*#*#*#*#*原动态处理失败*#*#*#*#*#*#*#*#*#
2026-07-31 17:49:50,397|line:519| https://t.bilibili.com/1231180309917073427
2026-07-31 17:49:52,749|line:346| Expecting value: line 1 column 1 (char 0)
2026-07-31 17:49:52,750|line:347| error line:319
2026-07-31 17:49:52,751|line:533| *#*#*#*#*#*#*#*#*#*原动态处理失败*#*#*#*#*#*#*#*#*#
2026-07-31 17:49:52,751|line:519| https://t.bilibili.com/1231177230410842112
2026-07-31 17:49:55,036|line:346| Expecting value: line 1 column 1 (char 0)
2026-07-31 17:49:55,036|line:347| error line:319
2026-07-31 17:49:55,037|line:533| *#*#*#*#*#*#*#*#*#*原动态处理失败*#*#*#*#*#*#*#*#*#
2026-07-31 17:49:55,037|line:519| https://t.bilibili.com/1230878270600249384
2026-07-31 17:49:57,342|line:346| Expecting value: line 1 column 1 (char 0)
2026-07-31 17:49:57,342|line:347| error line:319
2026-07-31 17:49:57,343|line:533| *#*#*#*#*#*#*#*#*#*原动态处理失败*#*#*#*#*#*#*#*#*#
2026-07-31 17:49:57,343|line:519| https://t.bilibili.com/1231183301330337796
2026-07-31 17:50:00,624|line:346| Expecting value: line 1 column 1 (char 0)
2026-07-31 17:50:00,624|line:347| error line:319
2026-07-31 17:50:00,625|line:533| *#*#*#*#*#*#*#*#*#*原动态处理失败*#*#*#*#*#*#*#*#*#
2026-07-31 17:50:00,626|line:519| https://t.bilibili.com/1231044144425598979
2026-07-31 17:50:03,971|line:346| Expecting value: line 1 column 1 (char 0)
2026-07-31 17:50:03,971|line:347| error line:319
2026-07-31 17:50:03,972|line:533| *#*#*#*#*#*#*#*#*#*原动态处理失败*#*#*#*#*#*#*#*#*#
2026-07-31 17:50:03,972|line:519| https://t.bilibili.com/1231124586970480647
2026-07-31 17:50:07,317|line:346| Expecting value: line 1 column 1 (char 0)
2026-07-31 17:50:07,317|line:347| error line:319
2026-07-31 17:50:07,318|line:533| *#*#*#*#*#*#*#*#*#*原动态处理失败*#*#*#*#*#*#*#*#*#
2026-07-31 17:50:07,318|line:552| 执行结束
2026-07-31 17:50:07,319|line:556| 执行失败，错误数量为49
2026-07-31 17:50:07,319|line:558| ==================================================2026-08-01 01:50==================================================
2026-07-31 17:50:07,319|line:232| processing article 51954081
2026-07-31 17:50:09,012|line:507| ==================================================2026-08-01 01:50==================================================
2026-07-31 17:50:09,012|line:232| processing article 51954008
2026-07-31 17:50:12,597|line:507| ==================================================2026-08-01 01:50==================================================
2026-07-31 17:50:12,597|line:232| processing article 51937831
2026-07-31 17:50:14,799|line:507| ==================================================2026-08-01 01:50==================================================
2026-07-31 17:50:14,799|line:519| https://t.bilibili.com/1230533977478004758
2026-07-31 17:50:19,086|line:346| Expecting value: line 1 column 1 (char 0)
2026-07-31 17:50:19,086|line:347| error line:319
2026-07-31 17:50:19,087|line:533| *#*#*#*#*#*#*#*#*#*原动态处理失败*#*#*#*#*#*#*#*#*#
2026-07-31 17:50:19,087|line:519| https://t.bilibili.com/1230013058075590659
2026-07-31 17:50:21,367|line:346| Expecting value: line 1 column 1 (char 0)
2026-07-31 17:50:21,367|line:347| error line:319
2026-07-31 17:50:21,368|line:533| *#*#*#*#*#*#*#*#*#*原动态处理失败*#*#*#*#*#*#*#*#*#
2026-07-31 17:50:21,369|line:519| https://t.bilibili.com/1221467928554110976
2026-07-31 17:50:24,654|line:346| Expecting value: line 1 column 1 (char 0)
2026-07-31 17:50:24,654|line:347| error line:319
2026-07-31 17:50:24,655|line:533| *#*#*#*#*#*#*#*#*#*原动态处理失败*#*#*#*#*#*#*#*#*#
2026-07-31 17:50:24,656|line:519| https://t.bilibili.com/1224854467309993993
2026-07-31 17:50:26,939|line:346| Expecting value: line 1 column 1 (char 0)
2026-07-31 17:50:26,939|line:347| error line:319
2026-07-31 17:50:26,940|line:533| *#*#*#*#*#*#*#*#*#*原动态处理失败*#*#*#*#*#*#*#*#*#
2026-07-31 17:50:26,940|line:519| https://t.bilibili.com/1229627211081842707
2026-07-31 17:50:30,238|line:346| Expecting value: line 1 column 1 (char 0)
2026-07-31 17:50:30,238|line:347| error line:319
2026-07-31 17:50:30,239|line:533| *#*#*#*#*#*#*#*#*#*原动态处理失败*#*#*#*#*#*#*#*#*#
2026-07-31 17:50:30,239|line:519| https://t.bilibili.com/1230035256604622852
2026-07-31 17:50:33,584|line:346| Expecting value: line 1 column 1 (char 0)
2026-07-31 17:50:33,584|line:347| error line:319
2026-07-31 17:50:33,585|line:533| *#*#*#*#*#*#*#*#*#*原动态处理失败*#*#*#*#*#*#*#*#*#
2026-07-31 17:50:33,585|line:519| https://t.bilibili.com/1230083113257795620
2026-07-31 17:50:34,889|line:346| Expecting value: line 1 column 1 (char 0)
2026-07-31 17:50:34,889|line:347| error line:319
2026-07-31 17:50:34,890|line:533| *#*#*#*#*#*#*#*#*#*原动态处理失败*#*#*#*#*#*#*#*#*#
2026-07-31 17:50:34,891|line:519| https://t.bilibili.com/1230015939954606096
2026-07-31 17:50:38,181|line:346| Expecting value: line 1 column 1 (char 0)
2026-07-31 17:50:38,181|line:347| error line:319
2026-07-31 17:50:38,182|line:533| *#*#*#*#*#*#*#*#*#*原动态处理失败*#*#*#*#*#*#*#*#*#
2026-07-31 17:50:38,182|line:519| https://t.bilibili.com/1229793091320283155
2026-07-31 17:50:40,477|line:346| Expecting value: line 1 column 1 (char 0)
2026-07-31 17:50:40,478|line:347| error line:319
2026-07-31 17:50:40,479|line:533| *#*#*#*#*#*#*#*#*#*原动态处理失败*#*#*#*#*#*#*#*#*#
2026-07-31 17:50:40,479|line:519| https://t.bilibili.com/1220297687402807315
2026-07-31 17:50:42,801|line:346| Expecting value: line 1 column 1 (char 0)
2026-07-31 17:50:42,801|line:347| error line:319
2026-07-31 17:50:42,802|line:533| *#*#*#*#*#*#*#*#*#*原动态处理失败*#*#*#*#*#*#*#*#*#
2026-07-31 17:50:42,802|line:519| https://t.bilibili.com/1222632880419635207
2026-07-31 17:50:45,152|line:346| Expecting value: line 1 column 1 (char 0)
2026-07-31 17:50:45,152|line:347| error line:319
2026-07-31 17:50:45,153|line:533| *#*#*#*#*#*#*#*#*#*原动态处理失败*#*#*#*#*#*#*#*#*#
2026-07-31 17:50:45,153|line:519| https://t.bilibili.com/1227410602066968582
2026-07-31 17:50:47,533|line:346| Expecting value: line 1 column 1 (char 0)
2026-07-31 17:50:47,533|line:347| error line:319
2026-07-31 17:50:47,534|line:533| *#*#*#*#*#*#*#*#*#*原动态处理失败*#*#*#*#*#*#*#*#*#
2026-07-31 17:50:47,535|line:519| https://t.bilibili.com/1230163738366050358
2026-07-31 17:50:50,813|line:346| Expecting value: line 1 column 1 (char 0)
2026-07-31 17:50:50,813|line:347| error line:319
2026-07-31 17:50:50,814|line:533| *#*#*#*#*#*#*#*#*#*原动态处理失败*#*#*#*#*#*#*#*#*#
2026-07-31 17:50:50,815|line:519| https://t.bilibili.com/1230007332826513412
2026-07-31 17:50:52,112|line:346| Expecting value: line 1 column 1 (char 0)
2026-07-31 17:50:52,112|line:347| error line:319
2026-07-31 17:50:52,113|line:533| *#*#*#*#*#*#*#*#*#*原动态处理失败*#*#*#*#*#*#*#*#*#
2026-07-31 17:50:52,114|line:519| https://t.bilibili.com/1230099893708652550
2026-07-31 17:50:56,394|line:346| Expecting value: line 1 column 1 (char 0)
2026-07-31 17:50:56,394|line:347| error line:319
2026-07-31 17:50:56,395|line:533| *#*#*#*#*#*#*#*#*#*原动态处理失败*#*#*#*#*#*#*#*#*#
2026-07-31 17:50:56,395|line:552| 执行结束
2026-07-31 17:50:56,395|line:556| 执行失败，错误数量为15
2026-07-31 17:50:56,396|line:558| ==================================================2026-08-01 01:50==================================================
2026-07-31 17:50:56,396|line:232| processing article 51931051
2026-07-31 17:51:01,650|line:507| ==================================================2026-08-01 01:51==================================================
2026-07-31 17:51:01,651|line:519| https://t.bilibili.com/1230836441960939554
2026-07-31 17:51:05,936|line:346| Expecting value: line 1 column 1 (char 0)
2026-07-31 17:51:05,936|line:347| error line:319
2026-07-31 17:51:05,937|line:533| *#*#*#*#*#*#*#*#*#*原动态处理失败*#*#*#*#*#*#*#*#*#
2026-07-31 17:51:05,937|line:519| https://t.bilibili.com/1230309707124572212
2026-07-31 17:51:07,219|line:346| Expecting value: line 1 column 1 (char 0)
2026-07-31 17:51:07,220|line:347| error line:319
2026-07-31 17:51:07,221|line:533| *#*#*#*#*#*#*#*#*#*原动态处理失败*#*#*#*#*#*#*#*#*#
2026-07-31 17:51:07,221|line:519| https://t.bilibili.com/1230796754312495128
2026-07-31 17:51:09,500|line:346| Expecting value: line 1 column 1 (char 0)
2026-07-31 17:51:09,500|line:347| error line:319
2026-07-31 17:51:09,501|line:533| *#*#*#*#*#*#*#*#*#*原动态处理失败*#*#*#*#*#*#*#*#*#
2026-07-31 17:51:09,502|line:519| https://t.bilibili.com/1230775880749416450
2026-07-31 17:51:10,781|line:346| Expecting value: line 1 column 1 (char 0)
2026-07-31 17:51:10,781|line:347| error line:319
2026-07-31 17:51:10,782|line:533| *#*#*#*#*#*#*#*#*#*原动态处理失败*#*#*#*#*#*#*#*#*#
2026-07-31 17:51:10,782|line:519| https://t.bilibili.com/1230816792453054501
2026-07-31 17:51:14,116|line:346| Expecting value: line 1 column 1 (char 0)
2026-07-31 17:51:14,117|line:347| error line:319
2026-07-31 17:51:14,118|line:533| *#*#*#*#*#*#*#*#*#*原动态处理失败*#*#*#*#*#*#*#*#*#
2026-07-31 17:51:14,118|line:519| https://t.bilibili.com/1224854467309993993
2026-07-31 17:51:17,407|line:346| Expecting value: line 1 column 1 (char 0)
2026-07-31 17:51:17,408|line:347| error line:319
2026-07-31 17:51:17,409|line:533| *#*#*#*#*#*#*#*#*#*原动态处理失败*#*#*#*#*#*#*#*#*#
2026-07-31 17:51:17,409|line:519| https://t.bilibili.com/1230733573163581443
2026-07-31 17:51:20,689|line:346| Expecting value: line 1 column 1 (char 0)
2026-07-31 17:51:20,689|line:347| error line:319
2026-07-31 17:51:20,690|line:533| *#*#*#*#*#*#*#*#*#*原动态处理失败*#*#*#*#*#*#*#*#*#
2026-07-31 17:51:20,691|line:519| https://t.bilibili.com/1230478413473513490
2026-07-31 17:51:23,034|line:346| Expecting value: line 1 column 1 (char 0)
2026-07-31 17:51:23,034|line:347| error line:319
2026-07-31 17:51:23,036|line:533| *#*#*#*#*#*#*#*#*#*原动态处理失败*#*#*#*#*#*#*#*#*#
2026-07-31 17:51:23,036|line:519| https://t.bilibili.com/1230734906788675592
2026-07-31 17:51:26,385|line:346| Expecting value: line 1 column 1 (char 0)
2026-07-31 17:51:26,385|line:347| error line:319
2026-07-31 17:51:26,386|line:533| *#*#*#*#*#*#*#*#*#*原动态处理失败*#*#*#*#*#*#*#*#*#
2026-07-31 17:51:26,386|line:519| https://t.bilibili.com/1230743623412219912
2026-07-31 17:51:30,735|line:346| Expecting value: line 1 column 1 (char 0)
2026-07-31 17:51:30,736|line:347| error line:319
2026-07-31 17:51:30,736|line:533| *#*#*#*#*#*#*#*#*#*原动态处理失败*#*#*#*#*#*#*#*#*#
2026-07-31 17:51:30,737|line:519| https://t.bilibili.com/1220297687402807315
2026-07-31 17:51:32,021|line:346| Expecting value: line 1 column 1 (char 0)
2026-07-31 17:51:32,021|line:347| error line:319
2026-07-31 17:51:32,022|line:533| *#*#*#*#*#*#*#*#*#*原动态处理失败*#*#*#*#*#*#*#*#*#
2026-07-31 17:51:32,022|line:519| https://t.bilibili.com/1230771695318466566
2026-07-31 17:51:33,304|line:346| Expecting value: line 1 column 1 (char 0)
2026-07-31 17:51:33,304|line:347| error line:319
2026-07-31 17:51:33,305|line:533| *#*#*#*#*#*#*#*#*#*原动态处理失败*#*#*#*#*#*#*#*#*#
2026-07-31 17:51:33,305|line:519| https://t.bilibili.com/1230777214364024838
2026-07-31 17:51:35,586|line:346| Expecting value: line 1 column 1 (char 0)
2026-07-31 17:51:35,586|line:347| error line:319
2026-07-31 17:51:35,587|line:533| *#*#*#*#*#*#*#*#*#*原动态处理失败*#*#*#*#*#*#*#*#*#
2026-07-31 17:51:35,587|line:519| https://t.bilibili.com/1230768151984078866
2026-07-31 17:51:39,869|line:346| Expecting value: line 1 column 1 (char 0)
2026-07-31 17:51:39,869|line:347| error line:319
2026-07-31 17:51:39,870|line:533| *#*#*#*#*#*#*#*#*#*原动态处理失败*#*#*#*#*#*#*#*#*#
2026-07-31 17:51:39,870|line:519| https://t.bilibili.com/1229683498734845956
2026-07-31 17:51:42,234|line:346| Expecting value: line 1 column 1 (char 0)
2026-07-31 17:51:42,234|line:347| error line:319
2026-07-31 17:51:42,235|line:533| *#*#*#*#*#*#*#*#*#*原动态处理失败*#*#*#*#*#*#*#*#*#
2026-07-31 17:51:42,236|line:519| https://t.bilibili.com/1230815521162657827
2026-07-31 17:51:43,518|line:346| Expecting value: line 1 column 1 (char 0)
2026-07-31 17:51:43,518|line:347| error line:319
2026-07-31 17:51:43,519|line:533| *#*#*#*#*#*#*#*#*#*原动态处理失败*#*#*#*#*#*#*#*#*#
2026-07-31 17:51:43,520|line:519| https://t.bilibili.com/1230675900362653696
2026-07-31 17:51:46,800|line:346| Expecting value: line 1 column 1 (char 0)
2026-07-31 17:51:46,800|line:347| error line:319
2026-07-31 17:51:46,801|line:533| *#*#*#*#*#*#*#*#*#*原动态处理失败*#*#*#*#*#*#*#*#*#
2026-07-31 17:51:46,801|line:519| https://t.bilibili.com/1230533977478004758
2026-07-31 17:51:49,115|line:346| Expecting value: line 1 column 1 (char 0)
2026-07-31 17:51:49,115|line:347| error line:319
2026-07-31 17:51:49,116|line:533| *#*#*#*#*#*#*#*#*#*原动态处理失败*#*#*#*#*#*#*#*#*#
2026-07-31 17:51:49,116|line:519| https://t.bilibili.com/1230680620519129104
2026-07-31 17:51:52,396|line:346| Expecting value: line 1 column 1 (char 0)
2026-07-31 17:51:52,397|line:347| error line:319
2026-07-31 17:51:52,397|line:533| *#*#*#*#*#*#*#*#*#*原动态处理失败*#*#*#*#*#*#*#*#*#
2026-07-31 17:51:52,398|line:519| https://t.bilibili.com/1230687917647593506
2026-07-31 17:51:56,843|line:346| Expecting value: line 1 column 1 (char 0)
2026-07-31 17:51:56,843|line:347| error line:319
2026-07-31 17:51:56,844|line:533| *#*#*#*#*#*#*#*#*#*原动态处理失败*#*#*#*#*#*#*#*#*#
2026-07-31 17:51:56,845|line:519| https://t.bilibili.com/1230689809591173126
2026-07-31 17:52:00,128|line:346| Expecting value: line 1 column 1 (char 0)
2026-07-31 17:52:00,128|line:347| error line:319
2026-07-31 17:52:00,129|line:533| *#*#*#*#*#*#*#*#*#*原动态处理失败*#*#*#*#*#*#*#*#*#
2026-07-31 17:52:00,129|line:519| https://t.bilibili.com/1230802185296543744
2026-07-31 17:52:03,414|line:346| Expecting value: line 1 column 1 (char 0)
2026-07-31 17:52:03,414|line:347| error line:319
2026-07-31 17:52:03,415|line:533| *#*#*#*#*#*#*#*#*#*原动态处理失败*#*#*#*#*#*#*#*#*#
2026-07-31 17:52:03,415|line:519| https://t.bilibili.com/1230769101117325333
2026-07-31 17:52:05,697|line:346| Expecting value: line 1 column 1 (char 0)
2026-07-31 17:52:05,697|line:347| error line:319
2026-07-31 17:52:05,698|line:533| *#*#*#*#*#*#*#*#*#*原动态处理失败*#*#*#*#*#*#*#*#*#
2026-07-31 17:52:05,698|line:519| https://t.bilibili.com/1230703982997930017
2026-07-31 17:52:06,979|line:346| Expecting value: line 1 column 1 (char 0)
2026-07-31 17:52:06,979|line:347| error line:319
2026-07-31 17:52:06,980|line:533| *#*#*#*#*#*#*#*#*#*原动态处理失败*#*#*#*#*#*#*#*#*#
2026-07-31 17:52:06,980|line:519| https://t.bilibili.com/1230758934969581584
2026-07-31 17:52:11,288|line:346| Expecting value: line 1 column 1 (char 0)
2026-07-31 17:52:11,289|line:347| error line:319
2026-07-31 17:52:11,290|line:533| *#*#*#*#*#*#*#*#*#*原动态处理失败*#*#*#*#*#*#*#*#*#
2026-07-31 17:52:11,290|line:519| https://t.bilibili.com/1230702009460457480
2026-07-31 17:52:12,570|line:346| Expecting value: line 1 column 1 (char 0)
2026-07-31 17:52:12,571|line:347| error line:319
2026-07-31 17:52:12,572|line:533| *#*#*#*#*#*#*#*#*#*原动态处理失败*#*#*#*#*#*#*#*#*#
2026-07-31 17:52:12,572|line:519| https://t.bilibili.com/1230783085553909810
2026-07-31 17:52:15,874|line:346| Expecting value: line 1 column 1 (char 0)
2026-07-31 17:52:15,874|line:347| error line:319
2026-07-31 17:52:15,875|line:533| *#*#*#*#*#*#*#*#*#*原动态处理失败*#*#*#*#*#*#*#*#*#
2026-07-31 17:52:15,876|line:519| https://t.bilibili.com/1230691972103012402
2026-07-31 17:52:19,160|line:346| Expecting value: line 1 column 1 (char 0)
2026-07-31 17:52:19,160|line:347| error line:319
2026-07-31 17:52:19,161|line:533| *#*#*#*#*#*#*#*#*#*原动态处理失败*#*#*#*#*#*#*#*#*#
2026-07-31 17:52:19,161|line:519| https://t.bilibili.com/1230750368639483905
2026-07-31 17:52:22,444|line:346| Expecting value: line 1 column 1 (char 0)
2026-07-31 17:52:22,444|line:347| error line:319
2026-07-31 17:52:22,445|line:533| *#*#*#*#*#*#*#*#*#*原动态处理失败*#*#*#*#*#*#*#*#*#
2026-07-31 17:52:22,445|line:519| https://t.bilibili.com/1230775036756885513
2026-07-31 17:52:25,728|line:346| Expecting value: line 1 column 1 (char 0)
2026-07-31 17:52:25,728|line:347| error line:319
2026-07-31 17:52:25,729|line:533| *#*#*#*#*#*#*#*#*#*原动态处理失败*#*#*#*#*#*#*#*#*#
2026-07-31 17:52:25,730|line:519| https://t.bilibili.com/1230705271476584488
2026-07-31 17:52:27,010|line:346| Expecting value: line 1 column 1 (char 0)
2026-07-31 17:52:27,010|line:347| error line:319
2026-07-31 17:52:27,011|line:533| *#*#*#*#*#*#*#*#*#*原动态处理失败*#*#*#*#*#*#*#*#*#
2026-07-31 17:52:27,011|line:519| https://t.bilibili.com/1230734758613352451
2026-07-31 17:52:31,358|line:346| Expecting value: line 1 column 1 (char 0)
2026-07-31 17:52:31,358|line:347| error line:319
2026-07-31 17:52:31,359|line:533| *#*#*#*#*#*#*#*#*#*原动态处理失败*#*#*#*#*#*#*#*#*#
2026-07-31 17:52:31,359|line:519| https://t.bilibili.com/1230483163676934161
2026-07-31 17:52:32,706|line:346| Expecting value: line 1 column 1 (char 0)
2026-07-31 17:52:32,707|line:347| error line:319
2026-07-31 17:52:32,708|line:533| *#*#*#*#*#*#*#*#*#*原动态处理失败*#*#*#*#*#*#*#*#*#
2026-07-31 17:52:32,708|line:519| https://t.bilibili.com/1230501700771512339
2026-07-31 17:52:34,055|line:346| Expecting value: line 1 column 1 (char 0)
2026-07-31 17:52:34,055|line:347| error line:319
2026-07-31 17:52:34,056|line:533| *#*#*#*#*#*#*#*#*#*原动态处理失败*#*#*#*#*#*#*#*#*#
2026-07-31 17:52:34,057|line:519| https://t.bilibili.com/1230749382965461012
2026-07-31 17:52:38,346|line:346| Expecting value: line 1 column 1 (char 0)
2026-07-31 17:52:38,346|line:347| error line:319
2026-07-31 17:52:38,347|line:533| *#*#*#*#*#*#*#*#*#*原动态处理失败*#*#*#*#*#*#*#*#*#
2026-07-31 17:52:38,347|line:519| https://t.bilibili.com/1230775990236479488
2026-07-31 17:52:40,631|line:346| Expecting value: line 1 column 1 (char 0)
2026-07-31 17:52:40,631|line:347| error line:319
2026-07-31 17:52:40,632|line:533| *#*#*#*#*#*#*#*#*#*原动态处理失败*#*#*#*#*#*#*#*#*#
2026-07-31 17:52:40,632|line:519| https://t.bilibili.com/1230675943314423842
2026-07-31 17:52:44,977|line:346| Expecting value: line 1 column 1 (char 0)
2026-07-31 17:52:44,977|line:347| error line:319
2026-07-31 17:52:44,978|line:533| *#*#*#*#*#*#*#*#*#*原动态处理失败*#*#*#*#*#*#*#*#*#
2026-07-31 17:52:44,979|line:519| https://t.bilibili.com/1230377692192309289
2026-07-31 17:52:48,257|line:346| Expecting value: line 1 column 1 (char 0)
2026-07-31 17:52:48,257|line:347| error line:319
2026-07-31 17:52:48,258|line:533| *#*#*#*#*#*#*#*#*#*原动态处理失败*#*#*#*#*#*#*#*#*#
2026-07-31 17:52:48,258|line:519| https://t.bilibili.com/1230688652079661064
2026-07-31 17:52:52,538|line:346| Expecting value: line 1 column 1 (char 0)
2026-07-31 17:52:52,538|line:347| error line:319
2026-07-31 17:52:52,539|line:533| *#*#*#*#*#*#*#*#*#*原动态处理失败*#*#*#*#*#*#*#*#*#
2026-07-31 17:52:52,539|line:519| https://t.bilibili.com/1230812957025239061
2026-07-31 17:52:56,987|line:346| Expecting value: line 1 column 1 (char 0)
2026-07-31 17:52:56,987|line:347| error line:319
2026-07-31 17:52:56,988|line:533| *#*#*#*#*#*#*#*#*#*原动态处理失败*#*#*#*#*#*#*#*#*#
2026-07-31 17:52:56,988|line:519| https://t.bilibili.com/1230702082442395650
2026-07-31 17:52:58,285|line:346| Expecting value: line 1 column 1 (char 0)
2026-07-31 17:52:58,285|line:347| error line:319
2026-07-31 17:52:58,286|line:533| *#*#*#*#*#*#*#*#*#*原动态处理失败*#*#*#*#*#*#*#*#*#
2026-07-31 17:52:58,286|line:519| https://t.bilibili.com/1230798766509916162
2026-07-31 17:53:00,573|line:346| Expecting value: line 1 column 1 (char 0)
2026-07-31 17:53:00,573|line:347| error line:319
2026-07-31 17:53:00,574|line:533| *#*#*#*#*#*#*#*#*#*原动态处理失败*#*#*#*#*#*#*#*#*#
2026-07-31 17:53:00,574|line:519| https://t.bilibili.com/1230786852217159705
2026-07-31 17:53:03,917|line:346| Expecting value: line 1 column 1 (char 0)
2026-07-31 17:53:03,917|line:347| error line:319
2026-07-31 17:53:03,919|line:533| *#*#*#*#*#*#*#*#*#*原动态处理失败*#*#*#*#*#*#*#*#*#
2026-07-31 17:53:03,919|line:552| 执行结束
2026-07-31 17:53:03,919|line:556| 执行失败，错误数量为43
2026-07-31 17:53:03,919|line:558| ==================================================2026-08-01 01:53==================================================
2026-07-31 17:53:03,919|line:232| processing article 51925160
2026-07-31 17:53:05,635|line:507| ==================================================2026-08-01 01:53==================================================
2026-07-31 17:53:05,635|line:232| processing article 51924987
2026-07-31 17:53:09,226|line:507| ==================================================2026-08-01 01:53==================================================
2026-07-31 17:53:14,268|line:578| ('reply: ', '榄菊官方', '[给心心]')
2026-07-31 17:53:14,268|line:578| ('reply: ', '吓死我啦芙莱', '并不是')
2026-07-31 17:53:14,268|line:578| ('reply: ', '花生十三-公考行测', '68')
2026-07-31 17:53:14,268|line:578| ('reply: ', '三鹿七茸猫尾巴', '[夏诺雅表情包_？？？]')
2026-07-31 17:53:14,269|line:578| ('reply: ', '小闪闪bling', 'hhh腾子买库洛让我感觉他自己有点不太想出大世界了')
2026-07-31 17:53:14,269|line:578| ('reply: ', '不修车的丸山彩', '不是，这……')
2026-07-31 17:53:14,269|line:578| ('reply: ', '好像都是一个人', '你在说什么')
2026-07-31 17:53:14,269|line:578| ('reply: ', '目标咨询', '太宠粉了啊')
2026-07-31 17:53:14,269|line:578| ('reply: ', '数玩工场', '祝你成功')
2026-07-31 17:53:14,269|line:578| ('reply: ', '益家有小佰', '恭喜宝子，获得小电视月度会员1份和克刻冰冰猴喉糖随机口味1份～记得私信小佰提供信息哦~')
2026-07-31 17:53:14,269|line:578| ('reply: ', '圆环之理-Madoka', '是的')
2026-07-31 17:53:14,269|line:578| ('reply: ', '兰的三姨', '这就是银河巨星的实力！')
2026-07-31 17:53:14,269|line:578| ('reply: ', '花园百合铃音', '有男不玩，我只吃麻辣火锅，xxn滚[吃瓜]')
2026-07-31 17:53:14,269|line:578| ('reply: ', '是绝赞的阿鬼', '[tv_难过]')
2026-07-31 17:53:14,270|line:578| ('reply: ', '桃稚不幼稚', '还行')
2026-07-31 17:53:14,270|line:578| ('reply: ', '陌罔子吖', '佬，这个报名有啥条件不。最近太非了，想下次报来抽[脱单doge][脱单doge][脱单doge]')
2026-07-31 17:53:14,270|line:578| ('reply: ', '太二酸菜鱼', '恭喜成为本期欧皇[打call]获得【肥龙联名显眼包】1份，在收到本信息的两天内回复哥的私信哦~逾期哥就自己收啦！[脱单doge]')
2026-07-31 17:53:14,270|line:578| ('reply: ', '得一想二的松鼠', '中奖分我一半')
2026-07-31 17:53:14,270|line:578| ('reply: ', '佑凉Uriyoo', '谢谢！！！[UP_24967030_感恩]')
2026-07-31 17:53:14,270|line:578| ('reply: ', '岛莓祁', '好耶')
2026-07-31 17:53:16,879|line:587| ('at: ', '电脑报', '恭喜@小小Shaun UID：1090970340，@-叶晓吖  UID：22437099  获得 【电竞大礼包】1份， 请在三日内私信我')
2026-07-31 17:53:16,879|line:587| ('at: ', '联想拯救者官方', '是我喜欢的奖品名单 直接开奖 上 趁现在没人偷摸开个奖 恭喜这些小伙伴 【拯救者7.1声卡H7游戏耳机】获奖名单 @泪水打湿猪脚饭o @xoomoon @小小Shaun @T山海连云T @超超超超薄脆饼干 @BerboomC 【拯救者C140氮化镓适配器】获奖名单 @改个天凉好个秋 @夜猫子牙不好 @LLL好久不见 @林殇倾慕婉 @今天也要拥抱微风 @洳不及我万一 @胜利の天平 【白金独角兽电竞鼠标】获奖名单 @底片上的诗旅人 【拯救者C170氮化镓适配器】获奖名单 @麦當劳无限好 @無名丶の辈 @任性的提莫 @广东有暖风 由于B站私信规则修改 我会私信中奖的小伙伴一条消息，还请注意查收并回复我您的收货地址与联系方式，奖品基本会在私信您信息后的三十个工作日内发货')
2026-07-31 17:53:16,879|line:587| ('at: ', 'Apexgaming艾湃电竞', '恭喜 @小小Shaun 获得饮料一份，三天内联系我，过时不候！')
2026-07-31 17:53:16,879|line:587| ('at: ', '梦_水晶花', '1 @浪子游2fans6@被_____打下来的飞机@拉斯特臣后面一个点@专心致志的学生@猫猫头OmMeow@小小Shaun@龐門左道@啦啦痴痴腻@bili_66938050009@日月星辰668')
2026-07-31 17:53:16,879|line:587| ('at: ', 'iKF蓝牙耳机', '恭喜@小小Shaun 宝子成为苏泊尔福利动态幸运儿！\n注意：即日起72小时内回复信息确认领奖哦！逾期将自动视为放弃中奖资格。\n没有中奖的宝子们不要气馁，参与一下下置顶视频iKF Mars，增加欧气值，说不定下个幸运儿就是你！\n链接：\nhttps://www.bilibili.com/video/BV1Soo6YLEHZ/?spm_id_from=333.1387.list.card_archive.click&vd_source=21fb0967ccc75e6b3b2447ade2c740dd\n还没参与抽奖的宝子们，赶紧点击上方链接参与吧！还有特别福利惊喜等你哦~')
2026-07-31 17:53:16,880|line:587| ('at: ', 'wellymerck威利默克', '恭喜@小小Shaun\xa0 获得《我是你的小狗3 永远等你回家》1本，请于5天内联系威宝，凭关注+互动截图领取奖品，逾期作废~')
2026-07-31 17:53:16,880|line:587| ('at: ', '宁美NINGMEI', '恭喜@小小Shaun   中奖，请在12月1日24点前私信我：1. 奖品+中奖信息a. 实物奖：姓名电话地址，给文字！省市区路清晰，提交不清晰不发奖，信息错误致无法签收，概不负责；\n\nb. 现金红包给到支付宝实名+账号；\n\nc. 京东卡/猫超卡 等购物卡给到姓名+电话；2. 宁美和品牌方关注截图+转发截图！\n\n必须关注品牌方，否则奖品不予发放；如遇无法私信图片的情况，等待我回复后即可发送图片。PS： \n\n因后台收信有时会出问题，以回复“已登记”为准，没有回复即表示私信未收到。\n\n过期视为自动放弃，不会补发；奖品30个工作日内发送，勿催哦~\n\n不发全，不回复。其他小伙伴请继续努力！')
2026-07-31 17:53:16,880|line:587| ('at: ', '爱玛电动车官方账号', '#一“玛”当先榜# 快来看看10月都是谁和爱玛酱互动最多呀~ 💕恭喜@小小Shaun 和@甘瑞凯拉莎 排行第一！这两位小玛达将会获得【爱玛随机周边×1】，请5天内私信爱玛酱领奖哟~[鼓掌] 以后也请继续单推我无敌可爱美少女爱玛酱呀嘿嘿！(●´З｀●)')
2026-07-31 17:53:16,880|line:587| ('at: ', '爱玛电动车官方账号', '')
2026-07-31 17:53:16,880|line:587| ('at: ', '海露滴眼液', '互动榜出炉啦')
2026-07-31 17:53:16,880|line:587| ('at: ', '和蔼可亲桃白白', '\u200b//@九号公司:\u200b恭喜@小小Shaun 中奖！后续记得查收私信哟～\u200b//@九号公司:#互动抽奖# 谢谢粒粒的复工礼！小九也来加个码~关注【@微粒贷+@九号公司 】并转发该动态，抽一位小可爱获得【100元京东卡】~ #供电局福利社# 10月31日抽出！')
2026-07-31 17:53:16,880|line:587| ('at: ', '望大家身体健康快乐', '\u200b//@九号公司:\u200b恭喜@小小Shaun 中奖！后续记得查收私信哟～\u200b//@九号公司 :#互动抽奖# 谢谢粒粒的复工礼！小九也来加个码~关注【@微粒贷+@九号公司 】并转发该动态，抽一位小可爱获得【100元京东卡】~ #供电局福利社# 10月31日抽出！')
2026-07-31 17:53:16,880|line:587| ('at: ', 'MoMA_Reona', '//@九号公司:\u200b恭喜@小小Shaun 中奖！后续记得查收私信哟～\u200b//@九号公司:#互动抽奖# 谢谢粒粒的复工礼！小九也来加个码~关注【@微粒贷+@九号公司 】并转发该动态，抽一位小可爱获得【100元京东卡】~ #供电局福利社# 10月31日抽出！')
2026-07-31 17:53:16,881|line:587| ('at: ', '摸鱼二队', '\u200b//@九号公司:\u200b恭喜@小小Shaun 中奖！后续记得查收私信哟～\u200b//@九号公司 :#互动抽奖# 谢谢粒粒的复工礼！小九也来加个码~关注【@微粒贷+@九号公司 】并转发该动态，抽一位小可爱获得【100元京东卡】~ #供电局福利社# 10月31日抽出！')
2026-07-31 17:53:16,881|line:587| ('at: ', '文少嘅一些事一些情', '\u200b//@九号公司:\u200b恭喜@小小Shaun 中奖！后续记得查收私信哟～\u200b//@九号公司 :#互动抽奖# 谢谢粒粒的复工礼！小九也来加个码~关注【@微粒贷+@九号公司 】并转发该动态，抽一位小可爱获得【100元京东卡】~ #供电局福利社# 10月31日抽出！')
2026-07-31 17:53:16,881|line:587| ('at: ', 'Carry队友的嘟嘟酱丶', '\u200b//@九号公司:\u200b恭喜@小小Shaun 中奖！后续记得查收私信哟～\u200b//@九号公司 :#互动抽奖# 谢谢粒粒的复工礼！小九也来加个码~关注【@微粒贷+@九号公司 】并转发该动态，抽一位小可爱获得【100元京东卡】~ #供电局福利社# 10月31日抽出！')
2026-07-31 17:53:16,881|line:587| ('at: ', '蛤蟆zero', '//@九号公司:\u200b恭喜@小小Shaun 中奖！后续记得查收私信哟～\u200b//@九号公司:#互动抽奖# 谢谢粒粒的复工礼！小九也来加个码~关注【@微粒贷+@九号公司 】并转发该动态，抽一位小可爱获得【100元京东卡】~ #供电局福利社# 10月31日抽出！c冲冲冲')
2026-07-31 17:53:16,881|line:587| ('at: ', '木而各子要吃笃栗子', '\u200b//@九号公司:\u200b恭喜@小小Shaun 中奖！后续记得查收私信哟～\u200b//@九号公司 :#互动抽奖# 谢谢粒粒的复工礼！小九也来加个码~关注【@微粒贷+@九号公司 】并转发该动态，抽一位小可爱获得【100元京东卡】~ #供电局福利社# 10月31日抽出！')
2026-07-31 17:53:16,881|line:587| ('at: ', '裙下愚臣情默默', '\u200b//@九号公司:\u200b恭喜@小小Shaun 中奖！后续记得查收私信哟～\u200b//@九号公司 :#互动抽奖# 谢谢粒粒的复工礼！小九也来加个码~关注【@微粒贷+@九号公司 】并转发该动态，抽一位小可爱获得【100元京东卡】~ #供电局福利社# 10月31日抽出！')
2026-07-31 17:53:16,881|line:587| ('at: ', '戊子毕宿', '')
