2026-08-18 14:15:35,633|line:235| processing article 52430748
2026-08-18 14:15:39,966|line:563| ==================================================2026-08-18 14:15==================================================
2026-08-18 14:15:39,966|line:235| processing article 52426193
2026-08-18 14:15:44,244|line:563| ==================================================2026-08-18 14:15==================================================
2026-08-18 14:15:44,244|line:235| processing article 52419194
2026-08-18 14:15:47,853|line:563| ==================================================2026-08-18 14:15==================================================
2026-08-18 14:15:47,855|line:575| https://t.bilibili.com/1233286149573705732
2026-08-18 14:15:50,127|line:582| 官方 或 预约 OUT！
2026-08-18 14:15:50,127|line:575| https://t.bilibili.com/1226624204306120742
2026-08-18 14:15:53,395|line:393| =========此为源动态=========
2026-08-18 14:15:53,396|line:414| *********子动态开始*********
2026-08-18 14:15:54,612|line:438| 'orig_dy_id_str'
2026-08-18 14:15:54,612|line:439| error line:426
2026-08-18 14:15:54,613|line:438| 'orig_dy_id_str'
2026-08-18 14:15:54,613|line:439| error line:426
2026-08-18 14:15:54,613|line:438| 'orig_dy_id_str'
2026-08-18 14:15:54,613|line:439| error line:426
2026-08-18 14:15:54,613|line:438| 'orig_dy_id_str'
2026-08-18 14:15:54,614|line:439| error line:426
2026-08-18 14:15:54,614|line:438| 'orig_dy_id_str'
2026-08-18 14:15:54,614|line:439| error line:426
2026-08-18 14:15:54,614|line:438| 'orig_dy_id_str'
2026-08-18 14:15:54,614|line:439| error line:426
2026-08-18 14:15:54,614|line:438| 'orig_dy_id_str'
2026-08-18 14:15:54,614|line:439| error line:426
2026-08-18 14:15:54,615|line:438| 'orig_dy_id_str'
2026-08-18 14:15:54,615|line:439| error line:426
2026-08-18 14:15:54,615|line:438| 'orig_dy_id_str'
2026-08-18 14:15:54,615|line:439| error line:426
2026-08-18 14:15:54,615|line:438| 'orig_dy_id_str'
2026-08-18 14:15:54,615|line:439| error line:426
2026-08-18 14:15:54,615|line:440| *********子动态结束*********
2026-08-18 14:15:54,616|line:593| -=-=-=-=处理回最初的动态-=-=-=-=
