2026-08-19 14:36:09,541|line:392| processing article 52460149
2026-08-19 14:36:09,745|line:355| 获取 Article 结构化正文失败 52460149: -509 请求过于频繁，请稍后再试
2026-08-19 14:36:52,418|line:392| processing article 52460149
2026-08-19 14:36:52,568|line:355| 获取 Article 结构化正文失败 52460149: -509 请求过于频繁，请稍后再试
2026-08-19 14:36:53,514|line:355| 获取 Article 结构化正文失败 52460149: -509 请求过于频繁，请稍后再试
2026-08-19 14:36:55,336|line:355| 获取 Article 结构化正文失败 52460149: -509 请求过于频繁，请稍后再试
2026-08-19 14:40:05,751|line:709| 获取动态详情失败 1237808316285976631: -352 -352
2026-08-19 14:40:05,753|line:710| error line:691
2026-08-19 15:04:04,121|line:698| =========此为子动态=========
2026-08-19 15:04:08,547|line:764| *************原动态处理开始***************
2026-08-19 15:04:15,047|line:849| 转发成功 1238173165212925960
2026-08-19 15:04:18,308|line:864| 评论发送成功
2026-08-19 15:04:20,673|line:799| 651410600 === 已经关注了
2026-08-19 15:04:23,814|line:873| 动态-点赞 OK
2026-08-19 15:04:23,814|line:771| *************原动态处理完成***************
2026-08-19 15:04:23,815|line:724| *********子动态开始*********
2026-08-19 15:04:36,423|line:740| 恢复子动态 1237808316285976631
2026-08-19 15:04:43,171|line:849| 转发成功 1238173285433212947
2026-08-19 15:04:46,451|line:864| 评论发送成功
2026-08-19 15:04:52,991|line:799| 346469145 === 已经关注了
2026-08-19 15:04:52,992|line:749| ----完成一个子动态----
2026-08-19 15:04:58,704|line:740| 恢复子动态 1237807461625233413
2026-08-19 15:05:08,623|line:849| 转发成功 1238173392840949766
2026-08-19 15:05:11,908|line:864| 评论发送成功
2026-08-19 15:05:16,334|line:799| 342507763 === 已经关注了
2026-08-19 15:05:16,335|line:749| ----完成一个子动态----
2026-08-19 15:05:23,105|line:740| 恢复子动态 1237803836673884162
2026-08-19 15:05:31,047|line:849| 转发成功 1238173487334424583
2026-08-19 15:05:34,480|line:864| 评论发送成功
2026-08-19 15:05:41,868|line:799| 1521701206 === 已经关注了
2026-08-19 15:05:41,869|line:749| ----完成一个子动态----
2026-08-19 15:05:46,631|line:740| 恢复子动态 1237808007099711497
2026-08-19 15:05:52,403|line:849| 转发成功 1238173581794344982
2026-08-19 15:05:55,638|line:864| 评论发送成功
2026-08-19 15:06:04,138|line:799| 471402555 === 已经关注了
2026-08-19 15:06:04,139|line:749| ----完成一个子动态----
2026-08-19 15:06:09,830|line:740| 恢复子动态 1237806619818983447
2026-08-19 15:06:17,700|line:849| 转发成功 1238173689201033236
2026-08-19 15:06:21,083|line:864| 评论发送成功
2026-08-19 15:06:27,577|line:799| 628831867 === 已经关注了
2026-08-19 15:06:27,579|line:749| ----完成一个子动态----
2026-08-19 15:06:27,580|line:754| *********子动态结束*********
2026-08-19 17:39:28,075|line:284| 412 Client Error: Precondition Failed for url: https://api.bilibili.com/x/polymer/web-dynamic/v1/detail?timezone_offset=-480&id=1237429925404737576&features=itemOpusStyle
2026-08-19 17:39:41,081|line:284| 412 Client Error: Precondition Failed for url: https://api.bilibili.com/x/polymer/web-dynamic/v1/detail?timezone_offset=-480&id=1237429925404737576&features=itemOpusStyle
2026-08-19 17:39:45,182|line:284| 412 Client Error: Precondition Failed for url: https://api.bilibili.com/x/polymer/web-dynamic/v1/detail?timezone_offset=-480&id=1237429925404737576&features=itemOpusStyle
2026-08-19 17:40:21,149|line:284| 412 Client Error: Precondition Failed for url: https://api.bilibili.com/x/polymer/web-dynamic/v1/detail?timezone_offset=-480&id=1237429925404737576&features=itemOpusStyle
2026-08-19 17:40:55,584|line:284| 412 Client Error: Precondition Failed for url: https://api.bilibili.com/x/polymer/web-dynamic/v1/detail?timezone_offset=-480&id=1237476289566212116&features=itemOpusStyle
2026-08-19 17:49:07,214|line:284| 412 Client Error: Precondition Failed for url: https://api.bilibili.com/x/polymer/web-dynamic/v1/detail/forward?id=1238173165212925960&offset=&web_location=333.1368
2026-08-19 17:53:20,435|line:284| 412 Client Error: Precondition Failed for url: https://api.bilibili.com/x/polymer/web-dynamic/v1/detail/forward?id=1236356608777256982&offset=1238209436214886453&web_location=333.1368
