2026-08-05 17:49:48,727|line:232| processing article 52107944
2026-08-05 17:49:54,294|line:507| ==================================================2026-08-06 01:49==================================================
2026-08-05 17:49:54,294|line:519| https://t.bilibili.com/1232899570300616704
2026-08-05 17:49:56,874|line:346| Expecting value: line 1 column 1 (char 0)
2026-08-05 17:49:56,874|line:347| error line:319
2026-08-05 17:49:56,875|line:533| *#*#*#*#*#*#*#*#*#*原动态处理失败*#*#*#*#*#*#*#*#*#
2026-08-05 17:49:56,876|line:519| https://t.bilibili.com/1232777213118513186
2026-08-05 17:50:00,166|line:346| Expecting value: line 1 column 1 (char 0)
2026-08-05 17:50:00,167|line:347| error line:319
2026-08-05 17:50:00,168|line:533| *#*#*#*#*#*#*#*#*#*原动态处理失败*#*#*#*#*#*#*#*#*#
2026-08-05 17:50:00,168|line:519| https://t.bilibili.com/1225512314587840520
2026-08-05 17:50:02,513|line:346| Expecting value: line 1 column 1 (char 0)
2026-08-05 17:50:02,514|line:347| error line:319
2026-08-05 17:50:02,515|line:533| *#*#*#*#*#*#*#*#*#*原动态处理失败*#*#*#*#*#*#*#*#*#
2026-08-05 17:50:02,515|line:519| https://t.bilibili.com/1232606939130626050
2026-08-05 17:50:06,885|line:346| Expecting value: line 1 column 1 (char 0)
2026-08-05 17:50:06,885|line:347| error line:319
2026-08-05 17:50:06,886|line:533| *#*#*#*#*#*#*#*#*#*原动态处理失败*#*#*#*#*#*#*#*#*#
2026-08-05 17:50:06,886|line:519| https://t.bilibili.com/1232942509229867044
2026-08-05 17:50:08,207|line:346| Expecting value: line 1 column 1 (char 0)
2026-08-05 17:50:08,208|line:347| error line:319
2026-08-05 17:50:08,209|line:533| *#*#*#*#*#*#*#*#*#*原动态处理失败*#*#*#*#*#*#*#*#*#
2026-08-05 17:50:08,209|line:519| https://t.bilibili.com/1232899570278596624
2026-08-05 17:50:12,550|line:346| Expecting value: line 1 column 1 (char 0)
2026-08-05 17:50:12,550|line:347| error line:319
2026-08-05 17:50:12,552|line:533| *#*#*#*#*#*#*#*#*#*原动态处理失败*#*#*#*#*#*#*#*#*#
2026-08-05 17:50:12,552|line:519| https://t.bilibili.com/1232689479820509203
2026-08-05 17:50:14,955|line:346| Expecting value: line 1 column 1 (char 0)
2026-08-05 17:50:14,955|line:347| error line:319
2026-08-05 17:50:14,956|line:533| *#*#*#*#*#*#*#*#*#*原动态处理失败*#*#*#*#*#*#*#*#*#
2026-08-05 17:50:14,956|line:519| https://t.bilibili.com/1233000587880038409
2026-08-05 17:50:16,248|line:346| Expecting value: line 1 column 1 (char 0)
2026-08-05 17:50:16,248|line:347| error line:319
2026-08-05 17:50:16,249|line:533| *#*#*#*#*#*#*#*#*#*原动态处理失败*#*#*#*#*#*#*#*#*#
2026-08-05 17:50:16,250|line:519| https://t.bilibili.com/1232878681684181025
2026-08-05 17:50:18,590|line:346| Expecting value: line 1 column 1 (char 0)
2026-08-05 17:50:18,590|line:347| error line:319
2026-08-05 17:50:18,592|line:533| *#*#*#*#*#*#*#*#*#*原动态处理失败*#*#*#*#*#*#*#*#*#
2026-08-05 17:50:18,592|line:519| https://t.bilibili.com/1232680615019544579
2026-08-05 17:50:21,950|line:346| Expecting value: line 1 column 1 (char 0)
2026-08-05 17:50:21,950|line:347| error line:319
2026-08-05 17:50:21,951|line:533| *#*#*#*#*#*#*#*#*#*原动态处理失败*#*#*#*#*#*#*#*#*#
2026-08-05 17:50:21,951|line:519| https://t.bilibili.com/1232577119152766982
2026-08-05 17:50:25,295|line:346| Expecting value: line 1 column 1 (char 0)
2026-08-05 17:50:25,295|line:347| error line:319
2026-08-05 17:50:25,296|line:533| *#*#*#*#*#*#*#*#*#*原动态处理失败*#*#*#*#*#*#*#*#*#
2026-08-05 17:50:25,296|line:519| https://t.bilibili.com/1232904752147202066
2026-08-05 17:50:26,713|line:346| Expecting value: line 1 column 1 (char 0)
2026-08-05 17:50:26,714|line:347| error line:319
2026-08-05 17:50:26,715|line:533| *#*#*#*#*#*#*#*#*#*原动态处理失败*#*#*#*#*#*#*#*#*#
2026-08-05 17:50:26,715|line:519| https://t.bilibili.com/1232540229703827464
2026-08-05 17:50:31,058|line:346| Expecting value: line 1 column 1 (char 0)
2026-08-05 17:50:31,058|line:347| error line:319
2026-08-05 17:50:31,059|line:533| *#*#*#*#*#*#*#*#*#*原动态处理失败*#*#*#*#*#*#*#*#*#
2026-08-05 17:50:31,059|line:519| https://t.bilibili.com/1232905112916066310
2026-08-05 17:50:32,439|line:346| Expecting value: line 1 column 1 (char 0)
2026-08-05 17:50:32,439|line:347| error line:319
2026-08-05 17:50:32,440|line:533| *#*#*#*#*#*#*#*#*#*原动态处理失败*#*#*#*#*#*#*#*#*#
2026-08-05 17:50:32,441|line:519| https://t.bilibili.com/1233023265350352918
2026-08-05 17:50:36,902|line:346| Expecting value: line 1 column 1 (char 0)
2026-08-05 17:50:36,902|line:347| error line:319
2026-08-05 17:50:36,903|line:533| *#*#*#*#*#*#*#*#*#*原动态处理失败*#*#*#*#*#*#*#*#*#
2026-08-05 17:50:36,904|line:519| https://t.bilibili.com/1232503993072091145
2026-08-05 17:50:39,241|line:346| Expecting value: line 1 column 1 (char 0)
2026-08-05 17:50:39,241|line:347| error line:319
2026-08-05 17:50:39,242|line:533| *#*#*#*#*#*#*#*#*#*原动态处理失败*#*#*#*#*#*#*#*#*#
2026-08-05 17:50:39,242|line:519| https://t.bilibili.com/1232962729887662120
2026-08-05 17:50:42,666|line:346| Expecting value: line 1 column 1 (char 0)
2026-08-05 17:50:42,667|line:347| error line:319
2026-08-05 17:50:42,668|line:533| *#*#*#*#*#*#*#*#*#*原动态处理失败*#*#*#*#*#*#*#*#*#
2026-08-05 17:50:42,668|line:519| https://t.bilibili.com/1232899570303762470
2026-08-05 17:50:44,053|line:346| Expecting value: line 1 column 1 (char 0)
2026-08-05 17:50:44,053|line:347| error line:319
2026-08-05 17:50:44,054|line:533| *#*#*#*#*#*#*#*#*#*原动态处理失败*#*#*#*#*#*#*#*#*#
2026-08-05 17:50:44,054|line:519| https://t.bilibili.com/1232545366467936262
2026-08-05 17:50:47,417|line:346| Expecting value: line 1 column 1 (char 0)
2026-08-05 17:50:47,417|line:347| error line:319
2026-08-05 17:50:47,418|line:533| *#*#*#*#*#*#*#*#*#*原动态处理失败*#*#*#*#*#*#*#*#*#
2026-08-05 17:50:47,418|line:519| https://t.bilibili.com/1232964971917213703
2026-08-05 17:50:49,763|line:346| Expecting value: line 1 column 1 (char 0)
2026-08-05 17:50:49,763|line:347| error line:319
2026-08-05 17:50:49,764|line:533| *#*#*#*#*#*#*#*#*#*原动态处理失败*#*#*#*#*#*#*#*#*#
2026-08-05 17:50:49,764|line:519| https://t.bilibili.com/1232983788158451728
2026-08-05 17:50:54,128|line:346| Expecting value: line 1 column 1 (char 0)
2026-08-05 17:50:54,128|line:347| error line:319
2026-08-05 17:50:54,129|line:533| *#*#*#*#*#*#*#*#*#*原动态处理失败*#*#*#*#*#*#*#*#*#
2026-08-05 17:50:54,130|line:519| https://t.bilibili.com/1232636718270644241
2026-08-05 17:50:56,477|line:346| Expecting value: line 1 column 1 (char 0)
2026-08-05 17:50:56,477|line:347| error line:319
2026-08-05 17:50:56,478|line:533| *#*#*#*#*#*#*#*#*#*原动态处理失败*#*#*#*#*#*#*#*#*#
2026-08-05 17:50:56,478|line:519| https://t.bilibili.com/1232930494063050786
2026-08-05 17:50:58,842|line:346| Expecting value: line 1 column 1 (char 0)
2026-08-05 17:50:58,842|line:347| error line:319
2026-08-05 17:50:58,843|line:533| *#*#*#*#*#*#*#*#*#*原动态处理失败*#*#*#*#*#*#*#*#*#
2026-08-05 17:50:58,843|line:519| https://t.bilibili.com/1232934344476065795
2026-08-05 17:51:00,301|line:346| Expecting value: line 1 column 1 (char 0)
2026-08-05 17:51:00,301|line:347| error line:319
2026-08-05 17:51:00,302|line:533| *#*#*#*#*#*#*#*#*#*原动态处理失败*#*#*#*#*#*#*#*#*#
2026-08-05 17:51:00,302|line:519| https://t.bilibili.com/1225563428996775954
2026-08-05 17:51:02,807|line:346| Expecting value: line 1 column 1 (char 0)
2026-08-05 17:51:02,807|line:347| error line:319
2026-08-05 17:51:02,808|line:533| *#*#*#*#*#*#*#*#*#*原动态处理失败*#*#*#*#*#*#*#*#*#
2026-08-05 17:51:02,808|line:519| https://t.bilibili.com/1232702386183602184
2026-08-05 17:51:07,157|line:346| Expecting value: line 1 column 1 (char 0)
2026-08-05 17:51:07,157|line:347| error line:319
2026-08-05 17:51:07,158|line:533| *#*#*#*#*#*#*#*#*#*原动态处理失败*#*#*#*#*#*#*#*#*#
2026-08-05 17:51:07,159|line:519| https://t.bilibili.com/1232930822602883078
2026-08-05 17:51:10,511|line:346| Expecting value: line 1 column 1 (char 0)
2026-08-05 17:51:10,511|line:347| error line:319
2026-08-05 17:51:10,512|line:533| *#*#*#*#*#*#*#*#*#*原动态处理失败*#*#*#*#*#*#*#*#*#
2026-08-05 17:51:10,512|line:519| https://t.bilibili.com/1232899570254479385
2026-08-05 17:51:13,862|line:346| Expecting value: line 1 column 1 (char 0)
2026-08-05 17:51:13,862|line:347| error line:319
2026-08-05 17:51:13,863|line:533| *#*#*#*#*#*#*#*#*#*原动态处理失败*#*#*#*#*#*#*#*#*#
2026-08-05 17:51:13,864|line:519| https://t.bilibili.com/1232876377480364064
2026-08-05 17:51:18,207|line:346| Expecting value: line 1 column 1 (char 0)
2026-08-05 17:51:18,207|line:347| error line:319
2026-08-05 17:51:18,208|line:533| *#*#*#*#*#*#*#*#*#*原动态处理失败*#*#*#*#*#*#*#*#*#
2026-08-05 17:51:18,208|line:519| https://t.bilibili.com/1232558120390098969
2026-08-05 17:51:20,562|line:346| Expecting value: line 1 column 1 (char 0)
2026-08-05 17:51:20,562|line:347| error line:319
2026-08-05 17:51:20,563|line:533| *#*#*#*#*#*#*#*#*#*原动态处理失败*#*#*#*#*#*#*#*#*#
2026-08-05 17:51:20,563|line:519| https://t.bilibili.com/1233016344017895449
2026-08-05 17:51:21,962|line:346| Expecting value: line 1 column 1 (char 0)
2026-08-05 17:51:21,962|line:347| error line:319
2026-08-05 17:51:21,963|line:533| *#*#*#*#*#*#*#*#*#*原动态处理失败*#*#*#*#*#*#*#*#*#
2026-08-05 17:51:21,963|line:519| https://t.bilibili.com/1232904356988190728
2026-08-05 17:51:26,309|line:346| Expecting value: line 1 column 1 (char 0)
2026-08-05 17:51:26,309|line:347| error line:319
2026-08-05 17:51:26,310|line:533| *#*#*#*#*#*#*#*#*#*原动态处理失败*#*#*#*#*#*#*#*#*#
2026-08-05 17:51:26,311|line:519| https://t.bilibili.com/1232899570297470979
2026-08-05 17:51:28,660|line:346| Expecting value: line 1 column 1 (char 0)
2026-08-05 17:51:28,660|line:347| error line:319
2026-08-05 17:51:28,661|line:533| *#*#*#*#*#*#*#*#*#*原动态处理失败*#*#*#*#*#*#*#*#*#
2026-08-05 17:51:28,661|line:519| https://t.bilibili.com/1232970413603028992
2026-08-05 17:51:33,003|line:346| Expecting value: line 1 column 1 (char 0)
2026-08-05 17:51:33,003|line:347| error line:319
2026-08-05 17:51:33,004|line:533| *#*#*#*#*#*#*#*#*#*原动态处理失败*#*#*#*#*#*#*#*#*#
2026-08-05 17:51:33,004|line:519| https://t.bilibili.com/1233010021816598529
2026-08-05 17:51:37,352|line:346| Expecting value: line 1 column 1 (char 0)
2026-08-05 17:51:37,352|line:347| error line:319
2026-08-05 17:51:37,353|line:533| *#*#*#*#*#*#*#*#*#*原动态处理失败*#*#*#*#*#*#*#*#*#
2026-08-05 17:51:37,353|line:519| https://t.bilibili.com/1232915032188125207
2026-08-05 17:51:38,642|line:346| Expecting value: line 1 column 1 (char 0)
2026-08-05 17:51:38,643|line:347| error line:319
2026-08-05 17:51:38,643|line:533| *#*#*#*#*#*#*#*#*#*原动态处理失败*#*#*#*#*#*#*#*#*#
2026-08-05 17:51:38,644|line:519| https://t.bilibili.com/1233000770458091522
2026-08-05 17:51:41,986|line:346| Expecting value: line 1 column 1 (char 0)
2026-08-05 17:51:41,987|line:347| error line:319
2026-08-05 17:51:41,988|line:533| *#*#*#*#*#*#*#*#*#*原动态处理失败*#*#*#*#*#*#*#*#*#
2026-08-05 17:51:41,988|line:519| https://t.bilibili.com/1232897961838510089
2026-08-05 17:51:46,374|line:346| Expecting value: line 1 column 1 (char 0)
2026-08-05 17:51:46,374|line:347| error line:319
2026-08-05 17:51:46,375|line:533| *#*#*#*#*#*#*#*#*#*原动态处理失败*#*#*#*#*#*#*#*#*#
2026-08-05 17:51:46,375|line:519| https://t.bilibili.com/1232906444382142469
2026-08-05 17:51:48,715|line:346| Expecting value: line 1 column 1 (char 0)
2026-08-05 17:51:48,715|line:347| error line:319
2026-08-05 17:51:48,716|line:533| *#*#*#*#*#*#*#*#*#*原动态处理失败*#*#*#*#*#*#*#*#*#
2026-08-05 17:51:48,716|line:519| https://t.bilibili.com/1231910009804161024
2026-08-05 17:51:52,063|line:346| Expecting value: line 1 column 1 (char 0)
2026-08-05 17:51:52,063|line:347| error line:319
2026-08-05 17:51:52,064|line:533| *#*#*#*#*#*#*#*#*#*原动态处理失败*#*#*#*#*#*#*#*#*#
2026-08-05 17:51:52,064|line:519| https://t.bilibili.com/1232931548463890505
2026-08-05 17:51:54,407|line:346| Expecting value: line 1 column 1 (char 0)
2026-08-05 17:51:54,407|line:347| error line:319
2026-08-05 17:51:54,408|line:533| *#*#*#*#*#*#*#*#*#*原动态处理失败*#*#*#*#*#*#*#*#*#
2026-08-05 17:51:54,408|line:519| https://t.bilibili.com/1232899570303762439
2026-08-05 17:51:56,698|line:346| Expecting value: line 1 column 1 (char 0)
2026-08-05 17:51:56,699|line:347| error line:319
2026-08-05 17:51:56,700|line:533| *#*#*#*#*#*#*#*#*#*原动态处理失败*#*#*#*#*#*#*#*#*#
2026-08-05 17:51:56,700|line:519| https://t.bilibili.com/1232902617586204676
2026-08-05 17:51:59,100|line:346| Expecting value: line 1 column 1 (char 0)
2026-08-05 17:51:59,101|line:347| error line:319
2026-08-05 17:51:59,101|line:533| *#*#*#*#*#*#*#*#*#*原动态处理失败*#*#*#*#*#*#*#*#*#
2026-08-05 17:51:59,102|line:519| https://t.bilibili.com/1232710439225262114
2026-08-05 17:52:03,462|line:346| Expecting value: line 1 column 1 (char 0)
2026-08-05 17:52:03,462|line:347| error line:319
2026-08-05 17:52:03,463|line:533| *#*#*#*#*#*#*#*#*#*原动态处理失败*#*#*#*#*#*#*#*#*#
2026-08-05 17:52:03,464|line:519| https://t.bilibili.com/1233037973472149543
2026-08-05 17:52:06,810|line:346| Expecting value: line 1 column 1 (char 0)
2026-08-05 17:52:06,810|line:347| error line:319
2026-08-05 17:52:06,812|line:533| *#*#*#*#*#*#*#*#*#*原动态处理失败*#*#*#*#*#*#*#*#*#
2026-08-05 17:52:06,813|line:519| https://t.bilibili.com/1233026737826168834
2026-08-05 17:52:10,108|line:346| Expecting value: line 1 column 1 (char 0)
2026-08-05 17:52:10,108|line:347| error line:319
2026-08-05 17:52:10,109|line:533| *#*#*#*#*#*#*#*#*#*原动态处理失败*#*#*#*#*#*#*#*#*#
2026-08-05 17:52:10,109|line:519| https://t.bilibili.com/1233007865717850233
2026-08-05 17:52:11,453|line:346| Expecting value: line 1 column 1 (char 0)
2026-08-05 17:52:11,453|line:347| error line:319
2026-08-05 17:52:11,454|line:533| *#*#*#*#*#*#*#*#*#*原动态处理失败*#*#*#*#*#*#*#*#*#
2026-08-05 17:52:11,454|line:519| https://t.bilibili.com/1230484817232003093
2026-08-05 17:52:12,808|line:346| Expecting value: line 1 column 1 (char 0)
2026-08-05 17:52:12,808|line:347| error line:319
2026-08-05 17:52:12,809|line:533| *#*#*#*#*#*#*#*#*#*原动态处理失败*#*#*#*#*#*#*#*#*#
2026-08-05 17:52:12,810|line:519| https://t.bilibili.com/1232963906765324296
2026-08-05 17:52:14,166|line:346| Expecting value: line 1 column 1 (char 0)
2026-08-05 17:52:14,166|line:347| error line:319
2026-08-05 17:52:14,167|line:533| *#*#*#*#*#*#*#*#*#*原动态处理失败*#*#*#*#*#*#*#*#*#
2026-08-05 17:52:14,168|line:519| https://t.bilibili.com/1224854467309993993
2026-08-05 17:52:16,512|line:346| Expecting value: line 1 column 1 (char 0)
2026-08-05 17:52:16,512|line:347| error line:319
2026-08-05 17:52:16,513|line:533| *#*#*#*#*#*#*#*#*#*原动态处理失败*#*#*#*#*#*#*#*#*#
2026-08-05 17:52:16,514|line:519| https://t.bilibili.com/1232992341587918856
2026-08-05 17:52:19,815|line:346| Expecting value: line 1 column 1 (char 0)
2026-08-05 17:52:19,815|line:347| error line:319
2026-08-05 17:52:19,816|line:533| *#*#*#*#*#*#*#*#*#*原动态处理失败*#*#*#*#*#*#*#*#*#
2026-08-05 17:52:19,816|line:519| https://t.bilibili.com/1233004665993429064
2026-08-05 17:52:21,134|line:346| Expecting value: line 1 column 1 (char 0)
2026-08-05 17:52:21,134|line:347| error line:319
2026-08-05 17:52:21,135|line:533| *#*#*#*#*#*#*#*#*#*原动态处理失败*#*#*#*#*#*#*#*#*#
2026-08-05 17:52:21,136|line:519| https://t.bilibili.com/1232964117201944583
2026-08-05 17:52:24,482|line:346| Expecting value: line 1 column 1 (char 0)
2026-08-05 17:52:24,482|line:347| error line:319
2026-08-05 17:52:24,483|line:533| *#*#*#*#*#*#*#*#*#*原动态处理失败*#*#*#*#*#*#*#*#*#
2026-08-05 17:52:24,483|line:519| https://t.bilibili.com/1232999554966618145
2026-08-05 17:52:27,782|line:346| Expecting value: line 1 column 1 (char 0)
2026-08-05 17:52:27,782|line:347| error line:319
2026-08-05 17:52:27,783|line:533| *#*#*#*#*#*#*#*#*#*原动态处理失败*#*#*#*#*#*#*#*#*#
2026-08-05 17:52:27,783|line:519| https://t.bilibili.com/1232900225255866408
2026-08-05 17:52:32,133|line:346| Expecting value: line 1 column 1 (char 0)
2026-08-05 17:52:32,133|line:347| error line:319
2026-08-05 17:52:32,134|line:533| *#*#*#*#*#*#*#*#*#*原动态处理失败*#*#*#*#*#*#*#*#*#
2026-08-05 17:52:32,134|line:519| https://t.bilibili.com/1232907810159722498
2026-08-05 17:52:36,473|line:346| Expecting value: line 1 column 1 (char 0)
2026-08-05 17:52:36,473|line:347| error line:319
2026-08-05 17:52:36,474|line:533| *#*#*#*#*#*#*#*#*#*原动态处理失败*#*#*#*#*#*#*#*#*#
2026-08-05 17:52:36,475|line:519| https://t.bilibili.com/1233014046170546177
2026-08-05 17:52:37,848|line:346| Expecting value: line 1 column 1 (char 0)
2026-08-05 17:52:37,849|line:347| error line:319
2026-08-05 17:52:37,849|line:533| *#*#*#*#*#*#*#*#*#*原动态处理失败*#*#*#*#*#*#*#*#*#
2026-08-05 17:52:37,850|line:519| https://t.bilibili.com/1232649356210864134
2026-08-05 17:52:42,200|line:346| Expecting value: line 1 column 1 (char 0)
2026-08-05 17:52:42,201|line:347| error line:319
2026-08-05 17:52:42,201|line:533| *#*#*#*#*#*#*#*#*#*原动态处理失败*#*#*#*#*#*#*#*#*#
2026-08-05 17:52:42,202|line:519| https://t.bilibili.com/1232535883171758089
2026-08-05 17:52:44,497|line:346| Expecting value: line 1 column 1 (char 0)
2026-08-05 17:52:44,498|line:347| error line:319
2026-08-05 17:52:44,499|line:533| *#*#*#*#*#*#*#*#*#*原动态处理失败*#*#*#*#*#*#*#*#*#
2026-08-05 17:52:44,499|line:519| https://t.bilibili.com/1233015534415511568
2026-08-05 17:52:46,868|line:346| Expecting value: line 1 column 1 (char 0)
2026-08-05 17:52:46,868|line:347| error line:319
2026-08-05 17:52:46,869|line:533| *#*#*#*#*#*#*#*#*#*原动态处理失败*#*#*#*#*#*#*#*#*#
2026-08-05 17:52:46,870|line:519| https://t.bilibili.com/1233014325358100482
2026-08-05 17:52:50,220|line:346| Expecting value: line 1 column 1 (char 0)
2026-08-05 17:52:50,220|line:347| error line:319
2026-08-05 17:52:50,221|line:533| *#*#*#*#*#*#*#*#*#*原动态处理失败*#*#*#*#*#*#*#*#*#
2026-08-05 17:52:50,222|line:519| https://t.bilibili.com/1232954681133629443
2026-08-05 17:52:52,566|line:346| Expecting value: line 1 column 1 (char 0)
2026-08-05 17:52:52,567|line:347| error line:319
2026-08-05 17:52:52,568|line:533| *#*#*#*#*#*#*#*#*#*原动态处理失败*#*#*#*#*#*#*#*#*#
2026-08-05 17:52:52,568|line:519| https://t.bilibili.com/1233001036704120852
2026-08-05 17:52:53,914|line:346| Expecting value: line 1 column 1 (char 0)
2026-08-05 17:52:53,915|line:347| error line:319
2026-08-05 17:52:53,915|line:533| *#*#*#*#*#*#*#*#*#*原动态处理失败*#*#*#*#*#*#*#*#*#
2026-08-05 17:52:53,916|line:519| https://t.bilibili.com/1232756614440681475
2026-08-05 17:52:55,268|line:346| Expecting value: line 1 column 1 (char 0)
2026-08-05 17:52:55,269|line:347| error line:319
2026-08-05 17:52:55,269|line:533| *#*#*#*#*#*#*#*#*#*原动态处理失败*#*#*#*#*#*#*#*#*#
2026-08-05 17:52:55,270|line:552| 执行结束
2026-08-05 17:52:55,270|line:556| 执行失败，错误数量为64
2026-08-05 17:52:55,270|line:558| ==================================================2026-08-06 01:52==================================================
2026-08-05 17:52:55,270|line:232| processing article 52101308
2026-08-05 17:52:58,477|line:507| ==================================================2026-08-06 01:52==================================================
2026-08-05 17:52:58,477|line:519| https://t.bilibili.com/1200292236555714561
2026-08-05 17:53:02,789|line:346| Expecting value: line 1 column 1 (char 0)
2026-08-05 17:53:02,789|line:347| error line:319
2026-08-05 17:53:02,790|line:533| *#*#*#*#*#*#*#*#*#*原动态处理失败*#*#*#*#*#*#*#*#*#
2026-08-05 17:53:02,790|line:519| https://t.bilibili.com/1225512314587840520
2026-08-05 17:53:04,140|line:346| Expecting value: line 1 column 1 (char 0)
2026-08-05 17:53:04,141|line:347| error line:319
2026-08-05 17:53:04,142|line:533| *#*#*#*#*#*#*#*#*#*原动态处理失败*#*#*#*#*#*#*#*#*#
2026-08-05 17:53:04,142|line:519| https://t.bilibili.com/1227787904235864085
2026-08-05 17:53:08,484|line:346| Expecting value: line 1 column 1 (char 0)
2026-08-05 17:53:08,484|line:347| error line:319
2026-08-05 17:53:08,485|line:533| *#*#*#*#*#*#*#*#*#*原动态处理失败*#*#*#*#*#*#*#*#*#
2026-08-05 17:53:08,486|line:519| https://t.bilibili.com/1231908130751774721
2026-08-05 17:53:09,836|line:346| Expecting value: line 1 column 1 (char 0)
2026-08-05 17:53:09,836|line:347| error line:319
2026-08-05 17:53:09,837|line:533| *#*#*#*#*#*#*#*#*#*原动态处理失败*#*#*#*#*#*#*#*#*#
2026-08-05 17:53:09,838|line:519| https://t.bilibili.com/1231485188180017161
2026-08-05 17:53:13,189|line:346| Expecting value: line 1 column 1 (char 0)
2026-08-05 17:53:13,190|line:347| error line:319
2026-08-05 17:53:13,190|line:533| *#*#*#*#*#*#*#*#*#*原动态处理失败*#*#*#*#*#*#*#*#*#
2026-08-05 17:53:13,191|line:519| https://t.bilibili.com/1226345194599743506
2026-08-05 17:53:15,492|line:346| Expecting value: line 1 column 1 (char 0)
2026-08-05 17:53:15,492|line:347| error line:319
2026-08-05 17:53:15,493|line:533| *#*#*#*#*#*#*#*#*#*原动态处理失败*#*#*#*#*#*#*#*#*#
2026-08-05 17:53:15,493|line:519| https://t.bilibili.com/1225563428996775954
2026-08-05 17:53:19,846|line:346| Expecting value: line 1 column 1 (char 0)
2026-08-05 17:53:19,847|line:347| error line:319
2026-08-05 17:53:19,848|line:533| *#*#*#*#*#*#*#*#*#*原动态处理失败*#*#*#*#*#*#*#*#*#
2026-08-05 17:53:19,848|line:519| https://t.bilibili.com/1228095943570620419
2026-08-05 17:53:24,202|line:346| Expecting value: line 1 column 1 (char 0)
2026-08-05 17:53:24,202|line:347| error line:319
2026-08-05 17:53:24,203|line:533| *#*#*#*#*#*#*#*#*#*原动态处理失败*#*#*#*#*#*#*#*#*#
2026-08-05 17:53:24,204|line:519| https://t.bilibili.com/1225261415499038851
2026-08-05 17:53:25,573|line:346| Expecting value: line 1 column 1 (char 0)
2026-08-05 17:53:25,573|line:347| error line:319
2026-08-05 17:53:25,574|line:533| *#*#*#*#*#*#*#*#*#*原动态处理失败*#*#*#*#*#*#*#*#*#
2026-08-05 17:53:25,574|line:519| https://t.bilibili.com/1228075697098981393
2026-08-05 17:53:26,870|line:346| Expecting value: line 1 column 1 (char 0)
2026-08-05 17:53:26,871|line:347| error line:319
2026-08-05 17:53:26,872|line:533| *#*#*#*#*#*#*#*#*#*原动态处理失败*#*#*#*#*#*#*#*#*#
2026-08-05 17:53:26,872|line:519| https://t.bilibili.com/1231771636687962121
2026-08-05 17:53:30,224|line:346| Expecting value: line 1 column 1 (char 0)
2026-08-05 17:53:30,224|line:347| error line:319
2026-08-05 17:53:30,225|line:533| *#*#*#*#*#*#*#*#*#*原动态处理失败*#*#*#*#*#*#*#*#*#
2026-08-05 17:53:30,225|line:519| https://t.bilibili.com/1216209114736099346
2026-08-05 17:53:34,573|line:346| Expecting value: line 1 column 1 (char 0)
2026-08-05 17:53:34,573|line:347| error line:319
2026-08-05 17:53:34,574|line:533| *#*#*#*#*#*#*#*#*#*原动态处理失败*#*#*#*#*#*#*#*#*#
2026-08-05 17:53:34,575|line:519| https://t.bilibili.com/1221510521721716736
2026-08-05 17:53:37,943|line:346| Expecting value: line 1 column 1 (char 0)
2026-08-05 17:53:37,943|line:347| error line:319
2026-08-05 17:53:37,944|line:533| *#*#*#*#*#*#*#*#*#*原动态处理失败*#*#*#*#*#*#*#*#*#
2026-08-05 17:53:37,945|line:519| https://t.bilibili.com/1223285232296263721
2026-08-05 17:53:40,237|line:346| Expecting value: line 1 column 1 (char 0)
2026-08-05 17:53:40,237|line:347| error line:319
2026-08-05 17:53:40,238|line:533| *#*#*#*#*#*#*#*#*#*原动态处理失败*#*#*#*#*#*#*#*#*#
2026-08-05 17:53:40,238|line:519| https://t.bilibili.com/1231127219827376128
2026-08-05 17:53:42,527|line:346| Expecting value: line 1 column 1 (char 0)
2026-08-05 17:53:42,528|line:347| error line:319
2026-08-05 17:53:42,529|line:533| *#*#*#*#*#*#*#*#*#*原动态处理失败*#*#*#*#*#*#*#*#*#
2026-08-05 17:53:42,529|line:519| https://t.bilibili.com/1224854467309993993
2026-08-05 17:53:44,877|line:346| Expecting value: line 1 column 1 (char 0)
2026-08-05 17:53:44,878|line:347| error line:319
2026-08-05 17:53:44,879|line:533| *#*#*#*#*#*#*#*#*#*原动态处理失败*#*#*#*#*#*#*#*#*#
2026-08-05 17:53:44,879|line:519| https://t.bilibili.com/1223680781624279061
2026-08-05 17:53:46,248|line:346| Expecting value: line 1 column 1 (char 0)
2026-08-05 17:53:46,248|line:347| error line:319
2026-08-05 17:53:46,249|line:533| *#*#*#*#*#*#*#*#*#*原动态处理失败*#*#*#*#*#*#*#*#*#
2026-08-05 17:53:46,249|line:519| https://t.bilibili.com/1231924060814835717
2026-08-05 17:53:47,591|line:346| Expecting value: line 1 column 1 (char 0)
2026-08-05 17:53:47,591|line:347| error line:319
2026-08-05 17:53:47,592|line:533| *#*#*#*#*#*#*#*#*#*原动态处理失败*#*#*#*#*#*#*#*#*#
2026-08-05 17:53:47,592|line:519| https://t.bilibili.com/1219998049005207552
2026-08-05 17:53:50,908|line:346| Expecting value: line 1 column 1 (char 0)
2026-08-05 17:53:50,908|line:347| error line:319
2026-08-05 17:53:50,909|line:533| *#*#*#*#*#*#*#*#*#*原动态处理失败*#*#*#*#*#*#*#*#*#
2026-08-05 17:53:50,909|line:519| https://t.bilibili.com/1232685708814057480
2026-08-05 17:53:52,282|line:346| Expecting value: line 1 column 1 (char 0)
2026-08-05 17:53:52,282|line:347| error line:319
2026-08-05 17:53:52,283|line:533| *#*#*#*#*#*#*#*#*#*原动态处理失败*#*#*#*#*#*#*#*#*#
2026-08-05 17:53:52,283|line:519| https://t.bilibili.com/1231171234653274117
2026-08-05 17:53:56,642|line:346| Expecting value: line 1 column 1 (char 0)
2026-08-05 17:53:56,642|line:347| error line:319
2026-08-05 17:53:56,643|line:533| *#*#*#*#*#*#*#*#*#*原动态处理失败*#*#*#*#*#*#*#*#*#
2026-08-05 17:53:56,643|line:519| https://t.bilibili.com/1231928828183445527
2026-08-05 17:53:58,983|line:346| Expecting value: line 1 column 1 (char 0)
2026-08-05 17:53:58,983|line:347| error line:319
2026-08-05 17:53:58,984|line:533| *#*#*#*#*#*#*#*#*#*原动态处理失败*#*#*#*#*#*#*#*#*#
2026-08-05 17:53:58,985|line:552| 执行结束
2026-08-05 17:53:58,985|line:556| 执行失败，错误数量为22
2026-08-05 17:53:58,985|line:558| ==================================================2026-08-06 01:53==================================================
2026-08-05 17:53:58,985|line:232| processing article 52100766
2026-08-05 17:54:01,284|line:507| ==================================================2026-08-06 01:54==================================================
2026-08-05 17:54:01,284|line:519| https://t.bilibili.com/1224031396992909329
2026-08-05 17:54:03,600|line:346| Expecting value: line 1 column 1 (char 0)
2026-08-05 17:54:03,600|line:347| error line:319
2026-08-05 17:54:03,601|line:533| *#*#*#*#*#*#*#*#*#*原动态处理失败*#*#*#*#*#*#*#*#*#
2026-08-05 17:54:03,601|line:519| https://t.bilibili.com/1225512314587840520
2026-08-05 17:54:04,950|line:346| Expecting value: line 1 column 1 (char 0)
2026-08-05 17:54:04,950|line:347| error line:319
2026-08-05 17:54:04,951|line:533| *#*#*#*#*#*#*#*#*#*原动态处理失败*#*#*#*#*#*#*#*#*#
2026-08-05 17:54:04,952|line:519| https://t.bilibili.com/1229312437243609136
2026-08-05 17:54:09,252|line:346| Expecting value: line 1 column 1 (char 0)
2026-08-05 17:54:09,253|line:347| error line:319
2026-08-05 17:54:09,253|line:533| *#*#*#*#*#*#*#*#*#*原动态处理失败*#*#*#*#*#*#*#*#*#
2026-08-05 17:54:09,254|line:519| https://t.bilibili.com/1231518388247855124
2026-08-05 17:54:10,613|line:346| Expecting value: line 1 column 1 (char 0)
2026-08-05 17:54:10,614|line:347| error line:319
2026-08-05 17:54:10,614|line:533| *#*#*#*#*#*#*#*#*#*原动态处理失败*#*#*#*#*#*#*#*#*#
2026-08-05 17:54:10,615|line:519| https://t.bilibili.com/1222926688415907845
2026-08-05 17:54:12,957|line:346| Expecting value: line 1 column 1 (char 0)
2026-08-05 17:54:12,958|line:347| error line:319
2026-08-05 17:54:12,959|line:533| *#*#*#*#*#*#*#*#*#*原动态处理失败*#*#*#*#*#*#*#*#*#
2026-08-05 17:54:12,959|line:519| https://t.bilibili.com/1232254000192028680
2026-08-05 17:54:14,277|line:346| Expecting value: line 1 column 1 (char 0)
2026-08-05 17:54:14,277|line:347| error line:319
2026-08-05 17:54:14,278|line:533| *#*#*#*#*#*#*#*#*#*原动态处理失败*#*#*#*#*#*#*#*#*#
2026-08-05 17:54:14,278|line:519| https://t.bilibili.com/1225563428996775954
2026-08-05 17:54:17,625|line:346| Expecting value: line 1 column 1 (char 0)
2026-08-05 17:54:17,625|line:347| error line:319
2026-08-05 17:54:17,626|line:533| *#*#*#*#*#*#*#*#*#*原动态处理失败*#*#*#*#*#*#*#*#*#
2026-08-05 17:54:17,627|line:519| https://t.bilibili.com/1231248063007293448
2026-08-05 17:54:21,968|line:346| Expecting value: line 1 column 1 (char 0)
2026-08-05 17:54:21,969|line:347| error line:319
2026-08-05 17:54:21,970|line:533| *#*#*#*#*#*#*#*#*#*原动态处理失败*#*#*#*#*#*#*#*#*#
2026-08-05 17:54:21,970|line:519| https://t.bilibili.com/1232628817669914625
2026-08-05 17:54:25,345|line:346| Expecting value: line 1 column 1 (char 0)
2026-08-05 17:54:25,345|line:347| error line:319
2026-08-05 17:54:25,346|line:533| *#*#*#*#*#*#*#*#*#*原动态处理失败*#*#*#*#*#*#*#*#*#
2026-08-05 17:54:25,346|line:519| https://t.bilibili.com/1232281127183450167
2026-08-05 17:54:26,700|line:346| Expecting value: line 1 column 1 (char 0)
2026-08-05 17:54:26,700|line:347| error line:319
2026-08-05 17:54:26,701|line:533| *#*#*#*#*#*#*#*#*#*原动态处理失败*#*#*#*#*#*#*#*#*#
2026-08-05 17:54:26,701|line:519| https://t.bilibili.com/1231175443683475481
2026-08-05 17:54:31,138|line:346| Expecting value: line 1 column 1 (char 0)
2026-08-05 17:54:31,138|line:347| error line:319
2026-08-05 17:54:31,139|line:533| *#*#*#*#*#*#*#*#*#*原动态处理失败*#*#*#*#*#*#*#*#*#
2026-08-05 17:54:31,139|line:519| https://t.bilibili.com/1226963661327695894
2026-08-05 17:54:35,513|line:346| Expecting value: line 1 column 1 (char 0)
2026-08-05 17:54:35,513|line:347| error line:319
2026-08-05 17:54:35,514|line:533| *#*#*#*#*#*#*#*#*#*原动态处理失败*#*#*#*#*#*#*#*#*#
2026-08-05 17:54:35,514|line:519| https://t.bilibili.com/1228537204203061316
2026-08-05 17:54:37,887|line:346| Expecting value: line 1 column 1 (char 0)
2026-08-05 17:54:37,887|line:347| error line:319
2026-08-05 17:54:37,888|line:533| *#*#*#*#*#*#*#*#*#*原动态处理失败*#*#*#*#*#*#*#*#*#
2026-08-05 17:54:37,889|line:519| https://t.bilibili.com/1229590742531309585
2026-08-05 17:54:39,231|line:346| Expecting value: line 1 column 1 (char 0)
2026-08-05 17:54:39,231|line:347| error line:319
2026-08-05 17:54:39,232|line:533| *#*#*#*#*#*#*#*#*#*原动态处理失败*#*#*#*#*#*#*#*#*#
2026-08-05 17:54:39,233|line:519| https://t.bilibili.com/1232624372403929106
2026-08-05 17:54:40,649|line:346| Expecting value: line 1 column 1 (char 0)
2026-08-05 17:54:40,649|line:347| error line:319
2026-08-05 17:54:40,650|line:533| *#*#*#*#*#*#*#*#*#*原动态处理失败*#*#*#*#*#*#*#*#*#
2026-08-05 17:54:40,650|line:519| https://t.bilibili.com/1232637411923591168
2026-08-05 17:54:42,013|line:346| Expecting value: line 1 column 1 (char 0)
2026-08-05 17:54:42,013|line:347| error line:319
2026-08-05 17:54:42,014|line:533| *#*#*#*#*#*#*#*#*#*原动态处理失败*#*#*#*#*#*#*#*#*#
2026-08-05 17:54:42,014|line:519| https://t.bilibili.com/1201390601440854017
2026-08-05 17:54:44,379|line:346| Expecting value: line 1 column 1 (char 0)
2026-08-05 17:54:44,379|line:347| error line:319
2026-08-05 17:54:44,380|line:533| *#*#*#*#*#*#*#*#*#*原动态处理失败*#*#*#*#*#*#*#*#*#
2026-08-05 17:54:44,381|line:519| https://t.bilibili.com/1223819049516924929
2026-08-05 17:54:45,672|line:346| Expecting value: line 1 column 1 (char 0)
2026-08-05 17:54:45,672|line:347| error line:319
2026-08-05 17:54:45,673|line:533| *#*#*#*#*#*#*#*#*#*原动态处理失败*#*#*#*#*#*#*#*#*#
2026-08-05 17:54:45,674|line:519| https://t.bilibili.com/1231882734636367874
2026-08-05 17:54:47,026|line:346| Expecting value: line 1 column 1 (char 0)
2026-08-05 17:54:47,026|line:347| error line:319
2026-08-05 17:54:47,027|line:533| *#*#*#*#*#*#*#*#*#*原动态处理失败*#*#*#*#*#*#*#*#*#
2026-08-05 17:54:47,028|line:519| https://t.bilibili.com/1232298345751379970
2026-08-05 17:54:51,377|line:346| Expecting value: line 1 column 1 (char 0)
2026-08-05 17:54:51,377|line:347| error line:319
2026-08-05 17:54:51,378|line:533| *#*#*#*#*#*#*#*#*#*原动态处理失败*#*#*#*#*#*#*#*#*#
2026-08-05 17:54:51,379|line:519| https://t.bilibili.com/1232930509046153266
2026-08-05 17:54:52,792|line:346| Expecting value: line 1 column 1 (char 0)
2026-08-05 17:54:52,792|line:347| error line:319
2026-08-05 17:54:52,793|line:533| *#*#*#*#*#*#*#*#*#*原动态处理失败*#*#*#*#*#*#*#*#*#
2026-08-05 17:54:52,794|line:519| https://t.bilibili.com/1223318110242603013
2026-08-05 17:54:57,436|line:346| Expecting value: line 1 column 1 (char 0)
2026-08-05 17:54:57,436|line:347| error line:319
2026-08-05 17:54:57,437|line:533| *#*#*#*#*#*#*#*#*#*原动态处理失败*#*#*#*#*#*#*#*#*#
2026-08-05 17:54:57,437|line:519| https://t.bilibili.com/1224854467309993993
2026-08-05 17:54:59,728|line:346| Expecting value: line 1 column 1 (char 0)
2026-08-05 17:54:59,728|line:347| error line:319
2026-08-05 17:54:59,730|line:533| *#*#*#*#*#*#*#*#*#*原动态处理失败*#*#*#*#*#*#*#*#*#
2026-08-05 17:54:59,730|line:519| https://t.bilibili.com/1231155884420235288
2026-08-05 17:55:03,156|line:346| Expecting value: line 1 column 1 (char 0)
2026-08-05 17:55:03,156|line:347| error line:319
2026-08-05 17:55:03,157|line:533| *#*#*#*#*#*#*#*#*#*原动态处理失败*#*#*#*#*#*#*#*#*#
2026-08-05 17:55:03,158|line:519| https://t.bilibili.com/1223680781624279061
2026-08-05 17:55:07,467|line:346| Expecting value: line 1 column 1 (char 0)
2026-08-05 17:55:07,467|line:347| error line:319
2026-08-05 17:55:07,468|line:533| *#*#*#*#*#*#*#*#*#*原动态处理失败*#*#*#*#*#*#*#*#*#
2026-08-05 17:55:07,468|line:519| https://t.bilibili.com/1232685708814057480
2026-08-05 17:55:10,848|line:346| Expecting value: line 1 column 1 (char 0)
2026-08-05 17:55:10,848|line:347| error line:319
2026-08-05 17:55:10,850|line:533| *#*#*#*#*#*#*#*#*#*原动态处理失败*#*#*#*#*#*#*#*#*#
2026-08-05 17:55:10,850|line:519| https://t.bilibili.com/1232298040760467472
2026-08-05 17:55:12,145|line:346| Expecting value: line 1 column 1 (char 0)
2026-08-05 17:55:12,145|line:347| error line:319
2026-08-05 17:55:12,146|line:533| *#*#*#*#*#*#*#*#*#*原动态处理失败*#*#*#*#*#*#*#*#*#
2026-08-05 17:55:12,146|line:519| https://t.bilibili.com/1232188463290253317
2026-08-05 17:55:13,511|line:346| Expecting value: line 1 column 1 (char 0)
2026-08-05 17:55:13,512|line:347| error line:319
2026-08-05 17:55:13,513|line:533| *#*#*#*#*#*#*#*#*#*原动态处理失败*#*#*#*#*#*#*#*#*#
2026-08-05 17:55:13,513|line:519| https://t.bilibili.com/1230441150325719074
2026-08-05 17:55:16,883|line:346| Expecting value: line 1 column 1 (char 0)
2026-08-05 17:55:16,883|line:347| error line:319
2026-08-05 17:55:16,884|line:533| *#*#*#*#*#*#*#*#*#*原动态处理失败*#*#*#*#*#*#*#*#*#
2026-08-05 17:55:16,884|line:552| 执行结束
2026-08-05 17:55:16,884|line:556| 执行失败，错误数量为29
2026-08-05 17:55:16,885|line:558| ==================================================2026-08-06 01:55==================================================
2026-08-05 17:55:16,885|line:232| processing article 52081155
2026-08-05 17:55:21,691|line:507| ==================================================2026-08-06 01:55==================================================
2026-08-05 17:55:21,691|line:232| processing article 52076784
2026-08-05 17:55:25,037|line:507| ==================================================2026-08-06 01:55==================================================
2026-08-05 17:55:25,037|line:519| https://t.bilibili.com/1232528485129388054
2026-08-05 17:55:27,388|line:346| Expecting value: line 1 column 1 (char 0)
2026-08-05 17:55:27,388|line:347| error line:319
2026-08-05 17:55:27,389|line:533| *#*#*#*#*#*#*#*#*#*原动态处理失败*#*#*#*#*#*#*#*#*#
2026-08-05 17:55:27,389|line:519| https://t.bilibili.com/1232642162124914728
2026-08-05 17:55:29,676|line:346| Expecting value: line 1 column 1 (char 0)
2026-08-05 17:55:29,676|line:347| error line:319
2026-08-05 17:55:29,677|line:533| *#*#*#*#*#*#*#*#*#*原动态处理失败*#*#*#*#*#*#*#*#*#
2026-08-05 17:55:29,677|line:519| https://t.bilibili.com/1225512314587840520
2026-08-05 17:55:34,031|line:346| Expecting value: line 1 column 1 (char 0)
2026-08-05 17:55:34,031|line:347| error line:319
2026-08-05 17:55:34,032|line:533| *#*#*#*#*#*#*#*#*#*原动态处理失败*#*#*#*#*#*#*#*#*#
2026-08-05 17:55:34,033|line:519| https://t.bilibili.com/1232539014184042502
2026-08-05 17:55:38,383|line:346| Expecting value: line 1 column 1 (char 0)
2026-08-05 17:55:38,384|line:347| error line:319
2026-08-05 17:55:38,385|line:533| *#*#*#*#*#*#*#*#*#*原动态处理失败*#*#*#*#*#*#*#*#*#
2026-08-05 17:55:38,385|line:519| https://t.bilibili.com/1231449707456233475
2026-08-05 17:55:39,739|line:346| Expecting value: line 1 column 1 (char 0)
2026-08-05 17:55:39,739|line:347| error line:319
2026-08-05 17:55:39,740|line:533| *#*#*#*#*#*#*#*#*#*原动态处理失败*#*#*#*#*#*#*#*#*#
2026-08-05 17:55:39,740|line:519| https://t.bilibili.com/1232627043887218704
2026-08-05 17:55:43,087|line:346| Expecting value: line 1 column 1 (char 0)
2026-08-05 17:55:43,087|line:347| error line:319
2026-08-05 17:55:43,088|line:533| *#*#*#*#*#*#*#*#*#*原动态处理失败*#*#*#*#*#*#*#*#*#
2026-08-05 17:55:43,088|line:519| https://t.bilibili.com/1232399354789101590
2026-08-05 17:55:47,388|line:346| Expecting value: line 1 column 1 (char 0)
2026-08-05 17:55:47,388|line:347| error line:319
2026-08-05 17:55:47,389|line:533| *#*#*#*#*#*#*#*#*#*原动态处理失败*#*#*#*#*#*#*#*#*#
2026-08-05 17:55:47,389|line:519| https://t.bilibili.com/1232628987339997201
2026-08-05 17:55:50,741|line:346| Expecting value: line 1 column 1 (char 0)
2026-08-05 17:55:50,741|line:347| error line:319
2026-08-05 17:55:50,742|line:533| *#*#*#*#*#*#*#*#*#*原动态处理失败*#*#*#*#*#*#*#*#*#
2026-08-05 17:55:50,742|line:519| https://t.bilibili.com/1232597631935447110
2026-08-05 17:55:54,090|line:346| Expecting value: line 1 column 1 (char 0)
2026-08-05 17:55:54,091|line:347| error line:319
2026-08-05 17:55:54,092|line:533| *#*#*#*#*#*#*#*#*#*原动态处理失败*#*#*#*#*#*#*#*#*#
2026-08-05 17:55:54,092|line:519| https://t.bilibili.com/1232640040438333448
2026-08-05 17:55:57,382|line:346| Expecting value: line 1 column 1 (char 0)
2026-08-05 17:55:57,383|line:347| error line:319
2026-08-05 17:55:57,384|line:533| *#*#*#*#*#*#*#*#*#*原动态处理失败*#*#*#*#*#*#*#*#*#
2026-08-05 17:55:57,384|line:519| https://t.bilibili.com/1232342012663955462
2026-08-05 17:55:59,735|line:346| Expecting value: line 1 column 1 (char 0)
2026-08-05 17:55:59,736|line:347| error line:319
2026-08-05 17:55:59,736|line:533| *#*#*#*#*#*#*#*#*#*原动态处理失败*#*#*#*#*#*#*#*#*#
2026-08-05 17:55:59,737|line:519| https://t.bilibili.com/1232353033550036994
2026-08-05 17:56:01,079|line:346| Expecting value: line 1 column 1 (char 0)
2026-08-05 17:56:01,079|line:347| error line:319
2026-08-05 17:56:01,080|line:533| *#*#*#*#*#*#*#*#*#*原动态处理失败*#*#*#*#*#*#*#*#*#
2026-08-05 17:56:01,080|line:519| https://t.bilibili.com/1225563428996775954
2026-08-05 17:56:04,424|line:346| Expecting value: line 1 column 1 (char 0)
2026-08-05 17:56:04,425|line:347| error line:319
2026-08-05 17:56:04,426|line:533| *#*#*#*#*#*#*#*#*#*原动态处理失败*#*#*#*#*#*#*#*#*#
2026-08-05 17:56:04,426|line:519| https://t.bilibili.com/1232544357177884693
2026-08-05 17:56:08,784|line:346| Expecting value: line 1 column 1 (char 0)
2026-08-05 17:56:08,784|line:347| error line:319
2026-08-05 17:56:08,785|line:533| *#*#*#*#*#*#*#*#*#*原动态处理失败*#*#*#*#*#*#*#*#*#
2026-08-05 17:56:08,786|line:519| https://t.bilibili.com/1231584462005862407
2026-08-05 17:56:10,135|line:346| Expecting value: line 1 column 1 (char 0)
2026-08-05 17:56:10,135|line:347| error line:319
2026-08-05 17:56:10,136|line:533| *#*#*#*#*#*#*#*#*#*原动态处理失败*#*#*#*#*#*#*#*#*#
2026-08-05 17:56:10,137|line:519| https://t.bilibili.com/1232624569954598918
2026-08-05 17:56:14,449|line:346| Expecting value: line 1 column 1 (char 0)
2026-08-05 17:56:14,449|line:347| error line:319
2026-08-05 17:56:14,450|line:533| *#*#*#*#*#*#*#*#*#*原动态处理失败*#*#*#*#*#*#*#*#*#
2026-08-05 17:56:14,451|line:519| https://t.bilibili.com/1231135212755222533
2026-08-05 17:56:15,800|line:346| Expecting value: line 1 column 1 (char 0)
2026-08-05 17:56:15,800|line:347| error line:319
2026-08-05 17:56:15,801|line:533| *#*#*#*#*#*#*#*#*#*原动态处理失败*#*#*#*#*#*#*#*#*#
2026-08-05 17:56:15,801|line:519| https://t.bilibili.com/1232533018407600130
2026-08-05 17:56:20,140|line:346| Expecting value: line 1 column 1 (char 0)
2026-08-05 17:56:20,140|line:347| error line:319
2026-08-05 17:56:20,141|line:533| *#*#*#*#*#*#*#*#*#*原动态处理失败*#*#*#*#*#*#*#*#*#
2026-08-05 17:56:20,141|line:519| https://t.bilibili.com/1232624372403929106
2026-08-05 17:56:21,510|line:346| Expecting value: line 1 column 1 (char 0)
2026-08-05 17:56:21,510|line:347| error line:319
2026-08-05 17:56:21,511|line:533| *#*#*#*#*#*#*#*#*#*原动态处理失败*#*#*#*#*#*#*#*#*#
2026-08-05 17:56:21,511|line:519| https://t.bilibili.com/1232259592242593795
2026-08-05 17:56:22,804|line:346| Expecting value: line 1 column 1 (char 0)
2026-08-05 17:56:22,804|line:347| error line:319
2026-08-05 17:56:22,805|line:533| *#*#*#*#*#*#*#*#*#*原动态处理失败*#*#*#*#*#*#*#*#*#
2026-08-05 17:56:22,805|line:519| https://t.bilibili.com/1228199158096068609
2026-08-05 17:56:25,148|line:346| Expecting value: line 1 column 1 (char 0)
2026-08-05 17:56:25,149|line:347| error line:319
2026-08-05 17:56:25,150|line:533| *#*#*#*#*#*#*#*#*#*原动态处理失败*#*#*#*#*#*#*#*#*#
2026-08-05 17:56:25,150|line:519| https://t.bilibili.com/1232550623495323673
2026-08-05 17:56:28,495|line:346| Expecting value: line 1 column 1 (char 0)
2026-08-05 17:56:28,496|line:347| error line:319
2026-08-05 17:56:28,497|line:533| *#*#*#*#*#*#*#*#*#*原动态处理失败*#*#*#*#*#*#*#*#*#
2026-08-05 17:56:28,497|line:519| https://t.bilibili.com/1232624956513189897
2026-08-05 17:56:31,843|line:346| Expecting value: line 1 column 1 (char 0)
2026-08-05 17:56:31,843|line:347| error line:319
2026-08-05 17:56:31,844|line:533| *#*#*#*#*#*#*#*#*#*原动态处理失败*#*#*#*#*#*#*#*#*#
2026-08-05 17:56:31,844|line:519| https://t.bilibili.com/1228477471916032002
2026-08-05 17:56:34,137|line:346| Expecting value: line 1 column 1 (char 0)
2026-08-05 17:56:34,137|line:347| error line:319
2026-08-05 17:56:34,138|line:533| *#*#*#*#*#*#*#*#*#*原动态处理失败*#*#*#*#*#*#*#*#*#
2026-08-05 17:56:34,138|line:519| https://t.bilibili.com/1232621256425078839
2026-08-05 17:56:35,478|line:346| Expecting value: line 1 column 1 (char 0)
2026-08-05 17:56:35,478|line:347| error line:319
2026-08-05 17:56:35,479|line:533| *#*#*#*#*#*#*#*#*#*原动态处理失败*#*#*#*#*#*#*#*#*#
2026-08-05 17:56:35,479|line:519| https://t.bilibili.com/1232690901435809793
2026-08-05 17:56:39,778|line:346| Expecting value: line 1 column 1 (char 0)
2026-08-05 17:56:39,778|line:347| error line:319
2026-08-05 17:56:39,779|line:533| *#*#*#*#*#*#*#*#*#*原动态处理失败*#*#*#*#*#*#*#*#*#
2026-08-05 17:56:39,779|line:519| https://t.bilibili.com/1224854467309993993
2026-08-05 17:56:43,120|line:346| Expecting value: line 1 column 1 (char 0)
2026-08-05 17:56:43,120|line:347| error line:319
2026-08-05 17:56:43,121|line:533| *#*#*#*#*#*#*#*#*#*原动态处理失败*#*#*#*#*#*#*#*#*#
2026-08-05 17:56:43,121|line:519| https://t.bilibili.com/1232539735767908360
2026-08-05 17:56:44,445|line:346| Expecting value: line 1 column 1 (char 0)
2026-08-05 17:56:44,446|line:347| error line:319
2026-08-05 17:56:44,447|line:533| *#*#*#*#*#*#*#*#*#*原动态处理失败*#*#*#*#*#*#*#*#*#
2026-08-05 17:56:44,447|line:519| https://t.bilibili.com/1232678016521338882
2026-08-05 17:56:46,743|line:346| Expecting value: line 1 column 1 (char 0)
2026-08-05 17:56:46,744|line:347| error line:319
2026-08-05 17:56:46,745|line:533| *#*#*#*#*#*#*#*#*#*原动态处理失败*#*#*#*#*#*#*#*#*#
2026-08-05 17:56:46,745|line:519| https://t.bilibili.com/1232527550929960969
2026-08-05 17:56:49,097|line:346| Expecting value: line 1 column 1 (char 0)
2026-08-05 17:56:49,098|line:347| error line:319
2026-08-05 17:56:49,099|line:533| *#*#*#*#*#*#*#*#*#*原动态处理失败*#*#*#*#*#*#*#*#*#
2026-08-05 17:56:49,099|line:519| https://t.bilibili.com/1232641938809683986
2026-08-05 17:56:53,441|line:346| Expecting value: line 1 column 1 (char 0)
2026-08-05 17:56:53,441|line:347| error line:319
2026-08-05 17:56:53,442|line:533| *#*#*#*#*#*#*#*#*#*原动态处理失败*#*#*#*#*#*#*#*#*#
2026-08-05 17:56:53,442|line:519| https://t.bilibili.com/1232647702665232440
2026-08-05 17:56:54,789|line:346| Expecting value: line 1 column 1 (char 0)
2026-08-05 17:56:54,790|line:347| error line:319
2026-08-05 17:56:54,790|line:533| *#*#*#*#*#*#*#*#*#*原动态处理失败*#*#*#*#*#*#*#*#*#
2026-08-05 17:56:54,791|line:552| 执行结束
2026-08-05 17:56:54,791|line:556| 执行失败，错误数量为32
2026-08-05 17:56:54,791|line:558| ==================================================2026-08-06 01:56==================================================
2026-08-05 17:56:54,791|line:232| processing article 52065265
2026-08-05 17:56:58,209|line:507| ==================================================2026-08-06 01:56==================================================
2026-08-05 17:56:58,209|line:519| https://t.bilibili.com/1200292236555714561
2026-08-05 17:56:59,550|line:346| Expecting value: line 1 column 1 (char 0)
2026-08-05 17:56:59,550|line:347| error line:319
2026-08-05 17:56:59,551|line:533| *#*#*#*#*#*#*#*#*#*原动态处理失败*#*#*#*#*#*#*#*#*#
2026-08-05 17:56:59,551|line:519| https://t.bilibili.com/1225512314587840520
2026-08-05 17:57:03,893|line:346| Expecting value: line 1 column 1 (char 0)
2026-08-05 17:57:03,894|line:347| error line:319
2026-08-05 17:57:03,895|line:533| *#*#*#*#*#*#*#*#*#*原动态处理失败*#*#*#*#*#*#*#*#*#
2026-08-05 17:57:03,895|line:519| https://t.bilibili.com/1227787904235864085
2026-08-05 17:57:06,243|line:346| Expecting value: line 1 column 1 (char 0)
2026-08-05 17:57:06,243|line:347| error line:319
2026-08-05 17:57:06,244|line:533| *#*#*#*#*#*#*#*#*#*原动态处理失败*#*#*#*#*#*#*#*#*#
2026-08-05 17:57:06,244|line:519| https://t.bilibili.com/1231908130751774721
2026-08-05 17:57:08,593|line:346| Expecting value: line 1 column 1 (char 0)
2026-08-05 17:57:08,593|line:347| error line:319
2026-08-05 17:57:08,594|line:533| *#*#*#*#*#*#*#*#*#*原动态处理失败*#*#*#*#*#*#*#*#*#
2026-08-05 17:57:08,595|line:519| https://t.bilibili.com/1231485188180017161
2026-08-05 17:57:09,883|line:346| Expecting value: line 1 column 1 (char 0)
2026-08-05 17:57:09,883|line:347| error line:319
2026-08-05 17:57:09,884|line:533| *#*#*#*#*#*#*#*#*#*原动态处理失败*#*#*#*#*#*#*#*#*#
2026-08-05 17:57:09,885|line:519| https://t.bilibili.com/1226345194599743506
2026-08-05 17:57:14,175|line:346| Expecting value: line 1 column 1 (char 0)
2026-08-05 17:57:14,175|line:347| error line:319
2026-08-05 17:57:14,176|line:533| *#*#*#*#*#*#*#*#*#*原动态处理失败*#*#*#*#*#*#*#*#*#
2026-08-05 17:57:14,177|line:519| https://t.bilibili.com/1225563428996775954
2026-08-05 17:57:15,524|line:346| Expecting value: line 1 column 1 (char 0)
2026-08-05 17:57:15,525|line:347| error line:319
2026-08-05 17:57:15,525|line:533| *#*#*#*#*#*#*#*#*#*原动态处理失败*#*#*#*#*#*#*#*#*#
2026-08-05 17:57:15,526|line:519| https://t.bilibili.com/1228095943570620419
2026-08-05 17:57:18,816|line:346| Expecting value: line 1 column 1 (char 0)
2026-08-05 17:57:18,816|line:347| error line:319
2026-08-05 17:57:18,817|line:533| *#*#*#*#*#*#*#*#*#*原动态处理失败*#*#*#*#*#*#*#*#*#
2026-08-05 17:57:18,818|line:519| https://t.bilibili.com/1225261415499038851
2026-08-05 17:57:23,159|line:346| Expecting value: line 1 column 1 (char 0)
2026-08-05 17:57:23,160|line:347| error line:319
2026-08-05 17:57:23,161|line:533| *#*#*#*#*#*#*#*#*#*原动态处理失败*#*#*#*#*#*#*#*#*#
2026-08-05 17:57:23,161|line:519| https://t.bilibili.com/1228075697098981393
2026-08-05 17:57:27,504|line:346| Expecting value: line 1 column 1 (char 0)
2026-08-05 17:57:27,505|line:347| error line:319
2026-08-05 17:57:27,506|line:533| *#*#*#*#*#*#*#*#*#*原动态处理失败*#*#*#*#*#*#*#*#*#
2026-08-05 17:57:27,506|line:519| https://t.bilibili.com/1231518671730376721
2026-08-05 17:57:31,854|line:346| Expecting value: line 1 column 1 (char 0)
2026-08-05 17:57:31,854|line:347| error line:319
2026-08-05 17:57:31,855|line:533| *#*#*#*#*#*#*#*#*#*原动态处理失败*#*#*#*#*#*#*#*#*#
2026-08-05 17:57:31,855|line:519| https://t.bilibili.com/1231771636687962121
2026-08-05 17:57:35,264|line:346| Expecting value: line 1 column 1 (char 0)
2026-08-05 17:57:35,264|line:347| error line:319
2026-08-05 17:57:35,265|line:533| *#*#*#*#*#*#*#*#*#*原动态处理失败*#*#*#*#*#*#*#*#*#
2026-08-05 17:57:35,265|line:519| https://t.bilibili.com/1216209114736099346
2026-08-05 17:57:36,556|line:346| Expecting value: line 1 column 1 (char 0)
2026-08-05 17:57:36,556|line:347| error line:319
2026-08-05 17:57:36,557|line:533| *#*#*#*#*#*#*#*#*#*原动态处理失败*#*#*#*#*#*#*#*#*#
2026-08-05 17:57:36,557|line:519| https://t.bilibili.com/1221510521721716736
2026-08-05 17:57:39,967|line:346| Expecting value: line 1 column 1 (char 0)
2026-08-05 17:57:39,968|line:347| error line:319
2026-08-05 17:57:39,969|line:533| *#*#*#*#*#*#*#*#*#*原动态处理失败*#*#*#*#*#*#*#*#*#
2026-08-05 17:57:39,969|line:519| https://t.bilibili.com/1223285232296263721
2026-08-05 17:57:41,314|line:346| Expecting value: line 1 column 1 (char 0)
2026-08-05 17:57:41,314|line:347| error line:319
2026-08-05 17:57:41,315|line:533| *#*#*#*#*#*#*#*#*#*原动态处理失败*#*#*#*#*#*#*#*#*#
2026-08-05 17:57:41,316|line:519| https://t.bilibili.com/1231127219827376128
2026-08-05 17:57:42,725|line:346| Expecting value: line 1 column 1 (char 0)
2026-08-05 17:57:42,725|line:347| error line:319
2026-08-05 17:57:42,726|line:533| *#*#*#*#*#*#*#*#*#*原动态处理失败*#*#*#*#*#*#*#*#*#
2026-08-05 17:57:42,726|line:519| https://t.bilibili.com/1231924060814835717
2026-08-05 17:57:46,061|line:346| Expecting value: line 1 column 1 (char 0)
2026-08-05 17:57:46,061|line:347| error line:319
2026-08-05 17:57:46,062|line:533| *#*#*#*#*#*#*#*#*#*原动态处理失败*#*#*#*#*#*#*#*#*#
2026-08-05 17:57:46,063|line:519| https://t.bilibili.com/1219998049005207552
2026-08-05 17:57:50,387|line:346| Expecting value: line 1 column 1 (char 0)
2026-08-05 17:57:50,387|line:347| error line:319
2026-08-05 17:57:50,388|line:533| *#*#*#*#*#*#*#*#*#*原动态处理失败*#*#*#*#*#*#*#*#*#
2026-08-05 17:57:50,388|line:519| https://t.bilibili.com/1231171234653274117
2026-08-05 17:57:51,734|line:346| Expecting value: line 1 column 1 (char 0)
2026-08-05 17:57:51,735|line:347| error line:319
2026-08-05 17:57:51,736|line:533| *#*#*#*#*#*#*#*#*#*原动态处理失败*#*#*#*#*#*#*#*#*#
2026-08-05 17:57:51,736|line:519| https://t.bilibili.com/1231928828183445527
2026-08-05 17:57:53,085|line:346| Expecting value: line 1 column 1 (char 0)
2026-08-05 17:57:53,085|line:347| error line:319
2026-08-05 17:57:53,086|line:533| *#*#*#*#*#*#*#*#*#*原动态处理失败*#*#*#*#*#*#*#*#*#
2026-08-05 17:57:53,086|line:552| 执行结束
2026-08-05 17:57:53,086|line:556| 执行失败，错误数量为20
2026-08-05 17:57:53,086|line:558| ==================================================2026-08-06 01:57==================================================
2026-08-05 17:57:53,087|line:232| processing article 52065182
2026-08-05 17:57:55,002|line:507| ==================================================2026-08-06 01:57==================================================
2026-08-05 17:58:00,904|line:578| ('reply: ', '榄菊官方', '[给心心]')
2026-08-05 17:58:00,905|line:578| ('reply: ', '吓死我啦芙莱', '并不是')
2026-08-05 17:58:00,905|line:578| ('reply: ', '花生十三-公考行测', '68')
2026-08-05 17:58:00,905|line:578| ('reply: ', '三鹿七茸猫尾巴', '[夏诺雅表情包_？？？]')
2026-08-05 17:58:00,905|line:578| ('reply: ', '小闪闪bling', 'hhh腾子买库洛让我感觉他自己有点不太想出大世界了')
2026-08-05 17:58:00,905|line:578| ('reply: ', '不修车的丸山彩', '不是，这……')
2026-08-05 17:58:00,905|line:578| ('reply: ', '好像都是一个人', '你在说什么')
2026-08-05 17:58:00,905|line:578| ('reply: ', '目标咨询', '太宠粉了啊')
2026-08-05 17:58:00,905|line:578| ('reply: ', '数玩工场', '祝你成功')
2026-08-05 17:58:00,905|line:578| ('reply: ', '益家有小佰', '恭喜宝子，获得小电视月度会员1份和克刻冰冰猴喉糖随机口味1份～记得私信小佰提供信息哦~')
2026-08-05 17:58:00,905|line:578| ('reply: ', '圆环之理-Madoka', '是的')
2026-08-05 17:58:00,906|line:578| ('reply: ', '兰的三姨', '这就是银河巨星的实力！')
2026-08-05 17:58:00,906|line:578| ('reply: ', '花园百合铃音', '有男不玩，我只吃麻辣火锅，xxn滚[吃瓜]')
2026-08-05 17:58:00,906|line:578| ('reply: ', '是绝赞的阿鬼', '[tv_难过]')
2026-08-05 17:58:00,906|line:578| ('reply: ', '桃稚不幼稚', '还行')
2026-08-05 17:58:00,906|line:578| ('reply: ', '陌罔子吖', '佬，这个报名有啥条件不。最近太非了，想下次报来抽[脱单doge][脱单doge][脱单doge]')
2026-08-05 17:58:00,906|line:578| ('reply: ', '太二酸菜鱼', '恭喜成为本期欧皇[打call]获得【肥龙联名显眼包】1份，在收到本信息的两天内回复哥的私信哦~逾期哥就自己收啦！[脱单doge]')
2026-08-05 17:58:00,906|line:578| ('reply: ', '得一想二的松鼠', '中奖分我一半')
2026-08-05 17:58:00,906|line:578| ('reply: ', '佑凉Uriyoo', '谢谢！！！[UP_24967030_感恩]')
2026-08-05 17:58:00,906|line:578| ('reply: ', '岛莓祁', '好耶')
2026-08-05 17:58:02,307|line:587| ('at: ', '电脑报', '恭喜@小小Shaun UID：1090970340，@-叶晓吖  UID：22437099  获得 【电竞大礼包】1份， 请在三日内私信我')
2026-08-05 17:58:02,308|line:587| ('at: ', '联想拯救者官方', '是我喜欢的奖品名单 直接开奖 上 趁现在没人偷摸开个奖 恭喜这些小伙伴 【拯救者7.1声卡H7游戏耳机】获奖名单 @泪水打湿猪脚饭o @xoomoon @小小Shaun @T山海连云T @超超超超薄脆饼干 @BerboomC 【拯救者C140氮化镓适配器】获奖名单 @改个天凉好个秋 @夜猫子牙不好 @LLL好久不见 @林殇倾慕婉 @今天也要拥抱微风 @洳不及我万一 @胜利の天平 【白金独角兽电竞鼠标】获奖名单 @底片上的诗旅人 【拯救者C170氮化镓适配器】获奖名单 @麦當劳无限好 @無名丶の辈 @任性的提莫 @广东有暖风 由于B站私信规则修改 我会私信中奖的小伙伴一条消息，还请注意查收并回复我您的收货地址与联系方式，奖品基本会在私信您信息后的三十个工作日内发货')
2026-08-05 17:58:02,308|line:587| ('at: ', 'Apexgaming艾湃电竞', '恭喜 @小小Shaun 获得饮料一份，三天内联系我，过时不候！')
2026-08-05 17:58:02,308|line:587| ('at: ', '梦_水晶花', '1 @浪子游2fans6@被_____打下来的飞机@拉斯特臣后面一个点@专心致志的学生@猫猫头OmMeow@小小Shaun@龐門左道@啦啦痴痴腻@bili_66938050009@日月星辰668')
2026-08-05 17:58:02,308|line:587| ('at: ', 'iKF蓝牙耳机', '恭喜@小小Shaun 宝子成为苏泊尔福利动态幸运儿！\n注意：即日起72小时内回复信息确认领奖哦！逾期将自动视为放弃中奖资格。\n没有中奖的宝子们不要气馁，参与一下下置顶视频iKF Mars，增加欧气值，说不定下个幸运儿就是你！\n链接：\nhttps://www.bilibili.com/video/BV1Soo6YLEHZ/?spm_id_from=333.1387.list.card_archive.click&vd_source=21fb0967ccc75e6b3b2447ade2c740dd\n还没参与抽奖的宝子们，赶紧点击上方链接参与吧！还有特别福利惊喜等你哦~')
2026-08-05 17:58:02,308|line:587| ('at: ', 'wellymerck威利默克', '恭喜@小小Shaun\xa0 获得《我是你的小狗3 永远等你回家》1本，请于5天内联系威宝，凭关注+互动截图领取奖品，逾期作废~')
2026-08-05 17:58:02,308|line:587| ('at: ', '宁美NINGMEI', '恭喜@小小Shaun   中奖，请在12月1日24点前私信我：1. 奖品+中奖信息a. 实物奖：姓名电话地址，给文字！省市区路清晰，提交不清晰不发奖，信息错误致无法签收，概不负责；\n\nb. 现金红包给到支付宝实名+账号；\n\nc. 京东卡/猫超卡 等购物卡给到姓名+电话；2. 宁美和品牌方关注截图+转发截图！\n\n必须关注品牌方，否则奖品不予发放；如遇无法私信图片的情况，等待我回复后即可发送图片。PS： \n\n因后台收信有时会出问题，以回复“已登记”为准，没有回复即表示私信未收到。\n\n过期视为自动放弃，不会补发；奖品30个工作日内发送，勿催哦~\n\n不发全，不回复。其他小伙伴请继续努力！')
2026-08-05 17:58:02,308|line:587| ('at: ', '爱玛电动车官方账号', '#一“玛”当先榜# 快来看看10月都是谁和爱玛酱互动最多呀~ 💕恭喜@小小Shaun 和@甘瑞凯拉莎 排行第一！这两位小玛达将会获得【爱玛随机周边×1】，请5天内私信爱玛酱领奖哟~[鼓掌] 以后也请继续单推我无敌可爱美少女爱玛酱呀嘿嘿！(●´З｀●)')
2026-08-05 17:58:02,308|line:587| ('at: ', '爱玛电动车官方账号', '')
2026-08-05 17:58:02,309|line:587| ('at: ', '海露滴眼液', '互动榜出炉啦')
2026-08-05 17:58:02,309|line:587| ('at: ', '和蔼可亲桃白白', '\u200b//@九号公司:\u200b恭喜@小小Shaun 中奖！后续记得查收私信哟～\u200b//@九号公司:#互动抽奖# 谢谢粒粒的复工礼！小九也来加个码~关注【@微粒贷+@九号公司 】并转发该动态，抽一位小可爱获得【100元京东卡】~ #供电局福利社# 10月31日抽出！')
2026-08-05 17:58:02,309|line:587| ('at: ', '望大家身体健康快乐', '\u200b//@九号公司:\u200b恭喜@小小Shaun 中奖！后续记得查收私信哟～\u200b//@九号公司 :#互动抽奖# 谢谢粒粒的复工礼！小九也来加个码~关注【@微粒贷+@九号公司 】并转发该动态，抽一位小可爱获得【100元京东卡】~ #供电局福利社# 10月31日抽出！')
2026-08-05 17:58:02,309|line:587| ('at: ', 'MoMA_Reona', '//@九号公司:\u200b恭喜@小小Shaun 中奖！后续记得查收私信哟～\u200b//@九号公司:#互动抽奖# 谢谢粒粒的复工礼！小九也来加个码~关注【@微粒贷+@九号公司 】并转发该动态，抽一位小可爱获得【100元京东卡】~ #供电局福利社# 10月31日抽出！')
2026-08-05 17:58:02,309|line:587| ('at: ', '摸鱼二队', '\u200b//@九号公司:\u200b恭喜@小小Shaun 中奖！后续记得查收私信哟～\u200b//@九号公司 :#互动抽奖# 谢谢粒粒的复工礼！小九也来加个码~关注【@微粒贷+@九号公司 】并转发该动态，抽一位小可爱获得【100元京东卡】~ #供电局福利社# 10月31日抽出！')
2026-08-05 17:58:02,309|line:587| ('at: ', '文少嘅一些事一些情', '\u200b//@九号公司:\u200b恭喜@小小Shaun 中奖！后续记得查收私信哟～\u200b//@九号公司 :#互动抽奖# 谢谢粒粒的复工礼！小九也来加个码~关注【@微粒贷+@九号公司 】并转发该动态，抽一位小可爱获得【100元京东卡】~ #供电局福利社# 10月31日抽出！')
2026-08-05 17:58:02,309|line:587| ('at: ', 'Carry队友的嘟嘟酱丶', '\u200b//@九号公司:\u200b恭喜@小小Shaun 中奖！后续记得查收私信哟～\u200b//@九号公司 :#互动抽奖# 谢谢粒粒的复工礼！小九也来加个码~关注【@微粒贷+@九号公司 】并转发该动态，抽一位小可爱获得【100元京东卡】~ #供电局福利社# 10月31日抽出！')
2026-08-05 17:58:02,309|line:587| ('at: ', '蛤蟆zero', '//@九号公司:\u200b恭喜@小小Shaun 中奖！后续记得查收私信哟～\u200b//@九号公司:#互动抽奖# 谢谢粒粒的复工礼！小九也来加个码~关注【@微粒贷+@九号公司 】并转发该动态，抽一位小可爱获得【100元京东卡】~ #供电局福利社# 10月31日抽出！c冲冲冲')
2026-08-05 17:58:02,309|line:587| ('at: ', '木而各子要吃笃栗子', '\u200b//@九号公司:\u200b恭喜@小小Shaun 中奖！后续记得查收私信哟～\u200b//@九号公司 :#互动抽奖# 谢谢粒粒的复工礼！小九也来加个码~关注【@微粒贷+@九号公司 】并转发该动态，抽一位小可爱获得【100元京东卡】~ #供电局福利社# 10月31日抽出！')
2026-08-05 17:58:02,309|line:587| ('at: ', '裙下愚臣情默默', '\u200b//@九号公司:\u200b恭喜@小小Shaun 中奖！后续记得查收私信哟～\u200b//@九号公司 :#互动抽奖# 谢谢粒粒的复工礼！小九也来加个码~关注【@微粒贷+@九号公司 】并转发该动态，抽一位小可爱获得【100元京东卡】~ #供电局福利社# 10月31日抽出！')
2026-08-05 17:58:02,309|line:587| ('at: ', '戊子毕宿', '')
