2026-08-11 17:07:02,729|line:232| processing article 52257908
2026-08-11 17:07:07,351|line:507| ==================================================2026-08-12 01:07==================================================
2026-08-11 17:07:07,351|line:232| processing article 52249689
2026-08-11 17:07:10,865|line:507| ==================================================2026-08-12 01:07==================================================
2026-08-11 17:07:10,865|line:232| processing article 52249216
2026-08-11 17:07:12,908|line:507| ==================================================2026-08-12 01:07==================================================
2026-08-11 17:07:12,908|line:519| https://t.bilibili.com/1231801890435498005
2026-08-11 17:07:14,218|line:346| Expecting value: line 1 column 1 (char 0)
2026-08-11 17:07:14,218|line:347| error line:319
2026-08-11 17:07:14,219|line:533| *#*#*#*#*#*#*#*#*#*原动态处理失败*#*#*#*#*#*#*#*#*#
2026-08-11 17:07:14,220|line:519| https://t.bilibili.com/1234482770382684177
2026-08-11 17:07:15,445|line:346| Expecting value: line 1 column 1 (char 0)
2026-08-11 17:07:15,445|line:347| error line:319
2026-08-11 17:07:15,446|line:533| *#*#*#*#*#*#*#*#*#*原动态处理失败*#*#*#*#*#*#*#*#*#
2026-08-11 17:07:15,446|line:519| https://t.bilibili.com/1234852657277960215
2026-08-11 17:07:16,795|line:346| Expecting value: line 1 column 1 (char 0)
2026-08-11 17:07:16,795|line:347| error line:319
2026-08-11 17:07:16,796|line:533| *#*#*#*#*#*#*#*#*#*原动态处理失败*#*#*#*#*#*#*#*#*#
2026-08-11 17:07:16,796|line:519| https://t.bilibili.com/1234824593962696712
2026-08-11 17:07:19,154|line:346| Expecting value: line 1 column 1 (char 0)
2026-08-11 17:07:19,154|line:347| error line:319
2026-08-11 17:07:19,155|line:533| *#*#*#*#*#*#*#*#*#*原动态处理失败*#*#*#*#*#*#*#*#*#
2026-08-11 17:07:19,155|line:519| https://t.bilibili.com/1233022906734215172
2026-08-11 17:07:20,499|line:346| Expecting value: line 1 column 1 (char 0)
2026-08-11 17:07:20,500|line:347| error line:319
2026-08-11 17:07:20,501|line:533| *#*#*#*#*#*#*#*#*#*原动态处理失败*#*#*#*#*#*#*#*#*#
2026-08-11 17:07:20,501|line:519| https://t.bilibili.com/1214338154024140807
2026-08-11 17:07:23,726|line:346| Expecting value: line 1 column 1 (char 0)
2026-08-11 17:07:23,727|line:347| error line:319
2026-08-11 17:07:23,728|line:533| *#*#*#*#*#*#*#*#*#*原动态处理失败*#*#*#*#*#*#*#*#*#
2026-08-11 17:07:23,728|line:519| https://t.bilibili.com/1234043910642204694
2026-08-11 17:07:26,996|line:346| Expecting value: line 1 column 1 (char 0)
2026-08-11 17:07:26,996|line:347| error line:319
2026-08-11 17:07:26,997|line:533| *#*#*#*#*#*#*#*#*#*原动态处理失败*#*#*#*#*#*#*#*#*#
2026-08-11 17:07:26,997|line:519| https://t.bilibili.com/1234173764690771969
2026-08-11 17:07:28,302|line:346| Expecting value: line 1 column 1 (char 0)
2026-08-11 17:07:28,303|line:347| error line:319
2026-08-11 17:07:28,304|line:533| *#*#*#*#*#*#*#*#*#*原动态处理失败*#*#*#*#*#*#*#*#*#
2026-08-11 17:07:28,304|line:519| https://t.bilibili.com/1234871336082341889
2026-08-11 17:07:32,666|line:346| Expecting value: line 1 column 1 (char 0)
2026-08-11 17:07:32,667|line:347| error line:319
2026-08-11 17:07:32,667|line:533| *#*#*#*#*#*#*#*#*#*原动态处理失败*#*#*#*#*#*#*#*#*#
2026-08-11 17:07:32,668|line:519| https://t.bilibili.com/1234152100835885060
2026-08-11 17:07:37,080|line:346| Expecting value: line 1 column 1 (char 0)
2026-08-11 17:07:37,080|line:347| error line:319
2026-08-11 17:07:37,081|line:533| *#*#*#*#*#*#*#*#*#*原动态处理失败*#*#*#*#*#*#*#*#*#
2026-08-11 17:07:37,081|line:519| https://t.bilibili.com/1234110010193084417
2026-08-11 17:07:41,489|line:346| Expecting value: line 1 column 1 (char 0)
2026-08-11 17:07:41,489|line:347| error line:319
2026-08-11 17:07:41,490|line:533| *#*#*#*#*#*#*#*#*#*原动态处理失败*#*#*#*#*#*#*#*#*#
2026-08-11 17:07:41,491|line:519| https://t.bilibili.com/1224854467309993993
2026-08-11 17:07:44,722|line:346| Expecting value: line 1 column 1 (char 0)
2026-08-11 17:07:44,722|line:347| error line:319
2026-08-11 17:07:44,723|line:533| *#*#*#*#*#*#*#*#*#*原动态处理失败*#*#*#*#*#*#*#*#*#
2026-08-11 17:07:44,723|line:519| https://t.bilibili.com/1234791200601407505
2026-08-11 17:07:47,027|line:346| Expecting value: line 1 column 1 (char 0)
2026-08-11 17:07:47,027|line:347| error line:319
2026-08-11 17:07:47,028|line:533| *#*#*#*#*#*#*#*#*#*原动态处理失败*#*#*#*#*#*#*#*#*#
2026-08-11 17:07:47,028|line:519| https://t.bilibili.com/1234399576869306376
2026-08-11 17:07:50,376|line:346| Expecting value: line 1 column 1 (char 0)
2026-08-11 17:07:50,376|line:347| error line:319
2026-08-11 17:07:50,377|line:533| *#*#*#*#*#*#*#*#*#*原动态处理失败*#*#*#*#*#*#*#*#*#
2026-08-11 17:07:50,378|line:519| https://t.bilibili.com/1234865086923800596
2026-08-11 17:07:54,614|line:346| Expecting value: line 1 column 1 (char 0)
2026-08-11 17:07:54,615|line:347| error line:319
2026-08-11 17:07:54,615|line:533| *#*#*#*#*#*#*#*#*#*原动态处理失败*#*#*#*#*#*#*#*#*#
2026-08-11 17:07:54,616|line:519| https://t.bilibili.com/1232174169595052051
2026-08-11 17:07:58,961|line:346| Expecting value: line 1 column 1 (char 0)
2026-08-11 17:07:58,962|line:347| error line:319
2026-08-11 17:07:58,962|line:533| *#*#*#*#*#*#*#*#*#*原动态处理失败*#*#*#*#*#*#*#*#*#
2026-08-11 17:07:58,963|line:519| https://t.bilibili.com/1225879061826371608
2026-08-11 17:08:03,314|line:346| Expecting value: line 1 column 1 (char 0)
2026-08-11 17:08:03,314|line:347| error line:319
2026-08-11 17:08:03,315|line:533| *#*#*#*#*#*#*#*#*#*原动态处理失败*#*#*#*#*#*#*#*#*#
2026-08-11 17:08:03,316|line:519| https://t.bilibili.com/1234170418901811280
2026-08-11 17:08:07,535|line:346| Expecting value: line 1 column 1 (char 0)
2026-08-11 17:08:07,535|line:347| error line:319
2026-08-11 17:08:07,536|line:533| *#*#*#*#*#*#*#*#*#*原动态处理失败*#*#*#*#*#*#*#*#*#
2026-08-11 17:08:07,536|line:519| https://t.bilibili.com/1225512314587840520
2026-08-11 17:08:08,755|line:346| Expecting value: line 1 column 1 (char 0)
2026-08-11 17:08:08,756|line:347| error line:319
2026-08-11 17:08:08,756|line:533| *#*#*#*#*#*#*#*#*#*原动态处理失败*#*#*#*#*#*#*#*#*#
2026-08-11 17:08:08,757|line:519| https://t.bilibili.com/1233745053918167092
2026-08-11 17:08:11,985|line:346| Expecting value: line 1 column 1 (char 0)
2026-08-11 17:08:11,986|line:347| error line:319
2026-08-11 17:08:11,986|line:533| *#*#*#*#*#*#*#*#*#*原动态处理失败*#*#*#*#*#*#*#*#*#
2026-08-11 17:08:11,987|line:519| https://t.bilibili.com/1227157609149104130
2026-08-11 17:08:13,209|line:346| Expecting value: line 1 column 1 (char 0)
2026-08-11 17:08:13,209|line:347| error line:319
2026-08-11 17:08:13,210|line:533| *#*#*#*#*#*#*#*#*#*原动态处理失败*#*#*#*#*#*#*#*#*#
2026-08-11 17:08:13,210|line:519| https://t.bilibili.com/1234167678700093456
2026-08-11 17:08:14,442|line:346| Expecting value: line 1 column 1 (char 0)
2026-08-11 17:08:14,442|line:347| error line:319
2026-08-11 17:08:14,443|line:533| *#*#*#*#*#*#*#*#*#*原动态处理失败*#*#*#*#*#*#*#*#*#
2026-08-11 17:08:14,443|line:519| https://t.bilibili.com/1229295764158545929
2026-08-11 17:08:18,659|line:346| Expecting value: line 1 column 1 (char 0)
2026-08-11 17:08:18,659|line:347| error line:319
2026-08-11 17:08:18,660|line:533| *#*#*#*#*#*#*#*#*#*原动态处理失败*#*#*#*#*#*#*#*#*#
2026-08-11 17:08:18,660|line:519| https://t.bilibili.com/1226989706011476002
2026-08-11 17:08:22,882|line:346| Expecting value: line 1 column 1 (char 0)
2026-08-11 17:08:22,882|line:347| error line:319
2026-08-11 17:08:22,883|line:533| *#*#*#*#*#*#*#*#*#*原动态处理失败*#*#*#*#*#*#*#*#*#
2026-08-11 17:08:22,884|line:519| https://t.bilibili.com/1233761890186821705
2026-08-11 17:08:24,238|line:346| Expecting value: line 1 column 1 (char 0)
2026-08-11 17:08:24,239|line:347| error line:319
2026-08-11 17:08:24,239|line:533| *#*#*#*#*#*#*#*#*#*原动态处理失败*#*#*#*#*#*#*#*#*#
2026-08-11 17:08:24,240|line:519| https://t.bilibili.com/1232312029485727765
2026-08-11 17:08:25,461|line:346| Expecting value: line 1 column 1 (char 0)
2026-08-11 17:08:25,461|line:347| error line:319
2026-08-11 17:08:25,462|line:533| *#*#*#*#*#*#*#*#*#*原动态处理失败*#*#*#*#*#*#*#*#*#
2026-08-11 17:08:25,462|line:552| 执行结束
2026-08-11 17:08:25,462|line:556| 执行失败，错误数量为26
2026-08-11 17:08:25,462|line:558| ==================================================2026-08-12 01:08==================================================
2026-08-11 17:08:25,462|line:232| processing article 52235260
2026-08-11 17:08:29,214|line:507| ==================================================2026-08-12 01:08==================================================
2026-08-11 17:08:29,214|line:232| processing article 52230611
2026-08-11 17:08:32,345|line:507| ==================================================2026-08-12 01:08==================================================
2026-08-11 17:08:32,345|line:519| https://t.bilibili.com/1234856234979426374
2026-08-11 17:08:36,712|line:346| Expecting value: line 1 column 1 (char 0)
2026-08-11 17:08:36,713|line:347| error line:319
2026-08-11 17:08:36,713|line:533| *#*#*#*#*#*#*#*#*#*原动态处理失败*#*#*#*#*#*#*#*#*#
2026-08-11 17:08:36,714|line:519| https://t.bilibili.com/1234816843688968201
2026-08-11 17:08:38,066|line:346| Expecting value: line 1 column 1 (char 0)
2026-08-11 17:08:38,066|line:347| error line:319
2026-08-11 17:08:38,067|line:533| *#*#*#*#*#*#*#*#*#*原动态处理失败*#*#*#*#*#*#*#*#*#
2026-08-11 17:08:38,067|line:519| https://t.bilibili.com/1234591235468951554
2026-08-11 17:08:39,285|line:346| Expecting value: line 1 column 1 (char 0)
2026-08-11 17:08:39,285|line:347| error line:319
2026-08-11 17:08:39,286|line:533| *#*#*#*#*#*#*#*#*#*原动态处理失败*#*#*#*#*#*#*#*#*#
2026-08-11 17:08:39,286|line:519| https://t.bilibili.com/1234852657277960215
2026-08-11 17:08:43,504|line:346| Expecting value: line 1 column 1 (char 0)
2026-08-11 17:08:43,504|line:347| error line:319
2026-08-11 17:08:43,504|line:533| *#*#*#*#*#*#*#*#*#*原动态处理失败*#*#*#*#*#*#*#*#*#
2026-08-11 17:08:43,505|line:519| https://t.bilibili.com/1234699167991857155
2026-08-11 17:08:47,849|line:346| Expecting value: line 1 column 1 (char 0)
2026-08-11 17:08:47,849|line:347| error line:319
2026-08-11 17:08:47,850|line:533| *#*#*#*#*#*#*#*#*#*原动态处理失败*#*#*#*#*#*#*#*#*#
2026-08-11 17:08:47,850|line:519| https://t.bilibili.com/1234782954253713444
2026-08-11 17:08:52,197|line:346| Expecting value: line 1 column 1 (char 0)
2026-08-11 17:08:52,197|line:347| error line:319
2026-08-11 17:08:52,198|line:533| *#*#*#*#*#*#*#*#*#*原动态处理失败*#*#*#*#*#*#*#*#*#
2026-08-11 17:08:52,198|line:519| https://t.bilibili.com/1234575245336117252
2026-08-11 17:08:53,426|line:346| Expecting value: line 1 column 1 (char 0)
2026-08-11 17:08:53,426|line:347| error line:319
2026-08-11 17:08:53,427|line:533| *#*#*#*#*#*#*#*#*#*原动态处理失败*#*#*#*#*#*#*#*#*#
2026-08-11 17:08:53,427|line:519| https://t.bilibili.com/1234832352815874054
2026-08-11 17:08:54,648|line:346| Expecting value: line 1 column 1 (char 0)
2026-08-11 17:08:54,648|line:347| error line:319
2026-08-11 17:08:54,649|line:533| *#*#*#*#*#*#*#*#*#*原动态处理失败*#*#*#*#*#*#*#*#*#
2026-08-11 17:08:54,650|line:519| https://t.bilibili.com/1234754996147322889
2026-08-11 17:08:57,866|line:346| Expecting value: line 1 column 1 (char 0)
2026-08-11 17:08:57,866|line:347| error line:319
2026-08-11 17:08:57,867|line:533| *#*#*#*#*#*#*#*#*#*原动态处理失败*#*#*#*#*#*#*#*#*#
2026-08-11 17:08:57,867|line:519| https://t.bilibili.com/1234774213982683143
2026-08-11 17:09:01,089|line:346| Expecting value: line 1 column 1 (char 0)
2026-08-11 17:09:01,089|line:347| error line:319
2026-08-11 17:09:01,090|line:533| *#*#*#*#*#*#*#*#*#*原动态处理失败*#*#*#*#*#*#*#*#*#
2026-08-11 17:09:01,090|line:519| https://t.bilibili.com/1234865782700113928
2026-08-11 17:09:05,308|line:346| Expecting value: line 1 column 1 (char 0)
2026-08-11 17:09:05,308|line:347| error line:319
2026-08-11 17:09:05,309|line:533| *#*#*#*#*#*#*#*#*#*原动态处理失败*#*#*#*#*#*#*#*#*#
2026-08-11 17:09:05,309|line:519| https://t.bilibili.com/1234753550918090760
2026-08-11 17:09:09,687|line:346| Expecting value: line 1 column 1 (char 0)
2026-08-11 17:09:09,688|line:347| error line:319
2026-08-11 17:09:09,688|line:533| *#*#*#*#*#*#*#*#*#*原动态处理失败*#*#*#*#*#*#*#*#*#
2026-08-11 17:09:09,689|line:519| https://t.bilibili.com/1234871314567659542
2026-08-11 17:09:10,920|line:346| Expecting value: line 1 column 1 (char 0)
2026-08-11 17:09:10,920|line:347| error line:319
2026-08-11 17:09:10,921|line:533| *#*#*#*#*#*#*#*#*#*原动态处理失败*#*#*#*#*#*#*#*#*#
2026-08-11 17:09:10,922|line:519| https://t.bilibili.com/1234778165322186753
2026-08-11 17:09:13,141|line:346| Expecting value: line 1 column 1 (char 0)
2026-08-11 17:09:13,141|line:347| error line:319
2026-08-11 17:09:13,142|line:533| *#*#*#*#*#*#*#*#*#*原动态处理失败*#*#*#*#*#*#*#*#*#
2026-08-11 17:09:13,142|line:519| https://t.bilibili.com/1234745033969631252
2026-08-11 17:09:16,365|line:346| Expecting value: line 1 column 1 (char 0)
2026-08-11 17:09:16,365|line:347| error line:319
2026-08-11 17:09:16,366|line:533| *#*#*#*#*#*#*#*#*#*原动态处理失败*#*#*#*#*#*#*#*#*#
2026-08-11 17:09:16,366|line:519| https://t.bilibili.com/1234631157200453636
2026-08-11 17:09:20,585|line:346| Expecting value: line 1 column 1 (char 0)
2026-08-11 17:09:20,585|line:347| error line:319
2026-08-11 17:09:20,586|line:533| *#*#*#*#*#*#*#*#*#*原动态处理失败*#*#*#*#*#*#*#*#*#
2026-08-11 17:09:20,586|line:519| https://t.bilibili.com/1233686930116313105
2026-08-11 17:09:22,810|line:346| Expecting value: line 1 column 1 (char 0)
2026-08-11 17:09:22,810|line:347| error line:319
2026-08-11 17:09:22,811|line:533| *#*#*#*#*#*#*#*#*#*原动态处理失败*#*#*#*#*#*#*#*#*#
2026-08-11 17:09:22,811|line:519| https://t.bilibili.com/1224854467309993993
2026-08-11 17:09:26,153|line:346| Expecting value: line 1 column 1 (char 0)
2026-08-11 17:09:26,153|line:347| error line:319
2026-08-11 17:09:26,154|line:533| *#*#*#*#*#*#*#*#*#*原动态处理失败*#*#*#*#*#*#*#*#*#
2026-08-11 17:09:26,154|line:519| https://t.bilibili.com/1234837203994017799
2026-08-11 17:09:27,369|line:346| Expecting value: line 1 column 1 (char 0)
2026-08-11 17:09:27,369|line:347| error line:319
2026-08-11 17:09:27,370|line:533| *#*#*#*#*#*#*#*#*#*原动态处理失败*#*#*#*#*#*#*#*#*#
2026-08-11 17:09:27,370|line:519| https://t.bilibili.com/1234866177788870690
2026-08-11 17:09:29,763|line:346| Expecting value: line 1 column 1 (char 0)
2026-08-11 17:09:29,763|line:347| error line:319
2026-08-11 17:09:29,764|line:533| *#*#*#*#*#*#*#*#*#*原动态处理失败*#*#*#*#*#*#*#*#*#
2026-08-11 17:09:29,764|line:519| https://t.bilibili.com/1234754996139982855
2026-08-11 17:09:32,983|line:346| Expecting value: line 1 column 1 (char 0)
2026-08-11 17:09:32,983|line:347| error line:319
2026-08-11 17:09:32,984|line:533| *#*#*#*#*#*#*#*#*#*原动态处理失败*#*#*#*#*#*#*#*#*#
2026-08-11 17:09:32,984|line:519| https://t.bilibili.com/1234840365041713173
2026-08-11 17:09:36,209|line:346| Expecting value: line 1 column 1 (char 0)
2026-08-11 17:09:36,209|line:347| error line:319
2026-08-11 17:09:36,210|line:533| *#*#*#*#*#*#*#*#*#*原动态处理失败*#*#*#*#*#*#*#*#*#
2026-08-11 17:09:36,211|line:519| https://t.bilibili.com/1234842555502297104
2026-08-11 17:09:39,621|line:346| Expecting value: line 1 column 1 (char 0)
2026-08-11 17:09:39,621|line:347| error line:319
2026-08-11 17:09:39,622|line:533| *#*#*#*#*#*#*#*#*#*原动态处理失败*#*#*#*#*#*#*#*#*#
2026-08-11 17:09:39,622|line:519| https://t.bilibili.com/1231996589902397441
2026-08-11 17:09:42,843|line:346| Expecting value: line 1 column 1 (char 0)
2026-08-11 17:09:42,843|line:347| error line:319
2026-08-11 17:09:42,844|line:533| *#*#*#*#*#*#*#*#*#*原动态处理失败*#*#*#*#*#*#*#*#*#
2026-08-11 17:09:42,844|line:519| https://t.bilibili.com/1234838479572041731
2026-08-11 17:09:44,083|line:346| Expecting value: line 1 column 1 (char 0)
2026-08-11 17:09:44,083|line:347| error line:319
2026-08-11 17:09:44,084|line:533| *#*#*#*#*#*#*#*#*#*原动态处理失败*#*#*#*#*#*#*#*#*#
2026-08-11 17:09:44,084|line:519| https://t.bilibili.com/1234753701186371607
2026-08-11 17:09:45,377|line:346| Expecting value: line 1 column 1 (char 0)
2026-08-11 17:09:45,377|line:347| error line:319
2026-08-11 17:09:45,378|line:533| *#*#*#*#*#*#*#*#*#*原动态处理失败*#*#*#*#*#*#*#*#*#
2026-08-11 17:09:45,378|line:519| https://t.bilibili.com/1234909614988853283
2026-08-11 17:09:47,724|line:346| Expecting value: line 1 column 1 (char 0)
2026-08-11 17:09:47,724|line:347| error line:319
2026-08-11 17:09:47,724|line:533| *#*#*#*#*#*#*#*#*#*原动态处理失败*#*#*#*#*#*#*#*#*#
2026-08-11 17:09:47,725|line:519| https://t.bilibili.com/1234591634948096000
2026-08-11 17:09:51,955|line:346| Expecting value: line 1 column 1 (char 0)
2026-08-11 17:09:51,955|line:347| error line:319
2026-08-11 17:09:51,956|line:533| *#*#*#*#*#*#*#*#*#*原动态处理失败*#*#*#*#*#*#*#*#*#
2026-08-11 17:09:51,956|line:519| https://t.bilibili.com/1234758507256872964
2026-08-11 17:09:55,174|line:346| Expecting value: line 1 column 1 (char 0)
2026-08-11 17:09:55,174|line:347| error line:319
2026-08-11 17:09:55,174|line:533| *#*#*#*#*#*#*#*#*#*原动态处理失败*#*#*#*#*#*#*#*#*#
2026-08-11 17:09:55,175|line:519| https://t.bilibili.com/1234770458008616981
2026-08-11 17:09:59,397|line:346| Expecting value: line 1 column 1 (char 0)
2026-08-11 17:09:59,398|line:347| error line:319
2026-08-11 17:09:59,398|line:533| *#*#*#*#*#*#*#*#*#*原动态处理失败*#*#*#*#*#*#*#*#*#
2026-08-11 17:09:59,399|line:519| https://t.bilibili.com/1234739534294417429
2026-08-11 17:10:01,619|line:346| Expecting value: line 1 column 1 (char 0)
2026-08-11 17:10:01,619|line:347| error line:319
2026-08-11 17:10:01,620|line:533| *#*#*#*#*#*#*#*#*#*原动态处理失败*#*#*#*#*#*#*#*#*#
2026-08-11 17:10:01,621|line:519| https://t.bilibili.com/1234784908420841493
2026-08-11 17:10:04,968|line:346| Expecting value: line 1 column 1 (char 0)
2026-08-11 17:10:04,968|line:347| error line:319
2026-08-11 17:10:04,969|line:533| *#*#*#*#*#*#*#*#*#*原动态处理失败*#*#*#*#*#*#*#*#*#
2026-08-11 17:10:04,969|line:519| https://t.bilibili.com/1234741417611362329
2026-08-11 17:10:09,194|line:346| Expecting value: line 1 column 1 (char 0)
2026-08-11 17:10:09,194|line:347| error line:319
2026-08-11 17:10:09,195|line:533| *#*#*#*#*#*#*#*#*#*原动态处理失败*#*#*#*#*#*#*#*#*#
2026-08-11 17:10:09,196|line:519| https://t.bilibili.com/1234851888490348581
2026-08-11 17:10:12,416|line:346| Expecting value: line 1 column 1 (char 0)
2026-08-11 17:10:12,417|line:347| error line:319
2026-08-11 17:10:12,418|line:533| *#*#*#*#*#*#*#*#*#*原动态处理失败*#*#*#*#*#*#*#*#*#
2026-08-11 17:10:12,418|line:519| https://t.bilibili.com/1233672664386633779
2026-08-11 17:10:13,635|line:346| Expecting value: line 1 column 1 (char 0)
2026-08-11 17:10:13,635|line:347| error line:319
2026-08-11 17:10:13,636|line:533| *#*#*#*#*#*#*#*#*#*原动态处理失败*#*#*#*#*#*#*#*#*#
2026-08-11 17:10:13,636|line:519| https://t.bilibili.com/1234909728780320769
2026-08-11 17:10:15,855|line:346| Expecting value: line 1 column 1 (char 0)
2026-08-11 17:10:15,856|line:347| error line:319
2026-08-11 17:10:15,857|line:533| *#*#*#*#*#*#*#*#*#*原动态处理失败*#*#*#*#*#*#*#*#*#
2026-08-11 17:10:15,857|line:519| https://t.bilibili.com/1225512314587840520
2026-08-11 17:10:20,147|line:346| Expecting value: line 1 column 1 (char 0)
2026-08-11 17:10:20,147|line:347| error line:319
2026-08-11 17:10:20,148|line:533| *#*#*#*#*#*#*#*#*#*原动态处理失败*#*#*#*#*#*#*#*#*#
2026-08-11 17:10:20,148|line:519| https://t.bilibili.com/1234908599241670661
2026-08-11 17:10:22,377|line:346| Expecting value: line 1 column 1 (char 0)
2026-08-11 17:10:22,378|line:347| error line:319
2026-08-11 17:10:22,378|line:533| *#*#*#*#*#*#*#*#*#*原动态处理失败*#*#*#*#*#*#*#*#*#
2026-08-11 17:10:22,378|line:519| https://t.bilibili.com/1234847249927766085
2026-08-11 17:10:26,597|line:346| Expecting value: line 1 column 1 (char 0)
2026-08-11 17:10:26,598|line:347| error line:319
2026-08-11 17:10:26,598|line:533| *#*#*#*#*#*#*#*#*#*原动态处理失败*#*#*#*#*#*#*#*#*#
2026-08-11 17:10:26,599|line:519| https://t.bilibili.com/1234507606058336256
2026-08-11 17:10:28,859|line:346| Expecting value: line 1 column 1 (char 0)
2026-08-11 17:10:28,859|line:347| error line:319
2026-08-11 17:10:28,860|line:533| *#*#*#*#*#*#*#*#*#*原动态处理失败*#*#*#*#*#*#*#*#*#
2026-08-11 17:10:28,861|line:519| https://t.bilibili.com/1234765323410866176
2026-08-11 17:10:32,224|line:346| Expecting value: line 1 column 1 (char 0)
2026-08-11 17:10:32,224|line:347| error line:319
2026-08-11 17:10:32,225|line:533| *#*#*#*#*#*#*#*#*#*原动态处理失败*#*#*#*#*#*#*#*#*#
2026-08-11 17:10:32,226|line:519| https://t.bilibili.com/1227157609149104130
2026-08-11 17:10:35,447|line:346| Expecting value: line 1 column 1 (char 0)
2026-08-11 17:10:35,447|line:347| error line:319
2026-08-11 17:10:35,448|line:533| *#*#*#*#*#*#*#*#*#*原动态处理失败*#*#*#*#*#*#*#*#*#
2026-08-11 17:10:35,448|line:519| https://t.bilibili.com/1234864915114622980
2026-08-11 17:10:39,790|line:346| Expecting value: line 1 column 1 (char 0)
2026-08-11 17:10:39,790|line:347| error line:319
2026-08-11 17:10:39,791|line:533| *#*#*#*#*#*#*#*#*#*原动态处理失败*#*#*#*#*#*#*#*#*#
2026-08-11 17:10:39,791|line:519| https://t.bilibili.com/1234846923499765764
2026-08-11 17:10:44,012|line:346| Expecting value: line 1 column 1 (char 0)
2026-08-11 17:10:44,012|line:347| error line:319
2026-08-11 17:10:44,013|line:533| *#*#*#*#*#*#*#*#*#*原动态处理失败*#*#*#*#*#*#*#*#*#
2026-08-11 17:10:44,013|line:519| https://t.bilibili.com/1234754996151517186
2026-08-11 17:10:47,434|line:346| Expecting value: line 1 column 1 (char 0)
2026-08-11 17:10:47,434|line:347| error line:319
2026-08-11 17:10:47,435|line:533| *#*#*#*#*#*#*#*#*#*原动态处理失败*#*#*#*#*#*#*#*#*#
2026-08-11 17:10:47,435|line:519| https://t.bilibili.com/1234577521676124161
2026-08-11 17:10:49,780|line:346| Expecting value: line 1 column 1 (char 0)
2026-08-11 17:10:49,780|line:347| error line:319
2026-08-11 17:10:49,781|line:533| *#*#*#*#*#*#*#*#*#*原动态处理失败*#*#*#*#*#*#*#*#*#
2026-08-11 17:10:49,781|line:519| https://t.bilibili.com/1234769197486047237
2026-08-11 17:10:52,012|line:346| Expecting value: line 1 column 1 (char 0)
2026-08-11 17:10:52,012|line:347| error line:319
2026-08-11 17:10:52,012|line:533| *#*#*#*#*#*#*#*#*#*原动态处理失败*#*#*#*#*#*#*#*#*#
2026-08-11 17:10:52,013|line:519| https://t.bilibili.com/1234808565116436518
2026-08-11 17:10:55,240|line:346| Expecting value: line 1 column 1 (char 0)
2026-08-11 17:10:55,241|line:347| error line:319
2026-08-11 17:10:55,241|line:533| *#*#*#*#*#*#*#*#*#*原动态处理失败*#*#*#*#*#*#*#*#*#
2026-08-11 17:10:55,242|line:519| https://t.bilibili.com/1234850402384478228
2026-08-11 17:10:59,590|line:346| Expecting value: line 1 column 1 (char 0)
2026-08-11 17:10:59,590|line:347| error line:319
2026-08-11 17:10:59,591|line:533| *#*#*#*#*#*#*#*#*#*原动态处理失败*#*#*#*#*#*#*#*#*#
2026-08-11 17:10:59,591|line:519| https://t.bilibili.com/1234785919933874179
2026-08-11 17:11:01,940|line:346| Expecting value: line 1 column 1 (char 0)
2026-08-11 17:11:01,941|line:347| error line:319
2026-08-11 17:11:01,941|line:533| *#*#*#*#*#*#*#*#*#*原动态处理失败*#*#*#*#*#*#*#*#*#
2026-08-11 17:11:01,942|line:519| https://t.bilibili.com/1234821596026241025
2026-08-11 17:11:05,166|line:346| Expecting value: line 1 column 1 (char 0)
2026-08-11 17:11:05,166|line:347| error line:319
2026-08-11 17:11:05,167|line:533| *#*#*#*#*#*#*#*#*#*原动态处理失败*#*#*#*#*#*#*#*#*#
2026-08-11 17:11:05,167|line:519| https://t.bilibili.com/1234813826433548290
2026-08-11 17:11:06,544|line:346| Expecting value: line 1 column 1 (char 0)
2026-08-11 17:11:06,544|line:347| error line:319
2026-08-11 17:11:06,545|line:533| *#*#*#*#*#*#*#*#*#*原动态处理失败*#*#*#*#*#*#*#*#*#
2026-08-11 17:11:06,545|line:519| https://t.bilibili.com/1234786012271476790
2026-08-11 17:11:10,892|line:346| Expecting value: line 1 column 1 (char 0)
2026-08-11 17:11:10,893|line:347| error line:319
2026-08-11 17:11:10,893|line:533| *#*#*#*#*#*#*#*#*#*原动态处理失败*#*#*#*#*#*#*#*#*#
2026-08-11 17:11:10,894|line:519| https://t.bilibili.com/1234785599913721865
2026-08-11 17:11:15,251|line:346| Expecting value: line 1 column 1 (char 0)
2026-08-11 17:11:15,252|line:347| error line:319
2026-08-11 17:11:15,252|line:533| *#*#*#*#*#*#*#*#*#*原动态处理失败*#*#*#*#*#*#*#*#*#
2026-08-11 17:11:15,253|line:519| https://t.bilibili.com/1234754996165148693
2026-08-11 17:11:18,477|line:346| Expecting value: line 1 column 1 (char 0)
2026-08-11 17:11:18,477|line:347| error line:319
2026-08-11 17:11:18,478|line:533| *#*#*#*#*#*#*#*#*#*原动态处理失败*#*#*#*#*#*#*#*#*#
2026-08-11 17:11:18,479|line:519| https://t.bilibili.com/1234842323554140161
2026-08-11 17:11:19,712|line:346| Expecting value: line 1 column 1 (char 0)
2026-08-11 17:11:19,712|line:347| error line:319
2026-08-11 17:11:19,712|line:533| *#*#*#*#*#*#*#*#*#*原动态处理失败*#*#*#*#*#*#*#*#*#
2026-08-11 17:11:19,713|line:519| https://t.bilibili.com/1234885152979550213
2026-08-11 17:11:20,949|line:346| Expecting value: line 1 column 1 (char 0)
2026-08-11 17:11:20,949|line:347| error line:319
2026-08-11 17:11:20,950|line:533| *#*#*#*#*#*#*#*#*#*原动态处理失败*#*#*#*#*#*#*#*#*#
2026-08-11 17:11:20,950|line:519| https://t.bilibili.com/1234754998271737936
2026-08-11 17:11:23,175|line:346| Expecting value: line 1 column 1 (char 0)
2026-08-11 17:11:23,175|line:347| error line:319
2026-08-11 17:11:23,176|line:533| *#*#*#*#*#*#*#*#*#*原动态处理失败*#*#*#*#*#*#*#*#*#
2026-08-11 17:11:23,176|line:519| https://t.bilibili.com/1234886252480692249
2026-08-11 17:11:27,396|line:346| Expecting value: line 1 column 1 (char 0)
2026-08-11 17:11:27,396|line:347| error line:319
2026-08-11 17:11:27,397|line:533| *#*#*#*#*#*#*#*#*#*原动态处理失败*#*#*#*#*#*#*#*#*#
2026-08-11 17:11:27,397|line:519| https://t.bilibili.com/1234828489505374224
2026-08-11 17:11:31,780|line:346| Expecting value: line 1 column 1 (char 0)
2026-08-11 17:11:31,781|line:347| error line:319
2026-08-11 17:11:31,781|line:533| *#*#*#*#*#*#*#*#*#*原动态处理失败*#*#*#*#*#*#*#*#*#
2026-08-11 17:11:31,782|line:519| https://t.bilibili.com/1234854491227947032
2026-08-11 17:11:35,127|line:346| Expecting value: line 1 column 1 (char 0)
2026-08-11 17:11:35,128|line:347| error line:319
2026-08-11 17:11:35,129|line:533| *#*#*#*#*#*#*#*#*#*原动态处理失败*#*#*#*#*#*#*#*#*#
2026-08-11 17:11:35,129|line:519| https://t.bilibili.com/1234854151881490432
2026-08-11 17:11:38,347|line:346| Expecting value: line 1 column 1 (char 0)
2026-08-11 17:11:38,347|line:347| error line:319
2026-08-11 17:11:38,348|line:533| *#*#*#*#*#*#*#*#*#*原动态处理失败*#*#*#*#*#*#*#*#*#
2026-08-11 17:11:38,349|line:519| https://t.bilibili.com/1234880102073892869
2026-08-11 17:11:42,577|line:346| Expecting value: line 1 column 1 (char 0)
2026-08-11 17:11:42,577|line:347| error line:319
2026-08-11 17:11:42,578|line:533| *#*#*#*#*#*#*#*#*#*原动态处理失败*#*#*#*#*#*#*#*#*#
2026-08-11 17:11:42,578|line:519| https://t.bilibili.com/1234848890585350162
2026-08-11 17:11:45,805|line:346| Expecting value: line 1 column 1 (char 0)
2026-08-11 17:11:45,805|line:347| error line:319
2026-08-11 17:11:45,806|line:533| *#*#*#*#*#*#*#*#*#*原动态处理失败*#*#*#*#*#*#*#*#*#
2026-08-11 17:11:45,807|line:519| https://t.bilibili.com/1234877400582455300
2026-08-11 17:11:50,175|line:346| Expecting value: line 1 column 1 (char 0)
2026-08-11 17:11:50,176|line:347| error line:319
2026-08-11 17:11:50,176|line:533| *#*#*#*#*#*#*#*#*#*原动态处理失败*#*#*#*#*#*#*#*#*#
2026-08-11 17:11:50,177|line:519| https://t.bilibili.com/1234841370069303300
2026-08-11 17:11:53,528|line:346| Expecting value: line 1 column 1 (char 0)
2026-08-11 17:11:53,528|line:347| error line:319
2026-08-11 17:11:53,529|line:533| *#*#*#*#*#*#*#*#*#*原动态处理失败*#*#*#*#*#*#*#*#*#
2026-08-11 17:11:53,529|line:519| https://t.bilibili.com/1234766470151405575
2026-08-11 17:11:54,875|line:346| Expecting value: line 1 column 1 (char 0)
2026-08-11 17:11:54,875|line:347| error line:319
2026-08-11 17:11:54,876|line:533| *#*#*#*#*#*#*#*#*#*原动态处理失败*#*#*#*#*#*#*#*#*#
2026-08-11 17:11:54,876|line:519| https://t.bilibili.com/1234816843687919653
2026-08-11 17:11:58,220|line:346| Expecting value: line 1 column 1 (char 0)
2026-08-11 17:11:58,220|line:347| error line:319
2026-08-11 17:11:58,221|line:533| *#*#*#*#*#*#*#*#*#*原动态处理失败*#*#*#*#*#*#*#*#*#
2026-08-11 17:11:58,221|line:552| 执行结束
2026-08-11 17:11:58,221|line:556| 执行失败，错误数量为68
2026-08-11 17:11:58,221|line:558| ==================================================2026-08-12 01:11==================================================
2026-08-11 17:11:58,221|line:232| processing article 52224790
2026-08-11 17:12:00,380|line:507| ==================================================2026-08-12 01:12==================================================
2026-08-11 17:12:00,381|line:519| https://t.bilibili.com/1202086708223410176
2026-08-11 17:12:03,831|line:346| Expecting value: line 1 column 1 (char 0)
2026-08-11 17:12:03,832|line:347| error line:319
2026-08-11 17:12:03,833|line:533| *#*#*#*#*#*#*#*#*#*原动态处理失败*#*#*#*#*#*#*#*#*#
2026-08-11 17:12:03,833|line:519| https://t.bilibili.com/1224745838976172039
2026-08-11 17:12:05,180|line:346| Expecting value: line 1 column 1 (char 0)
2026-08-11 17:12:05,180|line:347| error line:319
2026-08-11 17:12:05,181|line:533| *#*#*#*#*#*#*#*#*#*原动态处理失败*#*#*#*#*#*#*#*#*#
2026-08-11 17:12:05,181|line:519| https://t.bilibili.com/1223652752667705346
2026-08-11 17:12:08,408|line:346| Expecting value: line 1 column 1 (char 0)
2026-08-11 17:12:08,408|line:347| error line:319
2026-08-11 17:12:08,409|line:533| *#*#*#*#*#*#*#*#*#*原动态处理失败*#*#*#*#*#*#*#*#*#
2026-08-11 17:12:08,409|line:519| https://t.bilibili.com/1225988574931845125
2026-08-11 17:12:09,632|line:346| Expecting value: line 1 column 1 (char 0)
2026-08-11 17:12:09,633|line:347| error line:319
2026-08-11 17:12:09,634|line:533| *#*#*#*#*#*#*#*#*#*原动态处理失败*#*#*#*#*#*#*#*#*#
2026-08-11 17:12:09,634|line:519| https://t.bilibili.com/1224854467309993993
2026-08-11 17:12:10,853|line:346| Expecting value: line 1 column 1 (char 0)
2026-08-11 17:12:10,853|line:347| error line:319
2026-08-11 17:12:10,854|line:533| *#*#*#*#*#*#*#*#*#*原动态处理失败*#*#*#*#*#*#*#*#*#
2026-08-11 17:12:10,854|line:519| https://t.bilibili.com/1231172523107811364
2026-08-11 17:12:12,083|line:346| Expecting value: line 1 column 1 (char 0)
2026-08-11 17:12:12,083|line:347| error line:319
2026-08-11 17:12:12,084|line:533| *#*#*#*#*#*#*#*#*#*原动态处理失败*#*#*#*#*#*#*#*#*#
2026-08-11 17:12:12,084|line:519| https://t.bilibili.com/1225974229701230598
2026-08-11 17:12:15,313|line:346| Expecting value: line 1 column 1 (char 0)
2026-08-11 17:12:15,313|line:347| error line:319
2026-08-11 17:12:15,314|line:533| *#*#*#*#*#*#*#*#*#*原动态处理失败*#*#*#*#*#*#*#*#*#
2026-08-11 17:12:15,314|line:519| https://t.bilibili.com/1233803469785137184
2026-08-11 17:12:16,534|line:346| Expecting value: line 1 column 1 (char 0)
2026-08-11 17:12:16,535|line:347| error line:319
2026-08-11 17:12:16,536|line:533| *#*#*#*#*#*#*#*#*#*原动态处理失败*#*#*#*#*#*#*#*#*#
2026-08-11 17:12:16,536|line:519| https://t.bilibili.com/1230791001163956245
2026-08-11 17:12:19,763|line:346| Expecting value: line 1 column 1 (char 0)
2026-08-11 17:12:19,764|line:347| error line:319
2026-08-11 17:12:19,764|line:533| *#*#*#*#*#*#*#*#*#*原动态处理失败*#*#*#*#*#*#*#*#*#
2026-08-11 17:12:19,765|line:519| https://t.bilibili.com/1225512314587840520
2026-08-11 17:12:23,982|line:346| Expecting value: line 1 column 1 (char 0)
2026-08-11 17:12:23,982|line:347| error line:319
2026-08-11 17:12:23,983|line:533| *#*#*#*#*#*#*#*#*#*原动态处理失败*#*#*#*#*#*#*#*#*#
2026-08-11 17:12:23,984|line:519| https://t.bilibili.com/1202860369265033238
2026-08-11 17:12:25,205|line:346| Expecting value: line 1 column 1 (char 0)
2026-08-11 17:12:25,205|line:347| error line:319
2026-08-11 17:12:25,206|line:533| *#*#*#*#*#*#*#*#*#*原动态处理失败*#*#*#*#*#*#*#*#*#
2026-08-11 17:12:25,206|line:519| https://t.bilibili.com/1225943683926327330
2026-08-11 17:12:26,423|line:346| Expecting value: line 1 column 1 (char 0)
2026-08-11 17:12:26,424|line:347| error line:319
2026-08-11 17:12:26,424|line:533| *#*#*#*#*#*#*#*#*#*原动态处理失败*#*#*#*#*#*#*#*#*#
2026-08-11 17:12:26,425|line:519| https://t.bilibili.com/1229259445876293638
2026-08-11 17:12:28,645|line:346| Expecting value: line 1 column 1 (char 0)
2026-08-11 17:12:28,645|line:347| error line:319
2026-08-11 17:12:28,646|line:533| *#*#*#*#*#*#*#*#*#*原动态处理失败*#*#*#*#*#*#*#*#*#
2026-08-11 17:12:28,646|line:519| https://t.bilibili.com/1233796718099693587
2026-08-11 17:12:31,002|line:346| Expecting value: line 1 column 1 (char 0)
2026-08-11 17:12:31,003|line:347| error line:319
2026-08-11 17:12:31,004|line:533| *#*#*#*#*#*#*#*#*#*原动态处理失败*#*#*#*#*#*#*#*#*#
2026-08-11 17:12:31,004|line:519| https://t.bilibili.com/1222923712000425986
2026-08-11 17:12:34,351|line:346| Expecting value: line 1 column 1 (char 0)
2026-08-11 17:12:34,351|line:347| error line:319
2026-08-11 17:12:34,352|line:533| *#*#*#*#*#*#*#*#*#*原动态处理失败*#*#*#*#*#*#*#*#*#
2026-08-11 17:12:34,352|line:519| https://t.bilibili.com/1230704367404843008
2026-08-11 17:12:35,572|line:346| Expecting value: line 1 column 1 (char 0)
2026-08-11 17:12:35,572|line:347| error line:319
2026-08-11 17:12:35,573|line:533| *#*#*#*#*#*#*#*#*#*原动态处理失败*#*#*#*#*#*#*#*#*#
2026-08-11 17:12:35,574|line:519| https://t.bilibili.com/1203302798163181589
2026-08-11 17:12:37,791|line:346| Expecting value: line 1 column 1 (char 0)
2026-08-11 17:12:37,791|line:347| error line:319
2026-08-11 17:12:37,792|line:533| *#*#*#*#*#*#*#*#*#*原动态处理失败*#*#*#*#*#*#*#*#*#
2026-08-11 17:12:37,792|line:519| https://t.bilibili.com/1231263056738123776
2026-08-11 17:12:41,011|line:346| Expecting value: line 1 column 1 (char 0)
2026-08-11 17:12:41,011|line:347| error line:319
2026-08-11 17:12:41,012|line:533| *#*#*#*#*#*#*#*#*#*原动态处理失败*#*#*#*#*#*#*#*#*#
2026-08-11 17:12:41,012|line:519| https://t.bilibili.com/1223411409831854119
2026-08-11 17:12:44,235|line:346| Expecting value: line 1 column 1 (char 0)
2026-08-11 17:12:44,235|line:347| error line:319
2026-08-11 17:12:44,236|line:533| *#*#*#*#*#*#*#*#*#*原动态处理失败*#*#*#*#*#*#*#*#*#
2026-08-11 17:12:44,236|line:519| https://t.bilibili.com/1202501649357078534
2026-08-11 17:12:47,455|line:346| Expecting value: line 1 column 1 (char 0)
2026-08-11 17:12:47,455|line:347| error line:319
2026-08-11 17:12:47,456|line:533| *#*#*#*#*#*#*#*#*#*原动态处理失败*#*#*#*#*#*#*#*#*#
2026-08-11 17:12:47,456|line:519| https://t.bilibili.com/1231817683017662469
2026-08-11 17:12:49,673|line:346| Expecting value: line 1 column 1 (char 0)
2026-08-11 17:12:49,674|line:347| error line:319
2026-08-11 17:12:49,674|line:533| *#*#*#*#*#*#*#*#*#*原动态处理失败*#*#*#*#*#*#*#*#*#
2026-08-11 17:12:49,675|line:519| https://t.bilibili.com/1224858667779620869
2026-08-11 17:12:52,894|line:346| Expecting value: line 1 column 1 (char 0)
2026-08-11 17:12:52,895|line:347| error line:319
2026-08-11 17:12:52,895|line:533| *#*#*#*#*#*#*#*#*#*原动态处理失败*#*#*#*#*#*#*#*#*#
2026-08-11 17:12:52,896|line:519| https://t.bilibili.com/1233618863463071744
2026-08-11 17:12:54,243|line:346| Expecting value: line 1 column 1 (char 0)
2026-08-11 17:12:54,243|line:347| error line:319
2026-08-11 17:12:54,244|line:533| *#*#*#*#*#*#*#*#*#*原动态处理失败*#*#*#*#*#*#*#*#*#
2026-08-11 17:12:54,245|line:519| https://t.bilibili.com/1211866580711899158
2026-08-11 17:12:58,470|line:346| Expecting value: line 1 column 1 (char 0)
2026-08-11 17:12:58,471|line:347| error line:319
2026-08-11 17:12:58,472|line:533| *#*#*#*#*#*#*#*#*#*原动态处理失败*#*#*#*#*#*#*#*#*#
2026-08-11 17:12:58,472|line:552| 执行结束
2026-08-11 17:12:58,472|line:556| 执行失败，错误数量为24
2026-08-11 17:12:58,472|line:558| ==================================================2026-08-12 01:12==================================================
2026-08-11 17:12:58,472|line:232| processing article 52224641
2026-08-11 17:13:01,108|line:507| ==================================================2026-08-12 01:13==================================================
2026-08-11 17:13:06,247|line:578| ('reply: ', '榄菊官方', '[给心心]')
2026-08-11 17:13:06,247|line:578| ('reply: ', '吓死我啦芙莱', '并不是')
2026-08-11 17:13:06,247|line:578| ('reply: ', '花生十三-公考行测', '68')
2026-08-11 17:13:06,247|line:578| ('reply: ', '三鹿七茸猫尾巴', '[夏诺雅表情包_？？？]')
2026-08-11 17:13:06,248|line:578| ('reply: ', '小闪闪bling', 'hhh腾子买库洛让我感觉他自己有点不太想出大世界了')
2026-08-11 17:13:06,248|line:578| ('reply: ', '不修车的丸山彩', '不是，这……')
2026-08-11 17:13:06,248|line:578| ('reply: ', '好像都是一个人', '你在说什么')
2026-08-11 17:13:06,248|line:578| ('reply: ', '目标咨询', '太宠粉了啊')
2026-08-11 17:13:06,248|line:578| ('reply: ', '数玩工场', '祝你成功')
2026-08-11 17:13:06,248|line:578| ('reply: ', '益家有小佰', '恭喜宝子，获得小电视月度会员1份和克刻冰冰猴喉糖随机口味1份～记得私信小佰提供信息哦~')
2026-08-11 17:13:06,248|line:578| ('reply: ', '圆环之理-Madoka', '是的')
2026-08-11 17:13:06,248|line:578| ('reply: ', '兰的三姨', '这就是银河巨星的实力！')
2026-08-11 17:13:06,248|line:578| ('reply: ', '花园百合铃音', '有男不玩，我只吃麻辣火锅，xxn滚[吃瓜]')
2026-08-11 17:13:06,249|line:578| ('reply: ', '是绝赞的阿鬼', '[tv_难过]')
2026-08-11 17:13:06,249|line:578| ('reply: ', '桃稚不幼稚', '还行')
2026-08-11 17:13:06,249|line:578| ('reply: ', '陌罔子吖', '佬，这个报名有啥条件不。最近太非了，想下次报来抽[脱单doge][脱单doge][脱单doge]')
2026-08-11 17:13:06,249|line:578| ('reply: ', '太二酸菜鱼', '恭喜成为本期欧皇[打call]获得【肥龙联名显眼包】1份，在收到本信息的两天内回复哥的私信哦~逾期哥就自己收啦！[脱单doge]')
2026-08-11 17:13:06,249|line:578| ('reply: ', '得一想二的松鼠', '中奖分我一半')
2026-08-11 17:13:06,249|line:578| ('reply: ', '佑凉Uriyoo', '谢谢！！！[UP_24967030_感恩]')
2026-08-11 17:13:06,249|line:578| ('reply: ', '岛莓祁', '好耶')
2026-08-11 17:13:07,531|line:587| ('at: ', '电脑报', '恭喜@小小Shaun UID：1090970340，@-叶晓吖  UID：22437099  获得 【电竞大礼包】1份， 请在三日内私信我')
2026-08-11 17:13:07,532|line:587| ('at: ', '联想拯救者官方', '是我喜欢的奖品名单 直接开奖 上 趁现在没人偷摸开个奖 恭喜这些小伙伴 【拯救者7.1声卡H7游戏耳机】获奖名单 @泪水打湿猪脚饭o @xoomoon @小小Shaun @T山海连云T @超超超超薄脆饼干 @BerboomC 【拯救者C140氮化镓适配器】获奖名单 @改个天凉好个秋 @夜猫子牙不好 @LLL好久不见 @林殇倾慕婉 @今天也要拥抱微风 @洳不及我万一 @胜利の天平 【白金独角兽电竞鼠标】获奖名单 @底片上的诗旅人 【拯救者C170氮化镓适配器】获奖名单 @麦當劳无限好 @無名丶の辈 @任性的提莫 @广东有暖风 由于B站私信规则修改 我会私信中奖的小伙伴一条消息，还请注意查收并回复我您的收货地址与联系方式，奖品基本会在私信您信息后的三十个工作日内发货')
2026-08-11 17:13:07,532|line:587| ('at: ', 'Apexgaming艾湃电竞', '恭喜 @小小Shaun 获得饮料一份，三天内联系我，过时不候！')
2026-08-11 17:13:07,532|line:587| ('at: ', '梦_水晶花', '1 @浪子游2fans6@被_____打下来的飞机@拉斯特臣后面一个点@专心致志的学生@猫猫头OmMeow@小小Shaun@龐門左道@啦啦痴痴腻@bili_66938050009@日月星辰668')
2026-08-11 17:13:07,532|line:587| ('at: ', 'iKF蓝牙耳机', '恭喜@小小Shaun 宝子成为苏泊尔福利动态幸运儿！\n注意：即日起72小时内回复信息确认领奖哦！逾期将自动视为放弃中奖资格。\n没有中奖的宝子们不要气馁，参与一下下置顶视频iKF Mars，增加欧气值，说不定下个幸运儿就是你！\n链接：\nhttps://www.bilibili.com/video/BV1Soo6YLEHZ/?spm_id_from=333.1387.list.card_archive.click&vd_source=21fb0967ccc75e6b3b2447ade2c740dd\n还没参与抽奖的宝子们，赶紧点击上方链接参与吧！还有特别福利惊喜等你哦~')
2026-08-11 17:13:07,532|line:587| ('at: ', 'wellymerck威利默克', '恭喜@小小Shaun\xa0 获得《我是你的小狗3 永远等你回家》1本，请于5天内联系威宝，凭关注+互动截图领取奖品，逾期作废~')
2026-08-11 17:13:07,532|line:587| ('at: ', '宁美NINGMEI', '恭喜@小小Shaun   中奖，请在12月1日24点前私信我：1. 奖品+中奖信息a. 实物奖：姓名电话地址，给文字！省市区路清晰，提交不清晰不发奖，信息错误致无法签收，概不负责；\n\nb. 现金红包给到支付宝实名+账号；\n\nc. 京东卡/猫超卡 等购物卡给到姓名+电话；2. 宁美和品牌方关注截图+转发截图！\n\n必须关注品牌方，否则奖品不予发放；如遇无法私信图片的情况，等待我回复后即可发送图片。PS： \n\n因后台收信有时会出问题，以回复“已登记”为准，没有回复即表示私信未收到。\n\n过期视为自动放弃，不会补发；奖品30个工作日内发送，勿催哦~\n\n不发全，不回复。其他小伙伴请继续努力！')
2026-08-11 17:13:07,532|line:587| ('at: ', '爱玛电动车官方账号', '#一“玛”当先榜# 快来看看10月都是谁和爱玛酱互动最多呀~ 💕恭喜@小小Shaun 和@甘瑞凯拉莎 排行第一！这两位小玛达将会获得【爱玛随机周边×1】，请5天内私信爱玛酱领奖哟~[鼓掌] 以后也请继续单推我无敌可爱美少女爱玛酱呀嘿嘿！(●´З｀●)')
2026-08-11 17:13:07,533|line:587| ('at: ', '爱玛电动车官方账号', '')
2026-08-11 17:13:07,533|line:587| ('at: ', '海露滴眼液', '互动榜出炉啦')
2026-08-11 17:13:07,533|line:587| ('at: ', '和蔼可亲桃白白', '\u200b//@九号公司:\u200b恭喜@小小Shaun 中奖！后续记得查收私信哟～\u200b//@九号公司:#互动抽奖# 谢谢粒粒的复工礼！小九也来加个码~关注【@微粒贷+@九号公司 】并转发该动态，抽一位小可爱获得【100元京东卡】~ #供电局福利社# 10月31日抽出！')
2026-08-11 17:13:07,533|line:587| ('at: ', '望大家身体健康快乐', '\u200b//@九号公司:\u200b恭喜@小小Shaun 中奖！后续记得查收私信哟～\u200b//@九号公司 :#互动抽奖# 谢谢粒粒的复工礼！小九也来加个码~关注【@微粒贷+@九号公司 】并转发该动态，抽一位小可爱获得【100元京东卡】~ #供电局福利社# 10月31日抽出！')
2026-08-11 17:13:07,533|line:587| ('at: ', 'MoMA_Reona', '//@九号公司:\u200b恭喜@小小Shaun 中奖！后续记得查收私信哟～\u200b//@九号公司:#互动抽奖# 谢谢粒粒的复工礼！小九也来加个码~关注【@微粒贷+@九号公司 】并转发该动态，抽一位小可爱获得【100元京东卡】~ #供电局福利社# 10月31日抽出！')
2026-08-11 17:13:07,533|line:587| ('at: ', '摸鱼二队', '\u200b//@九号公司:\u200b恭喜@小小Shaun 中奖！后续记得查收私信哟～\u200b//@九号公司 :#互动抽奖# 谢谢粒粒的复工礼！小九也来加个码~关注【@微粒贷+@九号公司 】并转发该动态，抽一位小可爱获得【100元京东卡】~ #供电局福利社# 10月31日抽出！')
2026-08-11 17:13:07,533|line:587| ('at: ', '文少嘅一些事一些情', '\u200b//@九号公司:\u200b恭喜@小小Shaun 中奖！后续记得查收私信哟～\u200b//@九号公司 :#互动抽奖# 谢谢粒粒的复工礼！小九也来加个码~关注【@微粒贷+@九号公司 】并转发该动态，抽一位小可爱获得【100元京东卡】~ #供电局福利社# 10月31日抽出！')
2026-08-11 17:13:07,533|line:587| ('at: ', 'Carry队友的嘟嘟酱丶', '\u200b//@九号公司:\u200b恭喜@小小Shaun 中奖！后续记得查收私信哟～\u200b//@九号公司 :#互动抽奖# 谢谢粒粒的复工礼！小九也来加个码~关注【@微粒贷+@九号公司 】并转发该动态，抽一位小可爱获得【100元京东卡】~ #供电局福利社# 10月31日抽出！')
2026-08-11 17:13:07,533|line:587| ('at: ', '蛤蟆zero', '//@九号公司:\u200b恭喜@小小Shaun 中奖！后续记得查收私信哟～\u200b//@九号公司:#互动抽奖# 谢谢粒粒的复工礼！小九也来加个码~关注【@微粒贷+@九号公司 】并转发该动态，抽一位小可爱获得【100元京东卡】~ #供电局福利社# 10月31日抽出！c冲冲冲')
2026-08-11 17:13:07,534|line:587| ('at: ', '木而各子要吃笃栗子', '\u200b//@九号公司:\u200b恭喜@小小Shaun 中奖！后续记得查收私信哟～\u200b//@九号公司 :#互动抽奖# 谢谢粒粒的复工礼！小九也来加个码~关注【@微粒贷+@九号公司 】并转发该动态，抽一位小可爱获得【100元京东卡】~ #供电局福利社# 10月31日抽出！')
2026-08-11 17:13:07,534|line:587| ('at: ', '裙下愚臣情默默', '\u200b//@九号公司:\u200b恭喜@小小Shaun 中奖！后续记得查收私信哟～\u200b//@九号公司 :#互动抽奖# 谢谢粒粒的复工礼！小九也来加个码~关注【@微粒贷+@九号公司 】并转发该动态，抽一位小可爱获得【100元京东卡】~ #供电局福利社# 10月31日抽出！')
2026-08-11 17:13:07,534|line:587| ('at: ', '戊子毕宿', '')
