2026-07-26 17:11:01,463|line:232| processing article 51829780
2026-07-26 17:11:05,201|line:507| ==================================================2026-07-27 01:11==================================================
2026-07-26 17:11:05,201|line:232| processing article 51829427
2026-07-26 17:11:08,514|line:507| ==================================================2026-07-27 01:11==================================================
2026-07-26 17:11:08,514|line:519| https://t.bilibili.com/1229003796553662467
2026-07-26 17:11:10,966|line:346| Expecting value: line 1 column 1 (char 0)
2026-07-26 17:11:10,966|line:347| error line:319
2026-07-26 17:11:10,967|line:533| *#*#*#*#*#*#*#*#*#*原动态处理失败*#*#*#*#*#*#*#*#*#
2026-07-26 17:11:10,967|line:519| https://t.bilibili.com/1228183208699363364
2026-07-26 17:11:12,241|line:346| Expecting value: line 1 column 1 (char 0)
2026-07-26 17:11:12,241|line:347| error line:319
2026-07-26 17:11:12,242|line:533| *#*#*#*#*#*#*#*#*#*原动态处理失败*#*#*#*#*#*#*#*#*#
2026-07-26 17:11:12,242|line:519| https://t.bilibili.com/1228968307246235671
2026-07-26 17:11:16,568|line:346| Expecting value: line 1 column 1 (char 0)
2026-07-26 17:11:16,568|line:347| error line:319
2026-07-26 17:11:16,569|line:533| *#*#*#*#*#*#*#*#*#*原动态处理失败*#*#*#*#*#*#*#*#*#
2026-07-26 17:11:16,570|line:519| https://t.bilibili.com/1228542633039626244
2026-07-26 17:11:18,842|line:346| Expecting value: line 1 column 1 (char 0)
2026-07-26 17:11:18,842|line:347| error line:319
2026-07-26 17:11:18,843|line:533| *#*#*#*#*#*#*#*#*#*原动态处理失败*#*#*#*#*#*#*#*#*#
2026-07-26 17:11:18,843|line:519| https://t.bilibili.com/1229284713226567684
2026-07-26 17:11:22,156|line:346| Expecting value: line 1 column 1 (char 0)
2026-07-26 17:11:22,157|line:347| error line:319
2026-07-26 17:11:22,158|line:533| *#*#*#*#*#*#*#*#*#*原动态处理失败*#*#*#*#*#*#*#*#*#
2026-07-26 17:11:22,158|line:519| https://t.bilibili.com/1229020658623578116
2026-07-26 17:11:23,452|line:346| Expecting value: line 1 column 1 (char 0)
2026-07-26 17:11:23,453|line:347| error line:319
2026-07-26 17:11:23,453|line:533| *#*#*#*#*#*#*#*#*#*原动态处理失败*#*#*#*#*#*#*#*#*#
2026-07-26 17:11:23,454|line:519| https://t.bilibili.com/1224854467309993993
2026-07-26 17:11:27,830|line:346| Expecting value: line 1 column 1 (char 0)
2026-07-26 17:11:27,830|line:347| error line:319
2026-07-26 17:11:27,831|line:533| *#*#*#*#*#*#*#*#*#*原动态处理失败*#*#*#*#*#*#*#*#*#
2026-07-26 17:11:27,831|line:519| https://t.bilibili.com/1229049559448027152
2026-07-26 17:11:31,097|line:346| Expecting value: line 1 column 1 (char 0)
2026-07-26 17:11:31,098|line:347| error line:319
2026-07-26 17:11:31,099|line:533| *#*#*#*#*#*#*#*#*#*原动态处理失败*#*#*#*#*#*#*#*#*#
2026-07-26 17:11:31,099|line:519| https://t.bilibili.com/1228817781555724297
2026-07-26 17:11:32,371|line:346| Expecting value: line 1 column 1 (char 0)
2026-07-26 17:11:32,371|line:347| error line:319
2026-07-26 17:11:32,372|line:533| *#*#*#*#*#*#*#*#*#*原动态处理失败*#*#*#*#*#*#*#*#*#
2026-07-26 17:11:32,372|line:519| https://t.bilibili.com/1229204438109913139
2026-07-26 17:11:35,692|line:346| Expecting value: line 1 column 1 (char 0)
2026-07-26 17:11:35,692|line:347| error line:319
2026-07-26 17:11:35,693|line:533| *#*#*#*#*#*#*#*#*#*原动态处理失败*#*#*#*#*#*#*#*#*#
2026-07-26 17:11:35,693|line:519| https://t.bilibili.com/1228949757316038673
2026-07-26 17:11:37,978|line:346| Expecting value: line 1 column 1 (char 0)
2026-07-26 17:11:37,979|line:347| error line:319
2026-07-26 17:11:37,979|line:533| *#*#*#*#*#*#*#*#*#*原动态处理失败*#*#*#*#*#*#*#*#*#
2026-07-26 17:11:37,980|line:519| https://t.bilibili.com/1229325708691505177
2026-07-26 17:11:41,249|line:346| Expecting value: line 1 column 1 (char 0)
2026-07-26 17:11:41,249|line:347| error line:319
2026-07-26 17:11:41,250|line:533| *#*#*#*#*#*#*#*#*#*原动态处理失败*#*#*#*#*#*#*#*#*#
2026-07-26 17:11:41,250|line:519| https://t.bilibili.com/1227818604636930052
2026-07-26 17:11:45,522|line:346| Expecting value: line 1 column 1 (char 0)
2026-07-26 17:11:45,522|line:347| error line:319
2026-07-26 17:11:45,523|line:533| *#*#*#*#*#*#*#*#*#*原动态处理失败*#*#*#*#*#*#*#*#*#
2026-07-26 17:11:45,523|line:519| https://t.bilibili.com/1229218583599382529
2026-07-26 17:11:49,814|line:346| Expecting value: line 1 column 1 (char 0)
2026-07-26 17:11:49,814|line:347| error line:319
2026-07-26 17:11:49,815|line:533| *#*#*#*#*#*#*#*#*#*原动态处理失败*#*#*#*#*#*#*#*#*#
2026-07-26 17:11:49,816|line:519| https://t.bilibili.com/1229264801729871873
2026-07-26 17:11:52,083|line:346| Expecting value: line 1 column 1 (char 0)
2026-07-26 17:11:52,083|line:347| error line:319
2026-07-26 17:11:52,084|line:533| *#*#*#*#*#*#*#*#*#*原动态处理失败*#*#*#*#*#*#*#*#*#
2026-07-26 17:11:52,085|line:519| https://t.bilibili.com/1229283806933942275
2026-07-26 17:11:54,368|line:346| Expecting value: line 1 column 1 (char 0)
2026-07-26 17:11:54,368|line:347| error line:319
2026-07-26 17:11:54,369|line:533| *#*#*#*#*#*#*#*#*#*原动态处理失败*#*#*#*#*#*#*#*#*#
2026-07-26 17:11:54,369|line:519| https://t.bilibili.com/1228543036782280704
2026-07-26 17:11:56,637|line:346| Expecting value: line 1 column 1 (char 0)
2026-07-26 17:11:56,637|line:347| error line:319
2026-07-26 17:11:56,638|line:533| *#*#*#*#*#*#*#*#*#*原动态处理失败*#*#*#*#*#*#*#*#*#
2026-07-26 17:11:56,638|line:519| https://t.bilibili.com/1228564971177115667
2026-07-26 17:11:58,940|line:346| Expecting value: line 1 column 1 (char 0)
2026-07-26 17:11:58,940|line:347| error line:319
2026-07-26 17:11:58,941|line:533| *#*#*#*#*#*#*#*#*#*原动态处理失败*#*#*#*#*#*#*#*#*#
2026-07-26 17:11:58,941|line:519| https://t.bilibili.com/1228540953730482184
2026-07-26 17:12:00,242|line:346| Expecting value: line 1 column 1 (char 0)
2026-07-26 17:12:00,242|line:347| error line:319
2026-07-26 17:12:00,243|line:533| *#*#*#*#*#*#*#*#*#*原动态处理失败*#*#*#*#*#*#*#*#*#
2026-07-26 17:12:00,243|line:519| https://t.bilibili.com/1229232271624503316
2026-07-26 17:12:04,511|line:346| Expecting value: line 1 column 1 (char 0)
2026-07-26 17:12:04,511|line:347| error line:319
2026-07-26 17:12:04,512|line:533| *#*#*#*#*#*#*#*#*#*原动态处理失败*#*#*#*#*#*#*#*#*#
2026-07-26 17:12:04,512|line:519| https://t.bilibili.com/1227858996641136726
2026-07-26 17:12:08,797|line:346| Expecting value: line 1 column 1 (char 0)
2026-07-26 17:12:08,797|line:347| error line:319
2026-07-26 17:12:08,798|line:533| *#*#*#*#*#*#*#*#*#*原动态处理失败*#*#*#*#*#*#*#*#*#
2026-07-26 17:12:08,798|line:519| https://t.bilibili.com/1228541262980710403
2026-07-26 17:12:12,100|line:346| Expecting value: line 1 column 1 (char 0)
2026-07-26 17:12:12,100|line:347| error line:319
2026-07-26 17:12:12,101|line:533| *#*#*#*#*#*#*#*#*#*原动态处理失败*#*#*#*#*#*#*#*#*#
2026-07-26 17:12:12,101|line:519| https://t.bilibili.com/1229024008683388935
2026-07-26 17:12:16,383|line:346| Expecting value: line 1 column 1 (char 0)
2026-07-26 17:12:16,384|line:347| error line:319
2026-07-26 17:12:16,384|line:533| *#*#*#*#*#*#*#*#*#*原动态处理失败*#*#*#*#*#*#*#*#*#
2026-07-26 17:12:16,385|line:519| https://t.bilibili.com/1229235505756897283
2026-07-26 17:12:19,676|line:346| Expecting value: line 1 column 1 (char 0)
2026-07-26 17:12:19,676|line:347| error line:319
2026-07-26 17:12:19,677|line:533| *#*#*#*#*#*#*#*#*#*原动态处理失败*#*#*#*#*#*#*#*#*#
2026-07-26 17:12:19,677|line:519| https://t.bilibili.com/1227457629840736276
2026-07-26 17:12:23,956|line:346| Expecting value: line 1 column 1 (char 0)
2026-07-26 17:12:23,956|line:347| error line:319
2026-07-26 17:12:23,957|line:533| *#*#*#*#*#*#*#*#*#*原动态处理失败*#*#*#*#*#*#*#*#*#
2026-07-26 17:12:23,957|line:519| https://t.bilibili.com/1227835803850244130
2026-07-26 17:12:27,224|line:346| Expecting value: line 1 column 1 (char 0)
2026-07-26 17:12:27,224|line:347| error line:319
2026-07-26 17:12:27,225|line:533| *#*#*#*#*#*#*#*#*#*原动态处理失败*#*#*#*#*#*#*#*#*#
2026-07-26 17:12:27,225|line:519| https://t.bilibili.com/1229285151314280456
2026-07-26 17:12:28,534|line:346| Expecting value: line 1 column 1 (char 0)
2026-07-26 17:12:28,535|line:347| error line:319
2026-07-26 17:12:28,535|line:533| *#*#*#*#*#*#*#*#*#*原动态处理失败*#*#*#*#*#*#*#*#*#
2026-07-26 17:12:28,536|line:519| https://t.bilibili.com/1229220387491938360
2026-07-26 17:12:29,803|line:346| Expecting value: line 1 column 1 (char 0)
2026-07-26 17:12:29,804|line:347| error line:319
2026-07-26 17:12:29,804|line:533| *#*#*#*#*#*#*#*#*#*原动态处理失败*#*#*#*#*#*#*#*#*#
2026-07-26 17:12:29,805|line:519| https://t.bilibili.com/1229254609765138465
2026-07-26 17:12:33,163|line:346| Expecting value: line 1 column 1 (char 0)
2026-07-26 17:12:33,163|line:347| error line:319
2026-07-26 17:12:33,164|line:533| *#*#*#*#*#*#*#*#*#*原动态处理失败*#*#*#*#*#*#*#*#*#
2026-07-26 17:12:33,164|line:519| https://t.bilibili.com/1228585705100279811
2026-07-26 17:12:37,465|line:346| Expecting value: line 1 column 1 (char 0)
2026-07-26 17:12:37,465|line:347| error line:319
2026-07-26 17:12:37,466|line:533| *#*#*#*#*#*#*#*#*#*原动态处理失败*#*#*#*#*#*#*#*#*#
2026-07-26 17:12:37,466|line:519| https://t.bilibili.com/1228996353393164310
2026-07-26 17:12:40,758|line:346| Expecting value: line 1 column 1 (char 0)
2026-07-26 17:12:40,758|line:347| error line:319
2026-07-26 17:12:40,759|line:533| *#*#*#*#*#*#*#*#*#*原动态处理失败*#*#*#*#*#*#*#*#*#
2026-07-26 17:12:40,759|line:519| https://t.bilibili.com/1228825364320485385
2026-07-26 17:12:43,057|line:346| Expecting value: line 1 column 1 (char 0)
2026-07-26 17:12:43,057|line:347| error line:319
2026-07-26 17:12:43,058|line:533| *#*#*#*#*#*#*#*#*#*原动态处理失败*#*#*#*#*#*#*#*#*#
2026-07-26 17:12:43,058|line:519| https://t.bilibili.com/1227775139579428864
2026-07-26 17:12:47,339|line:346| Expecting value: line 1 column 1 (char 0)
2026-07-26 17:12:47,340|line:347| error line:319
2026-07-26 17:12:47,341|line:533| *#*#*#*#*#*#*#*#*#*原动态处理失败*#*#*#*#*#*#*#*#*#
2026-07-26 17:12:47,341|line:519| https://t.bilibili.com/1228564253919674368
2026-07-26 17:12:48,651|line:346| Expecting value: line 1 column 1 (char 0)
2026-07-26 17:12:48,651|line:347| error line:319
2026-07-26 17:12:48,652|line:533| *#*#*#*#*#*#*#*#*#*原动态处理失败*#*#*#*#*#*#*#*#*#
2026-07-26 17:12:48,653|line:552| 执行结束
2026-07-26 17:12:48,653|line:556| 执行失败，错误数量为34
2026-07-26 17:12:48,653|line:558| ==================================================2026-07-27 01:12==================================================
2026-07-26 17:12:48,653|line:232| processing article 51824748
2026-07-26 17:12:52,912|line:507| ==================================================2026-07-27 01:12==================================================
2026-07-26 17:12:52,913|line:519| https://t.bilibili.com/1224894410511089704
2026-07-26 17:12:56,189|line:346| Expecting value: line 1 column 1 (char 0)
2026-07-26 17:12:56,190|line:347| error line:319
2026-07-26 17:12:56,190|line:533| *#*#*#*#*#*#*#*#*#*原动态处理失败*#*#*#*#*#*#*#*#*#
2026-07-26 17:12:56,191|line:519| https://t.bilibili.com/1224755189159821320
2026-07-26 17:12:57,493|line:346| Expecting value: line 1 column 1 (char 0)
2026-07-26 17:12:57,493|line:347| error line:319
2026-07-26 17:12:57,494|line:533| *#*#*#*#*#*#*#*#*#*原动态处理失败*#*#*#*#*#*#*#*#*#
2026-07-26 17:12:57,494|line:519| https://t.bilibili.com/1197473891906224131
2026-07-26 17:13:01,832|line:346| Expecting value: line 1 column 1 (char 0)
2026-07-26 17:13:01,833|line:347| error line:319
2026-07-26 17:13:01,833|line:533| *#*#*#*#*#*#*#*#*#*原动态处理失败*#*#*#*#*#*#*#*#*#
2026-07-26 17:13:01,834|line:519| https://t.bilibili.com/1221043774788993024
2026-07-26 17:13:05,140|line:346| Expecting value: line 1 column 1 (char 0)
2026-07-26 17:13:05,140|line:347| error line:319
2026-07-26 17:13:05,141|line:533| *#*#*#*#*#*#*#*#*#*原动态处理失败*#*#*#*#*#*#*#*#*#
2026-07-26 17:13:05,141|line:519| https://t.bilibili.com/1219970123148820488
2026-07-26 17:13:09,517|line:346| Expecting value: line 1 column 1 (char 0)
2026-07-26 17:13:09,517|line:347| error line:319
2026-07-26 17:13:09,518|line:533| *#*#*#*#*#*#*#*#*#*原动态处理失败*#*#*#*#*#*#*#*#*#
2026-07-26 17:13:09,518|line:519| https://t.bilibili.com/1223429805174685718
2026-07-26 17:13:11,878|line:346| Expecting value: line 1 column 1 (char 0)
2026-07-26 17:13:11,878|line:347| error line:319
2026-07-26 17:13:11,879|line:533| *#*#*#*#*#*#*#*#*#*原动态处理失败*#*#*#*#*#*#*#*#*#
2026-07-26 17:13:11,880|line:519| https://t.bilibili.com/1225985881976864776
2026-07-26 17:13:15,174|line:346| Expecting value: line 1 column 1 (char 0)
2026-07-26 17:13:15,174|line:347| error line:319
2026-07-26 17:13:15,175|line:533| *#*#*#*#*#*#*#*#*#*原动态处理失败*#*#*#*#*#*#*#*#*#
2026-07-26 17:13:15,175|line:519| https://t.bilibili.com/1224769358219182129
2026-07-26 17:13:18,482|line:346| Expecting value: line 1 column 1 (char 0)
2026-07-26 17:13:18,482|line:347| error line:319
2026-07-26 17:13:18,483|line:533| *#*#*#*#*#*#*#*#*#*原动态处理失败*#*#*#*#*#*#*#*#*#
2026-07-26 17:13:18,483|line:519| https://t.bilibili.com/1219993668134371348
2026-07-26 17:13:22,777|line:346| Expecting value: line 1 column 1 (char 0)
2026-07-26 17:13:22,777|line:347| error line:319
2026-07-26 17:13:22,778|line:533| *#*#*#*#*#*#*#*#*#*原动态处理失败*#*#*#*#*#*#*#*#*#
2026-07-26 17:13:22,779|line:519| https://t.bilibili.com/1223339975980875813
2026-07-26 17:13:27,170|line:346| Expecting value: line 1 column 1 (char 0)
2026-07-26 17:13:27,170|line:347| error line:319
2026-07-26 17:13:27,171|line:533| *#*#*#*#*#*#*#*#*#*原动态处理失败*#*#*#*#*#*#*#*#*#
2026-07-26 17:13:27,172|line:519| https://t.bilibili.com/1219784030784847894
2026-07-26 17:13:29,468|line:346| Expecting value: line 1 column 1 (char 0)
2026-07-26 17:13:29,468|line:347| error line:319
2026-07-26 17:13:29,469|line:533| *#*#*#*#*#*#*#*#*#*原动态处理失败*#*#*#*#*#*#*#*#*#
2026-07-26 17:13:29,469|line:519| https://t.bilibili.com/1219945401302384665
2026-07-26 17:13:33,802|line:346| Expecting value: line 1 column 1 (char 0)
2026-07-26 17:13:33,802|line:347| error line:319
2026-07-26 17:13:33,803|line:533| *#*#*#*#*#*#*#*#*#*原动态处理失败*#*#*#*#*#*#*#*#*#
2026-07-26 17:13:33,803|line:519| https://t.bilibili.com/1225881694629789705
2026-07-26 17:13:35,103|line:346| Expecting value: line 1 column 1 (char 0)
2026-07-26 17:13:35,103|line:347| error line:319
2026-07-26 17:13:35,104|line:533| *#*#*#*#*#*#*#*#*#*原动态处理失败*#*#*#*#*#*#*#*#*#
2026-07-26 17:13:35,104|line:519| https://t.bilibili.com/1218580726998368260
2026-07-26 17:13:37,400|line:346| Expecting value: line 1 column 1 (char 0)
2026-07-26 17:13:37,400|line:347| error line:319
2026-07-26 17:13:37,401|line:533| *#*#*#*#*#*#*#*#*#*原动态处理失败*#*#*#*#*#*#*#*#*#
2026-07-26 17:13:37,401|line:519| https://t.bilibili.com/1215845404077195271
2026-07-26 17:13:41,702|line:346| Expecting value: line 1 column 1 (char 0)
2026-07-26 17:13:41,702|line:347| error line:319
2026-07-26 17:13:41,703|line:533| *#*#*#*#*#*#*#*#*#*原动态处理失败*#*#*#*#*#*#*#*#*#
2026-07-26 17:13:41,703|line:519| https://t.bilibili.com/1224854467309993993
2026-07-26 17:13:46,012|line:346| Expecting value: line 1 column 1 (char 0)
2026-07-26 17:13:46,012|line:347| error line:319
2026-07-26 17:13:46,013|line:533| *#*#*#*#*#*#*#*#*#*原动态处理失败*#*#*#*#*#*#*#*#*#
2026-07-26 17:13:46,014|line:519| https://t.bilibili.com/1228547383251435522
2026-07-26 17:13:50,304|line:346| Expecting value: line 1 column 1 (char 0)
2026-07-26 17:13:50,305|line:347| error line:319
2026-07-26 17:13:50,305|line:533| *#*#*#*#*#*#*#*#*#*原动态处理失败*#*#*#*#*#*#*#*#*#
2026-07-26 17:13:50,306|line:519| https://t.bilibili.com/1217714006886711334
2026-07-26 17:13:53,626|line:346| Expecting value: line 1 column 1 (char 0)
2026-07-26 17:13:53,626|line:347| error line:319
2026-07-26 17:13:53,627|line:533| *#*#*#*#*#*#*#*#*#*原动态处理失败*#*#*#*#*#*#*#*#*#
2026-07-26 17:13:53,627|line:519| https://t.bilibili.com/1211750114045984819
2026-07-26 17:13:54,925|line:346| Expecting value: line 1 column 1 (char 0)
2026-07-26 17:13:54,925|line:347| error line:319
2026-07-26 17:13:54,926|line:533| *#*#*#*#*#*#*#*#*#*原动态处理失败*#*#*#*#*#*#*#*#*#
2026-07-26 17:13:54,926|line:519| https://t.bilibili.com/1225492742402998278
2026-07-26 17:13:58,213|line:346| Expecting value: line 1 column 1 (char 0)
2026-07-26 17:13:58,213|line:347| error line:319
2026-07-26 17:13:58,214|line:533| *#*#*#*#*#*#*#*#*#*原动态处理失败*#*#*#*#*#*#*#*#*#
2026-07-26 17:13:58,214|line:519| https://t.bilibili.com/1224548910473674760
2026-07-26 17:14:00,519|line:346| Expecting value: line 1 column 1 (char 0)
2026-07-26 17:14:00,519|line:347| error line:319
2026-07-26 17:14:00,520|line:533| *#*#*#*#*#*#*#*#*#*原动态处理失败*#*#*#*#*#*#*#*#*#
2026-07-26 17:14:00,520|line:519| https://t.bilibili.com/1224859909033558017
2026-07-26 17:14:04,903|line:346| Expecting value: line 1 column 1 (char 0)
2026-07-26 17:14:04,903|line:347| error line:319
2026-07-26 17:14:04,904|line:533| *#*#*#*#*#*#*#*#*#*原动态处理失败*#*#*#*#*#*#*#*#*#
2026-07-26 17:14:04,905|line:519| https://t.bilibili.com/1224855953407475717
2026-07-26 17:14:07,200|line:346| Expecting value: line 1 column 1 (char 0)
2026-07-26 17:14:07,200|line:347| error line:319
2026-07-26 17:14:07,201|line:533| *#*#*#*#*#*#*#*#*#*原动态处理失败*#*#*#*#*#*#*#*#*#
2026-07-26 17:14:07,201|line:519| https://t.bilibili.com/1219742601534504997
2026-07-26 17:14:10,513|line:346| Expecting value: line 1 column 1 (char 0)
2026-07-26 17:14:10,513|line:347| error line:319
2026-07-26 17:14:10,514|line:533| *#*#*#*#*#*#*#*#*#*原动态处理失败*#*#*#*#*#*#*#*#*#
2026-07-26 17:14:10,514|line:519| https://t.bilibili.com/1221539413961474056
2026-07-26 17:14:12,826|line:346| Expecting value: line 1 column 1 (char 0)
2026-07-26 17:14:12,827|line:347| error line:319
2026-07-26 17:14:12,828|line:533| *#*#*#*#*#*#*#*#*#*原动态处理失败*#*#*#*#*#*#*#*#*#
2026-07-26 17:14:12,828|line:519| https://t.bilibili.com/1218829062017908760
2026-07-26 17:14:16,099|line:346| Expecting value: line 1 column 1 (char 0)
2026-07-26 17:14:16,099|line:347| error line:319
2026-07-26 17:14:16,100|line:533| *#*#*#*#*#*#*#*#*#*原动态处理失败*#*#*#*#*#*#*#*#*#
2026-07-26 17:14:16,100|line:519| https://t.bilibili.com/1227720683673354245
2026-07-26 17:14:19,433|line:346| Expecting value: line 1 column 1 (char 0)
2026-07-26 17:14:19,433|line:347| error line:319
2026-07-26 17:14:19,434|line:533| *#*#*#*#*#*#*#*#*#*原动态处理失败*#*#*#*#*#*#*#*#*#
2026-07-26 17:14:19,434|line:519| https://t.bilibili.com/1225108475963506711
2026-07-26 17:14:21,700|line:346| Expecting value: line 1 column 1 (char 0)
2026-07-26 17:14:21,700|line:347| error line:319
2026-07-26 17:14:21,701|line:533| *#*#*#*#*#*#*#*#*#*原动态处理失败*#*#*#*#*#*#*#*#*#
2026-07-26 17:14:21,702|line:519| https://t.bilibili.com/1217848327710703625
2026-07-26 17:14:24,059|line:346| Expecting value: line 1 column 1 (char 0)
2026-07-26 17:14:24,059|line:347| error line:319
2026-07-26 17:14:24,060|line:533| *#*#*#*#*#*#*#*#*#*原动态处理失败*#*#*#*#*#*#*#*#*#
2026-07-26 17:14:24,060|line:519| https://t.bilibili.com/1219749065484402743
2026-07-26 17:14:25,358|line:346| Expecting value: line 1 column 1 (char 0)
2026-07-26 17:14:25,358|line:347| error line:319
2026-07-26 17:14:25,359|line:533| *#*#*#*#*#*#*#*#*#*原动态处理失败*#*#*#*#*#*#*#*#*#
2026-07-26 17:14:25,359|line:519| https://t.bilibili.com/1228178316724273160
2026-07-26 17:14:27,738|line:346| Expecting value: line 1 column 1 (char 0)
2026-07-26 17:14:27,739|line:347| error line:319
2026-07-26 17:14:27,739|line:533| *#*#*#*#*#*#*#*#*#*原动态处理失败*#*#*#*#*#*#*#*#*#
2026-07-26 17:14:27,740|line:519| https://t.bilibili.com/1228091060212727848
2026-07-26 17:14:30,012|line:346| Expecting value: line 1 column 1 (char 0)
2026-07-26 17:14:30,013|line:347| error line:319
2026-07-26 17:14:30,014|line:533| *#*#*#*#*#*#*#*#*#*原动态处理失败*#*#*#*#*#*#*#*#*#
2026-07-26 17:14:30,014|line:519| https://t.bilibili.com/1219660468877000787
2026-07-26 17:14:31,309|line:346| Expecting value: line 1 column 1 (char 0)
2026-07-26 17:14:31,309|line:347| error line:319
2026-07-26 17:14:31,310|line:533| *#*#*#*#*#*#*#*#*#*原动态处理失败*#*#*#*#*#*#*#*#*#
2026-07-26 17:14:31,310|line:519| https://t.bilibili.com/1228592858421788680
2026-07-26 17:14:32,663|line:346| Expecting value: line 1 column 1 (char 0)
2026-07-26 17:14:32,664|line:347| error line:319
2026-07-26 17:14:32,664|line:533| *#*#*#*#*#*#*#*#*#*原动态处理失败*#*#*#*#*#*#*#*#*#
2026-07-26 17:14:32,665|line:519| https://t.bilibili.com/1207678622520836102
2026-07-26 17:14:36,931|line:346| Expecting value: line 1 column 1 (char 0)
2026-07-26 17:14:36,931|line:347| error line:319
2026-07-26 17:14:36,932|line:533| *#*#*#*#*#*#*#*#*#*原动态处理失败*#*#*#*#*#*#*#*#*#
2026-07-26 17:14:36,932|line:519| https://t.bilibili.com/1225602319919349764
2026-07-26 17:14:41,197|line:346| Expecting value: line 1 column 1 (char 0)
2026-07-26 17:14:41,197|line:347| error line:319
2026-07-26 17:14:41,198|line:533| *#*#*#*#*#*#*#*#*#*原动态处理失败*#*#*#*#*#*#*#*#*#
2026-07-26 17:14:41,198|line:519| https://t.bilibili.com/1228841365230583826
2026-07-26 17:14:44,493|line:346| Expecting value: line 1 column 1 (char 0)
2026-07-26 17:14:44,493|line:347| error line:319
2026-07-26 17:14:44,494|line:533| *#*#*#*#*#*#*#*#*#*原动态处理失败*#*#*#*#*#*#*#*#*#
2026-07-26 17:14:44,494|line:519| https://t.bilibili.com/1228078024954478611
2026-07-26 17:14:47,778|line:346| Expecting value: line 1 column 1 (char 0)
2026-07-26 17:14:47,778|line:347| error line:319
2026-07-26 17:14:47,779|line:533| *#*#*#*#*#*#*#*#*#*原动态处理失败*#*#*#*#*#*#*#*#*#
2026-07-26 17:14:47,779|line:519| https://t.bilibili.com/1219368853513961488
2026-07-26 17:14:51,055|line:346| Expecting value: line 1 column 1 (char 0)
2026-07-26 17:14:51,055|line:347| error line:319
2026-07-26 17:14:51,056|line:533| *#*#*#*#*#*#*#*#*#*原动态处理失败*#*#*#*#*#*#*#*#*#
2026-07-26 17:14:51,057|line:519| https://t.bilibili.com/1207430764236374023
2026-07-26 17:14:52,356|line:346| Expecting value: line 1 column 1 (char 0)
2026-07-26 17:14:52,357|line:347| error line:319
2026-07-26 17:14:52,357|line:533| *#*#*#*#*#*#*#*#*#*原动态处理失败*#*#*#*#*#*#*#*#*#
2026-07-26 17:14:52,358|line:519| https://t.bilibili.com/1208795992648843271
2026-07-26 17:14:55,628|line:346| Expecting value: line 1 column 1 (char 0)
2026-07-26 17:14:55,628|line:347| error line:319
2026-07-26 17:14:55,629|line:533| *#*#*#*#*#*#*#*#*#*原动态处理失败*#*#*#*#*#*#*#*#*#
2026-07-26 17:14:55,629|line:519| https://t.bilibili.com/1218610160414490645
2026-07-26 17:14:59,895|line:346| Expecting value: line 1 column 1 (char 0)
2026-07-26 17:14:59,895|line:347| error line:319
2026-07-26 17:14:59,896|line:533| *#*#*#*#*#*#*#*#*#*原动态处理失败*#*#*#*#*#*#*#*#*#
2026-07-26 17:14:59,896|line:519| https://t.bilibili.com/1219954300492447763
2026-07-26 17:15:01,249|line:346| Expecting value: line 1 column 1 (char 0)
2026-07-26 17:15:01,250|line:347| error line:319
2026-07-26 17:15:01,250|line:533| *#*#*#*#*#*#*#*#*#*原动态处理失败*#*#*#*#*#*#*#*#*#
2026-07-26 17:15:01,251|line:519| https://t.bilibili.com/1208439072272416791
2026-07-26 17:15:05,534|line:346| Expecting value: line 1 column 1 (char 0)
2026-07-26 17:15:05,534|line:347| error line:319
2026-07-26 17:15:05,535|line:533| *#*#*#*#*#*#*#*#*#*原动态处理失败*#*#*#*#*#*#*#*#*#
2026-07-26 17:15:05,535|line:519| https://t.bilibili.com/1218805800421556225
2026-07-26 17:15:07,838|line:346| Expecting value: line 1 column 1 (char 0)
2026-07-26 17:15:07,838|line:347| error line:319
2026-07-26 17:15:07,839|line:533| *#*#*#*#*#*#*#*#*#*原动态处理失败*#*#*#*#*#*#*#*#*#
2026-07-26 17:15:07,839|line:519| https://t.bilibili.com/1211496839868579846
2026-07-26 17:15:10,212|line:346| Expecting value: line 1 column 1 (char 0)
2026-07-26 17:15:10,212|line:347| error line:319
2026-07-26 17:15:10,213|line:533| *#*#*#*#*#*#*#*#*#*原动态处理失败*#*#*#*#*#*#*#*#*#
2026-07-26 17:15:10,213|line:519| https://t.bilibili.com/1219954983377567749
2026-07-26 17:15:14,507|line:346| Expecting value: line 1 column 1 (char 0)
2026-07-26 17:15:14,508|line:347| error line:319
2026-07-26 17:15:14,508|line:533| *#*#*#*#*#*#*#*#*#*原动态处理失败*#*#*#*#*#*#*#*#*#
2026-07-26 17:15:14,509|line:519| https://t.bilibili.com/1216318103883874352
2026-07-26 17:15:18,774|line:346| Expecting value: line 1 column 1 (char 0)
2026-07-26 17:15:18,774|line:347| error line:319
2026-07-26 17:15:18,775|line:533| *#*#*#*#*#*#*#*#*#*原动态处理失败*#*#*#*#*#*#*#*#*#
2026-07-26 17:15:18,775|line:519| https://t.bilibili.com/1218087097825493047
2026-07-26 17:15:23,044|line:346| Expecting value: line 1 column 1 (char 0)
2026-07-26 17:15:23,045|line:347| error line:319
2026-07-26 17:15:23,045|line:533| *#*#*#*#*#*#*#*#*#*原动态处理失败*#*#*#*#*#*#*#*#*#
2026-07-26 17:15:23,046|line:552| 执行结束
2026-07-26 17:15:23,046|line:556| 执行失败，错误数量为49
2026-07-26 17:15:23,046|line:558| ==================================================2026-07-27 01:15==================================================
2026-07-26 17:15:23,046|line:232| processing article 51824657
2026-07-26 17:15:27,416|line:507| ==================================================2026-07-27 01:15==================================================
2026-07-26 17:15:27,416|line:519| https://t.bilibili.com/1228487086227587079
2026-07-26 17:15:29,805|line:346| Expecting value: line 1 column 1 (char 0)
2026-07-26 17:15:29,806|line:347| error line:319
2026-07-26 17:15:29,806|line:533| *#*#*#*#*#*#*#*#*#*原动态处理失败*#*#*#*#*#*#*#*#*#
2026-07-26 17:15:29,807|line:519| https://t.bilibili.com/1228584191162056725
2026-07-26 17:15:33,133|line:346| Expecting value: line 1 column 1 (char 0)
2026-07-26 17:15:33,133|line:347| error line:319
2026-07-26 17:15:33,134|line:533| *#*#*#*#*#*#*#*#*#*原动态处理失败*#*#*#*#*#*#*#*#*#
2026-07-26 17:15:33,134|line:519| https://t.bilibili.com/1219970123148820488
2026-07-26 17:15:36,427|line:346| Expecting value: line 1 column 1 (char 0)
2026-07-26 17:15:36,428|line:347| error line:319
2026-07-26 17:15:36,428|line:533| *#*#*#*#*#*#*#*#*#*原动态处理失败*#*#*#*#*#*#*#*#*#
2026-07-26 17:15:36,429|line:519| https://t.bilibili.com/1221043774788993024
2026-07-26 17:15:39,729|line:346| Expecting value: line 1 column 1 (char 0)
2026-07-26 17:15:39,729|line:347| error line:319
2026-07-26 17:15:39,730|line:533| *#*#*#*#*#*#*#*#*#*原动态处理失败*#*#*#*#*#*#*#*#*#
2026-07-26 17:15:39,730|line:519| https://t.bilibili.com/1228556943867510787
2026-07-26 17:15:41,030|line:346| Expecting value: line 1 column 1 (char 0)
2026-07-26 17:15:41,031|line:347| error line:319
2026-07-26 17:15:41,031|line:533| *#*#*#*#*#*#*#*#*#*原动态处理失败*#*#*#*#*#*#*#*#*#
2026-07-26 17:15:41,032|line:519| https://t.bilibili.com/1223429805174685718
2026-07-26 17:15:45,327|line:346| Expecting value: line 1 column 1 (char 0)
2026-07-26 17:15:45,327|line:347| error line:319
2026-07-26 17:15:45,328|line:533| *#*#*#*#*#*#*#*#*#*原动态处理失败*#*#*#*#*#*#*#*#*#
2026-07-26 17:15:45,328|line:519| https://t.bilibili.com/1220684741239373881
2026-07-26 17:15:49,631|line:346| Expecting value: line 1 column 1 (char 0)
2026-07-26 17:15:49,631|line:347| error line:319
2026-07-26 17:15:49,632|line:533| *#*#*#*#*#*#*#*#*#*原动态处理失败*#*#*#*#*#*#*#*#*#
2026-07-26 17:15:49,632|line:519| https://t.bilibili.com/1224769358219182129
2026-07-26 17:15:50,916|line:346| Expecting value: line 1 column 1 (char 0)
2026-07-26 17:15:50,916|line:347| error line:319
2026-07-26 17:15:50,917|line:533| *#*#*#*#*#*#*#*#*#*原动态处理失败*#*#*#*#*#*#*#*#*#
2026-07-26 17:15:50,918|line:519| https://t.bilibili.com/1228555079832829974
2026-07-26 17:15:55,208|line:346| Expecting value: line 1 column 1 (char 0)
2026-07-26 17:15:55,208|line:347| error line:319
2026-07-26 17:15:55,209|line:533| *#*#*#*#*#*#*#*#*#*原动态处理失败*#*#*#*#*#*#*#*#*#
2026-07-26 17:15:55,209|line:519| https://t.bilibili.com/1225622927160901687
2026-07-26 17:15:59,513|line:346| Expecting value: line 1 column 1 (char 0)
2026-07-26 17:15:59,513|line:347| error line:319
2026-07-26 17:15:59,514|line:533| *#*#*#*#*#*#*#*#*#*原动态处理失败*#*#*#*#*#*#*#*#*#
2026-07-26 17:15:59,514|line:519| https://t.bilibili.com/1219993668134371348
2026-07-26 17:16:03,784|line:346| Expecting value: line 1 column 1 (char 0)
2026-07-26 17:16:03,784|line:347| error line:319
2026-07-26 17:16:03,785|line:533| *#*#*#*#*#*#*#*#*#*原动态处理失败*#*#*#*#*#*#*#*#*#
2026-07-26 17:16:03,785|line:519| https://t.bilibili.com/1223648964470898688
2026-07-26 17:16:05,084|line:346| Expecting value: line 1 column 1 (char 0)
2026-07-26 17:16:05,084|line:347| error line:319
2026-07-26 17:16:05,085|line:533| *#*#*#*#*#*#*#*#*#*原动态处理失败*#*#*#*#*#*#*#*#*#
2026-07-26 17:16:05,085|line:519| https://t.bilibili.com/1223339975980875813
2026-07-26 17:16:06,564|line:346| Expecting value: line 1 column 1 (char 0)
2026-07-26 17:16:06,564|line:347| error line:319
2026-07-26 17:16:06,565|line:533| *#*#*#*#*#*#*#*#*#*原动态处理失败*#*#*#*#*#*#*#*#*#
2026-07-26 17:16:06,565|line:519| https://t.bilibili.com/1219784030784847894
2026-07-26 17:16:07,891|line:346| Expecting value: line 1 column 1 (char 0)
2026-07-26 17:16:07,891|line:347| error line:319
2026-07-26 17:16:07,892|line:533| *#*#*#*#*#*#*#*#*#*原动态处理失败*#*#*#*#*#*#*#*#*#
2026-07-26 17:16:07,892|line:519| https://t.bilibili.com/1219945401302384665
2026-07-26 17:16:10,213|line:346| Expecting value: line 1 column 1 (char 0)
2026-07-26 17:16:10,214|line:347| error line:319
2026-07-26 17:16:10,215|line:533| *#*#*#*#*#*#*#*#*#*原动态处理失败*#*#*#*#*#*#*#*#*#
2026-07-26 17:16:10,215|line:519| https://t.bilibili.com/1215845404077195271
2026-07-26 17:16:11,524|line:346| Expecting value: line 1 column 1 (char 0)
2026-07-26 17:16:11,524|line:347| error line:319
2026-07-26 17:16:11,525|line:533| *#*#*#*#*#*#*#*#*#*原动态处理失败*#*#*#*#*#*#*#*#*#
2026-07-26 17:16:11,526|line:519| https://t.bilibili.com/1228443311925100567
2026-07-26 17:16:13,819|line:346| Expecting value: line 1 column 1 (char 0)
2026-07-26 17:16:13,819|line:347| error line:319
2026-07-26 17:16:13,820|line:533| *#*#*#*#*#*#*#*#*#*原动态处理失败*#*#*#*#*#*#*#*#*#
2026-07-26 17:16:13,820|line:519| https://t.bilibili.com/1224854467309993993
2026-07-26 17:16:17,084|line:346| Expecting value: line 1 column 1 (char 0)
2026-07-26 17:16:17,084|line:347| error line:319
2026-07-26 17:16:17,085|line:533| *#*#*#*#*#*#*#*#*#*原动态处理失败*#*#*#*#*#*#*#*#*#
2026-07-26 17:16:17,085|line:519| https://t.bilibili.com/1228554817895399429
2026-07-26 17:16:18,376|line:346| Expecting value: line 1 column 1 (char 0)
2026-07-26 17:16:18,376|line:347| error line:319
2026-07-26 17:16:18,377|line:533| *#*#*#*#*#*#*#*#*#*原动态处理失败*#*#*#*#*#*#*#*#*#
2026-07-26 17:16:18,378|line:519| https://t.bilibili.com/1228964536274386984
2026-07-26 17:16:19,678|line:346| Expecting value: line 1 column 1 (char 0)
2026-07-26 17:16:19,678|line:347| error line:319
2026-07-26 17:16:19,679|line:533| *#*#*#*#*#*#*#*#*#*原动态处理失败*#*#*#*#*#*#*#*#*#
2026-07-26 17:16:19,679|line:519| https://t.bilibili.com/1228481481292120065
2026-07-26 17:16:20,983|line:346| Expecting value: line 1 column 1 (char 0)
2026-07-26 17:16:20,983|line:347| error line:319
2026-07-26 17:16:20,984|line:533| *#*#*#*#*#*#*#*#*#*原动态处理失败*#*#*#*#*#*#*#*#*#
2026-07-26 17:16:20,984|line:519| https://t.bilibili.com/1229219442604376065
2026-07-26 17:16:24,257|line:346| Expecting value: line 1 column 1 (char 0)
2026-07-26 17:16:24,257|line:347| error line:319
2026-07-26 17:16:24,258|line:533| *#*#*#*#*#*#*#*#*#*原动态处理失败*#*#*#*#*#*#*#*#*#
2026-07-26 17:16:24,258|line:519| https://t.bilibili.com/1224855953407475717
2026-07-26 17:16:27,553|line:346| Expecting value: line 1 column 1 (char 0)
2026-07-26 17:16:27,554|line:347| error line:319
2026-07-26 17:16:27,554|line:533| *#*#*#*#*#*#*#*#*#*原动态处理失败*#*#*#*#*#*#*#*#*#
2026-07-26 17:16:27,555|line:519| https://t.bilibili.com/1219742601534504997
2026-07-26 17:16:28,871|line:346| Expecting value: line 1 column 1 (char 0)
2026-07-26 17:16:28,872|line:347| error line:319
2026-07-26 17:16:28,873|line:533| *#*#*#*#*#*#*#*#*#*原动态处理失败*#*#*#*#*#*#*#*#*#
2026-07-26 17:16:28,873|line:519| https://t.bilibili.com/1227804160643039264
2026-07-26 17:16:33,230|line:346| Expecting value: line 1 column 1 (char 0)
2026-07-26 17:16:33,231|line:347| error line:319
2026-07-26 17:16:33,231|line:533| *#*#*#*#*#*#*#*#*#*原动态处理失败*#*#*#*#*#*#*#*#*#
2026-07-26 17:16:33,232|line:519| https://t.bilibili.com/1228925799961198595
2026-07-26 17:16:34,536|line:346| Expecting value: line 1 column 1 (char 0)
2026-07-26 17:16:34,537|line:347| error line:319
2026-07-26 17:16:34,537|line:533| *#*#*#*#*#*#*#*#*#*原动态处理失败*#*#*#*#*#*#*#*#*#
2026-07-26 17:16:34,539|line:519| https://t.bilibili.com/1218829062017908760
2026-07-26 17:16:36,849|line:346| Expecting value: line 1 column 1 (char 0)
2026-07-26 17:16:36,850|line:347| error line:319
2026-07-26 17:16:36,850|line:533| *#*#*#*#*#*#*#*#*#*原动态处理失败*#*#*#*#*#*#*#*#*#
2026-07-26 17:16:36,851|line:519| https://t.bilibili.com/1228916174933196840
2026-07-26 17:16:38,218|line:346| Expecting value: line 1 column 1 (char 0)
2026-07-26 17:16:38,218|line:347| error line:319
2026-07-26 17:16:38,219|line:533| *#*#*#*#*#*#*#*#*#*原动态处理失败*#*#*#*#*#*#*#*#*#
2026-07-26 17:16:38,219|line:519| https://t.bilibili.com/1228172445537533954
2026-07-26 17:16:41,518|line:346| Expecting value: line 1 column 1 (char 0)
2026-07-26 17:16:41,518|line:347| error line:319
2026-07-26 17:16:41,519|line:533| *#*#*#*#*#*#*#*#*#*原动态处理失败*#*#*#*#*#*#*#*#*#
2026-07-26 17:16:41,519|line:519| https://t.bilibili.com/1227734423256956930
2026-07-26 17:16:45,951|line:346| Expecting value: line 1 column 1 (char 0)
2026-07-26 17:16:45,951|line:347| error line:319
2026-07-26 17:16:45,952|line:533| *#*#*#*#*#*#*#*#*#*原动态处理失败*#*#*#*#*#*#*#*#*#
2026-07-26 17:16:45,953|line:519| https://t.bilibili.com/1225108475963506711
2026-07-26 17:16:49,220|line:346| Expecting value: line 1 column 1 (char 0)
2026-07-26 17:16:49,220|line:347| error line:319
2026-07-26 17:16:49,221|line:533| *#*#*#*#*#*#*#*#*#*原动态处理失败*#*#*#*#*#*#*#*#*#
2026-07-26 17:16:49,221|line:519| https://t.bilibili.com/1225864454670909554
2026-07-26 17:16:51,493|line:346| Expecting value: line 1 column 1 (char 0)
2026-07-26 17:16:51,493|line:347| error line:319
2026-07-26 17:16:51,494|line:533| *#*#*#*#*#*#*#*#*#*原动态处理失败*#*#*#*#*#*#*#*#*#
2026-07-26 17:16:51,494|line:519| https://t.bilibili.com/1228091060212727848
2026-07-26 17:16:52,810|line:346| Expecting value: line 1 column 1 (char 0)
2026-07-26 17:16:52,810|line:347| error line:319
2026-07-26 17:16:52,811|line:533| *#*#*#*#*#*#*#*#*#*原动态处理失败*#*#*#*#*#*#*#*#*#
2026-07-26 17:16:52,811|line:519| https://t.bilibili.com/1219660468877000787
2026-07-26 17:16:54,112|line:346| Expecting value: line 1 column 1 (char 0)
2026-07-26 17:16:54,112|line:347| error line:319
2026-07-26 17:16:54,113|line:533| *#*#*#*#*#*#*#*#*#*原动态处理失败*#*#*#*#*#*#*#*#*#
2026-07-26 17:16:54,114|line:519| https://t.bilibili.com/1228592858421788680
2026-07-26 17:16:55,438|line:346| Expecting value: line 1 column 1 (char 0)
2026-07-26 17:16:55,438|line:347| error line:319
2026-07-26 17:16:55,439|line:533| *#*#*#*#*#*#*#*#*#*原动态处理失败*#*#*#*#*#*#*#*#*#
2026-07-26 17:16:55,439|line:519| https://t.bilibili.com/1225602319919349764
2026-07-26 17:16:56,745|line:346| Expecting value: line 1 column 1 (char 0)
2026-07-26 17:16:56,745|line:347| error line:319
2026-07-26 17:16:56,746|line:533| *#*#*#*#*#*#*#*#*#*原动态处理失败*#*#*#*#*#*#*#*#*#
2026-07-26 17:16:56,746|line:519| https://t.bilibili.com/1222615530960060438
2026-07-26 17:16:59,062|line:346| Expecting value: line 1 column 1 (char 0)
2026-07-26 17:16:59,062|line:347| error line:319
2026-07-26 17:16:59,063|line:533| *#*#*#*#*#*#*#*#*#*原动态处理失败*#*#*#*#*#*#*#*#*#
2026-07-26 17:16:59,063|line:519| https://t.bilibili.com/1228545832775581704
2026-07-26 17:17:03,413|line:346| Expecting value: line 1 column 1 (char 0)
2026-07-26 17:17:03,413|line:347| error line:319
2026-07-26 17:17:03,414|line:533| *#*#*#*#*#*#*#*#*#*原动态处理失败*#*#*#*#*#*#*#*#*#
2026-07-26 17:17:03,414|line:519| https://t.bilibili.com/1226328289624195080
2026-07-26 17:17:05,693|line:346| Expecting value: line 1 column 1 (char 0)
2026-07-26 17:17:05,693|line:347| error line:319
2026-07-26 17:17:05,694|line:533| *#*#*#*#*#*#*#*#*#*原动态处理失败*#*#*#*#*#*#*#*#*#
2026-07-26 17:17:05,694|line:519| https://t.bilibili.com/1228477590063284262
2026-07-26 17:17:07,049|line:346| Expecting value: line 1 column 1 (char 0)
2026-07-26 17:17:07,049|line:347| error line:319
2026-07-26 17:17:07,050|line:533| *#*#*#*#*#*#*#*#*#*原动态处理失败*#*#*#*#*#*#*#*#*#
2026-07-26 17:17:07,050|line:519| https://t.bilibili.com/1224863168906395668
2026-07-26 17:17:11,422|line:346| Expecting value: line 1 column 1 (char 0)
2026-07-26 17:17:11,422|line:347| error line:319
2026-07-26 17:17:11,423|line:533| *#*#*#*#*#*#*#*#*#*原动态处理失败*#*#*#*#*#*#*#*#*#
2026-07-26 17:17:11,423|line:519| https://t.bilibili.com/1225122391664885783
2026-07-26 17:17:14,691|line:346| Expecting value: line 1 column 1 (char 0)
2026-07-26 17:17:14,691|line:347| error line:319
2026-07-26 17:17:14,692|line:533| *#*#*#*#*#*#*#*#*#*原动态处理失败*#*#*#*#*#*#*#*#*#
2026-07-26 17:17:14,692|line:519| https://t.bilibili.com/1208795992648843271
2026-07-26 17:17:17,044|line:346| Expecting value: line 1 column 1 (char 0)
2026-07-26 17:17:17,044|line:347| error line:319
2026-07-26 17:17:17,045|line:533| *#*#*#*#*#*#*#*#*#*原动态处理失败*#*#*#*#*#*#*#*#*#
2026-07-26 17:17:17,045|line:519| https://t.bilibili.com/1228556926705467417
2026-07-26 17:17:21,334|line:346| Expecting value: line 1 column 1 (char 0)
2026-07-26 17:17:21,334|line:347| error line:319
2026-07-26 17:17:21,335|line:533| *#*#*#*#*#*#*#*#*#*原动态处理失败*#*#*#*#*#*#*#*#*#
2026-07-26 17:17:21,335|line:519| https://t.bilibili.com/1224135193432948757
2026-07-26 17:17:23,649|line:346| Expecting value: line 1 column 1 (char 0)
2026-07-26 17:17:23,649|line:347| error line:319
2026-07-26 17:17:23,650|line:533| *#*#*#*#*#*#*#*#*#*原动态处理失败*#*#*#*#*#*#*#*#*#
2026-07-26 17:17:23,650|line:519| https://t.bilibili.com/1219954300492447763
2026-07-26 17:17:27,962|line:346| Expecting value: line 1 column 1 (char 0)
2026-07-26 17:17:27,962|line:347| error line:319
2026-07-26 17:17:27,963|line:533| *#*#*#*#*#*#*#*#*#*原动态处理失败*#*#*#*#*#*#*#*#*#
2026-07-26 17:17:27,963|line:519| https://t.bilibili.com/1223075204085841928
2026-07-26 17:17:30,320|line:346| Expecting value: line 1 column 1 (char 0)
2026-07-26 17:17:30,320|line:347| error line:319
2026-07-26 17:17:30,321|line:533| *#*#*#*#*#*#*#*#*#*原动态处理失败*#*#*#*#*#*#*#*#*#
2026-07-26 17:17:30,321|line:519| https://t.bilibili.com/1218805800421556225
2026-07-26 17:17:33,652|line:346| Expecting value: line 1 column 1 (char 0)
2026-07-26 17:17:33,652|line:347| error line:319
2026-07-26 17:17:33,653|line:533| *#*#*#*#*#*#*#*#*#*原动态处理失败*#*#*#*#*#*#*#*#*#
2026-07-26 17:17:33,654|line:519| https://t.bilibili.com/1211496839868579846
2026-07-26 17:17:37,922|line:346| Expecting value: line 1 column 1 (char 0)
2026-07-26 17:17:37,922|line:347| error line:319
2026-07-26 17:17:37,923|line:533| *#*#*#*#*#*#*#*#*#*原动态处理失败*#*#*#*#*#*#*#*#*#
2026-07-26 17:17:37,923|line:519| https://t.bilibili.com/1217344991888670832
2026-07-26 17:17:40,232|line:346| Expecting value: line 1 column 1 (char 0)
2026-07-26 17:17:40,233|line:347| error line:319
2026-07-26 17:17:40,233|line:533| *#*#*#*#*#*#*#*#*#*原动态处理失败*#*#*#*#*#*#*#*#*#
2026-07-26 17:17:40,234|line:519| https://t.bilibili.com/1219954983377567749
2026-07-26 17:17:42,588|line:346| Expecting value: line 1 column 1 (char 0)
2026-07-26 17:17:42,588|line:347| error line:319
2026-07-26 17:17:42,589|line:533| *#*#*#*#*#*#*#*#*#*原动态处理失败*#*#*#*#*#*#*#*#*#
2026-07-26 17:17:42,589|line:519| https://t.bilibili.com/1216318103883874352
2026-07-26 17:17:43,887|line:346| Expecting value: line 1 column 1 (char 0)
2026-07-26 17:17:43,887|line:347| error line:319
2026-07-26 17:17:43,888|line:533| *#*#*#*#*#*#*#*#*#*原动态处理失败*#*#*#*#*#*#*#*#*#
2026-07-26 17:17:43,888|line:519| https://t.bilibili.com/1228577997823410211
2026-07-26 17:17:46,229|line:346| Expecting value: line 1 column 1 (char 0)
2026-07-26 17:17:46,230|line:347| error line:319
2026-07-26 17:17:46,230|line:533| *#*#*#*#*#*#*#*#*#*原动态处理失败*#*#*#*#*#*#*#*#*#
2026-07-26 17:17:46,231|line:519| https://t.bilibili.com/1218458225942200387
2026-07-26 17:17:47,515|line:346| Expecting value: line 1 column 1 (char 0)
2026-07-26 17:17:47,515|line:347| error line:319
2026-07-26 17:17:47,516|line:533| *#*#*#*#*#*#*#*#*#*原动态处理失败*#*#*#*#*#*#*#*#*#
2026-07-26 17:17:47,517|line:519| https://t.bilibili.com/1218087097825493047
2026-07-26 17:17:49,795|line:346| Expecting value: line 1 column 1 (char 0)
2026-07-26 17:17:49,795|line:347| error line:319
2026-07-26 17:17:49,796|line:533| *#*#*#*#*#*#*#*#*#*原动态处理失败*#*#*#*#*#*#*#*#*#
2026-07-26 17:17:49,796|line:552| 执行结束
2026-07-26 17:17:49,796|line:556| 执行失败，错误数量为55
2026-07-26 17:17:49,796|line:558| ==================================================2026-07-27 01:17==================================================
2026-07-26 17:17:49,796|line:232| processing article 51809079
2026-07-26 17:17:53,472|line:507| ==================================================2026-07-27 01:17==================================================
2026-07-26 17:17:53,473|line:232| processing article 51806285
2026-07-26 17:17:57,080|line:507| ==================================================2026-07-27 01:17==================================================
2026-07-26 17:17:57,080|line:232| processing article 51801787
2026-07-26 17:18:01,169|line:507| ==================================================2026-07-27 01:18==================================================
2026-07-26 17:18:01,169|line:519| https://t.bilibili.com/1223416967562526738
2026-07-26 17:18:05,450|line:346| Expecting value: line 1 column 1 (char 0)
2026-07-26 17:18:05,451|line:347| error line:319
2026-07-26 17:18:05,452|line:533| *#*#*#*#*#*#*#*#*#*原动态处理失败*#*#*#*#*#*#*#*#*#
2026-07-26 17:18:05,452|line:519| https://t.bilibili.com/1224894410511089704
2026-07-26 17:18:08,740|line:346| Expecting value: line 1 column 1 (char 0)
2026-07-26 17:18:08,740|line:347| error line:319
2026-07-26 17:18:08,741|line:533| *#*#*#*#*#*#*#*#*#*原动态处理失败*#*#*#*#*#*#*#*#*#
2026-07-26 17:18:08,741|line:519| https://t.bilibili.com/1224755189159821320
2026-07-26 17:18:11,034|line:346| Expecting value: line 1 column 1 (char 0)
2026-07-26 17:18:11,034|line:347| error line:319
2026-07-26 17:18:11,035|line:533| *#*#*#*#*#*#*#*#*#*原动态处理失败*#*#*#*#*#*#*#*#*#
2026-07-26 17:18:11,035|line:519| https://t.bilibili.com/1197473891906224131
2026-07-26 17:18:14,319|line:346| Expecting value: line 1 column 1 (char 0)
2026-07-26 17:18:14,319|line:347| error line:319
2026-07-26 17:18:14,320|line:533| *#*#*#*#*#*#*#*#*#*原动态处理失败*#*#*#*#*#*#*#*#*#
2026-07-26 17:18:14,321|line:519| https://t.bilibili.com/1225985881976864776
2026-07-26 17:18:15,637|line:346| Expecting value: line 1 column 1 (char 0)
2026-07-26 17:18:15,637|line:347| error line:319
2026-07-26 17:18:15,638|line:533| *#*#*#*#*#*#*#*#*#*原动态处理失败*#*#*#*#*#*#*#*#*#
2026-07-26 17:18:15,638|line:519| https://t.bilibili.com/1225881694629789705
2026-07-26 17:18:16,946|line:346| Expecting value: line 1 column 1 (char 0)
2026-07-26 17:18:16,946|line:347| error line:319
2026-07-26 17:18:16,947|line:533| *#*#*#*#*#*#*#*#*#*原动态处理失败*#*#*#*#*#*#*#*#*#
2026-07-26 17:18:16,947|line:519| https://t.bilibili.com/1218580726998368260
2026-07-26 17:18:20,259|line:346| Expecting value: line 1 column 1 (char 0)
2026-07-26 17:18:20,259|line:347| error line:319
2026-07-26 17:18:20,260|line:533| *#*#*#*#*#*#*#*#*#*原动态处理失败*#*#*#*#*#*#*#*#*#
2026-07-26 17:18:20,261|line:519| https://t.bilibili.com/1224854467309993993
2026-07-26 17:18:22,556|line:346| Expecting value: line 1 column 1 (char 0)
2026-07-26 17:18:22,556|line:347| error line:319
2026-07-26 17:18:22,557|line:533| *#*#*#*#*#*#*#*#*#*原动态处理失败*#*#*#*#*#*#*#*#*#
2026-07-26 17:18:22,558|line:519| https://t.bilibili.com/1224389382470893576
2026-07-26 17:18:24,885|line:346| Expecting value: line 1 column 1 (char 0)
2026-07-26 17:18:24,885|line:347| error line:319
2026-07-26 17:18:24,886|line:533| *#*#*#*#*#*#*#*#*#*原动态处理失败*#*#*#*#*#*#*#*#*#
2026-07-26 17:18:24,886|line:519| https://t.bilibili.com/1217714006886711334
2026-07-26 17:18:29,193|line:346| Expecting value: line 1 column 1 (char 0)
2026-07-26 17:18:29,193|line:347| error line:319
2026-07-26 17:18:29,194|line:533| *#*#*#*#*#*#*#*#*#*原动态处理失败*#*#*#*#*#*#*#*#*#
2026-07-26 17:18:29,194|line:519| https://t.bilibili.com/1228547383251435522
2026-07-26 17:18:31,494|line:346| Expecting value: line 1 column 1 (char 0)
2026-07-26 17:18:31,494|line:347| error line:319
2026-07-26 17:18:31,495|line:533| *#*#*#*#*#*#*#*#*#*原动态处理失败*#*#*#*#*#*#*#*#*#
2026-07-26 17:18:31,495|line:519| https://t.bilibili.com/1211750114045984819
2026-07-26 17:18:32,812|line:346| Expecting value: line 1 column 1 (char 0)
2026-07-26 17:18:32,812|line:347| error line:319
2026-07-26 17:18:32,813|line:533| *#*#*#*#*#*#*#*#*#*原动态处理失败*#*#*#*#*#*#*#*#*#
2026-07-26 17:18:32,813|line:519| https://t.bilibili.com/1225492742402998278
2026-07-26 17:18:35,134|line:346| Expecting value: line 1 column 1 (char 0)
2026-07-26 17:18:35,134|line:347| error line:319
2026-07-26 17:18:35,135|line:533| *#*#*#*#*#*#*#*#*#*原动态处理失败*#*#*#*#*#*#*#*#*#
2026-07-26 17:18:35,135|line:519| https://t.bilibili.com/1224548910473674760
2026-07-26 17:18:38,398|line:346| Expecting value: line 1 column 1 (char 0)
2026-07-26 17:18:38,398|line:347| error line:319
2026-07-26 17:18:38,399|line:533| *#*#*#*#*#*#*#*#*#*原动态处理失败*#*#*#*#*#*#*#*#*#
2026-07-26 17:18:38,399|line:519| https://t.bilibili.com/1224859909033558017
2026-07-26 17:18:42,668|line:346| Expecting value: line 1 column 1 (char 0)
2026-07-26 17:18:42,668|line:347| error line:319
2026-07-26 17:18:42,669|line:533| *#*#*#*#*#*#*#*#*#*原动态处理失败*#*#*#*#*#*#*#*#*#
2026-07-26 17:18:42,669|line:519| https://t.bilibili.com/1224466833607753734
2026-07-26 17:18:44,936|line:346| Expecting value: line 1 column 1 (char 0)
2026-07-26 17:18:44,937|line:347| error line:319
2026-07-26 17:18:44,937|line:533| *#*#*#*#*#*#*#*#*#*原动态处理失败*#*#*#*#*#*#*#*#*#
2026-07-26 17:18:44,938|line:519| https://t.bilibili.com/1221539413961474056
2026-07-26 17:18:46,260|line:346| Expecting value: line 1 column 1 (char 0)
2026-07-26 17:18:46,260|line:347| error line:319
2026-07-26 17:18:46,261|line:533| *#*#*#*#*#*#*#*#*#*原动态处理失败*#*#*#*#*#*#*#*#*#
2026-07-26 17:18:46,261|line:519| https://t.bilibili.com/1225477890430206001
2026-07-26 17:18:47,609|line:346| Expecting value: line 1 column 1 (char 0)
2026-07-26 17:18:47,609|line:347| error line:319
2026-07-26 17:18:47,610|line:533| *#*#*#*#*#*#*#*#*#*原动态处理失败*#*#*#*#*#*#*#*#*#
2026-07-26 17:18:47,610|line:519| https://t.bilibili.com/1227720683673354245
2026-07-26 17:18:51,902|line:346| Expecting value: line 1 column 1 (char 0)
2026-07-26 17:18:51,902|line:347| error line:319
2026-07-26 17:18:51,903|line:533| *#*#*#*#*#*#*#*#*#*原动态处理失败*#*#*#*#*#*#*#*#*#
2026-07-26 17:18:51,903|line:519| https://t.bilibili.com/1217848327710703625
2026-07-26 17:18:54,275|line:346| Expecting value: line 1 column 1 (char 0)
2026-07-26 17:18:54,275|line:347| error line:319
2026-07-26 17:18:54,276|line:533| *#*#*#*#*#*#*#*#*#*原动态处理失败*#*#*#*#*#*#*#*#*#
2026-07-26 17:18:54,276|line:519| https://t.bilibili.com/1219749065484402743
2026-07-26 17:18:56,603|line:346| Expecting value: line 1 column 1 (char 0)
2026-07-26 17:18:56,603|line:347| error line:319
2026-07-26 17:18:56,604|line:533| *#*#*#*#*#*#*#*#*#*原动态处理失败*#*#*#*#*#*#*#*#*#
2026-07-26 17:18:56,604|line:519| https://t.bilibili.com/1228178316724273160
2026-07-26 17:18:57,877|line:346| Expecting value: line 1 column 1 (char 0)
2026-07-26 17:18:57,877|line:347| error line:319
2026-07-26 17:18:57,878|line:533| *#*#*#*#*#*#*#*#*#*原动态处理失败*#*#*#*#*#*#*#*#*#
2026-07-26 17:18:57,879|line:519| https://t.bilibili.com/1207678622520836102
2026-07-26 17:19:01,187|line:346| Expecting value: line 1 column 1 (char 0)
2026-07-26 17:19:01,187|line:347| error line:319
2026-07-26 17:19:01,188|line:533| *#*#*#*#*#*#*#*#*#*原动态处理失败*#*#*#*#*#*#*#*#*#
2026-07-26 17:19:01,188|line:519| https://t.bilibili.com/1225602319919349764
2026-07-26 17:19:04,512|line:346| Expecting value: line 1 column 1 (char 0)
2026-07-26 17:19:04,512|line:347| error line:319
2026-07-26 17:19:04,513|line:533| *#*#*#*#*#*#*#*#*#*原动态处理失败*#*#*#*#*#*#*#*#*#
2026-07-26 17:19:04,513|line:519| https://t.bilibili.com/1228841365230583826
2026-07-26 17:19:07,868|line:346| Expecting value: line 1 column 1 (char 0)
2026-07-26 17:19:07,869|line:347| error line:319
2026-07-26 17:19:07,870|line:533| *#*#*#*#*#*#*#*#*#*原动态处理失败*#*#*#*#*#*#*#*#*#
2026-07-26 17:19:07,870|line:519| https://t.bilibili.com/1228078024954478611
2026-07-26 17:19:10,159|line:346| Expecting value: line 1 column 1 (char 0)
2026-07-26 17:19:10,159|line:347| error line:319
2026-07-26 17:19:10,160|line:533| *#*#*#*#*#*#*#*#*#*原动态处理失败*#*#*#*#*#*#*#*#*#
2026-07-26 17:19:10,161|line:519| https://t.bilibili.com/1219368853513961488
2026-07-26 17:19:14,429|line:346| Expecting value: line 1 column 1 (char 0)
2026-07-26 17:19:14,429|line:347| error line:319
2026-07-26 17:19:14,430|line:533| *#*#*#*#*#*#*#*#*#*原动态处理失败*#*#*#*#*#*#*#*#*#
2026-07-26 17:19:14,430|line:519| https://t.bilibili.com/1207430764236374023
2026-07-26 17:19:15,699|line:346| Expecting value: line 1 column 1 (char 0)
2026-07-26 17:19:15,699|line:347| error line:319
2026-07-26 17:19:15,700|line:533| *#*#*#*#*#*#*#*#*#*原动态处理失败*#*#*#*#*#*#*#*#*#
2026-07-26 17:19:15,701|line:519| https://t.bilibili.com/1219724884795457574
2026-07-26 17:19:18,026|line:346| Expecting value: line 1 column 1 (char 0)
2026-07-26 17:19:18,026|line:347| error line:319
2026-07-26 17:19:18,027|line:533| *#*#*#*#*#*#*#*#*#*原动态处理失败*#*#*#*#*#*#*#*#*#
2026-07-26 17:19:18,027|line:519| https://t.bilibili.com/1218610160414490645
2026-07-26 17:19:22,294|line:346| Expecting value: line 1 column 1 (char 0)
2026-07-26 17:19:22,295|line:347| error line:319
2026-07-26 17:19:22,295|line:533| *#*#*#*#*#*#*#*#*#*原动态处理失败*#*#*#*#*#*#*#*#*#
2026-07-26 17:19:22,296|line:519| https://t.bilibili.com/1208439072272416791
2026-07-26 17:19:23,605|line:346| Expecting value: line 1 column 1 (char 0)
2026-07-26 17:19:23,605|line:347| error line:319
2026-07-26 17:19:23,606|line:533| *#*#*#*#*#*#*#*#*#*原动态处理失败*#*#*#*#*#*#*#*#*#
2026-07-26 17:19:23,606|line:552| 执行结束
2026-07-26 17:19:23,606|line:556| 执行失败，错误数量为31
2026-07-26 17:19:23,607|line:558| ==================================================2026-07-27 01:19==================================================
2026-07-26 17:19:23,607|line:232| processing article 51801714
2026-07-26 17:19:27,289|line:507| ==================================================2026-07-27 01:19==================================================
2026-07-26 17:19:35,951|line:578| ('reply: ', '榄菊官方', '[给心心]')
2026-07-26 17:19:35,951|line:578| ('reply: ', '吓死我啦芙莱', '并不是')
2026-07-26 17:19:35,951|line:578| ('reply: ', '花生十三-公考行测', '68')
2026-07-26 17:19:35,951|line:578| ('reply: ', '三鹿七茸猫尾巴', '[夏诺雅表情包_？？？]')
2026-07-26 17:19:35,951|line:578| ('reply: ', '小闪闪bling', 'hhh腾子买库洛让我感觉他自己有点不太想出大世界了')
2026-07-26 17:19:35,952|line:578| ('reply: ', '不修车的丸山彩', '不是，这……')
2026-07-26 17:19:35,952|line:578| ('reply: ', '好像都是一个人', '你在说什么')
2026-07-26 17:19:35,952|line:578| ('reply: ', '目标咨询', '太宠粉了啊')
2026-07-26 17:19:35,952|line:578| ('reply: ', '数玩工场', '祝你成功')
2026-07-26 17:19:35,952|line:578| ('reply: ', '益家有小佰', '恭喜宝子，获得小电视月度会员1份和克刻冰冰猴喉糖随机口味1份～记得私信小佰提供信息哦~')
2026-07-26 17:19:35,952|line:578| ('reply: ', '圆环之理-Madoka', '是的')
2026-07-26 17:19:35,952|line:578| ('reply: ', '兰的三姨', '这就是银河巨星的实力！')
2026-07-26 17:19:35,952|line:578| ('reply: ', '花园百合铃音', '有男不玩，我只吃麻辣火锅，xxn滚[吃瓜]')
2026-07-26 17:19:35,952|line:578| ('reply: ', '是绝赞的阿鬼', '[tv_难过]')
2026-07-26 17:19:35,952|line:578| ('reply: ', '桃稚不幼稚', '还行')
2026-07-26 17:19:35,952|line:578| ('reply: ', '陌罔子吖', '佬，这个报名有啥条件不。最近太非了，想下次报来抽[脱单doge][脱单doge][脱单doge]')
2026-07-26 17:19:35,952|line:578| ('reply: ', '太二酸菜鱼', '恭喜成为本期欧皇[打call]获得【肥龙联名显眼包】1份，在收到本信息的两天内回复哥的私信哦~逾期哥就自己收啦！[脱单doge]')
2026-07-26 17:19:35,952|line:578| ('reply: ', '得一想二的松鼠', '中奖分我一半')
2026-07-26 17:19:35,953|line:578| ('reply: ', '佑凉Uriyoo', '谢谢！！！[UP_24967030_感恩]')
2026-07-26 17:19:35,953|line:578| ('reply: ', '岛莓祁', '好耶')
2026-07-26 17:19:38,522|line:587| ('at: ', '电脑报', '恭喜@小小Shaun UID：1090970340，@-叶晓吖  UID：22437099  获得 【电竞大礼包】1份， 请在三日内私信我')
2026-07-26 17:19:38,522|line:587| ('at: ', '联想拯救者官方', '是我喜欢的奖品名单 直接开奖 上 趁现在没人偷摸开个奖 恭喜这些小伙伴 【拯救者7.1声卡H7游戏耳机】获奖名单 @泪水打湿猪脚饭o @xoomoon @小小Shaun @T山海连云T @超超超超薄脆饼干 @BerboomC 【拯救者C140氮化镓适配器】获奖名单 @改个天凉好个秋 @夜猫子牙不好 @LLL好久不见 @林殇倾慕婉 @今天也要拥抱微风 @洳不及我万一 @胜利の天平 【白金独角兽电竞鼠标】获奖名单 @底片上的诗旅人 【拯救者C170氮化镓适配器】获奖名单 @麦當劳无限好 @無名丶の辈 @任性的提莫 @广东有暖风 由于B站私信规则修改 我会私信中奖的小伙伴一条消息，还请注意查收并回复我您的收货地址与联系方式，奖品基本会在私信您信息后的三十个工作日内发货')
2026-07-26 17:19:38,522|line:587| ('at: ', 'Apexgaming艾湃电竞', '恭喜 @小小Shaun 获得饮料一份，三天内联系我，过时不候！')
2026-07-26 17:19:38,522|line:587| ('at: ', '梦_水晶花', '1 @浪子游2fans6@被_____打下来的飞机@拉斯特臣后面一个点@专心致志的学生@猫猫头OmMeow@小小Shaun@龐門左道@啦啦痴痴腻@bili_66938050009@日月星辰668')
2026-07-26 17:19:38,522|line:587| ('at: ', 'iKF蓝牙耳机', '恭喜@小小Shaun 宝子成为苏泊尔福利动态幸运儿！\n注意：即日起72小时内回复信息确认领奖哦！逾期将自动视为放弃中奖资格。\n没有中奖的宝子们不要气馁，参与一下下置顶视频iKF Mars，增加欧气值，说不定下个幸运儿就是你！\n链接：\nhttps://www.bilibili.com/video/BV1Soo6YLEHZ/?spm_id_from=333.1387.list.card_archive.click&vd_source=21fb0967ccc75e6b3b2447ade2c740dd\n还没参与抽奖的宝子们，赶紧点击上方链接参与吧！还有特别福利惊喜等你哦~')
2026-07-26 17:19:38,522|line:587| ('at: ', 'wellymerck威利默克', '恭喜@小小Shaun\xa0 获得《我是你的小狗3 永远等你回家》1本，请于5天内联系威宝，凭关注+互动截图领取奖品，逾期作废~')
2026-07-26 17:19:38,522|line:587| ('at: ', '宁美NINGMEI', '恭喜@小小Shaun   中奖，请在12月1日24点前私信我：1. 奖品+中奖信息a. 实物奖：姓名电话地址，给文字！省市区路清晰，提交不清晰不发奖，信息错误致无法签收，概不负责；\n\nb. 现金红包给到支付宝实名+账号；\n\nc. 京东卡/猫超卡 等购物卡给到姓名+电话；2. 宁美和品牌方关注截图+转发截图！\n\n必须关注品牌方，否则奖品不予发放；如遇无法私信图片的情况，等待我回复后即可发送图片。PS： \n\n因后台收信有时会出问题，以回复“已登记”为准，没有回复即表示私信未收到。\n\n过期视为自动放弃，不会补发；奖品30个工作日内发送，勿催哦~\n\n不发全，不回复。其他小伙伴请继续努力！')
2026-07-26 17:19:38,522|line:587| ('at: ', '爱玛电动车官方账号', '#一“玛”当先榜# 快来看看10月都是谁和爱玛酱互动最多呀~ 💕恭喜@小小Shaun 和@甘瑞凯拉莎 排行第一！这两位小玛达将会获得【爱玛随机周边×1】，请5天内私信爱玛酱领奖哟~[鼓掌] 以后也请继续单推我无敌可爱美少女爱玛酱呀嘿嘿！(●´З｀●)')
2026-07-26 17:19:38,523|line:587| ('at: ', '爱玛电动车官方账号', '')
2026-07-26 17:19:38,523|line:587| ('at: ', '海露滴眼液', '互动榜出炉啦')
2026-07-26 17:19:38,523|line:587| ('at: ', '和蔼可亲桃白白', '\u200b//@九号公司:\u200b恭喜@小小Shaun 中奖！后续记得查收私信哟～\u200b//@九号公司:#互动抽奖# 谢谢粒粒的复工礼！小九也来加个码~关注【@微粒贷+@九号公司 】并转发该动态，抽一位小可爱获得【100元京东卡】~ #供电局福利社# 10月31日抽出！')
2026-07-26 17:19:38,523|line:587| ('at: ', '望大家身体健康快乐', '\u200b//@九号公司:\u200b恭喜@小小Shaun 中奖！后续记得查收私信哟～\u200b//@九号公司 :#互动抽奖# 谢谢粒粒的复工礼！小九也来加个码~关注【@微粒贷+@九号公司 】并转发该动态，抽一位小可爱获得【100元京东卡】~ #供电局福利社# 10月31日抽出！')
2026-07-26 17:19:38,523|line:587| ('at: ', 'MoMA_Reona', '//@九号公司:\u200b恭喜@小小Shaun 中奖！后续记得查收私信哟～\u200b//@九号公司:#互动抽奖# 谢谢粒粒的复工礼！小九也来加个码~关注【@微粒贷+@九号公司 】并转发该动态，抽一位小可爱获得【100元京东卡】~ #供电局福利社# 10月31日抽出！')
2026-07-26 17:19:38,523|line:587| ('at: ', '摸鱼二队', '\u200b//@九号公司:\u200b恭喜@小小Shaun 中奖！后续记得查收私信哟～\u200b//@九号公司 :#互动抽奖# 谢谢粒粒的复工礼！小九也来加个码~关注【@微粒贷+@九号公司 】并转发该动态，抽一位小可爱获得【100元京东卡】~ #供电局福利社# 10月31日抽出！')
2026-07-26 17:19:38,523|line:587| ('at: ', '文少嘅一些事一些情', '\u200b//@九号公司:\u200b恭喜@小小Shaun 中奖！后续记得查收私信哟～\u200b//@九号公司 :#互动抽奖# 谢谢粒粒的复工礼！小九也来加个码~关注【@微粒贷+@九号公司 】并转发该动态，抽一位小可爱获得【100元京东卡】~ #供电局福利社# 10月31日抽出！')
2026-07-26 17:19:38,523|line:587| ('at: ', 'Carry队友的嘟嘟酱丶', '\u200b//@九号公司:\u200b恭喜@小小Shaun 中奖！后续记得查收私信哟～\u200b//@九号公司 :#互动抽奖# 谢谢粒粒的复工礼！小九也来加个码~关注【@微粒贷+@九号公司 】并转发该动态，抽一位小可爱获得【100元京东卡】~ #供电局福利社# 10月31日抽出！')
2026-07-26 17:19:38,523|line:587| ('at: ', '蛤蟆zero', '//@九号公司:\u200b恭喜@小小Shaun 中奖！后续记得查收私信哟～\u200b//@九号公司:#互动抽奖# 谢谢粒粒的复工礼！小九也来加个码~关注【@微粒贷+@九号公司 】并转发该动态，抽一位小可爱获得【100元京东卡】~ #供电局福利社# 10月31日抽出！c冲冲冲')
2026-07-26 17:19:38,523|line:587| ('at: ', '木而各子要吃笃栗子', '\u200b//@九号公司:\u200b恭喜@小小Shaun 中奖！后续记得查收私信哟～\u200b//@九号公司 :#互动抽奖# 谢谢粒粒的复工礼！小九也来加个码~关注【@微粒贷+@九号公司 】并转发该动态，抽一位小可爱获得【100元京东卡】~ #供电局福利社# 10月31日抽出！')
2026-07-26 17:19:38,523|line:587| ('at: ', '裙下愚臣情默默', '\u200b//@九号公司:\u200b恭喜@小小Shaun 中奖！后续记得查收私信哟～\u200b//@九号公司 :#互动抽奖# 谢谢粒粒的复工礼！小九也来加个码~关注【@微粒贷+@九号公司 】并转发该动态，抽一位小可爱获得【100元京东卡】~ #供电局福利社# 10月31日抽出！')
2026-07-26 17:19:38,523|line:587| ('at: ', '戊子毕宿', '')
