2026-08-19 18:34:02,418|line:449| processing article 52463726
2026-08-19 18:34:02,578|line:413| 获取 Article 结构化正文失败 52463726: -509 请求过于频繁，请稍后再试
2026-08-19 18:34:03,630|line:933| ==================================================2026-08-19 18:34==================================================
2026-08-19 18:34:03,630|line:945| https://t.bilibili.com/1224854467309993993
2026-08-19 18:34:03,630|line:947| 已有
2026-08-19 18:34:03,630|line:945| https://t.bilibili.com/1227157609149104130
2026-08-19 18:34:04,831|line:759| =========此为源动态=========
2026-08-19 18:34:04,831|line:780| *********子动态开始*********
2026-08-19 18:34:11,435|line:810| *********子动态结束*********
2026-08-19 18:34:11,436|line:963| -=-=-=-=处理回最初的动态-=-=-=-=
2026-08-19 18:34:20,580|line:905| 转发成功 1238227303289323537
2026-08-19 18:34:23,825|line:920| 评论发送成功
2026-08-19 18:34:31,421|line:867| 关注 ==== 19754008 OK
2026-08-19 18:34:34,779|line:929| 动态-点赞 OK
2026-08-19 18:34:35,790|line:945| https://t.bilibili.com/1225602319919349764
2026-08-19 18:34:35,802|line:947| 已有
2026-08-19 18:34:35,802|line:945| https://t.bilibili.com/1232309469667393556
2026-08-19 18:34:38,191|line:759| =========此为源动态=========
2026-08-19 18:34:38,191|line:780| *********子动态开始*********
2026-08-19 18:34:45,842|line:810| *********子动态结束*********
2026-08-19 18:34:45,843|line:963| -=-=-=-=处理回最初的动态-=-=-=-=
2026-08-19 18:34:54,542|line:905| 转发成功 1238227449319260201
2026-08-19 18:34:57,788|line:920| 评论发送成功
2026-08-19 18:35:02,328|line:867| 关注 ==== 8375722 OK
2026-08-19 18:35:05,510|line:929| 动态-点赞 OK
2026-08-19 18:35:07,514|line:945| https://t.bilibili.com/1234410090970218515
2026-08-19 18:35:11,740|line:759| =========此为源动态=========
2026-08-19 18:35:11,741|line:780| *********子动态开始*********
2026-08-19 18:35:23,474|line:810| *********子动态结束*********
2026-08-19 18:35:23,475|line:963| -=-=-=-=处理回最初的动态-=-=-=-=
2026-08-19 18:35:30,261|line:905| 转发成功 1238227603920257026
2026-08-19 18:35:33,597|line:920| 评论发送成功
2026-08-19 18:35:34,929|line:855| 2873935 === 已经关注了
2026-08-19 18:35:38,112|line:929| 动态-点赞 OK
2026-08-19 18:35:40,113|line:945| https://t.bilibili.com/1236847510628073479
2026-08-19 18:35:41,386|line:759| =========此为源动态=========
2026-08-19 18:35:41,388|line:780| *********子动态开始*********
2026-08-19 18:35:49,129|line:810| *********子动态结束*********
2026-08-19 18:35:49,131|line:963| -=-=-=-=处理回最初的动态-=-=-=-=
2026-08-19 18:35:59,939|line:905| 转发成功 1238227728480600133
2026-08-19 18:36:03,215|line:920| 评论发送成功
2026-08-19 18:36:04,535|line:855| 100680137 === 已经关注了
2026-08-19 18:36:07,724|line:929| 动态-点赞 OK
2026-08-19 18:36:11,731|line:945| https://t.bilibili.com/1237236316839608340
2026-08-19 18:36:14,994|line:759| =========此为源动态=========
2026-08-19 18:36:14,995|line:780| *********子动态开始*********
2026-08-19 18:36:20,809|line:810| *********子动态结束*********
2026-08-19 18:36:20,812|line:963| -=-=-=-=处理回最初的动态-=-=-=-=
2026-08-19 18:36:29,671|line:905| 转发成功 1238227857314938884
2026-08-19 18:36:32,968|line:920| 评论发送成功
2026-08-19 18:36:37,268|line:855| 100680137 === 已经关注了
2026-08-19 18:36:40,454|line:929| 动态-点赞 OK
2026-08-19 18:36:41,457|line:945| https://t.bilibili.com/1237599563695521797
2026-08-19 18:36:43,755|line:759| =========此为源动态=========
2026-08-19 18:36:43,756|line:780| *********子动态开始*********
2026-08-19 18:36:49,544|line:810| *********子动态结束*********
2026-08-19 18:36:49,545|line:963| -=-=-=-=处理回最初的动态-=-=-=-=
2026-08-19 18:36:59,360|line:905| 转发成功 1238227986169200641
2026-08-19 18:37:02,650|line:920| 评论发送成功
2026-08-19 18:37:05,992|line:855| 100680137 === 已经关注了
2026-08-19 18:37:09,172|line:929| 动态-点赞 OK
2026-08-19 18:37:12,178|line:945| https://t.bilibili.com/1237803836673884162
2026-08-19 18:37:12,179|line:947| 已有
2026-08-19 18:37:12,180|line:945| https://t.bilibili.com/1237806619818983447
2026-08-19 18:37:12,181|line:947| 已有
2026-08-19 18:37:12,181|line:945| https://t.bilibili.com/1237807461625233413
2026-08-19 18:37:12,181|line:947| 已有
2026-08-19 18:37:12,182|line:945| https://t.bilibili.com/1237808007099711497
2026-08-19 18:37:12,182|line:947| 已有
2026-08-19 18:37:12,182|line:945| https://t.bilibili.com/1237808316285976631
2026-08-19 18:37:12,183|line:947| 已有
2026-08-19 18:37:12,183|line:945| https://t.bilibili.com/1237862834494242817
2026-08-19 18:37:14,380|line:759| =========此为源动态=========
2026-08-19 18:37:14,381|line:780| *********子动态开始*********
2026-08-19 18:37:20,154|line:810| *********子动态结束*********
2026-08-19 18:37:20,155|line:963| -=-=-=-=处理回最初的动态-=-=-=-=
2026-08-19 18:37:28,939|line:905| 转发成功 1238228110703329320
2026-08-19 18:37:32,280|line:920| 评论发送成功
2026-08-19 18:37:35,647|line:855| 3546898906483135 === 已经关注了
2026-08-19 18:37:38,949|line:929| 动态-点赞 OK
2026-08-19 18:37:41,955|line:945| https://t.bilibili.com/1236363031888265268
2026-08-19 18:37:45,207|line:759| =========此为源动态=========
2026-08-19 18:37:45,208|line:780| *********子动态开始*********
2026-08-19 18:37:57,946|line:810| *********子动态结束*********
2026-08-19 18:37:57,948|line:963| -=-=-=-=处理回最初的动态-=-=-=-=
2026-08-19 18:38:08,863|line:905| 转发成功 1238228282542915605
2026-08-19 18:38:12,243|line:920| 评论发送成功
2026-08-19 18:38:15,666|line:855| 3850213 === 已经关注了
2026-08-19 18:38:18,845|line:929| 动态-点赞 OK
2026-08-19 18:38:22,851|line:945| https://t.bilibili.com/1236304652590383112
2026-08-19 18:38:24,107|line:759| =========此为源动态=========
2026-08-19 18:38:24,109|line:780| *********子动态开始*********
2026-08-19 18:38:31,924|line:810| *********子动态结束*********
2026-08-19 18:38:31,926|line:963| -=-=-=-=处理回最初的动态-=-=-=-=
2026-08-19 18:38:39,735|line:905| 转发成功 1238228415668027425
2026-08-19 18:38:43,063|line:920| 评论发送成功
2026-08-19 18:38:45,529|line:855| 481429887 === 已经关注了
2026-08-19 18:38:48,794|line:929| 动态-点赞 OK
2026-08-19 18:38:49,798|line:945| https://t.bilibili.com/1237710159128559623
2026-08-19 18:38:52,126|line:759| =========此为源动态=========
2026-08-19 18:38:52,127|line:780| *********子动态开始*********
2026-08-19 18:39:03,904|line:810| *********子动态结束*********
2026-08-19 18:39:03,905|line:963| -=-=-=-=处理回最初的动态-=-=-=-=
2026-08-19 18:39:09,825|line:905| 转发成功 1238228544508657665
2026-08-19 18:39:13,158|line:920| 评论发送成功
2026-08-19 18:39:17,759|line:867| 关注 ==== 382724885 OK
2026-08-19 18:39:21,116|line:929| 动态-点赞 OK
2026-08-19 18:39:23,119|line:945| https://t.bilibili.com/1227759510207070211
2026-08-19 18:39:25,408|line:759| =========此为源动态=========
2026-08-19 18:39:25,409|line:780| *********子动态开始*********
2026-08-19 18:39:36,350|line:810| *********子动态结束*********
2026-08-19 18:39:36,352|line:963| -=-=-=-=处理回最初的动态-=-=-=-=
2026-08-19 18:39:46,215|line:905| 转发成功 1238228703413010432
2026-08-19 18:39:49,601|line:920| 评论发送成功
2026-08-19 18:39:53,913|line:855| 3546738109450856 === 已经关注了
2026-08-19 18:39:57,100|line:929| 动态-点赞 OK
2026-08-19 18:39:59,108|line:945| https://t.bilibili.com/1228099967930859524
2026-08-19 18:40:00,303|line:765| 获取动态详情失败 1228099967930859524: -352 -352
2026-08-19 18:40:00,304|line:766| error line:747
2026-08-19 18:40:00,305|line:959| *#*#*#*#*#*#*#*#*#*原动态处理失败*#*#*#*#*#*#*#*#*#
2026-08-19 18:40:00,305|line:945| https://t.bilibili.com/1236257476653875225
2026-08-19 18:40:04,488|line:765| 获取动态详情失败 1236257476653875225: -352 -352
2026-08-19 18:40:04,493|line:766| error line:747
2026-08-19 18:40:04,493|line:959| *#*#*#*#*#*#*#*#*#*原动态处理失败*#*#*#*#*#*#*#*#*#
2026-08-19 18:40:04,494|line:945| https://t.bilibili.com/1236594253614809089
2026-08-19 18:40:08,714|line:759| =========此为源动态=========
2026-08-19 18:40:08,715|line:780| *********子动态开始*********
2026-08-19 18:40:16,503|line:810| *********子动态结束*********
2026-08-19 18:40:16,508|line:963| -=-=-=-=处理回最初的动态-=-=-=-=
2026-08-19 18:40:23,191|line:905| 转发成功 1238228862358257669
2026-08-19 18:40:26,535|line:920| 评论发送成功
2026-08-19 18:40:29,852|line:855| 1024366005 === 已经关注了
2026-08-19 18:40:33,028|line:929| 动态-点赞 OK
2026-08-19 18:40:34,032|line:945| https://t.bilibili.com/1237290137125126152
2026-08-19 18:40:36,246|line:759| =========此为源动态=========
2026-08-19 18:40:36,247|line:780| *********子动态开始*********
2026-08-19 18:40:40,931|line:810| *********子动态结束*********
2026-08-19 18:40:40,933|line:963| -=-=-=-=处理回最初的动态-=-=-=-=
2026-08-19 18:40:48,714|line:905| 转发成功 1238228969736634377
2026-08-19 18:40:52,038|line:920| 评论发送成功
2026-08-19 18:40:55,392|line:855| 403502249 === 已经关注了
2026-08-19 18:40:58,575|line:929| 动态-点赞 OK
2026-08-19 18:40:59,578|line:945| https://t.bilibili.com/1237177845192589329
2026-08-19 18:41:00,783|line:759| =========此为源动态=========
2026-08-19 18:41:00,784|line:780| *********子动态开始*********
2026-08-19 18:41:09,476|line:810| *********子动态结束*********
2026-08-19 18:41:09,490|line:963| -=-=-=-=处理回最初的动态-=-=-=-=
2026-08-19 18:41:19,250|line:905| 转发成功 1238229102868037657
2026-08-19 18:41:22,555|line:920| 评论发送成功
2026-08-19 18:41:28,053|line:867| 关注 ==== 2063690426 OK
2026-08-19 18:41:31,210|line:929| 动态-点赞 OK
2026-08-19 18:41:32,218|line:945| https://t.bilibili.com/1237507211184308246
2026-08-19 18:41:35,423|line:952| 官方 或 预约 OUT！
2026-08-19 18:41:35,427|line:945| https://t.bilibili.com/1236265147479097367
2026-08-19 18:41:38,624|line:754| =========此为子动态=========
2026-08-19 18:41:45,072|line:820| *************原动态处理开始***************
2026-08-19 18:41:50,580|line:905| 转发成功 1238229235979517970
2026-08-19 18:41:54,105|line:920| 评论发送成功
2026-08-19 18:41:58,560|line:855| 1813205998 === 已经关注了
2026-08-19 18:42:01,937|line:929| 动态-点赞 OK
2026-08-19 18:42:01,939|line:827| *************原动态处理完成***************
2026-08-19 18:42:01,940|line:780| *********子动态开始*********
2026-08-19 18:42:18,185|line:796| 恢复子动态 1236349088308396032
2026-08-19 18:42:28,033|line:905| 转发成功 1238229399185129478
2026-08-19 18:42:31,310|line:920| 评论发送成功
2026-08-19 18:42:35,875|line:855| 544030731 === 已经关注了
2026-08-19 18:42:35,876|line:805| ----完成一个子动态----
2026-08-19 18:42:40,294|line:796| 恢复子动态 1237748543249186818
2026-08-19 18:42:50,188|line:905| 转发成功 1238229493702721544
2026-08-19 18:42:53,608|line:920| 评论发送成功
2026-08-19 18:43:01,122|line:855| 1694196506 === 已经关注了
2026-08-19 18:43:01,122|line:805| ----完成一个子动态----
2026-08-19 18:43:05,490|line:796| 恢复子动态 1236296380457156617
2026-08-19 18:43:15,313|line:905| 转发成功 1238229601056981049
2026-08-19 18:43:18,598|line:920| 评论发送成功
2026-08-19 18:43:26,164|line:855| 1864084681 === 已经关注了
2026-08-19 18:43:26,165|line:805| ----完成一个子动态----
2026-08-19 18:43:29,623|line:796| 恢复子动态 1236354697543024664
2026-08-19 18:43:37,512|line:905| 转发成功 1238229695568281620
2026-08-19 18:43:40,790|line:920| 评论发送成功
2026-08-19 18:43:44,227|line:855| 242136088 === 已经关注了
2026-08-19 18:43:44,227|line:805| ----完成一个子动态----
2026-08-19 18:43:46,567|line:796| 恢复子动态 1236266637793951748
2026-08-19 18:43:55,401|line:905| 转发成功 1238229772843089921
2026-08-19 18:43:58,667|line:920| 评论发送成功
2026-08-19 18:44:01,163|line:855| 99442306 === 已经关注了
2026-08-19 18:44:01,165|line:805| ----完成一个子动态----
2026-08-19 18:44:04,510|line:796| 恢复子动态 1236265147479097367
2026-08-19 18:44:14,306|line:905| 转发成功 1238229854470537235
2026-08-19 18:44:17,603|line:920| 评论发送成功
2026-08-19 18:44:25,354|line:867| 关注 ==== 1687728188 OK
2026-08-19 18:44:25,354|line:805| ----完成一个子动态----
2026-08-19 18:45:22,499|line:810| *********子动态结束*********
2026-08-19 18:45:26,511|line:945| https://t.bilibili.com/1236266637793951748
2026-08-19 18:45:26,514|line:947| 已有
2026-08-19 18:45:26,514|line:945| https://t.bilibili.com/1236354697543024664
2026-08-19 18:45:26,514|line:947| 已有
2026-08-19 18:45:26,514|line:945| https://t.bilibili.com/1236296380457156617
2026-08-19 18:45:26,515|line:947| 已有
2026-08-19 18:45:26,515|line:945| https://t.bilibili.com/1237748543249186818
2026-08-19 18:45:26,515|line:947| 已有
2026-08-19 18:45:26,515|line:945| https://t.bilibili.com/1236349088308396032
2026-08-19 18:45:26,516|line:947| 已有
2026-08-19 18:45:26,516|line:978| 执行结束
2026-08-19 18:45:26,519|line:985| ==================================================2026-08-19 18:45==================================================
2026-08-19 18:45:26,520|line:449| processing article 52460149
2026-08-19 18:45:26,782|line:933| ==================================================2026-08-19 18:45==================================================
2026-08-19 18:45:26,783|line:945| https://t.bilibili.com/1224854467309993993
2026-08-19 18:45:26,783|line:947| 已有
2026-08-19 18:45:26,784|line:945| https://t.bilibili.com/1227157609149104130
2026-08-19 18:45:26,784|line:947| 已有
2026-08-19 18:45:26,785|line:945| https://t.bilibili.com/1225602319919349764
2026-08-19 18:45:26,785|line:947| 已有
2026-08-19 18:45:26,785|line:945| https://t.bilibili.com/1232309469667393556
2026-08-19 18:45:26,785|line:947| 已有
2026-08-19 18:45:26,785|line:945| https://t.bilibili.com/1234410090970218515
2026-08-19 18:45:26,785|line:947| 已有
2026-08-19 18:45:26,786|line:945| https://t.bilibili.com/1237805640569585669
2026-08-19 18:45:28,039|line:759| =========此为源动态=========
2026-08-19 18:45:28,041|line:780| *********子动态开始*********
2026-08-19 18:45:37,855|line:810| *********子动态结束*********
2026-08-19 18:45:37,856|line:963| -=-=-=-=处理回最初的动态-=-=-=-=
2026-08-19 18:45:45,757|line:905| 转发成功 1238230245344018486
2026-08-19 18:45:49,135|line:920| 评论发送成功
2026-08-19 18:45:51,460|line:855| 100680137 === 已经关注了
2026-08-19 18:45:54,660|line:929| 动态-点赞 OK
2026-08-19 18:45:57,673|line:945| https://t.bilibili.com/1237806250450747410
2026-08-19 18:45:58,941|line:759| =========此为源动态=========
2026-08-19 18:45:58,942|line:780| *********子动态开始*********
2026-08-19 18:46:07,689|line:810| *********子动态结束*********
2026-08-19 18:46:07,693|line:963| -=-=-=-=处理回最初的动态-=-=-=-=
2026-08-19 18:46:17,483|line:905| 转发成功 1238230382771437593
2026-08-19 18:46:20,812|line:920| 评论发送成功
2026-08-19 18:46:24,126|line:855| 100680137 === 已经关注了
2026-08-19 18:46:27,305|line:929| 动态-点赞 OK
2026-08-19 18:46:29,310|line:945| https://t.bilibili.com/1237599563695521797
2026-08-19 18:46:29,311|line:947| 已有
2026-08-19 18:46:29,311|line:945| https://t.bilibili.com/1237862834494242817
2026-08-19 18:46:29,311|line:947| 已有
2026-08-19 18:46:29,311|line:945| https://t.bilibili.com/1237808254056136720
2026-08-19 18:46:31,501|line:759| =========此为源动态=========
2026-08-19 18:46:31,502|line:780| *********子动态开始*********
2026-08-19 18:46:37,281|line:810| *********子动态结束*********
2026-08-19 18:46:37,282|line:963| -=-=-=-=处理回最初的动态-=-=-=-=
2026-08-19 18:46:43,040|line:905| 转发成功 1238230490109968388
2026-08-19 18:46:46,324|line:920| 评论发送成功
2026-08-19 18:46:47,646|line:855| 2038413965 === 已经关注了
2026-08-19 18:46:50,834|line:929| 动态-点赞 OK
2026-08-19 18:46:53,841|line:945| https://t.bilibili.com/1237812430897152001
2026-08-19 18:46:55,046|line:759| =========此为源动态=========
2026-08-19 18:46:55,047|line:780| *********子动态开始*********
2026-08-19 18:47:04,798|line:810| *********子动态结束*********
2026-08-19 18:47:04,800|line:963| -=-=-=-=处理回最初的动态-=-=-=-=
2026-08-19 18:47:10,609|line:905| 转发成功 1238230610402607111
2026-08-19 18:47:13,864|line:920| 评论发送成功
2026-08-19 18:47:15,150|line:855| 212273071 === 已经关注了
2026-08-19 18:47:18,342|line:929| 动态-点赞 OK
2026-08-19 18:47:21,346|line:945| https://t.bilibili.com/1237800986977763334
2026-08-19 18:47:23,535|line:759| =========此为源动态=========
2026-08-19 18:47:23,536|line:780| *********子动态开始*********
2026-08-19 18:47:29,241|line:810| *********子动态结束*********
2026-08-19 18:47:29,242|line:963| -=-=-=-=处理回最初的动态-=-=-=-=
2026-08-19 18:47:36,987|line:905| 转发成功 1238230722069659682
2026-08-19 18:47:40,291|line:920| 评论发送成功
2026-08-19 18:47:42,603|line:855| 17236262 === 已经关注了
2026-08-19 18:47:45,866|line:929| 动态-点赞 OK
2026-08-19 18:47:46,872|line:945| https://t.bilibili.com/1237802634057875457
2026-08-19 18:47:49,118|line:759| =========此为源动态=========
2026-08-19 18:47:49,119|line:780| *********子动态开始*********
2026-08-19 18:47:56,821|line:810| *********子动态结束*********
2026-08-19 18:47:56,822|line:963| -=-=-=-=处理回最初的动态-=-=-=-=
2026-08-19 18:48:04,574|line:905| 转发成功 1238230842337132545
2026-08-19 18:48:07,840|line:920| 评论发送成功
2026-08-19 18:48:11,184|line:855| 3546590228777012 === 已经关注了
2026-08-19 18:48:14,407|line:929| 动态-点赞 OK
2026-08-19 18:48:16,412|line:945| https://t.bilibili.com/1237803935478054934
2026-08-19 18:48:18,597|line:759| =========此为源动态=========
2026-08-19 18:48:18,599|line:780| *********子动态开始*********
2026-08-19 18:48:26,276|line:810| *********子动态结束*********
2026-08-19 18:48:26,277|line:963| -=-=-=-=处理回最初的动态-=-=-=-=
2026-08-19 18:48:33,031|line:905| 转发成功 1238230962543788052
2026-08-19 18:48:36,303|line:920| 评论发送成功
2026-08-19 18:48:40,868|line:867| 关注 ==== 686255135 OK
2026-08-19 18:48:44,044|line:929| 动态-点赞 OK
2026-08-19 18:48:45,052|line:945| https://t.bilibili.com/1237710159128559623
2026-08-19 18:48:45,053|line:947| 已有
2026-08-19 18:48:45,053|line:945| https://t.bilibili.com/1237760264202354690
2026-08-19 18:48:47,245|line:759| =========此为源动态=========
2026-08-19 18:48:47,246|line:780| *********子动态开始*********
2026-08-19 18:48:56,914|line:810| *********子动态结束*********
2026-08-19 18:48:56,916|line:963| -=-=-=-=处理回最初的动态-=-=-=-=
2026-08-19 18:49:05,640|line:905| 转发成功 1238231104285048856
2026-08-19 18:49:09,003|line:920| 评论发送成功
2026-08-19 18:49:15,581|line:867| 关注 ==== 6991087 OK
2026-08-19 18:49:18,761|line:929| 动态-点赞 OK
2026-08-19 18:49:21,767|line:945| https://t.bilibili.com/1237723677567483925
2026-08-19 18:49:22,962|line:759| =========此为源动态=========
2026-08-19 18:49:22,966|line:780| *********子动态开始*********
2026-08-19 18:49:29,712|line:810| *********子动态结束*********
2026-08-19 18:49:29,715|line:963| -=-=-=-=处理回最初的动态-=-=-=-=
2026-08-19 18:49:38,545|line:905| 转发成功 1238231246008483858
2026-08-19 18:49:41,798|line:920| 评论发送成功
2026-08-19 18:49:45,129|line:855| 429643625 === 已经关注了
2026-08-19 18:49:48,333|line:929| 动态-点赞 OK
2026-08-19 18:49:50,341|line:945| https://t.bilibili.com/1237739139401515033
2026-08-19 18:49:52,608|line:759| =========此为源动态=========
2026-08-19 18:49:52,609|line:780| *********子动态开始*********
2026-08-19 18:50:00,378|line:810| *********子动态结束*********
2026-08-19 18:50:00,381|line:963| -=-=-=-=处理回最初的动态-=-=-=-=
2026-08-19 18:50:11,151|line:905| 转发成功 1238231387804270597
2026-08-19 18:50:14,457|line:920| 评论发送成功
2026-08-19 18:50:15,762|line:855| 1750535730 === 已经关注了
2026-08-19 18:50:18,948|line:929| 动态-点赞 OK
2026-08-19 18:50:22,954|line:945| https://t.bilibili.com/1237747963432796185
2026-08-19 18:50:25,261|line:952| 官方 或 预约 OUT！
2026-08-19 18:50:25,262|line:945| https://t.bilibili.com/1237747203237216261
2026-08-19 18:50:26,542|line:952| 官方 或 预约 OUT！
2026-08-19 18:50:26,543|line:945| https://t.bilibili.com/1237749166056144915
2026-08-19 18:50:29,794|line:952| 官方 或 预约 OUT！
2026-08-19 18:50:29,801|line:945| https://t.bilibili.com/1237736345525288965
2026-08-19 18:50:31,066|line:759| =========此为源动态=========
2026-08-19 18:50:31,066|line:780| *********子动态开始*********
2026-08-19 18:50:38,777|line:810| *********子动态结束*********
2026-08-19 18:50:38,778|line:963| -=-=-=-=处理回最初的动态-=-=-=-=
2026-08-19 18:50:49,493|line:905| 转发成功 1238231550992056320
2026-08-19 18:50:52,775|line:920| 评论发送成功
2026-08-19 18:50:55,078|line:855| 32160597 === 已经关注了
2026-08-19 18:50:58,297|line:929| 动态-点赞 OK
2026-08-19 18:51:00,304|line:945| https://t.bilibili.com/1237737423613460512
2026-08-19 18:51:03,505|line:759| =========此为源动态=========
2026-08-19 18:51:03,513|line:780| *********子动态开始*********
2026-08-19 18:51:13,374|line:810| *********子动态结束*********
2026-08-19 18:51:13,374|line:963| -=-=-=-=处理回最初的动态-=-=-=-=
2026-08-19 18:51:22,123|line:905| 转发成功 1238231692719685637
2026-08-19 18:51:25,408|line:920| 评论发送成功
2026-08-19 18:51:29,966|line:867| 关注 ==== 260613989 OK
2026-08-19 18:51:33,176|line:929| 动态-点赞 OK
2026-08-19 18:51:36,178|line:945| https://t.bilibili.com/1237737333371961346
2026-08-19 18:51:39,417|line:759| =========此为源动态=========
2026-08-19 18:51:39,418|line:780| *********子动态开始*********
2026-08-19 18:51:50,250|line:810| *********子动态结束*********
2026-08-19 18:51:50,252|line:963| -=-=-=-=处理回最初的动态-=-=-=-=
2026-08-19 18:51:58,050|line:905| 转发成功 1238231847331168261
2026-08-19 18:52:01,385|line:920| 评论发送成功
2026-08-19 18:52:02,733|line:855| 3493259242375305 === 已经关注了
2026-08-19 18:52:05,976|line:929| 动态-点赞 OK
2026-08-19 18:52:06,983|line:945| https://t.bilibili.com/1237717426221613076
2026-08-19 18:52:09,207|line:759| =========此为源动态=========
2026-08-19 18:52:09,208|line:780| *********子动态开始*********
2026-08-19 18:52:18,999|line:810| *********子动态结束*********
2026-08-19 18:52:19,003|line:963| -=-=-=-=处理回最初的动态-=-=-=-=
2026-08-19 18:52:25,715|line:905| 转发成功 1238231963297382425
2026-08-19 18:52:28,970|line:920| 评论发送成功
2026-08-19 18:52:31,354|line:855| 1521701206 === 已经关注了
2026-08-19 18:52:34,539|line:929| 动态-点赞 OK
2026-08-19 18:52:36,545|line:945| https://t.bilibili.com/1237722288132980761
2026-08-19 18:52:38,817|line:759| =========此为源动态=========
2026-08-19 18:52:38,818|line:780| *********子动态开始*********
2026-08-19 18:52:45,616|line:810| *********子动态结束*********
2026-08-19 18:52:45,620|line:963| -=-=-=-=处理回最初的动态-=-=-=-=
2026-08-19 18:52:55,529|line:905| 转发成功 1238232092179955715
2026-08-19 18:52:58,786|line:920| 评论发送成功
2026-08-19 18:53:03,553|line:867| 关注 ==== 3546912181455049 OK
2026-08-19 18:53:06,749|line:929| 动态-点赞 OK
2026-08-19 18:53:09,758|line:945| https://t.bilibili.com/1235152248431968260
2026-08-19 18:53:14,008|line:759| =========此为源动态=========
2026-08-19 18:53:14,008|line:780| *********子动态开始*********
2026-08-19 18:53:23,724|line:810| *********子动态结束*********
2026-08-19 18:53:23,726|line:963| -=-=-=-=处理回最初的动态-=-=-=-=
2026-08-19 18:53:29,408|line:905| 转发成功 1238232238205698086
2026-08-19 18:53:32,682|line:920| 评论发送成功
2026-08-19 18:53:35,024|line:855| 626184566 === 已经关注了
2026-08-19 18:53:38,231|line:929| 动态-点赞 OK
2026-08-19 18:53:39,234|line:945| https://t.bilibili.com/1237012430944468999
2026-08-19 18:53:40,448|line:759| =========此为源动态=========
2026-08-19 18:53:40,449|line:780| *********子动态开始*********
2026-08-19 18:53:49,125|line:810| *********子动态结束*********
2026-08-19 18:53:49,126|line:963| -=-=-=-=处理回最初的动态-=-=-=-=
2026-08-19 18:53:59,936|line:905| 转发成功 1238232367054716961
2026-08-19 18:54:03,186|line:920| 评论发送成功
2026-08-19 18:54:08,699|line:867| 关注 ==== 611674674 OK
2026-08-19 18:54:11,859|line:929| 动态-点赞 OK
2026-08-19 18:54:14,870|line:945| https://t.bilibili.com/1236363031888265268
2026-08-19 18:54:14,870|line:947| 已有
2026-08-19 18:54:14,871|line:945| https://t.bilibili.com/1237339108303437824
2026-08-19 18:54:19,069|line:759| =========此为源动态=========
2026-08-19 18:54:19,070|line:780| *********子动态开始*********
2026-08-19 18:54:23,739|line:810| *********子动态结束*********
2026-08-19 18:54:23,740|line:963| -=-=-=-=处理回最初的动态-=-=-=-=
2026-08-19 18:54:29,445|line:905| 转发成功 1238232495868084231
2026-08-19 18:54:32,688|line:920| 评论发送成功
2026-08-19 18:54:33,975|line:855| 622557681 === 已经关注了
2026-08-19 18:54:37,140|line:929| 动态-点赞 OK
2026-08-19 18:54:40,146|line:945| https://t.bilibili.com/1236304652590383112
2026-08-19 18:54:40,147|line:947| 已有
2026-08-19 18:54:40,148|line:945| https://t.bilibili.com/1237457215635324982
2026-08-19 18:54:44,373|line:759| =========此为源动态=========
2026-08-19 18:54:44,373|line:780| *********子动态开始*********
2026-08-19 18:54:56,138|line:810| *********子动态结束*********
2026-08-19 18:54:56,138|line:963| -=-=-=-=处理回最初的动态-=-=-=-=
2026-08-19 18:55:05,946|line:905| 转发成功 1238232650486906883
2026-08-19 18:55:09,219|line:920| 评论发送成功
2026-08-19 18:55:13,548|line:855| 2143305948 === 已经关注了
2026-08-19 18:55:16,772|line:929| 动态-点赞 OK
2026-08-19 18:55:20,777|line:945| https://t.bilibili.com/1237507211184308246
2026-08-19 18:55:22,043|line:952| 官方 或 预约 OUT！
2026-08-19 18:55:22,044|line:945| https://t.bilibili.com/1237836413984047125
2026-08-19 18:55:24,248|line:759| =========此为源动态=========
2026-08-19 18:55:24,249|line:780| *********子动态开始*********
2026-08-19 18:55:30,992|line:810| *********子动态结束*********
2026-08-19 18:55:30,996|line:963| -=-=-=-=处理回最初的动态-=-=-=-=
2026-08-19 18:55:40,702|line:905| 转发成功 1238232800795033637
2026-08-19 18:55:43,977|line:920| 评论发送成功
2026-08-19 18:55:46,312|line:855| 79955050 === 已经关注了
2026-08-19 18:55:49,544|line:929| 动态-点赞 OK
2026-08-19 18:55:50,549|line:945| https://t.bilibili.com/1237816448829620226
2026-08-19 18:55:53,765|line:759| =========此为源动态=========
2026-08-19 18:55:53,766|line:780| *********子动态开始*********
2026-08-19 18:56:01,468|line:810| *********子动态结束*********
2026-08-19 18:56:01,471|line:963| -=-=-=-=处理回最初的动态-=-=-=-=
2026-08-19 18:56:09,276|line:905| 转发成功 1238232925361668104
2026-08-19 18:56:12,535|line:920| 评论发送成功
2026-08-19 18:56:15,841|line:855| 238623328 === 已经关注了
2026-08-19 18:56:19,004|line:929| 动态-点赞 OK
2026-08-19 18:56:22,010|line:945| https://t.bilibili.com/1237358826521362441
2026-08-19 18:56:25,221|line:759| =========此为源动态=========
2026-08-19 18:56:25,221|line:780| *********子动态开始*********
2026-08-19 18:56:36,915|line:810| *********子动态结束*********
2026-08-19 18:56:36,917|line:963| -=-=-=-=处理回最初的动态-=-=-=-=
2026-08-19 18:56:46,749|line:905| 转发成功 1238233084256583697
2026-08-19 18:56:50,045|line:920| 评论发送成功
2026-08-19 18:56:53,361|line:855| 477765137 === 已经关注了
2026-08-19 18:56:56,542|line:929| 动态-点赞 OK
2026-08-19 18:56:57,548|line:945| https://t.bilibili.com/1237847372585762852
2026-08-19 18:57:01,741|line:759| =========此为源动态=========
2026-08-19 18:57:01,744|line:780| *********子动态开始*********
2026-08-19 18:57:11,439|line:810| *********子动态结束*********
2026-08-19 18:57:11,441|line:963| -=-=-=-=处理回最初的动态-=-=-=-=
2026-08-19 18:57:20,194|line:905| 转发成功 1238233230338949125
2026-08-19 18:57:23,453|line:920| 评论发送成功
2026-08-19 18:57:24,775|line:855| 386837540 === 已经关注了
2026-08-19 18:57:27,959|line:929| 动态-点赞 OK
2026-08-19 18:57:30,969|line:945| https://t.bilibili.com/1237817078042329104
2026-08-19 18:57:34,162|line:759| =========此为源动态=========
2026-08-19 18:57:34,163|line:780| *********子动态开始*********
2026-08-19 18:57:39,858|line:810| *********子动态结束*********
2026-08-19 18:57:39,859|line:963| -=-=-=-=处理回最初的动态-=-=-=-=
2026-08-19 18:57:47,589|line:905| 转发成功 1238233346265317396
2026-08-19 18:57:50,836|line:920| 评论发送成功
2026-08-19 18:57:53,203|line:855| 125086406 === 已经关注了
2026-08-19 18:57:56,388|line:929| 动态-点赞 OK
2026-08-19 18:57:57,390|line:945| https://t.bilibili.com/1237848040490926113
2026-08-19 18:57:59,650|line:952| 官方 或 预约 OUT！
2026-08-19 18:57:59,654|line:945| https://t.bilibili.com/1237849148577808388
2026-08-19 18:58:02,861|line:759| =========此为源动态=========
2026-08-19 18:58:02,861|line:780| *********子动态开始*********
2026-08-19 18:58:10,535|line:810| *********子动态结束*********
2026-08-19 18:58:10,538|line:963| -=-=-=-=处理回最初的动态-=-=-=-=
2026-08-19 18:58:20,328|line:905| 转发成功 1238233488017063942
2026-08-19 18:58:23,598|line:920| 评论发送成功
2026-08-19 18:58:31,084|line:867| 关注 ==== 3706979197389092 OK
2026-08-19 18:58:34,270|line:929| 动态-点赞 OK
2026-08-19 18:58:37,276|line:945| https://t.bilibili.com/1237853357667778565
2026-08-19 18:58:39,472|line:759| =========此为源动态=========
2026-08-19 18:58:39,476|line:780| *********子动态开始*********
2026-08-19 18:58:48,176|line:810| *********子动态结束*********
2026-08-19 18:58:48,180|line:963| -=-=-=-=处理回最初的动态-=-=-=-=
2026-08-19 18:58:56,901|line:905| 转发成功 1238233642613866502
2026-08-19 18:59:00,172|line:920| 评论发送成功
2026-08-19 18:59:03,496|line:855| 102734471 === 已经关注了
2026-08-19 18:59:06,680|line:929| 动态-点赞 OK
2026-08-19 18:59:10,689|line:945| https://t.bilibili.com/1237839641687621639
2026-08-19 18:59:11,886|line:759| =========此为源动态=========
2026-08-19 18:59:11,886|line:780| *********子动态开始*********
2026-08-19 18:59:17,663|line:810| *********子动态结束*********
2026-08-19 18:59:17,666|line:963| -=-=-=-=处理回最初的动态-=-=-=-=
2026-08-19 18:59:28,398|line:905| 转发成功 1238233780094763031
2026-08-19 18:59:31,698|line:920| 评论发送成功
2026-08-19 18:59:36,028|line:855| 429643625 === 已经关注了
2026-08-19 18:59:39,200|line:929| 动态-点赞 OK
2026-08-19 18:59:42,204|line:945| https://t.bilibili.com/1237867178870439958
2026-08-19 18:59:46,460|line:952| 官方 或 预约 OUT！
2026-08-19 18:59:46,464|line:945| https://t.bilibili.com/1237855103540527129
2026-08-19 18:59:49,660|line:759| =========此为源动态=========
2026-08-19 18:59:49,661|line:780| *********子动态开始*********
2026-08-19 18:59:57,315|line:810| *********子动态结束*********
2026-08-19 18:59:57,318|line:963| -=-=-=-=处理回最初的动态-=-=-=-=
2026-08-19 19:00:09,062|line:905| 转发成功 1238233956180033538
2026-08-19 19:00:12,535|line:920| 评论发送成功
2026-08-19 19:00:13,912|line:855| 3850213 === 已经关注了
2026-08-19 19:00:17,179|line:929| 动态-点赞 OK
2026-08-19 19:00:20,182|line:945| https://t.bilibili.com/1237847372629803032
2026-08-19 19:00:24,453|line:759| =========此为源动态=========
2026-08-19 19:00:24,454|line:780| *********子动态开始*********
2026-08-19 19:00:31,149|line:810| *********子动态结束*********
2026-08-19 19:00:31,152|line:963| -=-=-=-=处理回最初的动态-=-=-=-=
2026-08-19 19:00:40,085|line:905| 转发成功 1238234089307242499
2026-08-19 19:00:43,445|line:920| 评论发送成功
2026-08-19 19:00:44,781|line:855| 401259484 === 已经关注了
2026-08-19 19:00:48,007|line:929| 动态-点赞 OK
2026-08-19 19:00:51,008|line:945| https://t.bilibili.com/1237820183280615425
2026-08-19 19:00:55,292|line:952| 官方 或 预约 OUT！
2026-08-19 19:00:55,299|line:945| https://t.bilibili.com/1237891204859822100
2026-08-19 19:00:59,544|line:759| =========此为源动态=========
2026-08-19 19:00:59,544|line:780| *********子动态开始*********
2026-08-19 19:01:10,404|line:810| *********子动态结束*********
2026-08-19 19:01:10,404|line:963| -=-=-=-=处理回最初的动态-=-=-=-=
2026-08-19 19:01:19,213|line:905| 转发成功 1238234256809918464
2026-08-19 19:01:22,489|line:920| 评论发送成功
2026-08-19 19:01:26,836|line:855| 578970477 === 已经关注了
2026-08-19 19:01:30,042|line:929| 动态-点赞 OK
2026-08-19 19:01:33,047|line:945| https://t.bilibili.com/1237854607468658709
2026-08-19 19:01:34,271|line:759| =========此为源动态=========
2026-08-19 19:01:34,273|line:780| *********子动态开始*********
2026-08-19 19:01:45,031|line:810| *********子动态结束*********
2026-08-19 19:01:45,033|line:963| -=-=-=-=处理回最初的动态-=-=-=-=
2026-08-19 19:01:53,868|line:905| 转发成功 1238234402838806537
2026-08-19 19:01:57,253|line:920| 评论发送成功
2026-08-19 19:01:58,636|line:855| 1274986140 === 已经关注了
2026-08-19 19:02:01,831|line:929| 动态-点赞 OK
2026-08-19 19:02:02,836|line:945| https://t.bilibili.com/1237801186679062528
2026-08-19 19:02:06,081|line:754| =========此为子动态=========
2026-08-19 19:02:14,785|line:820| *************原动态处理开始***************
2026-08-19 19:02:21,323|line:905| 转发成功 1238234523127250948
2026-08-19 19:02:24,618|line:920| 评论发送成功
2026-08-19 19:02:26,951|line:855| 622557681 === 已经关注了
2026-08-19 19:02:30,161|line:929| 动态-点赞 OK
2026-08-19 19:02:30,162|line:827| *************原动态处理完成***************
2026-08-19 19:02:30,162|line:780| *********子动态开始*********
2026-08-19 19:02:41,261|line:796| 恢复子动态 1237801186679062528
2026-08-19 19:02:50,061|line:905| 转发成功 1238234647630970913
2026-08-19 19:02:53,444|line:920| 评论发送成功
2026-08-19 19:03:00,990|line:855| 622557681 === 已经关注了
2026-08-19 19:03:00,998|line:805| ----完成一个子动态----
2026-08-19 19:03:01,006|line:810| *********子动态结束*********
2026-08-19 19:03:04,015|line:945| https://t.bilibili.com/1237803295518490626
2026-08-19 19:03:08,235|line:754| =========此为子动态=========
2026-08-19 19:03:13,697|line:820| *************原动态处理开始***************
2026-08-19 19:03:18,251|line:905| 转发成功 1238234767917318165
2026-08-19 19:03:21,548|line:920| 评论发送成功
2026-08-19 19:03:22,883|line:855| 542973072 === 已经关注了
2026-08-19 19:03:26,072|line:929| 动态-点赞 OK
2026-08-19 19:03:26,073|line:827| *************原动态处理完成***************
2026-08-19 19:03:26,073|line:780| *********子动态开始*********
2026-08-19 19:03:39,252|line:796| 恢复子动态 1237885557002993716
2026-08-19 19:03:50,123|line:905| 转发成功 1238234905331105813
2026-08-19 19:03:53,469|line:920| 评论发送成功
2026-08-19 19:04:01,977|line:855| 493230543 === 已经关注了
2026-08-19 19:04:01,978|line:805| ----完成一个子动态----
2026-08-19 19:04:05,327|line:796| 恢复子动态 1238231623973994517
2026-08-19 19:04:12,148|line:905| 转发成功 1238234999849746436
2026-08-19 19:04:15,381|line:920| 评论发送成功
2026-08-19 19:04:19,868|line:855| 1024366005 === 已经关注了
2026-08-19 19:04:19,869|line:805| ----完成一个子动态----
2026-08-19 19:04:24,255|line:796| 恢复子动态 1237803295518490626
2026-08-19 19:04:31,071|line:905| 转发成功 1238235081431056389
2026-08-19 19:04:34,380|line:920| 评论发送成功
2026-08-19 19:04:39,912|line:855| 444854666 === 已经关注了
2026-08-19 19:04:39,912|line:805| ----完成一个子动态----
2026-08-19 19:04:44,241|line:796| 恢复子动态 1238189778148524067
2026-08-19 19:04:51,154|line:905| 转发成功 1238235167344033796
2026-08-19 19:04:54,486|line:920| 评论发送成功
2026-08-19 19:04:59,980|line:855| 1719393819 === 已经关注了
2026-08-19 19:04:59,982|line:805| ----完成一个子动态----
2026-08-19 19:04:59,984|line:810| *********子动态结束*********
2026-08-19 19:05:02,990|line:945| https://t.bilibili.com/1237803836673884162
2026-08-19 19:05:02,991|line:947| 已有
2026-08-19 19:05:02,991|line:945| https://t.bilibili.com/1237806619818983447
2026-08-19 19:05:02,992|line:947| 已有
2026-08-19 19:05:02,993|line:945| https://t.bilibili.com/1237807461625233413
2026-08-19 19:05:02,994|line:947| 已有
2026-08-19 19:05:02,994|line:945| https://t.bilibili.com/1237808007099711497
2026-08-19 19:05:02,994|line:947| 已有
2026-08-19 19:05:02,997|line:945| https://t.bilibili.com/1237808316285976631
2026-08-19 19:05:02,998|line:947| 已有
2026-08-19 19:05:02,998|line:945| https://t.bilibili.com/1237795160854626323
2026-08-19 19:05:06,209|line:754| =========此为子动态=========
2026-08-19 19:05:13,700|line:820| *************原动态处理开始***************
2026-08-19 19:05:20,230|line:905| 转发成功 1238235291897036820
2026-08-19 19:05:23,533|line:920| 评论发送成功
2026-08-19 19:05:24,929|line:855| 622557681 === 已经关注了
2026-08-19 19:05:28,120|line:929| 动态-点赞 OK
2026-08-19 19:05:28,121|line:827| *************原动态处理完成***************
2026-08-19 19:05:28,121|line:780| *********子动态开始*********
2026-08-19 19:05:35,540|line:796| 恢复子动态 1238200863469600787
2026-08-19 19:05:43,461|line:905| 转发成功 1238235390665555972
2026-08-19 19:05:46,771|line:920| 评论发送成功
2026-08-19 19:05:52,273|line:855| 346469145 === 已经关注了
2026-08-19 19:05:52,275|line:805| ----完成一个子动态----
2026-08-19 19:05:56,615|line:796| 恢复子动态 1237795160854626323
2026-08-19 19:06:05,459|line:905| 转发成功 1238235485195730966
2026-08-19 19:06:08,754|line:920| 评论发送成功
2026-08-19 19:06:15,262|line:855| 3546740875594396 === 已经关注了
2026-08-19 19:06:15,266|line:805| ----完成一个子动态----
2026-08-19 19:06:16,646|line:796| 恢复子动态 1238201374570708996
2026-08-19 19:06:24,515|line:905| 转发成功 1238235566794866707
2026-08-19 19:06:27,802|line:920| 评论发送成功
2026-08-19 19:06:33,314|line:855| 401739957 === 已经关注了
2026-08-19 19:06:33,317|line:805| ----完成一个子动态----
2026-08-19 19:06:39,960|line:796| 恢复子动态 1237338558558109720
2026-08-19 19:06:48,809|line:905| 转发成功 1238235669879324712
2026-08-19 19:06:52,133|line:920| 评论发送成功
2026-08-19 19:06:55,694|line:855| 622557681 === 已经关注了
2026-08-19 19:06:55,695|line:805| ----完成一个子动态----
2026-08-19 19:06:55,697|line:810| *********子动态结束*********
2026-08-19 19:06:56,706|line:945| https://t.bilibili.com/1237748543249186818
2026-08-19 19:06:56,708|line:947| 已有
2026-08-19 19:06:56,708|line:945| https://t.bilibili.com/1237708256433930329
2026-08-19 19:06:58,957|line:754| =========此为子动态=========
2026-08-19 19:07:05,484|line:820| *************原动态处理开始***************
2026-08-19 19:07:11,028|line:905| 转发成功 1238235768669863945
2026-08-19 19:07:14,310|line:920| 评论发送成功
2026-08-19 19:07:18,699|line:855| 480772617 === 已经关注了
2026-08-19 19:07:21,929|line:929| 动态-点赞 OK
2026-08-19 19:07:21,930|line:827| *************原动态处理完成***************
2026-08-19 19:07:21,930|line:780| *********子动态开始*********
2026-08-19 19:07:31,114|line:796| 恢复子动态 1237708256433930329
2026-08-19 19:07:40,013|line:905| 转发成功 1238235893188263940
2026-08-19 19:07:43,349|line:920| 评论发送成功
2026-08-19 19:07:47,903|line:855| 396808737 === 已经关注了
2026-08-19 19:07:47,906|line:805| ----完成一个子动态----
2026-08-19 19:07:47,908|line:810| *********子动态结束*********
2026-08-19 19:07:51,919|line:945| https://t.bilibili.com/1236348529955307554
2026-08-19 19:07:53,120|line:754| =========此为子动态=========
2026-08-19 19:07:55,575|line:820| *************原动态处理开始***************
2026-08-19 19:08:00,228|line:905| 转发成功 1238235979092852756
2026-08-19 19:08:03,514|line:920| 评论发送成功
2026-08-19 19:08:06,886|line:855| 526479088 === 已经关注了
2026-08-19 19:08:10,105|line:929| 动态-点赞 OK
2026-08-19 19:08:10,106|line:827| *************原动态处理完成***************
2026-08-19 19:08:10,106|line:780| *********子动态开始*********
2026-08-19 19:08:20,249|line:796| 恢复子动态 1236711918569259031
2026-08-19 19:08:29,141|line:905| 转发成功 1238236103656341513
2026-08-19 19:08:32,705|line:920| 评论发送成功
2026-08-19 19:08:37,218|line:855| 340380931 === 已经关注了
2026-08-19 19:08:37,220|line:805| ----完成一个子动态----
2026-08-19 19:08:41,575|line:796| 恢复子动态 1237722885146017797
2026-08-19 19:08:51,575|line:905| 转发成功 1238236198157156406
2026-08-19 19:08:54,886|line:920| 评论发送成功
2026-08-19 19:09:01,479|line:855| 1567835994 === 已经关注了
2026-08-19 19:09:01,481|line:805| ----完成一个子动态----
2026-08-19 19:09:01,485|line:810| *********子动态结束*********
2026-08-19 19:09:01,485|line:963| -=-=-=-=处理回最初的动态-=-=-=-=
2026-08-19 19:09:12,703|line:905| 转发成功 1238236288310575121
2026-08-19 19:09:15,938|line:920| 评论发送成功
2026-08-19 19:09:19,326|line:855| 1567835994 === 已经关注了
2026-08-19 19:09:22,511|line:929| 动态-点赞 OK
2026-08-19 19:09:25,516|line:945| https://t.bilibili.com/1237885557002993716
2026-08-19 19:09:25,517|line:947| 已有
2026-08-19 19:09:25,517|line:945| https://t.bilibili.com/1237537097701654552
2026-08-19 19:09:29,945|line:759| =========此为源动态=========
2026-08-19 19:09:29,950|line:780| *********子动态开始*********
2026-08-19 19:09:38,232|line:810| *********子动态结束*********
2026-08-19 19:09:38,234|line:963| -=-=-=-=处理回最初的动态-=-=-=-=
2026-08-19 19:09:48,148|line:905| 转发成功 1238236442932543489
2026-08-19 19:09:51,454|line:920| 评论发送成功
2026-08-19 19:09:54,824|line:855| 100680137 === 已经关注了
2026-08-19 19:09:58,038|line:929| 动态-点赞 OK
2026-08-19 19:10:00,042|line:978| 执行结束
2026-08-19 19:10:00,046|line:985| ==================================================2026-08-19 19:10==================================================
2026-08-19 19:10:01,297|line:1005| ('reply: ', '榄菊官方', '[给心心]')
2026-08-19 19:10:01,298|line:1005| ('reply: ', '吓死我啦芙莱', '并不是')
2026-08-19 19:10:01,299|line:1005| ('reply: ', '花生十三-公考行测', '68')
2026-08-19 19:10:01,300|line:1005| ('reply: ', '三鹿七茸猫尾巴', '[夏诺雅表情包_？？？]')
2026-08-19 19:10:01,303|line:1005| ('reply: ', '小闪闪bling', 'hhh腾子买库洛让我感觉他自己有点不太想出大世界了')
2026-08-19 19:10:01,303|line:1005| ('reply: ', 'M4LMG-布洛妮娅', '不是，这……')
2026-08-19 19:10:01,303|line:1005| ('reply: ', '好像都是一个人', '你在说什么')
2026-08-19 19:10:01,304|line:1005| ('reply: ', '目标咨询', '太宠粉了啊')
2026-08-19 19:10:01,304|line:1005| ('reply: ', '数玩工场', '祝你成功')
2026-08-19 19:10:01,304|line:1005| ('reply: ', '益家有小佰', '恭喜宝子，获得小电视月度会员1份和克刻冰冰猴喉糖随机口味1份～记得私信小佰提供信息哦~')
2026-08-19 19:10:01,304|line:1005| ('reply: ', '圆环之理-Madoka', '是的')
2026-08-19 19:10:01,304|line:1005| ('reply: ', '兰的三姨', '这就是银河巨星的实力！')
2026-08-19 19:10:01,305|line:1005| ('reply: ', '花园百合铃音', '有男不玩，我只吃麻辣火锅，xxn滚[吃瓜]')
2026-08-19 19:10:01,305|line:1005| ('reply: ', '是绝赞的阿鬼', '[tv_难过]')
2026-08-19 19:10:01,305|line:1005| ('reply: ', '桃稚不幼稚', '还行')
2026-08-19 19:10:01,305|line:1005| ('reply: ', '陌罔子吖', '佬，这个报名有啥条件不。最近太非了，想下次报来抽[脱单doge][脱单doge][脱单doge]')
2026-08-19 19:10:01,306|line:1005| ('reply: ', '太二酸菜鱼', '恭喜成为本期欧皇[打call]获得【肥龙联名显眼包】1份，在收到本信息的两天内回复哥的私信哦~逾期哥就自己收啦！[脱单doge]')
2026-08-19 19:10:01,306|line:1005| ('reply: ', '得一想二的松鼠', '中奖分我一半')
2026-08-19 19:10:01,306|line:1005| ('reply: ', '佑凉Uriyoo', '谢谢！！！[UP_24967030_感恩]')
2026-08-19 19:10:01,306|line:1005| ('reply: ', '岛莓祁', '好耶')
2026-08-19 19:10:05,563|line:1014| ('at: ', '电脑报', '恭喜@小小Shaun UID：1090970340，@-叶晓吖  UID：22437099  获得 【电竞大礼包】1份， 请在三日内私信我')
2026-08-19 19:10:05,564|line:1014| ('at: ', '联想拯救者官方', '是我喜欢的奖品名单 直接开奖 上 趁现在没人偷摸开个奖 恭喜这些小伙伴 【拯救者7.1声卡H7游戏耳机】获奖名单 @泪水打湿猪脚饭o @xoomoon @小小Shaun @T山海连云T @超超超超薄脆饼干 @BerboomC 【拯救者C140氮化镓适配器】获奖名单 @改个天凉好个秋 @夜猫子牙不好 @LLL好久不见 @林殇倾慕婉 @今天也要拥抱微风 @洳不及我万一 @胜利の天平 【白金独角兽电竞鼠标】获奖名单 @底片上的诗旅人 【拯救者C170氮化镓适配器】获奖名单 @麦當劳无限好 @無名丶の辈 @任性的提莫 @广东有暖风 由于B站私信规则修改 我会私信中奖的小伙伴一条消息，还请注意查收并回复我您的收货地址与联系方式，奖品基本会在私信您信息后的三十个工作日内发货')
2026-08-19 19:10:05,564|line:1014| ('at: ', 'Apexgaming艾湃电竞', '恭喜 @小小Shaun 获得饮料一份，三天内联系我，过时不候！')
2026-08-19 19:10:05,565|line:1014| ('at: ', '梦_水晶花', '1 @浪子游2fans6@被_____打下来的飞机@拉斯特臣后面一个点@专心致志的学生@猫猫头OmMeow@小小Shaun@龐門左道@啦啦痴痴腻@bili_66938050009@日月星辰668')
2026-08-19 19:10:05,565|line:1014| ('at: ', 'iKF蓝牙耳机', '恭喜@小小Shaun 宝子成为苏泊尔福利动态幸运儿！\n注意：即日起72小时内回复信息确认领奖哦！逾期将自动视为放弃中奖资格。\n没有中奖的宝子们不要气馁，参与一下下置顶视频iKF Mars，增加欧气值，说不定下个幸运儿就是你！\n链接：\nhttps://www.bilibili.com/video/BV1Soo6YLEHZ/?spm_id_from=333.1387.list.card_archive.click&vd_source=21fb0967ccc75e6b3b2447ade2c740dd\n还没参与抽奖的宝子们，赶紧点击上方链接参与吧！还有特别福利惊喜等你哦~')
2026-08-19 19:10:05,565|line:1014| ('at: ', 'wellymerck威利默克', '恭喜@小小Shaun\xa0 获得《我是你的小狗3 永远等你回家》1本，请于5天内联系威宝，凭关注+互动截图领取奖品，逾期作废~')
2026-08-19 19:10:05,565|line:1014| ('at: ', '宁美NINGMEI', '恭喜@小小Shaun   中奖，请在12月1日24点前私信我：1. 奖品+中奖信息a. 实物奖：姓名电话地址，给文字！省市区路清晰，提交不清晰不发奖，信息错误致无法签收，概不负责；\n\nb. 现金红包给到支付宝实名+账号；\n\nc. 京东卡/猫超卡 等购物卡给到姓名+电话；2. 宁美和品牌方关注截图+转发截图！\n\n必须关注品牌方，否则奖品不予发放；如遇无法私信图片的情况，等待我回复后即可发送图片。PS： \n\n因后台收信有时会出问题，以回复“已登记”为准，没有回复即表示私信未收到。\n\n过期视为自动放弃，不会补发；奖品30个工作日内发送，勿催哦~\n\n不发全，不回复。其他小伙伴请继续努力！')
2026-08-19 19:10:05,568|line:1014| ('at: ', '爱玛电动车官方账号', '#一“玛”当先榜# 快来看看10月都是谁和爱玛酱互动最多呀~ 💕恭喜@小小Shaun 和@甘瑞凯拉莎 排行第一！这两位小玛达将会获得【爱玛随机周边×1】，请5天内私信爱玛酱领奖哟~[鼓掌] 以后也请继续单推我无敌可爱美少女爱玛酱呀嘿嘿！(●´З｀●)')
2026-08-19 19:10:05,569|line:1014| ('at: ', '爱玛电动车官方账号', '')
2026-08-19 19:10:05,569|line:1014| ('at: ', '海露滴眼液', '互动榜出炉啦')
2026-08-19 19:10:05,570|line:1014| ('at: ', '和蔼可亲桃白白', '\u200b//@九号公司:\u200b恭喜@小小Shaun 中奖！后续记得查收私信哟～\u200b//@九号公司:#互动抽奖# 谢谢粒粒的复工礼！小九也来加个码~关注【@微粒贷+@九号公司 】并转发该动态，抽一位小可爱获得【100元京东卡】~ #供电局福利社# 10月31日抽出！')
2026-08-19 19:10:05,570|line:1014| ('at: ', '望大家身体健康快乐', '\u200b//@九号公司:\u200b恭喜@小小Shaun 中奖！后续记得查收私信哟～\u200b//@九号公司 :#互动抽奖# 谢谢粒粒的复工礼！小九也来加个码~关注【@微粒贷+@九号公司 】并转发该动态，抽一位小可爱获得【100元京东卡】~ #供电局福利社# 10月31日抽出！')
2026-08-19 19:10:05,570|line:1014| ('at: ', 'MoMA_Reona', '//@九号公司:\u200b恭喜@小小Shaun 中奖！后续记得查收私信哟～\u200b//@九号公司:#互动抽奖# 谢谢粒粒的复工礼！小九也来加个码~关注【@微粒贷+@九号公司 】并转发该动态，抽一位小可爱获得【100元京东卡】~ #供电局福利社# 10月31日抽出！')
2026-08-19 19:10:05,570|line:1014| ('at: ', '摸鱼二队', '\u200b//@九号公司:\u200b恭喜@小小Shaun 中奖！后续记得查收私信哟～\u200b//@九号公司 :#互动抽奖# 谢谢粒粒的复工礼！小九也来加个码~关注【@微粒贷+@九号公司 】并转发该动态，抽一位小可爱获得【100元京东卡】~ #供电局福利社# 10月31日抽出！')
2026-08-19 19:10:05,571|line:1014| ('at: ', '文少嘅一些事一些情', '\u200b//@九号公司:\u200b恭喜@小小Shaun 中奖！后续记得查收私信哟～\u200b//@九号公司 :#互动抽奖# 谢谢粒粒的复工礼！小九也来加个码~关注【@微粒贷+@九号公司 】并转发该动态，抽一位小可爱获得【100元京东卡】~ #供电局福利社# 10月31日抽出！')
2026-08-19 19:10:05,571|line:1014| ('at: ', 'Carry队友的嘟嘟酱丶', '\u200b//@九号公司:\u200b恭喜@小小Shaun 中奖！后续记得查收私信哟～\u200b//@九号公司 :#互动抽奖# 谢谢粒粒的复工礼！小九也来加个码~关注【@微粒贷+@九号公司 】并转发该动态，抽一位小可爱获得【100元京东卡】~ #供电局福利社# 10月31日抽出！')
2026-08-19 19:10:05,572|line:1014| ('at: ', '蛤蟆zero', '//@九号公司:\u200b恭喜@小小Shaun 中奖！后续记得查收私信哟～\u200b//@九号公司:#互动抽奖# 谢谢粒粒的复工礼！小九也来加个码~关注【@微粒贷+@九号公司 】并转发该动态，抽一位小可爱获得【100元京东卡】~ #供电局福利社# 10月31日抽出！c冲冲冲')
2026-08-19 19:10:05,579|line:1014| ('at: ', '木而各子要吃笃栗子', '\u200b//@九号公司:\u200b恭喜@小小Shaun 中奖！后续记得查收私信哟～\u200b//@九号公司 :#互动抽奖# 谢谢粒粒的复工礼！小九也来加个码~关注【@微粒贷+@九号公司 】并转发该动态，抽一位小可爱获得【100元京东卡】~ #供电局福利社# 10月31日抽出！')
2026-08-19 19:10:05,580|line:1014| ('at: ', '裙下愚臣情默默', '\u200b//@九号公司:\u200b恭喜@小小Shaun 中奖！后续记得查收私信哟～\u200b//@九号公司 :#互动抽奖# 谢谢粒粒的复工礼！小九也来加个码~关注【@微粒贷+@九号公司 】并转发该动态，抽一位小可爱获得【100元京东卡】~ #供电局福利社# 10月31日抽出！')
2026-08-19 19:10:05,580|line:1014| ('at: ', '戊子毕宿', '')
