2026-08-20 16:45:15,117|line:453| processing article 52523351
2026-08-20 16:45:15,461|line:417| 获取 Article 结构化正文失败 52523351: -509 请求过于频繁，请稍后再试
2026-08-20 16:45:16,862|line:938| ==================================================2026-08-21 00:45==================================================
2026-08-20 16:45:16,862|line:950| https://t.bilibili.com/1224854467309993993
2026-08-20 16:45:16,862|line:952| 已有
2026-08-20 16:45:16,863|line:950| https://t.bilibili.com/1225602319919349764
2026-08-20 16:45:16,863|line:952| 已有
2026-08-20 16:45:16,863|line:950| https://t.bilibili.com/1232309469667393556
2026-08-20 16:45:16,863|line:952| 已有
2026-08-20 16:45:16,863|line:950| https://t.bilibili.com/1234410090970218515
2026-08-20 16:45:16,863|line:952| 已有
2026-08-20 16:45:16,863|line:950| https://t.bilibili.com/1238564621375242245
2026-08-20 16:45:21,448|line:763| =========此为源动态=========
2026-08-20 16:45:21,448|line:784| *********子动态开始*********
2026-08-20 16:45:27,618|line:814| *********子动态结束*********
2026-08-20 16:45:27,618|line:968| -=-=-=-=处理回最初的动态-=-=-=-=
2026-08-20 16:45:36,884|line:909| 转发成功 1238694063124774914
2026-08-20 16:45:40,263|line:925| 评论发送成功
2026-08-20 16:45:46,600|line:859| 100680137 === 已经关注了
2026-08-20 16:45:49,891|line:934| 动态-点赞 OK
2026-08-20 16:45:51,892|line:950| https://t.bilibili.com/1238568100335452167
2026-08-20 16:45:56,283|line:763| =========此为源动态=========
2026-08-20 16:45:56,283|line:784| *********子动态开始*********
2026-08-20 16:46:06,391|line:814| *********子动态结束*********
2026-08-20 16:46:06,392|line:968| -=-=-=-=处理回最初的动态-=-=-=-=
2026-08-20 16:46:13,495|line:909| 转发成功 1238694222067924993
2026-08-20 16:46:16,970|line:925| 评论发送成功
2026-08-20 16:46:21,318|line:859| 100680137 === 已经关注了
2026-08-20 16:46:24,642|line:934| 动态-点赞 OK
2026-08-20 16:46:27,642|line:950| https://t.bilibili.com/1238331877095374850
2026-08-20 16:46:29,026|line:763| =========此为源动态=========
2026-08-20 16:46:29,026|line:784| *********子动态开始*********
2026-08-20 16:46:37,130|line:814| *********子动态结束*********
2026-08-20 16:46:37,130|line:968| -=-=-=-=处理回最初的动态-=-=-=-=
2026-08-20 16:46:46,242|line:909| 转发成功 1238694363790311426
2026-08-20 16:46:49,617|line:925| 评论发送成功
2026-08-20 16:46:51,977|line:859| 100680137 === 已经关注了
2026-08-20 16:46:55,287|line:934| 动态-点赞 OK
2026-08-20 16:46:56,287|line:950| https://t.bilibili.com/1238481309776478280
2026-08-20 16:46:57,593|line:763| =========此为源动态=========
2026-08-20 16:46:57,593|line:784| *********子动态开始*********
2026-08-20 16:47:08,659|line:814| *********子动态结束*********
2026-08-20 16:47:08,659|line:968| -=-=-=-=处理回最初的动态-=-=-=-=
2026-08-20 16:47:18,824|line:909| 转发成功 1238694501183127576
2026-08-20 16:47:22,216|line:925| 评论发送成功
2026-08-20 16:47:25,556|line:859| 449658972 === 已经关注了
2026-08-20 16:47:28,923|line:934| 动态-点赞 OK
2026-08-20 16:47:30,923|line:950| https://t.bilibili.com/1238465871499755541
2026-08-20 16:47:32,275|line:763| =========此为源动态=========
2026-08-20 16:47:32,275|line:784| *********子动态开始*********
2026-08-20 16:47:40,395|line:814| *********子动态结束*********
2026-08-20 16:47:40,395|line:968| -=-=-=-=处理回最初的动态-=-=-=-=
2026-08-20 16:47:49,445|line:909| 转发成功 1238694634350182407
2026-08-20 16:47:52,997|line:925| 评论发送成功
2026-08-20 16:47:56,555|line:859| 238623328 === 已经关注了
2026-08-20 16:47:59,859|line:934| 动态-点赞 OK
2026-08-20 16:48:03,860|line:950| https://t.bilibili.com/1238182596957962263
2026-08-20 16:48:07,247|line:763| =========此为源动态=========
2026-08-20 16:48:07,247|line:784| *********子动态开始*********
2026-08-20 16:48:16,384|line:814| *********子动态结束*********
2026-08-20 16:48:16,384|line:968| -=-=-=-=处理回最初的动态-=-=-=-=
2026-08-20 16:48:27,545|line:909| 转发成功 1238694797587251220
2026-08-20 16:48:30,968|line:925| 评论发送成功
2026-08-20 16:48:33,345|line:859| 348632860 === 已经关注了
2026-08-20 16:48:36,707|line:934| 动态-点赞 OK
2026-08-20 16:48:40,708|line:950| https://t.bilibili.com/1238127226258456581
2026-08-20 16:48:44,058|line:763| =========此为源动态=========
2026-08-20 16:48:44,058|line:784| *********子动态开始*********
2026-08-20 16:48:52,141|line:814| *********子动态结束*********
2026-08-20 16:48:52,142|line:968| -=-=-=-=处理回最初的动态-=-=-=-=
2026-08-20 16:49:01,245|line:909| 转发成功 1238694943621382153
2026-08-20 16:49:04,641|line:925| 评论发送成功
2026-08-20 16:49:05,995|line:859| 3850213 === 已经关注了
2026-08-20 16:49:09,307|line:934| 动态-点赞 OK
2026-08-20 16:49:10,308|line:950| https://t.bilibili.com/1238554884684382231
2026-08-20 16:49:14,643|line:763| =========此为源动态=========
2026-08-20 16:49:14,644|line:784| *********子动态开始*********
2026-08-20 16:49:24,847|line:814| *********子动态结束*********
2026-08-20 16:49:24,848|line:968| -=-=-=-=处理回最初的动态-=-=-=-=
2026-08-20 16:49:35,952|line:909| 转发成功 1238695089648173108
2026-08-20 16:49:39,351|line:925| 评论发送成功
2026-08-20 16:49:45,087|line:871| 关注 ==== 18769441 OK
2026-08-20 16:49:48,401|line:934| 动态-点赞 OK
2026-08-20 16:49:49,402|line:950| https://t.bilibili.com/1238528625309908994
2026-08-20 16:49:51,743|line:763| =========此为源动态=========
2026-08-20 16:49:51,743|line:784| *********子动态开始*********
2026-08-20 16:49:59,830|line:814| *********子动态结束*********
2026-08-20 16:49:59,831|line:968| -=-=-=-=处理回最初的动态-=-=-=-=
2026-08-20 16:50:08,885|line:909| 转发成功 1238695231328616485
2026-08-20 16:50:12,266|line:925| 评论发送成功
2026-08-20 16:50:16,622|line:859| 3546710322186667 === 已经关注了
2026-08-20 16:50:19,989|line:934| 动态-点赞 OK
2026-08-20 16:50:23,990|line:950| https://t.bilibili.com/1238546969059655689
2026-08-20 16:50:25,323|line:763| =========此为源动态=========
2026-08-20 16:50:25,323|line:784| *********子动态开始*********
2026-08-20 16:50:32,369|line:814| *********子动态结束*********
2026-08-20 16:50:32,370|line:968| -=-=-=-=处理回最初的动态-=-=-=-=
2026-08-20 16:50:43,433|line:909| 转发成功 1238695381696512003
2026-08-20 16:50:46,795|line:925| 评论发送成功
2026-08-20 16:50:49,199|line:859| 410910599 === 已经关注了
2026-08-20 16:50:52,511|line:934| 动态-点赞 OK
2026-08-20 16:50:54,511|line:950| https://t.bilibili.com/1238566350107967492
2026-08-20 16:50:55,832|line:763| =========此为源动态=========
2026-08-20 16:50:55,832|line:784| *********子动态开始*********
2026-08-20 16:51:04,953|line:814| *********子动态结束*********
2026-08-20 16:51:04,953|line:968| -=-=-=-=处理回最初的动态-=-=-=-=
2026-08-20 16:51:16,187|line:909| 转发成功 1238695519105056769
2026-08-20 16:51:19,557|line:925| 评论发送成功
2026-08-20 16:51:22,903|line:859| 1930420310 === 已经关注了
2026-08-20 16:51:26,215|line:934| 动态-点赞 OK
2026-08-20 16:51:29,216|line:950| https://t.bilibili.com/1238574085347213314
2026-08-20 16:51:33,572|line:763| =========此为源动态=========
2026-08-20 16:51:33,572|line:784| *********子动态开始*********
2026-08-20 16:51:43,660|line:814| *********子动态结束*********
2026-08-20 16:51:43,660|line:968| -=-=-=-=处理回最初的动态-=-=-=-=
2026-08-20 16:51:49,815|line:909| 转发成功 1238695665170645031
2026-08-20 16:51:53,228|line:925| 评论发送成功
2026-08-20 16:51:57,586|line:859| 481429887 === 已经关注了
2026-08-20 16:52:00,946|line:934| 动态-点赞 OK
2026-08-20 16:52:02,947|line:950| https://t.bilibili.com/1238554846073716761
2026-08-20 16:52:04,328|line:763| =========此为源动态=========
2026-08-20 16:52:04,328|line:784| *********子动态开始*********
2026-08-20 16:52:12,482|line:814| *********子动态结束*********
2026-08-20 16:52:12,483|line:968| -=-=-=-=处理回最初的动态-=-=-=-=
2026-08-20 16:52:19,667|line:909| 转发成功 1238695793984012326
2026-08-20 16:52:23,198|line:925| 评论发送成功
2026-08-20 16:52:25,602|line:859| 873668 === 已经关注了
2026-08-20 16:52:28,914|line:934| 动态-点赞 OK
2026-08-20 16:52:30,915|line:950| https://t.bilibili.com/1238559905546240020
2026-08-20 16:52:32,271|line:763| =========此为源动态=========
2026-08-20 16:52:32,271|line:784| *********子动态开始*********
2026-08-20 16:52:40,383|line:814| *********子动态结束*********
2026-08-20 16:52:40,383|line:968| -=-=-=-=处理回最初的动态-=-=-=-=
2026-08-20 16:52:50,433|line:909| 转发成功 1238695927140581384
2026-08-20 16:52:53,829|line:925| 评论发送成功
2026-08-20 16:52:57,196|line:859| 19177966 === 已经关注了
2026-08-20 16:53:00,564|line:934| 动态-点赞 OK
2026-08-20 16:53:04,565|line:950| https://t.bilibili.com/1238556065853866002
2026-08-20 16:53:08,858|line:345| -352
2026-08-20 16:53:11,154|line:345| -352
2026-08-20 16:53:12,483|line:345| -352
2026-08-20 16:53:14,824|line:345| -352
2026-08-20 16:53:18,128|line:345| -352
2026-08-20 16:53:18,128|line:769| ('GET请求失败', 'https://api.bilibili.com/x/polymer/web-dynamic/v1/detail?timezone_offset=-480&id=1238556065853866002&features=itemOpusStyle')
2026-08-20 16:53:18,128|line:770| error line:751
2026-08-20 16:53:18,129|line:964| *#*#*#*#*#*#*#*#*#*原动态处理失败*#*#*#*#*#*#*#*#*#
2026-08-20 16:53:18,130|line:950| https://t.bilibili.com/1238521727566217280
2026-08-20 16:53:19,427|line:345| -352
2026-08-20 16:53:21,782|line:957| 官方 或 预约 OUT！
2026-08-20 16:53:21,783|line:950| https://t.bilibili.com/1238552702851481621
2026-08-20 16:53:26,089|line:345| -352
2026-08-20 16:53:29,385|line:345| -352
2026-08-20 16:53:30,693|line:345| -352
2026-08-20 16:53:31,971|line:345| -352
2026-08-20 16:53:33,302|line:345| -352
2026-08-20 16:53:33,302|line:769| ('GET请求失败', 'https://api.bilibili.com/x/polymer/web-dynamic/v1/detail?timezone_offset=-480&id=1238552702851481621&features=itemOpusStyle')
2026-08-20 16:53:33,302|line:770| error line:751
2026-08-20 16:53:33,303|line:964| *#*#*#*#*#*#*#*#*#*原动态处理失败*#*#*#*#*#*#*#*#*#
2026-08-20 16:53:33,304|line:950| https://t.bilibili.com/1238539010496790536
2026-08-20 16:53:34,610|line:345| -352
2026-08-20 16:53:37,954|line:345| -352
2026-08-20 16:53:40,251|line:345| -352
2026-08-20 16:53:41,593|line:345| -352
2026-08-20 16:53:43,957|line:345| -352
2026-08-20 16:53:43,958|line:769| ('GET请求失败', 'https://api.bilibili.com/x/polymer/web-dynamic/v1/detail?timezone_offset=-480&id=1238539010496790536&features=itemOpusStyle')
2026-08-20 16:53:43,958|line:770| error line:751
2026-08-20 16:53:43,959|line:964| *#*#*#*#*#*#*#*#*#*原动态处理失败*#*#*#*#*#*#*#*#*#
2026-08-20 16:53:43,959|line:950| https://t.bilibili.com/1238514292999847940
2026-08-20 16:53:46,259|line:345| -352
2026-08-20 16:53:47,554|line:345| -352
2026-08-20 16:53:51,900|line:345| -352
2026-08-20 16:53:54,201|line:345| -352
2026-08-20 16:53:56,498|line:345| -352
2026-08-20 16:53:56,498|line:769| ('GET请求失败', 'https://api.bilibili.com/x/polymer/web-dynamic/v1/detail?timezone_offset=-480&id=1238514292999847940&features=itemOpusStyle')
2026-08-20 16:53:56,498|line:770| error line:751
2026-08-20 16:53:56,499|line:964| *#*#*#*#*#*#*#*#*#*原动态处理失败*#*#*#*#*#*#*#*#*#
2026-08-20 16:53:56,499|line:950| https://t.bilibili.com/1238485903226175496
2026-08-20 16:53:59,786|line:345| -352
2026-08-20 16:54:04,084|line:345| -352
2026-08-20 16:54:06,398|line:345| -352
2026-08-20 16:54:09,732|line:345| -352
2026-08-20 16:54:12,053|line:345| -352
2026-08-20 16:54:12,053|line:769| ('GET请求失败', 'https://api.bilibili.com/x/polymer/web-dynamic/v1/detail?timezone_offset=-480&id=1238485903226175496&features=itemOpusStyle')
2026-08-20 16:54:12,053|line:770| error line:751
2026-08-20 16:54:12,054|line:964| *#*#*#*#*#*#*#*#*#*原动态处理失败*#*#*#*#*#*#*#*#*#
2026-08-20 16:54:12,054|line:950| https://t.bilibili.com/1238465862927646816
2026-08-20 16:54:13,380|line:345| -352
2026-08-20 16:54:15,655|line:345| -352
2026-08-20 16:54:18,953|line:345| -352
2026-08-20 16:54:21,237|line:345| -352
2026-08-20 16:54:23,594|line:345| -352
2026-08-20 16:54:23,594|line:769| ('GET请求失败', 'https://api.bilibili.com/x/polymer/web-dynamic/v1/detail?timezone_offset=-480&id=1238465862927646816&features=itemOpusStyle')
2026-08-20 16:54:23,594|line:770| error line:751
2026-08-20 16:54:23,595|line:964| *#*#*#*#*#*#*#*#*#*原动态处理失败*#*#*#*#*#*#*#*#*#
2026-08-20 16:54:23,595|line:950| https://t.bilibili.com/1238496937030713369
2026-08-20 16:54:26,893|line:345| -352
2026-08-20 16:54:29,203|line:345| -352
2026-08-20 16:54:31,493|line:345| -352
2026-08-20 16:54:32,772|line:345| -352
2026-08-20 16:54:36,056|line:345| -352
2026-08-20 16:54:36,056|line:769| ('GET请求失败', 'https://api.bilibili.com/x/polymer/web-dynamic/v1/detail?timezone_offset=-480&id=1238496937030713369&features=itemOpusStyle')
2026-08-20 16:54:36,056|line:770| error line:751
2026-08-20 16:54:36,057|line:964| *#*#*#*#*#*#*#*#*#*原动态处理失败*#*#*#*#*#*#*#*#*#
2026-08-20 16:54:36,058|line:950| https://t.bilibili.com/1238475616778452998
2026-08-20 16:54:38,349|line:345| -352
2026-08-20 16:54:41,653|line:345| -352
2026-08-20 16:54:43,952|line:345| -352
2026-08-20 16:54:48,264|line:345| -352
2026-08-20 16:54:50,543|line:345| -352
2026-08-20 16:54:50,543|line:769| ('GET请求失败', 'https://api.bilibili.com/x/polymer/web-dynamic/v1/detail?timezone_offset=-480&id=1238475616778452998&features=itemOpusStyle')
2026-08-20 16:54:50,543|line:770| error line:751
2026-08-20 16:54:50,544|line:964| *#*#*#*#*#*#*#*#*#*原动态处理失败*#*#*#*#*#*#*#*#*#
2026-08-20 16:54:50,544|line:950| https://t.bilibili.com/1238461576562868241
2026-08-20 16:54:54,838|line:345| -352
2026-08-20 16:54:59,150|line:345| -352
2026-08-20 16:55:03,445|line:345| -352
2026-08-20 16:55:04,727|line:345| -352
2026-08-20 16:55:07,013|line:345| -352
2026-08-20 16:55:07,013|line:769| ('GET请求失败', 'https://api.bilibili.com/x/polymer/web-dynamic/v1/detail?timezone_offset=-480&id=1238461576562868241&features=itemOpusStyle')
2026-08-20 16:55:07,013|line:770| error line:751
2026-08-20 16:55:07,014|line:964| *#*#*#*#*#*#*#*#*#*原动态处理失败*#*#*#*#*#*#*#*#*#
2026-08-20 16:55:07,014|line:950| https://t.bilibili.com/1238092041883222017
2026-08-20 16:55:09,338|line:345| -352
2026-08-20 16:55:13,648|line:345| -352
2026-08-20 16:55:14,991|line:345| -352
2026-08-20 16:55:16,269|line:345| -352
2026-08-20 16:55:19,566|line:345| -352
2026-08-20 16:55:19,567|line:769| ('GET请求失败', 'https://api.bilibili.com/x/polymer/web-dynamic/v1/detail?timezone_offset=-480&id=1238092041883222017&features=itemOpusStyle')
2026-08-20 16:55:19,567|line:770| error line:751
2026-08-20 16:55:19,567|line:964| *#*#*#*#*#*#*#*#*#*原动态处理失败*#*#*#*#*#*#*#*#*#
2026-08-20 16:55:19,568|line:950| https://t.bilibili.com/1238465847872192515
2026-08-20 16:55:23,944|line:345| -352
2026-08-20 16:55:28,269|line:345| -352
2026-08-20 16:55:29,601|line:345| -352
2026-08-20 16:55:31,938|line:345| -352
2026-08-20 16:55:33,245|line:345| -352
2026-08-20 16:55:33,245|line:769| ('GET请求失败', 'https://api.bilibili.com/x/polymer/web-dynamic/v1/detail?timezone_offset=-480&id=1238465847872192515&features=itemOpusStyle')
2026-08-20 16:55:33,245|line:770| error line:751
2026-08-20 16:55:33,246|line:964| *#*#*#*#*#*#*#*#*#*原动态处理失败*#*#*#*#*#*#*#*#*#
2026-08-20 16:55:33,246|line:950| https://t.bilibili.com/1238466060522356752
2026-08-20 16:55:37,579|line:345| -352
2026-08-20 16:55:38,864|line:345| -352
2026-08-20 16:55:41,200|line:345| -352
2026-08-20 16:55:44,498|line:345| -352
2026-08-20 16:55:48,821|line:345| -352
2026-08-20 16:55:48,822|line:769| ('GET请求失败', 'https://api.bilibili.com/x/polymer/web-dynamic/v1/detail?timezone_offset=-480&id=1238466060522356752&features=itemOpusStyle')
2026-08-20 16:55:48,822|line:770| error line:751
2026-08-20 16:55:48,823|line:964| *#*#*#*#*#*#*#*#*#*原动态处理失败*#*#*#*#*#*#*#*#*#
2026-08-20 16:55:48,823|line:950| https://t.bilibili.com/1238450386017189961
2026-08-20 16:55:53,103|line:345| -352
2026-08-20 16:55:55,389|line:345| -352
2026-08-20 16:55:57,712|line:345| -352
2026-08-20 16:56:00,008|line:345| -352
2026-08-20 16:56:02,337|line:345| -352
2026-08-20 16:56:02,337|line:769| ('GET请求失败', 'https://api.bilibili.com/x/polymer/web-dynamic/v1/detail?timezone_offset=-480&id=1238450386017189961&features=itemOpusStyle')
2026-08-20 16:56:02,337|line:770| error line:751
2026-08-20 16:56:02,338|line:964| *#*#*#*#*#*#*#*#*#*原动态处理失败*#*#*#*#*#*#*#*#*#
2026-08-20 16:56:02,338|line:950| https://t.bilibili.com/1238102727744028681
2026-08-20 16:56:03,631|line:345| -352
2026-08-20 16:56:07,916|line:345| -352
2026-08-20 16:56:11,215|line:345| -352
2026-08-20 16:56:13,511|line:345| -352
2026-08-20 16:56:15,801|line:345| -352
2026-08-20 16:56:15,801|line:769| ('GET请求失败', 'https://api.bilibili.com/x/polymer/web-dynamic/v1/detail?timezone_offset=-480&id=1238102727744028681&features=itemOpusStyle')
2026-08-20 16:56:15,801|line:770| error line:751
2026-08-20 16:56:15,802|line:964| *#*#*#*#*#*#*#*#*#*原动态处理失败*#*#*#*#*#*#*#*#*#
2026-08-20 16:56:15,803|line:950| https://t.bilibili.com/1238063838952161301
2026-08-20 16:56:19,075|line:345| -352
2026-08-20 16:56:21,380|line:345| -352
2026-08-20 16:56:24,712|line:345| -352
2026-08-20 16:56:28,017|line:345| -352
2026-08-20 16:56:29,671|line:345| -352
2026-08-20 16:56:29,671|line:769| ('GET请求失败', 'https://api.bilibili.com/x/polymer/web-dynamic/v1/detail?timezone_offset=-480&id=1238063838952161301&features=itemOpusStyle')
2026-08-20 16:56:29,672|line:770| error line:751
2026-08-20 16:56:29,672|line:964| *#*#*#*#*#*#*#*#*#*原动态处理失败*#*#*#*#*#*#*#*#*#
2026-08-20 16:56:29,673|line:950| https://t.bilibili.com/1238280784204267524
2026-08-20 16:56:31,993|line:345| -352
2026-08-20 16:56:34,295|line:345| -352
2026-08-20 16:56:36,591|line:345| -352
2026-08-20 16:56:40,895|line:345| -352
2026-08-20 16:56:43,171|line:345| -352
2026-08-20 16:56:43,172|line:769| ('GET请求失败', 'https://api.bilibili.com/x/polymer/web-dynamic/v1/detail?timezone_offset=-480&id=1238280784204267524&features=itemOpusStyle')
2026-08-20 16:56:43,172|line:770| error line:751
2026-08-20 16:56:43,173|line:964| *#*#*#*#*#*#*#*#*#*原动态处理失败*#*#*#*#*#*#*#*#*#
2026-08-20 16:56:43,173|line:950| https://t.bilibili.com/1238307975639072792
2026-08-20 16:56:45,496|line:345| -352
2026-08-20 16:56:46,777|line:345| -352
2026-08-20 16:56:50,086|line:345| -352
2026-08-20 16:56:52,382|line:345| -352
2026-08-20 16:56:53,684|line:345| -352
2026-08-20 16:56:53,684|line:769| ('GET请求失败', 'https://api.bilibili.com/x/polymer/web-dynamic/v1/detail?timezone_offset=-480&id=1238307975639072792&features=itemOpusStyle')
2026-08-20 16:56:53,684|line:770| error line:751
2026-08-20 16:56:53,685|line:964| *#*#*#*#*#*#*#*#*#*原动态处理失败*#*#*#*#*#*#*#*#*#
2026-08-20 16:56:53,685|line:950| https://t.bilibili.com/1238094762739761161
2026-08-20 16:56:55,981|line:345| -352
2026-08-20 16:56:58,261|line:345| -352
2026-08-20 16:57:00,553|line:345| -352
2026-08-20 16:57:02,872|line:345| -352
2026-08-20 16:57:06,148|line:345| -352
2026-08-20 16:57:06,148|line:769| ('GET请求失败', 'https://api.bilibili.com/x/polymer/web-dynamic/v1/detail?timezone_offset=-480&id=1238094762739761161&features=itemOpusStyle')
2026-08-20 16:57:06,148|line:770| error line:751
2026-08-20 16:57:06,149|line:964| *#*#*#*#*#*#*#*#*#*原动态处理失败*#*#*#*#*#*#*#*#*#
2026-08-20 16:57:06,149|line:950| https://t.bilibili.com/1238282678287990786
2026-08-20 16:57:07,448|line:345| -352
2026-08-20 16:57:11,791|line:345| -352
2026-08-20 16:57:16,066|line:345| -352
2026-08-20 16:57:17,378|line:345| -352
2026-08-20 16:57:18,679|line:345| -352
2026-08-20 16:57:18,679|line:769| ('GET请求失败', 'https://api.bilibili.com/x/polymer/web-dynamic/v1/detail?timezone_offset=-480&id=1238282678287990786&features=itemOpusStyle')
2026-08-20 16:57:18,679|line:770| error line:751
2026-08-20 16:57:18,680|line:964| *#*#*#*#*#*#*#*#*#*原动态处理失败*#*#*#*#*#*#*#*#*#
2026-08-20 16:57:18,680|line:950| https://t.bilibili.com/1236270260621934601
2026-08-20 16:57:19,977|line:345| -352
2026-08-20 16:57:23,275|line:345| -352
2026-08-20 16:57:25,599|line:345| -352
2026-08-20 16:57:26,911|line:345| -352
2026-08-20 16:57:30,200|line:345| -352
2026-08-20 16:57:30,200|line:769| ('GET请求失败', 'https://api.bilibili.com/x/polymer/web-dynamic/v1/detail?timezone_offset=-480&id=1236270260621934601&features=itemOpusStyle')
2026-08-20 16:57:30,200|line:770| error line:751
2026-08-20 16:57:30,201|line:964| *#*#*#*#*#*#*#*#*#*原动态处理失败*#*#*#*#*#*#*#*#*#
2026-08-20 16:57:30,201|line:950| https://t.bilibili.com/1238236666257211427
2026-08-20 16:57:32,489|line:345| -352
2026-08-20 16:57:36,802|line:345| -352
2026-08-20 16:57:39,110|line:345| -352
2026-08-20 16:57:41,443|line:345| -352
2026-08-20 16:57:44,750|line:345| -352
2026-08-20 16:57:44,750|line:769| ('GET请求失败', 'https://api.bilibili.com/x/polymer/web-dynamic/v1/detail?timezone_offset=-480&id=1238236666257211427&features=itemOpusStyle')
2026-08-20 16:57:44,750|line:770| error line:751
2026-08-20 16:57:44,751|line:964| *#*#*#*#*#*#*#*#*#*原动态处理失败*#*#*#*#*#*#*#*#*#
2026-08-20 16:57:44,752|line:950| https://t.bilibili.com/1238249381570805794
2026-08-20 16:57:49,039|line:345| -352
2026-08-20 16:57:50,346|line:345| -352
2026-08-20 16:57:54,645|line:345| -352
2026-08-20 16:57:56,946|line:345| -352
2026-08-20 16:57:59,233|line:345| -352
2026-08-20 16:57:59,233|line:769| ('GET请求失败', 'https://api.bilibili.com/x/polymer/web-dynamic/v1/detail?timezone_offset=-480&id=1238249381570805794&features=itemOpusStyle')
2026-08-20 16:57:59,233|line:770| error line:751
2026-08-20 16:57:59,234|line:964| *#*#*#*#*#*#*#*#*#*原动态处理失败*#*#*#*#*#*#*#*#*#
2026-08-20 16:57:59,234|line:950| https://t.bilibili.com/1238249568381960224
2026-08-20 16:58:03,514|line:345| -352
2026-08-20 16:58:07,814|line:345| -352
2026-08-20 16:58:10,165|line:345| -352
2026-08-20 16:58:11,488|line:345| -352
2026-08-20 16:58:14,866|line:345| -352
2026-08-20 16:58:14,866|line:769| ('GET请求失败', 'https://api.bilibili.com/x/polymer/web-dynamic/v1/detail?timezone_offset=-480&id=1238249568381960224&features=itemOpusStyle')
2026-08-20 16:58:14,866|line:770| error line:751
2026-08-20 16:58:14,867|line:964| *#*#*#*#*#*#*#*#*#*原动态处理失败*#*#*#*#*#*#*#*#*#
2026-08-20 16:58:14,868|line:950| https://t.bilibili.com/1238597795754016774
2026-08-20 16:58:16,272|line:345| -352
2026-08-20 16:58:18,571|line:345| -352
2026-08-20 16:58:19,846|line:345| -352
2026-08-20 16:58:24,248|line:345| -352
2026-08-20 16:58:25,548|line:345| -352
2026-08-20 16:58:25,548|line:769| ('GET请求失败', 'https://api.bilibili.com/x/polymer/web-dynamic/v1/detail?timezone_offset=-480&id=1238597795754016774&features=itemOpusStyle')
2026-08-20 16:58:25,549|line:770| error line:751
2026-08-20 16:58:25,550|line:964| *#*#*#*#*#*#*#*#*#*原动态处理失败*#*#*#*#*#*#*#*#*#
2026-08-20 16:58:25,550|line:950| https://t.bilibili.com/1238592229451235329
2026-08-20 16:58:27,859|line:345| -352
2026-08-20 16:58:31,143|line:345| -352
2026-08-20 16:58:35,465|line:345| -352
2026-08-20 16:58:39,790|line:345| -352
2026-08-20 16:58:43,103|line:345| -352
2026-08-20 16:58:43,103|line:769| ('GET请求失败', 'https://api.bilibili.com/x/polymer/web-dynamic/v1/detail?timezone_offset=-480&id=1238592229451235329&features=itemOpusStyle')
2026-08-20 16:58:43,103|line:770| error line:751
2026-08-20 16:58:43,104|line:964| *#*#*#*#*#*#*#*#*#*原动态处理失败*#*#*#*#*#*#*#*#*#
2026-08-20 16:58:43,104|line:950| https://t.bilibili.com/1238267487003344932
2026-08-20 16:58:44,411|line:345| -352
2026-08-20 16:58:48,735|line:345| -352
2026-08-20 16:58:52,033|line:345| -352
2026-08-20 16:58:56,309|line:345| -352
2026-08-20 16:58:58,598|line:345| -352
2026-08-20 16:58:58,598|line:769| ('GET请求失败', 'https://api.bilibili.com/x/polymer/web-dynamic/v1/detail?timezone_offset=-480&id=1238267487003344932&features=itemOpusStyle')
2026-08-20 16:58:58,598|line:770| error line:751
2026-08-20 16:58:58,599|line:964| *#*#*#*#*#*#*#*#*#*原动态处理失败*#*#*#*#*#*#*#*#*#
2026-08-20 16:58:58,599|line:950| https://t.bilibili.com/1238600454294732888
2026-08-20 16:58:59,885|line:345| -352
2026-08-20 16:59:02,183|line:345| -352
2026-08-20 16:59:06,488|line:345| -352
2026-08-20 16:59:10,791|line:345| -352
2026-08-20 16:59:15,136|line:345| -352
2026-08-20 16:59:15,136|line:769| ('GET请求失败', 'https://api.bilibili.com/x/polymer/web-dynamic/v1/detail?timezone_offset=-480&id=1238600454294732888&features=itemOpusStyle')
2026-08-20 16:59:15,137|line:770| error line:751
2026-08-20 16:59:15,138|line:964| *#*#*#*#*#*#*#*#*#*原动态处理失败*#*#*#*#*#*#*#*#*#
2026-08-20 16:59:15,138|line:950| https://t.bilibili.com/1238496771674472466
2026-08-20 16:59:18,456|line:345| -352
2026-08-20 16:59:22,747|line:345| -352
2026-08-20 16:59:25,043|line:345| -352
2026-08-20 16:59:28,336|line:345| -352
2026-08-20 16:59:32,619|line:345| -352
2026-08-20 16:59:32,619|line:769| ('GET请求失败', 'https://api.bilibili.com/x/polymer/web-dynamic/v1/detail?timezone_offset=-480&id=1238496771674472466&features=itemOpusStyle')
2026-08-20 16:59:32,620|line:770| error line:751
2026-08-20 16:59:32,620|line:964| *#*#*#*#*#*#*#*#*#*原动态处理失败*#*#*#*#*#*#*#*#*#
2026-08-20 16:59:32,621|line:950| https://t.bilibili.com/1238581852828073993
2026-08-20 16:59:33,913|line:345| -352
2026-08-20 16:59:38,200|line:345| -352
2026-08-20 16:59:40,493|line:345| -352
2026-08-20 16:59:44,783|line:345| -352
2026-08-20 16:59:47,088|line:345| -352
2026-08-20 16:59:47,088|line:769| ('GET请求失败', 'https://api.bilibili.com/x/polymer/web-dynamic/v1/detail?timezone_offset=-480&id=1238581852828073993&features=itemOpusStyle')
2026-08-20 16:59:47,088|line:770| error line:751
2026-08-20 16:59:47,089|line:964| *#*#*#*#*#*#*#*#*#*原动态处理失败*#*#*#*#*#*#*#*#*#
2026-08-20 16:59:47,090|line:950| https://t.bilibili.com/1238610521685491735
2026-08-20 16:59:50,415|line:345| -352
2026-08-20 16:59:53,754|line:345| -352
2026-08-20 16:59:56,065|line:345| -352
2026-08-20 16:59:58,351|line:345| -352
2026-08-20 17:00:00,655|line:345| -352
2026-08-20 17:00:00,655|line:769| ('GET请求失败', 'https://api.bilibili.com/x/polymer/web-dynamic/v1/detail?timezone_offset=-480&id=1238610521685491735&features=itemOpusStyle')
2026-08-20 17:00:00,656|line:770| error line:751
2026-08-20 17:00:00,656|line:964| *#*#*#*#*#*#*#*#*#*原动态处理失败*#*#*#*#*#*#*#*#*#
2026-08-20 17:00:00,657|line:950| https://t.bilibili.com/1238582333825613844
2026-08-20 17:00:02,975|line:345| -352
2026-08-20 17:00:05,344|line:345| -352
2026-08-20 17:00:06,620|line:345| -352
2026-08-20 17:00:07,923|line:345| -352
2026-08-20 17:00:11,221|line:345| -352
2026-08-20 17:00:11,221|line:769| ('GET请求失败', 'https://api.bilibili.com/x/polymer/web-dynamic/v1/detail?timezone_offset=-480&id=1238582333825613844&features=itemOpusStyle')
2026-08-20 17:00:11,222|line:770| error line:751
2026-08-20 17:00:11,223|line:964| *#*#*#*#*#*#*#*#*#*原动态处理失败*#*#*#*#*#*#*#*#*#
2026-08-20 17:00:11,223|line:950| https://t.bilibili.com/1238583523551477760
2026-08-20 17:00:12,520|line:345| -352
2026-08-20 17:00:16,876|line:345| -352
2026-08-20 17:00:20,158|line:345| -352
2026-08-20 17:00:23,446|line:345| -352
2026-08-20 17:00:25,794|line:345| -352
2026-08-20 17:00:25,794|line:769| ('GET请求失败', 'https://api.bilibili.com/x/polymer/web-dynamic/v1/detail?timezone_offset=-480&id=1238583523551477760&features=itemOpusStyle')
2026-08-20 17:00:25,794|line:770| error line:751
2026-08-20 17:00:25,795|line:964| *#*#*#*#*#*#*#*#*#*原动态处理失败*#*#*#*#*#*#*#*#*#
2026-08-20 17:00:25,795|line:950| https://t.bilibili.com/1238600188019343393
2026-08-20 17:00:27,101|line:345| -352
2026-08-20 17:00:28,378|line:345| -352
2026-08-20 17:00:29,680|line:345| -352
2026-08-20 17:00:31,979|line:345| -352
2026-08-20 17:00:36,276|line:345| -352
2026-08-20 17:00:36,276|line:769| ('GET请求失败', 'https://api.bilibili.com/x/polymer/web-dynamic/v1/detail?timezone_offset=-480&id=1238600188019343393&features=itemOpusStyle')
2026-08-20 17:00:36,276|line:770| error line:751
2026-08-20 17:00:36,277|line:964| *#*#*#*#*#*#*#*#*#*原动态处理失败*#*#*#*#*#*#*#*#*#
2026-08-20 17:00:36,277|line:950| https://t.bilibili.com/1238607581805543428
2026-08-20 17:00:37,587|line:345| -352
2026-08-20 17:00:39,939|line:345| -352
2026-08-20 17:00:44,222|line:345| -352
2026-08-20 17:00:46,524|line:345| -352
2026-08-20 17:00:47,862|line:345| -352
2026-08-20 17:00:47,863|line:769| ('GET请求失败', 'https://api.bilibili.com/x/polymer/web-dynamic/v1/detail?timezone_offset=-480&id=1238607581805543428&features=itemOpusStyle')
2026-08-20 17:00:47,863|line:770| error line:751
2026-08-20 17:00:47,864|line:964| *#*#*#*#*#*#*#*#*#*原动态处理失败*#*#*#*#*#*#*#*#*#
2026-08-20 17:00:47,864|line:950| https://t.bilibili.com/1238621040106536981
2026-08-20 17:00:52,142|line:345| -352
2026-08-20 17:00:55,416|line:345| -352
2026-08-20 17:00:59,707|line:345| -352
2026-08-20 17:01:03,015|line:345| -352
2026-08-20 17:01:07,347|line:763| =========此为源动态=========
2026-08-20 17:01:07,347|line:784| *********子动态开始*********
2026-08-20 17:01:16,431|line:814| *********子动态结束*********
2026-08-20 17:01:16,432|line:968| -=-=-=-=处理回最初的动态-=-=-=-=
2026-08-20 17:01:27,570|line:909| 转发成功 1238698147664887830
2026-08-20 17:01:30,957|line:925| 评论发送成功
2026-08-20 17:01:35,305|line:859| 382768290 === 已经关注了
2026-08-20 17:01:38,596|line:934| 动态-点赞 OK
2026-08-20 17:01:42,597|line:950| https://t.bilibili.com/1238589542967017472
2026-08-20 17:01:46,919|line:763| =========此为源动态=========
2026-08-20 17:01:46,919|line:784| *********子动态开始*********
2026-08-20 17:01:56,951|line:814| *********子动态结束*********
2026-08-20 17:01:56,951|line:968| -=-=-=-=处理回最初的动态-=-=-=-=
2026-08-20 17:02:03,968|line:909| 转发成功 1238698302256447542
2026-08-20 17:02:07,335|line:925| 评论发送成功
2026-08-20 17:02:09,693|line:859| 17236262 === 已经关注了
2026-08-20 17:02:13,011|line:934| 动态-点赞 OK
2026-08-20 17:02:16,012|line:950| https://t.bilibili.com/1238628197648564229
2026-08-20 17:02:19,317|line:763| =========此为源动态=========
2026-08-20 17:02:19,317|line:784| *********子动态开始*********
2026-08-20 17:02:24,358|line:814| *********子动态结束*********
2026-08-20 17:02:24,358|line:968| -=-=-=-=处理回最初的动态-=-=-=-=
2026-08-20 17:02:35,423|line:909| 转发成功 1238698439693303816
2026-08-20 17:02:38,800|line:925| 评论发送成功
2026-08-20 17:02:40,156|line:859| 39279965 === 已经关注了
2026-08-20 17:02:43,449|line:934| 动态-点赞 OK
2026-08-20 17:02:45,450|line:950| https://t.bilibili.com/1238177975539597328
2026-08-20 17:02:47,860|line:957| 官方 或 预约 OUT！
2026-08-20 17:02:47,860|line:950| https://t.bilibili.com/1238532748452298770
2026-08-20 17:02:49,234|line:758| =========此为子动态=========
2026-08-20 17:02:54,003|line:824| *************原动态处理开始***************
2026-08-20 17:03:01,729|line:909| 转发成功 1238698551369793539
2026-08-20 17:03:05,111|line:925| 评论发送成功
2026-08-20 17:03:08,535|line:859| 1521701206 === 已经关注了
2026-08-20 17:03:11,867|line:934| 动态-点赞 OK
2026-08-20 17:03:11,868|line:831| *************原动态处理完成***************
2026-08-20 17:03:11,868|line:784| *********子动态开始*********
2026-08-20 17:03:25,131|line:800| 恢复子动态 1238480392790474760
2026-08-20 17:03:34,353|line:909| 转发成功 1238698693111054354
2026-08-20 17:03:37,801|line:925| 评论发送成功
2026-08-20 17:03:42,412|line:859| 476645168 === 已经关注了
2026-08-20 17:03:42,413|line:809| ----完成一个子动态----
2026-08-20 17:03:47,009|line:800| 恢复子动态 1238452892106489859
2026-08-20 17:03:54,218|line:909| 转发成功 1238698779018788869
2026-08-20 17:03:57,645|line:925| 评论发送成功
2026-08-20 17:04:05,365|line:859| 2089637378 === 已经关注了
2026-08-20 17:04:05,365|line:809| ----完成一个子动态----
2026-08-20 17:04:06,878|line:800| 恢复子动态 1238461911543054371
2026-08-20 17:04:17,065|line:909| 转发成功 1238698873489195013
2026-08-20 17:04:20,466|line:925| 评论发送成功
2026-08-20 17:04:26,163|line:859| 1488064527 === 已经关注了
2026-08-20 17:04:26,164|line:809| ----完成一个子动态----
2026-08-20 17:04:29,610|line:800| 恢复子动态 1238459433381527552
2026-08-20 17:04:37,753|line:909| 转发成功 1238698963712868387
2026-08-20 17:04:41,197|line:925| 评论发送成功
2026-08-20 17:04:46,884|line:859| 342507763 === 已经关注了
2026-08-20 17:04:46,884|line:809| ----完成一个子动态----
2026-08-20 17:04:51,487|line:800| 恢复子动态 1238532748452298770
2026-08-20 17:04:59,599|line:909| 转发成功 1238699058151817216
2026-08-20 17:05:02,958|line:925| 评论发送成功
2026-08-20 17:05:08,603|line:859| 628831867 === 已经关注了
2026-08-20 17:05:08,603|line:809| ----完成一个子动态----
2026-08-20 17:05:12,064|line:800| 恢复子动态 1238559969925660673
2026-08-20 17:05:23,240|line:909| 转发成功 1238699161282412549
2026-08-20 17:05:26,631|line:925| 评论发送成功
2026-08-20 17:05:29,282|line:859| 340380931 === 已经关注了
2026-08-20 17:05:29,282|line:809| ----完成一个子动态----
2026-08-20 17:05:31,956|line:800| 恢复子动态 1238465854342955058
2026-08-20 17:05:42,099|line:909| 转发成功 1238699238592872471
2026-08-20 17:05:45,457|line:925| 评论发送成功
2026-08-20 17:05:49,071|line:859| 1221637505 === 已经关注了
2026-08-20 17:05:49,071|line:809| ----完成一个子动态----
2026-08-20 17:05:53,508|line:800| 恢复子动态 1238454172004646914
2026-08-20 17:06:02,610|line:909| 转发成功 1238699328786137105
2026-08-20 17:06:06,006|line:925| 评论发送成功
2026-08-20 17:06:08,658|line:859| 1864084681 === 已经关注了
2026-08-20 17:06:08,658|line:809| ----完成一个子动态----
2026-08-20 17:06:08,659|line:814| *********子动态结束*********
2026-08-20 17:06:09,659|line:950| https://t.bilibili.com/1238559969925660673
2026-08-20 17:06:09,659|line:952| 已有
2026-08-20 17:06:09,659|line:950| https://t.bilibili.com/1238561623544692758
2026-08-20 17:06:11,999|line:345| -352
2026-08-20 17:06:13,306|line:345| -352
2026-08-20 17:06:15,607|line:345| -352
2026-08-20 17:06:18,896|line:345| -352
2026-08-20 17:06:22,180|line:345| -352
2026-08-20 17:06:22,180|line:769| ('GET请求失败', 'https://api.bilibili.com/x/polymer/web-dynamic/v1/detail?timezone_offset=-480&id=1238561623544692758&features=itemOpusStyle')
2026-08-20 17:06:22,181|line:770| error line:751
2026-08-20 17:06:22,182|line:964| *#*#*#*#*#*#*#*#*#*原动态处理失败*#*#*#*#*#*#*#*#*#
2026-08-20 17:06:22,182|line:950| https://t.bilibili.com/1238543692038406145
2026-08-20 17:06:24,539|line:957| 官方 或 预约 OUT！
2026-08-20 17:06:24,539|line:950| https://t.bilibili.com/1238529707640619010
2026-08-20 17:06:26,816|line:345| -352
2026-08-20 17:06:29,135|line:345| -352
2026-08-20 17:06:31,439|line:345| -352
2026-08-20 17:06:35,718|line:345| -352
2026-08-20 17:06:38,992|line:345| -352
2026-08-20 17:06:38,993|line:769| ('GET请求失败', 'https://api.bilibili.com/x/polymer/web-dynamic/v1/detail?timezone_offset=-480&id=1238529707640619010&features=itemOpusStyle')
2026-08-20 17:06:38,993|line:770| error line:751
2026-08-20 17:06:38,994|line:964| *#*#*#*#*#*#*#*#*#*原动态处理失败*#*#*#*#*#*#*#*#*#
2026-08-20 17:06:38,994|line:950| https://t.bilibili.com/1238158815688392720
2026-08-20 17:06:43,298|line:345| -352
2026-08-20 17:06:46,607|line:345| -352
2026-08-20 17:06:49,964|line:345| -352
2026-08-20 17:06:54,305|line:345| -352
2026-08-20 17:06:55,603|line:345| -352
2026-08-20 17:06:55,603|line:769| ('GET请求失败', 'https://api.bilibili.com/x/polymer/web-dynamic/v1/detail?timezone_offset=-480&id=1238158815688392720&features=itemOpusStyle')
2026-08-20 17:06:55,603|line:770| error line:751
2026-08-20 17:06:55,604|line:964| *#*#*#*#*#*#*#*#*#*原动态处理失败*#*#*#*#*#*#*#*#*#
2026-08-20 17:06:55,604|line:950| https://t.bilibili.com/1238459433381527552
2026-08-20 17:06:55,604|line:952| 已有
2026-08-20 17:06:55,604|line:950| https://t.bilibili.com/1238512519152140293
2026-08-20 17:06:58,122|line:345| -352
2026-08-20 17:07:01,404|line:345| -352
2026-08-20 17:07:05,705|line:345| -352
2026-08-20 17:07:08,981|line:345| -352
2026-08-20 17:07:12,303|line:345| -352
2026-08-20 17:07:12,303|line:769| ('GET请求失败', 'https://api.bilibili.com/x/polymer/web-dynamic/v1/detail?timezone_offset=-480&id=1238512519152140293&features=itemOpusStyle')
2026-08-20 17:07:12,303|line:770| error line:751
2026-08-20 17:07:12,304|line:964| *#*#*#*#*#*#*#*#*#*原动态处理失败*#*#*#*#*#*#*#*#*#
2026-08-20 17:07:12,305|line:950| https://t.bilibili.com/1238490709340717060
2026-08-20 17:07:14,586|line:345| -352
2026-08-20 17:07:18,876|line:345| -352
2026-08-20 17:07:20,158|line:345| -352
2026-08-20 17:07:22,485|line:345| -352
2026-08-20 17:07:25,810|line:345| -352
2026-08-20 17:07:25,810|line:769| ('GET请求失败', 'https://api.bilibili.com/x/polymer/web-dynamic/v1/detail?timezone_offset=-480&id=1238490709340717060&features=itemOpusStyle')
2026-08-20 17:07:25,810|line:770| error line:751
2026-08-20 17:07:25,811|line:964| *#*#*#*#*#*#*#*#*#*原动态处理失败*#*#*#*#*#*#*#*#*#
2026-08-20 17:07:25,812|line:950| https://t.bilibili.com/1238452892106489859
2026-08-20 17:07:25,812|line:952| 已有
2026-08-20 17:07:25,812|line:950| https://t.bilibili.com/1238454172004646914
2026-08-20 17:07:25,812|line:952| 已有
2026-08-20 17:07:25,812|line:950| https://t.bilibili.com/1238461911543054371
2026-08-20 17:07:25,812|line:952| 已有
2026-08-20 17:07:25,812|line:950| https://t.bilibili.com/1238465854342955058
2026-08-20 17:07:25,812|line:952| 已有
2026-08-20 17:07:25,812|line:950| https://t.bilibili.com/1238476956810346512
2026-08-20 17:07:30,094|line:345| -352
2026-08-20 17:07:32,422|line:345| -352
2026-08-20 17:07:36,704|line:345| -352
2026-08-20 17:07:38,028|line:345| -352
2026-08-20 17:07:40,356|line:345| -352
2026-08-20 17:07:40,356|line:769| ('GET请求失败', 'https://api.bilibili.com/x/polymer/web-dynamic/v1/detail?timezone_offset=-480&id=1238476956810346512&features=itemOpusStyle')
2026-08-20 17:07:40,357|line:770| error line:751
2026-08-20 17:07:40,357|line:964| *#*#*#*#*#*#*#*#*#*原动态处理失败*#*#*#*#*#*#*#*#*#
2026-08-20 17:07:40,358|line:950| https://t.bilibili.com/1238480392790474760
2026-08-20 17:07:40,358|line:952| 已有
2026-08-20 17:07:40,358|line:950| https://t.bilibili.com/1238276905859285025
2026-08-20 17:07:42,663|line:345| -352
2026-08-20 17:07:44,993|line:345| -352
2026-08-20 17:07:47,306|line:345| -352
2026-08-20 17:07:50,641|line:345| -352
2026-08-20 17:07:53,942|line:345| -352
2026-08-20 17:07:53,942|line:769| ('GET请求失败', 'https://api.bilibili.com/x/polymer/web-dynamic/v1/detail?timezone_offset=-480&id=1238276905859285025&features=itemOpusStyle')
2026-08-20 17:07:53,942|line:770| error line:751
2026-08-20 17:07:53,943|line:964| *#*#*#*#*#*#*#*#*#*原动态处理失败*#*#*#*#*#*#*#*#*#
2026-08-20 17:07:53,943|line:950| https://t.bilibili.com/1238276811318624265
2026-08-20 17:07:57,262|line:345| -352
2026-08-20 17:07:59,540|line:345| -352
2026-08-20 17:08:02,852|line:345| -352
2026-08-20 17:08:04,162|line:345| -352
2026-08-20 17:08:06,495|line:345| -352
2026-08-20 17:08:06,495|line:769| ('GET请求失败', 'https://api.bilibili.com/x/polymer/web-dynamic/v1/detail?timezone_offset=-480&id=1238276811318624265&features=itemOpusStyle')
2026-08-20 17:08:06,495|line:770| error line:751
2026-08-20 17:08:06,497|line:964| *#*#*#*#*#*#*#*#*#*原动态处理失败*#*#*#*#*#*#*#*#*#
2026-08-20 17:08:06,497|line:983| 执行结束
2026-08-20 17:08:06,497|line:988| 执行失败，错误数量为42
2026-08-20 17:08:06,497|line:990| ==================================================2026-08-21 01:08==================================================
2026-08-20 17:08:06,497|line:453| processing article 52490256
2026-08-20 17:08:06,822|line:417| 获取 Article 结构化正文失败 52490256: -509 请求过于频繁，请稍后再试
2026-08-20 17:08:08,158|line:938| ==================================================2026-08-21 01:08==================================================
2026-08-20 17:08:08,159|line:950| https://t.bilibili.com/1224854467309993993
2026-08-20 17:08:08,159|line:952| 已有
2026-08-20 17:08:08,159|line:950| https://t.bilibili.com/1227157609149104130
2026-08-20 17:08:08,159|line:952| 已有
2026-08-20 17:08:08,159|line:950| https://t.bilibili.com/1225602319919349764
2026-08-20 17:08:08,159|line:952| 已有
2026-08-20 17:08:08,159|line:950| https://t.bilibili.com/1232309469667393556
2026-08-20 17:08:08,159|line:952| 已有
2026-08-20 17:08:08,159|line:950| https://t.bilibili.com/1234410090970218515
2026-08-20 17:08:08,159|line:952| 已有
2026-08-20 17:08:08,159|line:950| https://t.bilibili.com/1238194012991520801
2026-08-20 17:08:08,159|line:952| 已有
2026-08-20 17:08:08,160|line:950| https://t.bilibili.com/1238194618551500808
2026-08-20 17:08:08,160|line:952| 已有
2026-08-20 17:08:08,160|line:950| https://t.bilibili.com/1237967973119950852
2026-08-20 17:08:08,160|line:952| 已有
2026-08-20 17:08:08,160|line:950| https://t.bilibili.com/1238094762714595353
2026-08-20 17:08:08,160|line:952| 已有
2026-08-20 17:08:08,160|line:950| https://t.bilibili.com/1237821922743418899
2026-08-20 17:08:08,160|line:952| 已有
2026-08-20 17:08:08,160|line:950| https://t.bilibili.com/1238203225691127811
2026-08-20 17:08:08,160|line:952| 已有
2026-08-20 17:08:08,160|line:950| https://t.bilibili.com/1238174513832656948
2026-08-20 17:08:08,160|line:952| 已有
2026-08-20 17:08:08,160|line:950| https://t.bilibili.com/1238193179766816793
2026-08-20 17:08:08,160|line:952| 已有
2026-08-20 17:08:08,160|line:950| https://t.bilibili.com/1238192647185629203
2026-08-20 17:08:08,160|line:952| 已有
2026-08-20 17:08:08,161|line:950| https://t.bilibili.com/1238165114279952388
2026-08-20 17:08:08,161|line:952| 已有
2026-08-20 17:08:08,161|line:950| https://t.bilibili.com/1238161212311601173
2026-08-20 17:08:08,161|line:952| 已有
2026-08-20 17:08:08,161|line:950| https://t.bilibili.com/1238172662671343664
2026-08-20 17:08:08,161|line:952| 已有
2026-08-20 17:08:08,161|line:950| https://t.bilibili.com/1238115913283141640
2026-08-20 17:08:08,161|line:952| 已有
2026-08-20 17:08:08,161|line:950| https://t.bilibili.com/1238116673522761782
2026-08-20 17:08:09,460|line:345| -352
2026-08-20 17:08:10,767|line:345| -352
2026-08-20 17:08:15,065|line:345| -352
2026-08-20 17:08:18,476|line:345| -352
2026-08-20 17:08:19,752|line:345| -352
2026-08-20 17:08:19,752|line:769| ('GET请求失败', 'https://api.bilibili.com/x/polymer/web-dynamic/v1/detail?timezone_offset=-480&id=1238116673522761782&features=itemOpusStyle')
2026-08-20 17:08:19,752|line:770| error line:751
2026-08-20 17:08:19,753|line:964| *#*#*#*#*#*#*#*#*#*原动态处理失败*#*#*#*#*#*#*#*#*#
2026-08-20 17:08:19,753|line:950| https://t.bilibili.com/1238103831551672344
2026-08-20 17:08:24,045|line:345| -352
2026-08-20 17:08:28,341|line:345| -352
2026-08-20 17:08:32,635|line:345| -352
2026-08-20 17:08:33,919|line:345| -352
2026-08-20 17:08:37,199|line:345| -352
2026-08-20 17:08:37,200|line:769| ('GET请求失败', 'https://api.bilibili.com/x/polymer/web-dynamic/v1/detail?timezone_offset=-480&id=1238103831551672344&features=itemOpusStyle')
2026-08-20 17:08:37,200|line:770| error line:751
2026-08-20 17:08:37,200|line:964| *#*#*#*#*#*#*#*#*#*原动态处理失败*#*#*#*#*#*#*#*#*#
2026-08-20 17:08:37,201|line:950| https://t.bilibili.com/1238125686492758019
2026-08-20 17:08:41,480|line:345| -352
2026-08-20 17:08:42,772|line:345| -352
2026-08-20 17:08:44,053|line:345| -352
2026-08-20 17:08:46,329|line:345| -352
2026-08-20 17:08:47,626|line:345| -352
2026-08-20 17:08:47,627|line:769| ('GET请求失败', 'https://api.bilibili.com/x/polymer/web-dynamic/v1/detail?timezone_offset=-480&id=1238125686492758019&features=itemOpusStyle')
2026-08-20 17:08:47,627|line:770| error line:751
2026-08-20 17:08:47,628|line:964| *#*#*#*#*#*#*#*#*#*原动态处理失败*#*#*#*#*#*#*#*#*#
2026-08-20 17:08:47,628|line:950| https://t.bilibili.com/1238178121617768455
2026-08-20 17:08:47,628|line:952| 已有
2026-08-20 17:08:47,628|line:950| https://t.bilibili.com/1238175892475215888
2026-08-20 17:08:47,628|line:952| 已有
2026-08-20 17:08:47,628|line:950| https://t.bilibili.com/1238163140729896996
2026-08-20 17:08:47,629|line:952| 已有
2026-08-20 17:08:47,629|line:950| https://t.bilibili.com/1238156610269872130
2026-08-20 17:08:47,629|line:952| 已有
2026-08-20 17:08:47,629|line:950| https://t.bilibili.com/1238172254683004968
2026-08-20 17:08:47,629|line:952| 已有
2026-08-20 17:08:47,629|line:950| https://t.bilibili.com/1238079300837572611
2026-08-20 17:08:47,629|line:952| 已有
2026-08-20 17:08:47,629|line:950| https://t.bilibili.com/1238162668278251529
2026-08-20 17:08:47,629|line:952| 已有
2026-08-20 17:08:47,629|line:950| https://t.bilibili.com/1238165754245808151
2026-08-20 17:08:47,629|line:952| 已有
2026-08-20 17:08:47,629|line:950| https://t.bilibili.com/1238153245149364226
2026-08-20 17:08:47,629|line:952| 已有
2026-08-20 17:08:47,629|line:950| https://t.bilibili.com/1238151428348837894
2026-08-20 17:08:47,629|line:952| 已有
2026-08-20 17:08:47,629|line:950| https://t.bilibili.com/1238164785731731460
2026-08-20 17:08:47,629|line:952| 已有
2026-08-20 17:08:47,629|line:950| https://t.bilibili.com/1238102493672505364
2026-08-20 17:08:47,629|line:952| 已有
2026-08-20 17:08:47,629|line:950| https://t.bilibili.com/1238126345780723718
2026-08-20 17:08:51,930|line:345| -352
2026-08-20 17:08:55,201|line:345| -352
2026-08-20 17:08:56,491|line:345| -352
2026-08-20 17:08:59,771|line:345| -352
2026-08-20 17:09:02,053|line:345| -352
2026-08-20 17:09:02,053|line:769| ('GET请求失败', 'https://api.bilibili.com/x/polymer/web-dynamic/v1/detail?timezone_offset=-480&id=1238126345780723718&features=itemOpusStyle')
2026-08-20 17:09:02,053|line:770| error line:751
2026-08-20 17:09:02,054|line:964| *#*#*#*#*#*#*#*#*#*原动态处理失败*#*#*#*#*#*#*#*#*#
2026-08-20 17:09:02,054|line:950| https://t.bilibili.com/1238144756115046405
2026-08-20 17:09:02,054|line:952| 已有
2026-08-20 17:09:02,054|line:950| https://t.bilibili.com/1238087031773462547
2026-08-20 17:09:02,054|line:952| 已有
2026-08-20 17:09:02,054|line:950| https://t.bilibili.com/1238088520013185024
2026-08-20 17:09:02,055|line:952| 已有
2026-08-20 17:09:02,055|line:950| https://t.bilibili.com/1238094762690478153
2026-08-20 17:09:02,055|line:952| 已有
2026-08-20 17:09:02,055|line:950| https://t.bilibili.com/1238170390665101351
2026-08-20 17:09:02,055|line:952| 已有
2026-08-20 17:09:02,055|line:950| https://t.bilibili.com/1238103728437854226
2026-08-20 17:09:03,339|line:345| -352
2026-08-20 17:09:04,635|line:345| -352
2026-08-20 17:09:07,929|line:345| -352
2026-08-20 17:09:11,331|line:345| -352
2026-08-20 17:09:15,603|line:345| -352
2026-08-20 17:09:15,603|line:769| ('GET请求失败', 'https://api.bilibili.com/x/polymer/web-dynamic/v1/detail?timezone_offset=-480&id=1238103728437854226&features=itemOpusStyle')
2026-08-20 17:09:15,603|line:770| error line:751
2026-08-20 17:09:15,604|line:964| *#*#*#*#*#*#*#*#*#*原动态处理失败*#*#*#*#*#*#*#*#*#
2026-08-20 17:09:15,605|line:950| https://t.bilibili.com/1238087031774511106
2026-08-20 17:09:15,605|line:952| 已有
2026-08-20 17:09:15,605|line:950| https://t.bilibili.com/1238080589317275651
2026-08-20 17:09:15,605|line:952| 已有
2026-08-20 17:09:15,605|line:950| https://t.bilibili.com/1238115823074148369
2026-08-20 17:09:15,605|line:952| 已有
2026-08-20 17:09:15,605|line:950| https://t.bilibili.com/1238108135083737089
2026-08-20 17:09:15,605|line:952| 已有
2026-08-20 17:09:15,605|line:950| https://t.bilibili.com/1238134282837295123
2026-08-20 17:09:19,912|line:345| -352
2026-08-20 17:09:23,214|line:345| -352
2026-08-20 17:09:25,518|line:345| -352
2026-08-20 17:09:28,800|line:345| -352
2026-08-20 17:09:33,109|line:345| -352
2026-08-20 17:09:33,109|line:769| ('GET请求失败', 'https://api.bilibili.com/x/polymer/web-dynamic/v1/detail?timezone_offset=-480&id=1238134282837295123&features=itemOpusStyle')
2026-08-20 17:09:33,110|line:770| error line:751
2026-08-20 17:09:33,110|line:964| *#*#*#*#*#*#*#*#*#*原动态处理失败*#*#*#*#*#*#*#*#*#
2026-08-20 17:09:33,111|line:950| https://t.bilibili.com/1238125686485417986
2026-08-20 17:09:33,111|line:952| 已有
2026-08-20 17:09:33,111|line:950| https://t.bilibili.com/1238125001464348692
2026-08-20 17:09:33,111|line:952| 已有
2026-08-20 17:09:33,111|line:950| https://t.bilibili.com/1238121449499131925
2026-08-20 17:09:33,111|line:952| 已有
2026-08-20 17:09:33,111|line:950| https://t.bilibili.com/1238120878295744521
2026-08-20 17:09:33,111|line:952| 已有
2026-08-20 17:09:33,111|line:950| https://t.bilibili.com/1238125686500098098
2026-08-20 17:09:33,111|line:952| 已有
2026-08-20 17:09:33,111|line:950| https://t.bilibili.com/1238111279016574982
2026-08-20 17:09:33,112|line:952| 已有
2026-08-20 17:09:33,112|line:950| https://t.bilibili.com/1238117051438989368
2026-08-20 17:09:36,410|line:345| -352
2026-08-20 17:09:37,745|line:345| -352
2026-08-20 17:09:39,020|line:345| -352
2026-08-20 17:09:41,316|line:345| -352
2026-08-20 17:09:45,617|line:345| -352
2026-08-20 17:09:45,617|line:769| ('GET请求失败', 'https://api.bilibili.com/x/polymer/web-dynamic/v1/detail?timezone_offset=-480&id=1238117051438989368&features=itemOpusStyle')
2026-08-20 17:09:45,617|line:770| error line:751
2026-08-20 17:09:45,618|line:964| *#*#*#*#*#*#*#*#*#*原动态处理失败*#*#*#*#*#*#*#*#*#
2026-08-20 17:09:45,618|line:950| https://t.bilibili.com/1238108285429612549
2026-08-20 17:09:45,618|line:952| 已有
2026-08-20 17:09:45,619|line:950| https://t.bilibili.com/1238081806975107110
2026-08-20 17:09:45,619|line:952| 已有
2026-08-20 17:09:45,619|line:950| https://t.bilibili.com/1238091054042841090
2026-08-20 17:09:45,619|line:952| 已有
2026-08-20 17:09:45,619|line:950| https://t.bilibili.com/1238099201542324226
2026-08-20 17:09:45,619|line:952| 已有
2026-08-20 17:09:45,619|line:950| https://t.bilibili.com/1238100953891078163
2026-08-20 17:09:45,619|line:952| 已有
2026-08-20 17:09:45,619|line:950| https://t.bilibili.com/1238100174374436867
2026-08-20 17:09:45,619|line:952| 已有
2026-08-20 17:09:45,619|line:950| https://t.bilibili.com/1238088189281828887
2026-08-20 17:09:49,898|line:345| -352
2026-08-20 17:09:53,210|line:345| -352
2026-08-20 17:09:55,551|line:345| -352
2026-08-20 17:09:57,827|line:345| -352
2026-08-20 17:10:02,144|line:345| -352
2026-08-20 17:10:02,144|line:769| ('GET请求失败', 'https://api.bilibili.com/x/polymer/web-dynamic/v1/detail?timezone_offset=-480&id=1238088189281828887&features=itemOpusStyle')
2026-08-20 17:10:02,144|line:770| error line:751
2026-08-20 17:10:02,145|line:964| *#*#*#*#*#*#*#*#*#*原动态处理失败*#*#*#*#*#*#*#*#*#
2026-08-20 17:10:02,145|line:950| https://t.bilibili.com/1238082141949001737
2026-08-20 17:10:03,474|line:345| -352
2026-08-20 17:10:04,773|line:345| -352
2026-08-20 17:10:09,122|line:345| -352
2026-08-20 17:10:11,416|line:345| -352
2026-08-20 17:10:14,705|line:345| -352
2026-08-20 17:10:14,706|line:769| ('GET请求失败', 'https://api.bilibili.com/x/polymer/web-dynamic/v1/detail?timezone_offset=-480&id=1238082141949001737&features=itemOpusStyle')
2026-08-20 17:10:14,706|line:770| error line:751
2026-08-20 17:10:14,707|line:964| *#*#*#*#*#*#*#*#*#*原动态处理失败*#*#*#*#*#*#*#*#*#
2026-08-20 17:10:14,707|line:950| https://t.bilibili.com/1238082597214486560
2026-08-20 17:10:14,707|line:952| 已有
2026-08-20 17:10:14,707|line:950| https://t.bilibili.com/1238083383211327489
2026-08-20 17:10:14,707|line:952| 已有
2026-08-20 17:10:14,707|line:950| https://t.bilibili.com/1238084920818008082
2026-08-20 17:10:14,707|line:952| 已有
2026-08-20 17:10:14,707|line:950| https://t.bilibili.com/1238079796884275203
2026-08-20 17:10:14,707|line:952| 已有
2026-08-20 17:10:14,708|line:950| https://t.bilibili.com/1238083937263157253
2026-08-20 17:10:14,708|line:952| 已有
2026-08-20 17:10:14,708|line:950| https://t.bilibili.com/1238085341731094533
2026-08-20 17:10:14,708|line:952| 已有
2026-08-20 17:10:14,708|line:950| https://t.bilibili.com/1238076124709257220
2026-08-20 17:10:19,001|line:345| -352
2026-08-20 17:10:21,322|line:345| -352
2026-08-20 17:10:24,621|line:345| -352
2026-08-20 17:10:28,912|line:345| -352
2026-08-20 17:10:30,233|line:345| -352
2026-08-20 17:10:30,233|line:769| ('GET请求失败', 'https://api.bilibili.com/x/polymer/web-dynamic/v1/detail?timezone_offset=-480&id=1238076124709257220&features=itemOpusStyle')
2026-08-20 17:10:30,233|line:770| error line:751
2026-08-20 17:10:30,234|line:964| *#*#*#*#*#*#*#*#*#*原动态处理失败*#*#*#*#*#*#*#*#*#
2026-08-20 17:10:30,235|line:950| https://t.bilibili.com/1237800986977763332
2026-08-20 17:10:30,235|line:952| 已有
2026-08-20 17:10:30,235|line:950| https://t.bilibili.com/1237873105906434053
2026-08-20 17:10:30,235|line:952| 已有
2026-08-20 17:10:30,235|line:950| https://t.bilibili.com/1237846597344165907
2026-08-20 17:10:32,512|line:345| -352
2026-08-20 17:10:36,807|line:345| -352
2026-08-20 17:10:41,104|line:345| -352
2026-08-20 17:10:43,406|line:345| -352
2026-08-20 17:10:45,724|line:345| -352
2026-08-20 17:10:45,724|line:769| ('GET请求失败', 'https://api.bilibili.com/x/polymer/web-dynamic/v1/detail?timezone_offset=-480&id=1237846597344165907&features=itemOpusStyle')
2026-08-20 17:10:45,724|line:770| error line:751
2026-08-20 17:10:45,725|line:964| *#*#*#*#*#*#*#*#*#*原动态处理失败*#*#*#*#*#*#*#*#*#
2026-08-20 17:10:45,725|line:950| https://t.bilibili.com/1237895280825729029
2026-08-20 17:10:48,023|line:345| -352
2026-08-20 17:10:51,372|line:345| -352
2026-08-20 17:10:55,724|line:345| -352
2026-08-20 17:10:59,005|line:345| -352
2026-08-20 17:11:03,305|line:345| -352
2026-08-20 17:11:03,305|line:769| ('GET请求失败', 'https://api.bilibili.com/x/polymer/web-dynamic/v1/detail?timezone_offset=-480&id=1237895280825729029&features=itemOpusStyle')
2026-08-20 17:11:03,305|line:770| error line:751
2026-08-20 17:11:03,306|line:964| *#*#*#*#*#*#*#*#*#*原动态处理失败*#*#*#*#*#*#*#*#*#
2026-08-20 17:11:03,306|line:950| https://t.bilibili.com/1237863442224775201
2026-08-20 17:11:05,608|line:345| -352
2026-08-20 17:11:08,948|line:345| -352
2026-08-20 17:11:13,235|line:345| -352
2026-08-20 17:11:16,565|line:345| -352
2026-08-20 17:11:18,884|line:345| -352
2026-08-20 17:11:18,884|line:769| ('GET请求失败', 'https://api.bilibili.com/x/polymer/web-dynamic/v1/detail?timezone_offset=-480&id=1237863442224775201&features=itemOpusStyle')
2026-08-20 17:11:18,884|line:770| error line:751
2026-08-20 17:11:18,885|line:964| *#*#*#*#*#*#*#*#*#*原动态处理失败*#*#*#*#*#*#*#*#*#
2026-08-20 17:11:18,885|line:950| https://t.bilibili.com/1237842607327936548
2026-08-20 17:11:23,160|line:345| -352
2026-08-20 17:11:25,449|line:345| -352
2026-08-20 17:11:28,770|line:345| -352
2026-08-20 17:11:30,091|line:345| -352
2026-08-20 17:11:34,429|line:345| -352
2026-08-20 17:11:34,430|line:769| ('GET请求失败', 'https://api.bilibili.com/x/polymer/web-dynamic/v1/detail?timezone_offset=-480&id=1237842607327936548&features=itemOpusStyle')
2026-08-20 17:11:34,430|line:770| error line:751
2026-08-20 17:11:34,431|line:964| *#*#*#*#*#*#*#*#*#*原动态处理失败*#*#*#*#*#*#*#*#*#
2026-08-20 17:11:34,431|line:950| https://t.bilibili.com/1237372020646215687
2026-08-20 17:11:38,750|line:345| -352
2026-08-20 17:11:42,073|line:345| -352
2026-08-20 17:11:43,367|line:345| -352
2026-08-20 17:11:45,660|line:345| -352
2026-08-20 17:11:49,997|line:345| -352
2026-08-20 17:11:49,997|line:769| ('GET请求失败', 'https://api.bilibili.com/x/polymer/web-dynamic/v1/detail?timezone_offset=-480&id=1237372020646215687&features=itemOpusStyle')
2026-08-20 17:11:49,997|line:770| error line:751
2026-08-20 17:11:49,998|line:964| *#*#*#*#*#*#*#*#*#*原动态处理失败*#*#*#*#*#*#*#*#*#
2026-08-20 17:11:49,998|line:950| https://t.bilibili.com/1237776258682585096
2026-08-20 17:11:54,320|line:345| -352
2026-08-20 17:11:56,654|line:345| -352
2026-08-20 17:12:00,956|line:345| -352
2026-08-20 17:12:04,286|line:345| -352
2026-08-20 17:12:05,573|line:345| -352
2026-08-20 17:12:05,573|line:769| ('GET请求失败', 'https://api.bilibili.com/x/polymer/web-dynamic/v1/detail?timezone_offset=-480&id=1237776258682585096&features=itemOpusStyle')
2026-08-20 17:12:05,573|line:770| error line:751
2026-08-20 17:12:05,574|line:964| *#*#*#*#*#*#*#*#*#*原动态处理失败*#*#*#*#*#*#*#*#*#
2026-08-20 17:12:05,574|line:950| https://t.bilibili.com/1237754601292169216
2026-08-20 17:12:07,858|line:345| -352
2026-08-20 17:12:12,208|line:345| -352
2026-08-20 17:12:13,513|line:345| -352
2026-08-20 17:12:16,854|line:345| -352
2026-08-20 17:12:21,178|line:345| -352
2026-08-20 17:12:21,178|line:769| ('GET请求失败', 'https://api.bilibili.com/x/polymer/web-dynamic/v1/detail?timezone_offset=-480&id=1237754601292169216&features=itemOpusStyle')
2026-08-20 17:12:21,178|line:770| error line:751
2026-08-20 17:12:21,179|line:964| *#*#*#*#*#*#*#*#*#*原动态处理失败*#*#*#*#*#*#*#*#*#
2026-08-20 17:12:21,179|line:950| https://t.bilibili.com/1237787369730473985
2026-08-20 17:12:22,478|line:345| -352
2026-08-20 17:12:25,805|line:345| -352
2026-08-20 17:12:28,097|line:345| -352
2026-08-20 17:12:31,421|line:345| -352
2026-08-20 17:12:32,697|line:345| -352
2026-08-20 17:12:32,698|line:769| ('GET请求失败', 'https://api.bilibili.com/x/polymer/web-dynamic/v1/detail?timezone_offset=-480&id=1237787369730473985&features=itemOpusStyle')
2026-08-20 17:12:32,698|line:770| error line:751
2026-08-20 17:12:32,699|line:964| *#*#*#*#*#*#*#*#*#*原动态处理失败*#*#*#*#*#*#*#*#*#
2026-08-20 17:12:32,699|line:950| https://t.bilibili.com/1238184701498228739
2026-08-20 17:12:33,990|line:345| -352
2026-08-20 17:12:37,471|line:345| -352
2026-08-20 17:12:38,799|line:345| -352
2026-08-20 17:12:43,092|line:345| -352
2026-08-20 17:12:45,392|line:345| -352
2026-08-20 17:12:45,392|line:769| ('GET请求失败', 'https://api.bilibili.com/x/polymer/web-dynamic/v1/detail?timezone_offset=-480&id=1238184701498228739&features=itemOpusStyle')
2026-08-20 17:12:45,392|line:770| error line:751
2026-08-20 17:12:45,393|line:964| *#*#*#*#*#*#*#*#*#*原动态处理失败*#*#*#*#*#*#*#*#*#
2026-08-20 17:12:45,393|line:950| https://t.bilibili.com/1238184246197092355
2026-08-20 17:12:46,689|line:345| -352
2026-08-20 17:12:50,986|line:345| -352
2026-08-20 17:12:53,330|line:345| -352
2026-08-20 17:12:57,642|line:345| -352
2026-08-20 17:13:00,927|line:345| -352
2026-08-20 17:13:00,927|line:769| ('GET请求失败', 'https://api.bilibili.com/x/polymer/web-dynamic/v1/detail?timezone_offset=-480&id=1238184246197092355&features=itemOpusStyle')
2026-08-20 17:13:00,927|line:770| error line:751
2026-08-20 17:13:00,928|line:964| *#*#*#*#*#*#*#*#*#*原动态处理失败*#*#*#*#*#*#*#*#*#
2026-08-20 17:13:00,928|line:950| https://t.bilibili.com/1238183546132103185
2026-08-20 17:13:03,224|line:345| -352
2026-08-20 17:13:07,510|line:345| -352
2026-08-20 17:13:11,945|line:345| -352
2026-08-20 17:13:16,264|line:345| -352
2026-08-20 17:13:20,582|line:345| -352
2026-08-20 17:13:20,582|line:769| ('GET请求失败', 'https://api.bilibili.com/x/polymer/web-dynamic/v1/detail?timezone_offset=-480&id=1238183546132103185&features=itemOpusStyle')
2026-08-20 17:13:20,583|line:770| error line:751
2026-08-20 17:13:20,584|line:964| *#*#*#*#*#*#*#*#*#*原动态处理失败*#*#*#*#*#*#*#*#*#
2026-08-20 17:13:20,584|line:950| https://t.bilibili.com/1238218893743357954
2026-08-20 17:13:23,861|line:345| -352
2026-08-20 17:13:25,137|line:345| -352
2026-08-20 17:13:27,428|line:345| -352
2026-08-20 17:13:30,713|line:345| -352
2026-08-20 17:13:35,004|line:345| -352
2026-08-20 17:13:35,004|line:769| ('GET请求失败', 'https://api.bilibili.com/x/polymer/web-dynamic/v1/detail?timezone_offset=-480&id=1238218893743357954&features=itemOpusStyle')
2026-08-20 17:13:35,004|line:770| error line:751
2026-08-20 17:13:35,005|line:964| *#*#*#*#*#*#*#*#*#*原动态处理失败*#*#*#*#*#*#*#*#*#
2026-08-20 17:13:35,005|line:950| https://t.bilibili.com/1238207177014902818
2026-08-20 17:13:37,304|line:345| -352
2026-08-20 17:13:38,608|line:345| -352
2026-08-20 17:13:42,907|line:345| -352
2026-08-20 17:13:45,206|line:345| -352
2026-08-20 17:13:46,545|line:345| -352
2026-08-20 17:13:46,545|line:769| ('GET请求失败', 'https://api.bilibili.com/x/polymer/web-dynamic/v1/detail?timezone_offset=-480&id=1238207177014902818&features=itemOpusStyle')
2026-08-20 17:13:46,545|line:770| error line:751
2026-08-20 17:13:46,546|line:964| *#*#*#*#*#*#*#*#*#*原动态处理失败*#*#*#*#*#*#*#*#*#
2026-08-20 17:13:46,547|line:950| https://t.bilibili.com/1238094762741858311
2026-08-20 17:13:50,820|line:345| -352
2026-08-20 17:13:55,098|line:345| -352
2026-08-20 17:13:56,375|line:345| -352
2026-08-20 17:13:58,666|line:345| -352
2026-08-20 17:14:01,968|line:345| -352
2026-08-20 17:14:01,969|line:769| ('GET请求失败', 'https://api.bilibili.com/x/polymer/web-dynamic/v1/detail?timezone_offset=-480&id=1238094762741858311&features=itemOpusStyle')
2026-08-20 17:14:01,969|line:770| error line:751
2026-08-20 17:14:01,970|line:964| *#*#*#*#*#*#*#*#*#*原动态处理失败*#*#*#*#*#*#*#*#*#
2026-08-20 17:14:01,970|line:950| https://t.bilibili.com/1238232916753907713
2026-08-20 17:14:03,254|line:345| -352
2026-08-20 17:14:04,555|line:345| -352
2026-08-20 17:14:05,837|line:345| -352
2026-08-20 17:14:08,131|line:345| -352
2026-08-20 17:14:11,435|line:345| -352
2026-08-20 17:14:11,435|line:769| ('GET请求失败', 'https://api.bilibili.com/x/polymer/web-dynamic/v1/detail?timezone_offset=-480&id=1238232916753907713&features=itemOpusStyle')
2026-08-20 17:14:11,435|line:770| error line:751
2026-08-20 17:14:11,436|line:964| *#*#*#*#*#*#*#*#*#*原动态处理失败*#*#*#*#*#*#*#*#*#
2026-08-20 17:14:11,436|line:950| https://t.bilibili.com/1238219542282371081
2026-08-20 17:14:12,742|line:345| -352
2026-08-20 17:14:14,043|line:345| -352
2026-08-20 17:14:17,357|line:345| -352
2026-08-20 17:14:21,808|line:345| -352
2026-08-20 17:14:25,149|line:345| -352
2026-08-20 17:14:25,150|line:769| ('GET请求失败', 'https://api.bilibili.com/x/polymer/web-dynamic/v1/detail?timezone_offset=-480&id=1238219542282371081&features=itemOpusStyle')
2026-08-20 17:14:25,150|line:770| error line:751
2026-08-20 17:14:25,150|line:964| *#*#*#*#*#*#*#*#*#*原动态处理失败*#*#*#*#*#*#*#*#*#
2026-08-20 17:14:25,151|line:950| https://t.bilibili.com/1238236507384315945
2026-08-20 17:14:27,506|line:345| -352
2026-08-20 17:14:31,801|line:345| -352
2026-08-20 17:14:34,091|line:345| -352
2026-08-20 17:14:37,382|line:345| -352
2026-08-20 17:14:38,674|line:345| -352
2026-08-20 17:14:38,674|line:769| ('GET请求失败', 'https://api.bilibili.com/x/polymer/web-dynamic/v1/detail?timezone_offset=-480&id=1238236507384315945&features=itemOpusStyle')
2026-08-20 17:14:38,674|line:770| error line:751
2026-08-20 17:14:38,675|line:964| *#*#*#*#*#*#*#*#*#*原动态处理失败*#*#*#*#*#*#*#*#*#
2026-08-20 17:14:38,675|line:950| https://t.bilibili.com/1238217880112201750
2026-08-20 17:14:42,951|line:345| -352
2026-08-20 17:14:44,242|line:345| -352
2026-08-20 17:14:45,552|line:345| -352
2026-08-20 17:14:48,856|line:345| -352
2026-08-20 17:14:50,375|line:345| -352
2026-08-20 17:14:50,376|line:769| ('GET请求失败', 'https://api.bilibili.com/x/polymer/web-dynamic/v1/detail?timezone_offset=-480&id=1238217880112201750&features=itemOpusStyle')
2026-08-20 17:14:50,376|line:770| error line:751
2026-08-20 17:14:50,377|line:964| *#*#*#*#*#*#*#*#*#*原动态处理失败*#*#*#*#*#*#*#*#*#
2026-08-20 17:14:50,377|line:950| https://t.bilibili.com/1238218283845419017
2026-08-20 17:14:53,675|line:345| -352
2026-08-20 17:14:55,007|line:345| -352
2026-08-20 17:14:57,293|line:345| -352
2026-08-20 17:14:59,639|line:345| -352
2026-08-20 17:15:03,933|line:345| -352
2026-08-20 17:15:03,934|line:769| ('GET请求失败', 'https://api.bilibili.com/x/polymer/web-dynamic/v1/detail?timezone_offset=-480&id=1238218283845419017&features=itemOpusStyle')
2026-08-20 17:15:03,934|line:770| error line:751
2026-08-20 17:15:03,935|line:964| *#*#*#*#*#*#*#*#*#*原动态处理失败*#*#*#*#*#*#*#*#*#
2026-08-20 17:15:03,935|line:950| https://t.bilibili.com/1238218457761185793
2026-08-20 17:15:05,241|line:345| -352
2026-08-20 17:15:06,564|line:345| -352
2026-08-20 17:15:08,857|line:345| -352
2026-08-20 17:15:13,177|line:345| -352
2026-08-20 17:15:17,516|line:345| -352
2026-08-20 17:15:17,516|line:769| ('GET请求失败', 'https://api.bilibili.com/x/polymer/web-dynamic/v1/detail?timezone_offset=-480&id=1238218457761185793&features=itemOpusStyle')
2026-08-20 17:15:17,516|line:770| error line:751
2026-08-20 17:15:17,517|line:964| *#*#*#*#*#*#*#*#*#*原动态处理失败*#*#*#*#*#*#*#*#*#
2026-08-20 17:15:17,518|line:950| https://t.bilibili.com/1238240166668140546
2026-08-20 17:15:20,004|line:345| -352
2026-08-20 17:15:23,283|line:345| -352
2026-08-20 17:15:26,560|line:345| -352
2026-08-20 17:15:29,856|line:345| -352
2026-08-20 17:15:32,139|line:345| -352
2026-08-20 17:15:32,140|line:769| ('GET请求失败', 'https://api.bilibili.com/x/polymer/web-dynamic/v1/detail?timezone_offset=-480&id=1238240166668140546&features=itemOpusStyle')
2026-08-20 17:15:32,140|line:770| error line:751
2026-08-20 17:15:32,141|line:964| *#*#*#*#*#*#*#*#*#*原动态处理失败*#*#*#*#*#*#*#*#*#
2026-08-20 17:15:32,141|line:950| https://t.bilibili.com/1238205995952373785
2026-08-20 17:15:35,467|line:345| -352
2026-08-20 17:15:38,775|line:345| -352
2026-08-20 17:15:41,083|line:345| -352
2026-08-20 17:15:43,443|line:345| -352
2026-08-20 17:15:47,739|line:345| -352
2026-08-20 17:15:47,739|line:769| ('GET请求失败', 'https://api.bilibili.com/x/polymer/web-dynamic/v1/detail?timezone_offset=-480&id=1238205995952373785&features=itemOpusStyle')
2026-08-20 17:15:47,739|line:770| error line:751
2026-08-20 17:15:47,740|line:964| *#*#*#*#*#*#*#*#*#*原动态处理失败*#*#*#*#*#*#*#*#*#
2026-08-20 17:15:47,740|line:950| https://t.bilibili.com/1238185685031059480
2026-08-20 17:15:47,740|line:952| 已有
2026-08-20 17:15:47,741|line:950| https://t.bilibili.com/1238261611454529574
2026-08-20 17:15:47,741|line:952| 已有
2026-08-20 17:15:47,741|line:950| https://t.bilibili.com/1238177163793924105
2026-08-20 17:15:52,067|line:345| -352
2026-08-20 17:15:53,411|line:345| -352
2026-08-20 17:15:57,747|line:345| -352
2026-08-20 17:16:01,068|line:345| -352
2026-08-20 17:16:03,389|line:345| -352
2026-08-20 17:16:03,389|line:769| ('GET请求失败', 'https://api.bilibili.com/x/polymer/web-dynamic/v1/detail?timezone_offset=-480&id=1238177163793924105&features=itemOpusStyle')
2026-08-20 17:16:03,389|line:770| error line:751
2026-08-20 17:16:03,390|line:964| *#*#*#*#*#*#*#*#*#*原动态处理失败*#*#*#*#*#*#*#*#*#
2026-08-20 17:16:03,390|line:950| https://t.bilibili.com/1238169729253769235
2026-08-20 17:16:05,683|line:345| -352
2026-08-20 17:16:09,009|line:345| -352
2026-08-20 17:16:12,308|line:345| -352
2026-08-20 17:16:15,625|line:345| -352
2026-08-20 17:16:19,900|line:345| -352
2026-08-20 17:16:19,900|line:769| ('GET请求失败', 'https://api.bilibili.com/x/polymer/web-dynamic/v1/detail?timezone_offset=-480&id=1238169729253769235&features=itemOpusStyle')
2026-08-20 17:16:19,900|line:770| error line:751
2026-08-20 17:16:19,901|line:964| *#*#*#*#*#*#*#*#*#*原动态处理失败*#*#*#*#*#*#*#*#*#
2026-08-20 17:16:19,901|line:950| https://t.bilibili.com/1238160555189993490
2026-08-20 17:16:21,217|line:345| -352
2026-08-20 17:16:25,500|line:345| -352
2026-08-20 17:16:27,792|line:345| -352
2026-08-20 17:16:30,075|line:345| -352
2026-08-20 17:16:32,367|line:345| -352
2026-08-20 17:16:32,367|line:769| ('GET请求失败', 'https://api.bilibili.com/x/polymer/web-dynamic/v1/detail?timezone_offset=-480&id=1238160555189993490&features=itemOpusStyle')
2026-08-20 17:16:32,367|line:770| error line:751
2026-08-20 17:16:32,368|line:964| *#*#*#*#*#*#*#*#*#*原动态处理失败*#*#*#*#*#*#*#*#*#
2026-08-20 17:16:32,368|line:950| https://t.bilibili.com/1238150723997270053
2026-08-20 17:16:36,685|line:345| -352
2026-08-20 17:16:40,986|line:345| -352
2026-08-20 17:16:44,276|line:345| -352
2026-08-20 17:16:48,582|line:345| -352
2026-08-20 17:16:50,925|line:345| -352
2026-08-20 17:16:50,925|line:769| ('GET请求失败', 'https://api.bilibili.com/x/polymer/web-dynamic/v1/detail?timezone_offset=-480&id=1238150723997270053&features=itemOpusStyle')
2026-08-20 17:16:50,925|line:770| error line:751
2026-08-20 17:16:50,926|line:964| *#*#*#*#*#*#*#*#*#*原动态处理失败*#*#*#*#*#*#*#*#*#
2026-08-20 17:16:50,926|line:950| https://t.bilibili.com/1238143590033522694
2026-08-20 17:16:54,268|line:345| -352
2026-08-20 17:16:56,546|line:345| -352
2026-08-20 17:16:58,841|line:345| -352
2026-08-20 17:17:03,144|line:345| -352
2026-08-20 17:17:07,441|line:345| -352
2026-08-20 17:17:07,441|line:769| ('GET请求失败', 'https://api.bilibili.com/x/polymer/web-dynamic/v1/detail?timezone_offset=-480&id=1238143590033522694&features=itemOpusStyle')
2026-08-20 17:17:07,442|line:770| error line:751
2026-08-20 17:17:07,443|line:964| *#*#*#*#*#*#*#*#*#*原动态处理失败*#*#*#*#*#*#*#*#*#
2026-08-20 17:17:07,443|line:950| https://t.bilibili.com/1238083331692691461
2026-08-20 17:17:10,722|line:345| -352
2026-08-20 17:17:15,010|line:345| -352
2026-08-20 17:17:17,351|line:345| -352
2026-08-20 17:17:20,655|line:345| -352
2026-08-20 17:17:24,953|line:345| -352
2026-08-20 17:17:24,953|line:769| ('GET请求失败', 'https://api.bilibili.com/x/polymer/web-dynamic/v1/detail?timezone_offset=-480&id=1238083331692691461&features=itemOpusStyle')
2026-08-20 17:17:24,953|line:770| error line:751
2026-08-20 17:17:24,954|line:964| *#*#*#*#*#*#*#*#*#*原动态处理失败*#*#*#*#*#*#*#*#*#
2026-08-20 17:17:24,954|line:950| https://t.bilibili.com/1238087463434453026
2026-08-20 17:17:29,244|line:345| -352
2026-08-20 17:17:30,524|line:345| -352
2026-08-20 17:17:31,803|line:345| -352
2026-08-20 17:17:35,104|line:345| -352
2026-08-20 17:17:37,405|line:345| -352
2026-08-20 17:17:37,405|line:769| ('GET请求失败', 'https://api.bilibili.com/x/polymer/web-dynamic/v1/detail?timezone_offset=-480&id=1238087463434453026&features=itemOpusStyle')
2026-08-20 17:17:37,405|line:770| error line:751
2026-08-20 17:17:37,406|line:964| *#*#*#*#*#*#*#*#*#*原动态处理失败*#*#*#*#*#*#*#*#*#
2026-08-20 17:17:37,407|line:950| https://t.bilibili.com/1238121453772079124
2026-08-20 17:17:38,700|line:345| -352
2026-08-20 17:17:43,007|line:345| -352
2026-08-20 17:17:45,303|line:345| -352
2026-08-20 17:17:46,599|line:345| -352
2026-08-20 17:17:47,897|line:345| -352
2026-08-20 17:17:47,897|line:769| ('GET请求失败', 'https://api.bilibili.com/x/polymer/web-dynamic/v1/detail?timezone_offset=-480&id=1238121453772079124&features=itemOpusStyle')
2026-08-20 17:17:47,897|line:770| error line:751
2026-08-20 17:17:47,898|line:964| *#*#*#*#*#*#*#*#*#*原动态处理失败*#*#*#*#*#*#*#*#*#
2026-08-20 17:17:47,898|line:950| https://t.bilibili.com/1238090731917148169
2026-08-20 17:17:52,211|line:345| -352
2026-08-20 17:17:53,508|line:345| -352
2026-08-20 17:17:57,809|line:345| -352
2026-08-20 17:17:59,118|line:345| -352
2026-08-20 17:18:01,397|line:345| -352
2026-08-20 17:18:01,397|line:769| ('GET请求失败', 'https://api.bilibili.com/x/polymer/web-dynamic/v1/detail?timezone_offset=-480&id=1238090731917148169&features=itemOpusStyle')
2026-08-20 17:18:01,397|line:770| error line:751
2026-08-20 17:18:01,398|line:964| *#*#*#*#*#*#*#*#*#*原动态处理失败*#*#*#*#*#*#*#*#*#
2026-08-20 17:18:01,398|line:950| https://t.bilibili.com/1238092320999473171
2026-08-20 17:18:05,705|line:345| -352
2026-08-20 17:18:09,978|line:345| -352
2026-08-20 17:18:13,358|line:345| -352
2026-08-20 17:18:16,653|line:345| -352
2026-08-20 17:18:20,953|line:345| -352
2026-08-20 17:18:20,953|line:769| ('GET请求失败', 'https://api.bilibili.com/x/polymer/web-dynamic/v1/detail?timezone_offset=-480&id=1238092320999473171&features=itemOpusStyle')
2026-08-20 17:18:20,953|line:770| error line:751
2026-08-20 17:18:20,954|line:964| *#*#*#*#*#*#*#*#*#*原动态处理失败*#*#*#*#*#*#*#*#*#
2026-08-20 17:18:20,954|line:950| https://t.bilibili.com/1238093386169188352
2026-08-20 17:18:20,954|line:952| 已有
2026-08-20 17:18:20,955|line:950| https://t.bilibili.com/1238190108873588759
2026-08-20 17:18:24,276|line:345| -352
2026-08-20 17:18:26,574|line:345| -352
2026-08-20 17:18:29,896|line:345| -352
2026-08-20 17:18:31,184|line:345| -352
2026-08-20 17:18:34,499|line:345| -352
2026-08-20 17:18:34,500|line:769| ('GET请求失败', 'https://api.bilibili.com/x/polymer/web-dynamic/v1/detail?timezone_offset=-480&id=1238190108873588759&features=itemOpusStyle')
2026-08-20 17:18:34,500|line:770| error line:751
2026-08-20 17:18:34,501|line:964| *#*#*#*#*#*#*#*#*#*原动态处理失败*#*#*#*#*#*#*#*#*#
2026-08-20 17:18:34,501|line:950| https://t.bilibili.com/1238102302542266406
2026-08-20 17:18:37,812|line:345| -352
2026-08-20 17:18:40,108|line:345| -352
2026-08-20 17:18:44,403|line:345| -352
2026-08-20 17:18:45,703|line:345| -352
2026-08-20 17:18:48,986|line:345| -352
2026-08-20 17:18:48,987|line:769| ('GET请求失败', 'https://api.bilibili.com/x/polymer/web-dynamic/v1/detail?timezone_offset=-480&id=1238102302542266406&features=itemOpusStyle')
2026-08-20 17:18:48,987|line:770| error line:751
2026-08-20 17:18:48,988|line:964| *#*#*#*#*#*#*#*#*#*原动态处理失败*#*#*#*#*#*#*#*#*#
2026-08-20 17:18:48,988|line:950| https://t.bilibili.com/1238200863469600787
2026-08-20 17:18:48,988|line:952| 已有
2026-08-20 17:18:48,988|line:950| https://t.bilibili.com/1238094627425222705
2026-08-20 17:18:52,270|line:345| -352
2026-08-20 17:18:55,589|line:345| -352
2026-08-20 17:18:56,890|line:345| -352
2026-08-20 17:19:01,196|line:345| -352
2026-08-20 17:19:03,636|line:345| -352
2026-08-20 17:19:03,636|line:769| ('GET请求失败', 'https://api.bilibili.com/x/polymer/web-dynamic/v1/detail?timezone_offset=-480&id=1238094627425222705&features=itemOpusStyle')
2026-08-20 17:19:03,636|line:770| error line:751
2026-08-20 17:19:03,637|line:964| *#*#*#*#*#*#*#*#*#*原动态处理失败*#*#*#*#*#*#*#*#*#
2026-08-20 17:19:03,638|line:950| https://t.bilibili.com/1238109183088263171
2026-08-20 17:19:05,968|line:345| -352
2026-08-20 17:19:08,309|line:345| -352
2026-08-20 17:19:12,616|line:345| -352
2026-08-20 17:19:14,916|line:345| -352
2026-08-20 17:19:18,200|line:345| -352
2026-08-20 17:19:18,200|line:769| ('GET请求失败', 'https://api.bilibili.com/x/polymer/web-dynamic/v1/detail?timezone_offset=-480&id=1238109183088263171&features=itemOpusStyle')
2026-08-20 17:19:18,200|line:770| error line:751
2026-08-20 17:19:18,201|line:964| *#*#*#*#*#*#*#*#*#*原动态处理失败*#*#*#*#*#*#*#*#*#
2026-08-20 17:19:18,202|line:950| https://t.bilibili.com/1238189778148524067
2026-08-20 17:19:18,202|line:952| 已有
2026-08-20 17:19:18,202|line:950| https://t.bilibili.com/1238189142468198465
2026-08-20 17:19:20,500|line:345| -352
2026-08-20 17:19:21,790|line:345| -352
2026-08-20 17:19:23,083|line:345| -352
2026-08-20 17:19:25,374|line:345| -352
2026-08-20 17:19:26,703|line:345| -352
2026-08-20 17:19:26,703|line:769| ('GET请求失败', 'https://api.bilibili.com/x/polymer/web-dynamic/v1/detail?timezone_offset=-480&id=1238189142468198465&features=itemOpusStyle')
2026-08-20 17:19:26,703|line:770| error line:751
2026-08-20 17:19:26,704|line:964| *#*#*#*#*#*#*#*#*#*原动态处理失败*#*#*#*#*#*#*#*#*#
2026-08-20 17:19:26,704|line:950| https://t.bilibili.com/1238223257412304905
2026-08-20 17:19:31,016|line:345| -352
2026-08-20 17:19:34,308|line:345| -352
2026-08-20 17:19:37,627|line:345| -352
2026-08-20 17:19:39,910|line:345| -352
2026-08-20 17:19:43,214|line:345| -352
2026-08-20 17:19:43,214|line:769| ('GET请求失败', 'https://api.bilibili.com/x/polymer/web-dynamic/v1/detail?timezone_offset=-480&id=1238223257412304905&features=itemOpusStyle')
2026-08-20 17:19:43,214|line:770| error line:751
2026-08-20 17:19:43,215|line:964| *#*#*#*#*#*#*#*#*#*原动态处理失败*#*#*#*#*#*#*#*#*#
2026-08-20 17:19:43,215|line:950| https://t.bilibili.com/1238231623973994517
2026-08-20 17:19:43,216|line:952| 已有
2026-08-20 17:19:43,216|line:950| https://t.bilibili.com/1237908466362744902
2026-08-20 17:19:45,530|line:345| -352
2026-08-20 17:19:46,858|line:345| -352
2026-08-20 17:19:49,140|line:345| -352
2026-08-20 17:19:53,460|line:345| -352
2026-08-20 17:19:54,756|line:345| -352
2026-08-20 17:19:54,757|line:769| ('GET请求失败', 'https://api.bilibili.com/x/polymer/web-dynamic/v1/detail?timezone_offset=-480&id=1237908466362744902&features=itemOpusStyle')
2026-08-20 17:19:54,757|line:770| error line:751
2026-08-20 17:19:54,758|line:964| *#*#*#*#*#*#*#*#*#*原动态处理失败*#*#*#*#*#*#*#*#*#
2026-08-20 17:19:54,758|line:983| 执行结束
2026-08-20 17:19:54,758|line:988| 执行失败，错误数量为49
2026-08-20 17:19:54,758|line:990| ==================================================2026-08-21 01:19==================================================
2026-08-20 17:19:58,121|line:1010| ('reply: ', '榄菊官方', '[给心心]')
2026-08-20 17:19:58,122|line:1010| ('reply: ', '吓死我啦芙莱', '并不是')
2026-08-20 17:19:58,122|line:1010| ('reply: ', '花生十三-公考行测', '68')
2026-08-20 17:19:58,122|line:1010| ('reply: ', '三鹿七茸猫尾巴', '[夏诺雅表情包_？？？]')
2026-08-20 17:19:58,122|line:1010| ('reply: ', '小闪闪bling', 'hhh腾子买库洛让我感觉他自己有点不太想出大世界了')
2026-08-20 17:19:58,122|line:1010| ('reply: ', 'M4LMG-布洛妮娅', '不是，这……')
2026-08-20 17:19:58,122|line:1010| ('reply: ', '好像都是一个人', '你在说什么')
2026-08-20 17:19:58,122|line:1010| ('reply: ', '目标咨询', '太宠粉了啊')
2026-08-20 17:19:58,122|line:1010| ('reply: ', '数玩工场', '祝你成功')
2026-08-20 17:19:58,122|line:1010| ('reply: ', '益家有小佰', '恭喜宝子，获得小电视月度会员1份和克刻冰冰猴喉糖随机口味1份～记得私信小佰提供信息哦~')
2026-08-20 17:19:58,122|line:1010| ('reply: ', '圆环之理-Madoka', '是的')
2026-08-20 17:19:58,122|line:1010| ('reply: ', '兰的三姨', '这就是银河巨星的实力！')
2026-08-20 17:19:58,123|line:1010| ('reply: ', '花园百合铃音', '有男不玩，我只吃麻辣火锅，xxn滚[吃瓜]')
2026-08-20 17:19:58,123|line:1010| ('reply: ', '是绝赞的阿鬼', '[tv_难过]')
2026-08-20 17:19:58,123|line:1010| ('reply: ', '桃稚不幼稚', '还行')
2026-08-20 17:19:58,123|line:1010| ('reply: ', '陌罔子吖', '佬，这个报名有啥条件不。最近太非了，想下次报来抽[脱单doge][脱单doge][脱单doge]')
2026-08-20 17:19:58,123|line:1010| ('reply: ', '太二酸菜鱼', '恭喜成为本期欧皇[打call]获得【肥龙联名显眼包】1份，在收到本信息的两天内回复哥的私信哦~逾期哥就自己收啦！[脱单doge]')
2026-08-20 17:19:58,123|line:1010| ('reply: ', '得一想二的松鼠', '中奖分我一半')
2026-08-20 17:19:58,123|line:1010| ('reply: ', '佑凉Uriyoo', '谢谢！！！[UP_24967030_感恩]')
2026-08-20 17:19:58,123|line:1010| ('reply: ', '岛莓祁', '好耶')
2026-08-20 17:20:02,646|line:1019| ('at: ', '电脑报', '恭喜@小小Shaun UID：1090970340，@-叶晓吖  UID：22437099  获得 【电竞大礼包】1份， 请在三日内私信我')
2026-08-20 17:20:02,647|line:1019| ('at: ', '联想拯救者官方', '是我喜欢的奖品名单 直接开奖 上 趁现在没人偷摸开个奖 恭喜这些小伙伴 【拯救者7.1声卡H7游戏耳机】获奖名单 @泪水打湿猪脚饭o @xoomoon @小小Shaun @T山海连云T @超超超超薄脆饼干 @BerboomC 【拯救者C140氮化镓适配器】获奖名单 @改个天凉好个秋 @夜猫子牙不好 @LLL好久不见 @林殇倾慕婉 @今天也要拥抱微风 @洳不及我万一 @胜利の天平 【白金独角兽电竞鼠标】获奖名单 @底片上的诗旅人 【拯救者C170氮化镓适配器】获奖名单 @麦當劳无限好 @無名丶の辈 @任性的提莫 @广东有暖风 由于B站私信规则修改 我会私信中奖的小伙伴一条消息，还请注意查收并回复我您的收货地址与联系方式，奖品基本会在私信您信息后的三十个工作日内发货')
2026-08-20 17:20:02,647|line:1019| ('at: ', 'Apexgaming艾湃电竞', '恭喜 @小小Shaun 获得饮料一份，三天内联系我，过时不候！')
2026-08-20 17:20:02,647|line:1019| ('at: ', '梦_水晶花', '1 @浪子游2fans6@被_____打下来的飞机@拉斯特臣后面一个点@专心致志的学生@猫猫头OmMeow@小小Shaun@龐門左道@啦啦痴痴腻@bili_66938050009@日月星辰668')
2026-08-20 17:20:02,647|line:1019| ('at: ', 'iKF蓝牙耳机', '恭喜@小小Shaun 宝子成为苏泊尔福利动态幸运儿！\n注意：即日起72小时内回复信息确认领奖哦！逾期将自动视为放弃中奖资格。\n没有中奖的宝子们不要气馁，参与一下下置顶视频iKF Mars，增加欧气值，说不定下个幸运儿就是你！\n链接：\nhttps://www.bilibili.com/video/BV1Soo6YLEHZ/?spm_id_from=333.1387.list.card_archive.click&vd_source=21fb0967ccc75e6b3b2447ade2c740dd\n还没参与抽奖的宝子们，赶紧点击上方链接参与吧！还有特别福利惊喜等你哦~')
2026-08-20 17:20:02,647|line:1019| ('at: ', 'wellymerck威利默克', '恭喜@小小Shaun\xa0 获得《我是你的小狗3 永远等你回家》1本，请于5天内联系威宝，凭关注+互动截图领取奖品，逾期作废~')
2026-08-20 17:20:02,647|line:1019| ('at: ', '宁美NINGMEI', '恭喜@小小Shaun   中奖，请在12月1日24点前私信我：1. 奖品+中奖信息a. 实物奖：姓名电话地址，给文字！省市区路清晰，提交不清晰不发奖，信息错误致无法签收，概不负责；\n\nb. 现金红包给到支付宝实名+账号；\n\nc. 京东卡/猫超卡 等购物卡给到姓名+电话；2. 宁美和品牌方关注截图+转发截图！\n\n必须关注品牌方，否则奖品不予发放；如遇无法私信图片的情况，等待我回复后即可发送图片。PS： \n\n因后台收信有时会出问题，以回复“已登记”为准，没有回复即表示私信未收到。\n\n过期视为自动放弃，不会补发；奖品30个工作日内发送，勿催哦~\n\n不发全，不回复。其他小伙伴请继续努力！')
2026-08-20 17:20:02,647|line:1019| ('at: ', '爱玛电动车官方账号', '#一“玛”当先榜# 快来看看10月都是谁和爱玛酱互动最多呀~ 💕恭喜@小小Shaun 和@甘瑞凯拉莎 排行第一！这两位小玛达将会获得【爱玛随机周边×1】，请5天内私信爱玛酱领奖哟~[鼓掌] 以后也请继续单推我无敌可爱美少女爱玛酱呀嘿嘿！(●´З｀●)')
2026-08-20 17:20:02,647|line:1019| ('at: ', '爱玛电动车官方账号', '')
2026-08-20 17:20:02,647|line:1019| ('at: ', '海露滴眼液', '互动榜出炉啦')
2026-08-20 17:20:02,647|line:1019| ('at: ', '和蔼可亲桃白白', '\u200b//@九号公司:\u200b恭喜@小小Shaun 中奖！后续记得查收私信哟～\u200b//@九号公司:#互动抽奖# 谢谢粒粒的复工礼！小九也来加个码~关注【@微粒贷+@九号公司 】并转发该动态，抽一位小可爱获得【100元京东卡】~ #供电局福利社# 10月31日抽出！')
2026-08-20 17:20:02,647|line:1019| ('at: ', '望大家身体健康快乐', '\u200b//@九号公司:\u200b恭喜@小小Shaun 中奖！后续记得查收私信哟～\u200b//@九号公司 :#互动抽奖# 谢谢粒粒的复工礼！小九也来加个码~关注【@微粒贷+@九号公司 】并转发该动态，抽一位小可爱获得【100元京东卡】~ #供电局福利社# 10月31日抽出！')
2026-08-20 17:20:02,648|line:1019| ('at: ', 'MoMA_Reona', '//@九号公司:\u200b恭喜@小小Shaun 中奖！后续记得查收私信哟～\u200b//@九号公司:#互动抽奖# 谢谢粒粒的复工礼！小九也来加个码~关注【@微粒贷+@九号公司 】并转发该动态，抽一位小可爱获得【100元京东卡】~ #供电局福利社# 10月31日抽出！')
2026-08-20 17:20:02,648|line:1019| ('at: ', '摸鱼二队', '\u200b//@九号公司:\u200b恭喜@小小Shaun 中奖！后续记得查收私信哟～\u200b//@九号公司 :#互动抽奖# 谢谢粒粒的复工礼！小九也来加个码~关注【@微粒贷+@九号公司 】并转发该动态，抽一位小可爱获得【100元京东卡】~ #供电局福利社# 10月31日抽出！')
2026-08-20 17:20:02,648|line:1019| ('at: ', '文少嘅一些事一些情', '\u200b//@九号公司:\u200b恭喜@小小Shaun 中奖！后续记得查收私信哟～\u200b//@九号公司 :#互动抽奖# 谢谢粒粒的复工礼！小九也来加个码~关注【@微粒贷+@九号公司 】并转发该动态，抽一位小可爱获得【100元京东卡】~ #供电局福利社# 10月31日抽出！')
2026-08-20 17:20:02,648|line:1019| ('at: ', 'Carry队友的嘟嘟酱丶', '\u200b//@九号公司:\u200b恭喜@小小Shaun 中奖！后续记得查收私信哟～\u200b//@九号公司 :#互动抽奖# 谢谢粒粒的复工礼！小九也来加个码~关注【@微粒贷+@九号公司 】并转发该动态，抽一位小可爱获得【100元京东卡】~ #供电局福利社# 10月31日抽出！')
2026-08-20 17:20:02,648|line:1019| ('at: ', '蛤蟆zero', '//@九号公司:\u200b恭喜@小小Shaun 中奖！后续记得查收私信哟～\u200b//@九号公司:#互动抽奖# 谢谢粒粒的复工礼！小九也来加个码~关注【@微粒贷+@九号公司 】并转发该动态，抽一位小可爱获得【100元京东卡】~ #供电局福利社# 10月31日抽出！c冲冲冲')
2026-08-20 17:20:02,648|line:1019| ('at: ', '木而各子要吃笃栗子', '\u200b//@九号公司:\u200b恭喜@小小Shaun 中奖！后续记得查收私信哟～\u200b//@九号公司 :#互动抽奖# 谢谢粒粒的复工礼！小九也来加个码~关注【@微粒贷+@九号公司 】并转发该动态，抽一位小可爱获得【100元京东卡】~ #供电局福利社# 10月31日抽出！')
2026-08-20 17:20:02,648|line:1019| ('at: ', '裙下愚臣情默默', '\u200b//@九号公司:\u200b恭喜@小小Shaun 中奖！后续记得查收私信哟～\u200b//@九号公司 :#互动抽奖# 谢谢粒粒的复工礼！小九也来加个码~关注【@微粒贷+@九号公司 】并转发该动态，抽一位小可爱获得【100元京东卡】~ #供电局福利社# 10月31日抽出！')
2026-08-20 17:20:02,648|line:1019| ('at: ', '戊子毕宿', '')
