2026-08-01 17:09:59,616|line:232| processing article 51986402
2026-08-01 17:10:03,932|line:507| ==================================================2026-08-02 01:10==================================================
2026-08-01 17:10:03,933|line:519| https://t.bilibili.com/1226586820916019200
2026-08-01 17:10:07,474|line:346| Expecting value: line 1 column 1 (char 0)
2026-08-01 17:10:07,474|line:347| error line:319
2026-08-01 17:10:07,475|line:533| *#*#*#*#*#*#*#*#*#*原动态处理失败*#*#*#*#*#*#*#*#*#
2026-08-01 17:10:07,476|line:519| https://t.bilibili.com/635932563238551585
2026-08-01 17:10:10,834|line:346| Expecting value: line 1 column 1 (char 0)
2026-08-01 17:10:10,834|line:347| error line:319
2026-08-01 17:10:10,835|line:533| *#*#*#*#*#*#*#*#*#*原动态处理失败*#*#*#*#*#*#*#*#*#
2026-08-01 17:10:10,836|line:519| https://t.bilibili.com/1230802185296543744
2026-08-01 17:10:12,171|line:346| Expecting value: line 1 column 1 (char 0)
2026-08-01 17:10:12,171|line:347| error line:319
2026-08-01 17:10:12,172|line:533| *#*#*#*#*#*#*#*#*#*原动态处理失败*#*#*#*#*#*#*#*#*#
2026-08-01 17:10:12,173|line:519| https://t.bilibili.com/1231172574674681862
2026-08-01 17:10:15,643|line:346| Expecting value: line 1 column 1 (char 0)
2026-08-01 17:10:15,643|line:347| error line:319
2026-08-01 17:10:15,644|line:533| *#*#*#*#*#*#*#*#*#*原动态处理失败*#*#*#*#*#*#*#*#*#
2026-08-01 17:10:15,644|line:519| https://t.bilibili.com/1230008209018716211
2026-08-01 17:10:17,006|line:346| Expecting value: line 1 column 1 (char 0)
2026-08-01 17:10:17,006|line:347| error line:319
2026-08-01 17:10:17,007|line:533| *#*#*#*#*#*#*#*#*#*原动态处理失败*#*#*#*#*#*#*#*#*#
2026-08-01 17:10:17,007|line:519| https://t.bilibili.com/1230859664850157572
2026-08-01 17:10:19,450|line:346| Expecting value: line 1 column 1 (char 0)
2026-08-01 17:10:19,450|line:347| error line:319
2026-08-01 17:10:19,451|line:533| *#*#*#*#*#*#*#*#*#*原动态处理失败*#*#*#*#*#*#*#*#*#
2026-08-01 17:10:19,451|line:519| https://t.bilibili.com/1229639657913843728
2026-08-01 17:10:20,891|line:346| Expecting value: line 1 column 1 (char 0)
2026-08-01 17:10:20,891|line:347| error line:319
2026-08-01 17:10:20,892|line:533| *#*#*#*#*#*#*#*#*#*原动态处理失败*#*#*#*#*#*#*#*#*#
2026-08-01 17:10:20,892|line:519| https://t.bilibili.com/1228100453269504001
2026-08-01 17:10:23,229|line:346| Expecting value: line 1 column 1 (char 0)
2026-08-01 17:10:23,229|line:347| error line:319
2026-08-01 17:10:23,230|line:533| *#*#*#*#*#*#*#*#*#*原动态处理失败*#*#*#*#*#*#*#*#*#
2026-08-01 17:10:23,231|line:519| https://t.bilibili.com/1230043165783752707
2026-08-01 17:10:26,573|line:346| Expecting value: line 1 column 1 (char 0)
2026-08-01 17:10:26,574|line:347| error line:319
2026-08-01 17:10:26,575|line:533| *#*#*#*#*#*#*#*#*#*原动态处理失败*#*#*#*#*#*#*#*#*#
2026-08-01 17:10:26,575|line:519| https://t.bilibili.com/1231051138738946051
2026-08-01 17:10:28,945|line:346| Expecting value: line 1 column 1 (char 0)
2026-08-01 17:10:28,945|line:347| error line:319
2026-08-01 17:10:28,946|line:533| *#*#*#*#*#*#*#*#*#*原动态处理失败*#*#*#*#*#*#*#*#*#
2026-08-01 17:10:28,946|line:519| https://t.bilibili.com/1231035101349937209
2026-08-01 17:10:31,243|line:346| Expecting value: line 1 column 1 (char 0)
2026-08-01 17:10:31,243|line:347| error line:319
2026-08-01 17:10:31,244|line:533| *#*#*#*#*#*#*#*#*#*原动态处理失败*#*#*#*#*#*#*#*#*#
2026-08-01 17:10:31,245|line:519| https://t.bilibili.com/1231055605523808263
2026-08-01 17:10:34,550|line:346| Expecting value: line 1 column 1 (char 0)
2026-08-01 17:10:34,550|line:347| error line:319
2026-08-01 17:10:34,551|line:533| *#*#*#*#*#*#*#*#*#*原动态处理失败*#*#*#*#*#*#*#*#*#
2026-08-01 17:10:34,551|line:519| https://t.bilibili.com/1221112000346587145
2026-08-01 17:10:38,871|line:346| Expecting value: line 1 column 1 (char 0)
2026-08-01 17:10:38,871|line:347| error line:319
2026-08-01 17:10:38,872|line:533| *#*#*#*#*#*#*#*#*#*原动态处理失败*#*#*#*#*#*#*#*#*#
2026-08-01 17:10:38,872|line:519| https://t.bilibili.com/1229705688721129475
2026-08-01 17:10:40,199|line:346| Expecting value: line 1 column 1 (char 0)
2026-08-01 17:10:40,199|line:347| error line:319
2026-08-01 17:10:40,201|line:533| *#*#*#*#*#*#*#*#*#*原动态处理失败*#*#*#*#*#*#*#*#*#
2026-08-01 17:10:40,201|line:519| https://t.bilibili.com/1229325708691505177
2026-08-01 17:10:43,540|line:346| Expecting value: line 1 column 1 (char 0)
2026-08-01 17:10:43,540|line:347| error line:319
2026-08-01 17:10:43,541|line:533| *#*#*#*#*#*#*#*#*#*原动态处理失败*#*#*#*#*#*#*#*#*#
2026-08-01 17:10:43,542|line:519| https://t.bilibili.com/1230015939954606096
2026-08-01 17:10:46,911|line:346| Expecting value: line 1 column 1 (char 0)
2026-08-01 17:10:46,912|line:347| error line:319
2026-08-01 17:10:46,913|line:533| *#*#*#*#*#*#*#*#*#*原动态处理失败*#*#*#*#*#*#*#*#*#
2026-08-01 17:10:46,913|line:519| https://t.bilibili.com/1230054096433578020
2026-08-01 17:10:48,207|line:346| Expecting value: line 1 column 1 (char 0)
2026-08-01 17:10:48,208|line:347| error line:319
2026-08-01 17:10:48,209|line:533| *#*#*#*#*#*#*#*#*#*原动态处理失败*#*#*#*#*#*#*#*#*#
2026-08-01 17:10:48,209|line:519| https://t.bilibili.com/1230038892300730374
2026-08-01 17:10:50,655|line:346| Expecting value: line 1 column 1 (char 0)
2026-08-01 17:10:50,655|line:347| error line:319
2026-08-01 17:10:50,656|line:533| *#*#*#*#*#*#*#*#*#*原动态处理失败*#*#*#*#*#*#*#*#*#
2026-08-01 17:10:50,656|line:519| https://t.bilibili.com/1228561603924852741
2026-08-01 17:10:54,058|line:346| Expecting value: line 1 column 1 (char 0)
2026-08-01 17:10:54,058|line:347| error line:319
2026-08-01 17:10:54,059|line:533| *#*#*#*#*#*#*#*#*#*原动态处理失败*#*#*#*#*#*#*#*#*#
2026-08-01 17:10:54,059|line:519| https://t.bilibili.com/1228570301209509954
2026-08-01 17:10:56,363|line:346| Expecting value: line 1 column 1 (char 0)
2026-08-01 17:10:56,363|line:347| error line:319
2026-08-01 17:10:56,364|line:533| *#*#*#*#*#*#*#*#*#*原动态处理失败*#*#*#*#*#*#*#*#*#
2026-08-01 17:10:56,364|line:519| https://t.bilibili.com/1227177430436806656
2026-08-01 17:11:00,706|line:346| Expecting value: line 1 column 1 (char 0)
2026-08-01 17:11:00,706|line:347| error line:319
2026-08-01 17:11:00,707|line:533| *#*#*#*#*#*#*#*#*#*原动态处理失败*#*#*#*#*#*#*#*#*#
2026-08-01 17:11:00,707|line:519| https://t.bilibili.com/1230675900362653696
2026-08-01 17:11:03,010|line:346| Expecting value: line 1 column 1 (char 0)
2026-08-01 17:11:03,011|line:347| error line:319
2026-08-01 17:11:03,012|line:533| *#*#*#*#*#*#*#*#*#*原动态处理失败*#*#*#*#*#*#*#*#*#
2026-08-01 17:11:03,012|line:519| https://t.bilibili.com/1231043188781744184
2026-08-01 17:11:06,378|line:346| Expecting value: line 1 column 1 (char 0)
2026-08-01 17:11:06,379|line:347| error line:319
2026-08-01 17:11:06,380|line:533| *#*#*#*#*#*#*#*#*#*原动态处理失败*#*#*#*#*#*#*#*#*#
2026-08-01 17:11:06,380|line:519| https://t.bilibili.com/1230680620519129104
2026-08-01 17:11:10,759|line:346| Expecting value: line 1 column 1 (char 0)
2026-08-01 17:11:10,759|line:347| error line:319
2026-08-01 17:11:10,760|line:533| *#*#*#*#*#*#*#*#*#*原动态处理失败*#*#*#*#*#*#*#*#*#
2026-08-01 17:11:10,761|line:519| https://t.bilibili.com/1228462046557765650
2026-08-01 17:11:13,093|line:346| Expecting value: line 1 column 1 (char 0)
2026-08-01 17:11:13,093|line:347| error line:319
2026-08-01 17:11:13,094|line:533| *#*#*#*#*#*#*#*#*#*原动态处理失败*#*#*#*#*#*#*#*#*#
2026-08-01 17:11:13,095|line:519| https://t.bilibili.com/1230397569312489472
2026-08-01 17:11:15,400|line:346| Expecting value: line 1 column 1 (char 0)
2026-08-01 17:11:15,401|line:347| error line:319
2026-08-01 17:11:15,402|line:533| *#*#*#*#*#*#*#*#*#*原动态处理失败*#*#*#*#*#*#*#*#*#
2026-08-01 17:11:15,402|line:519| https://t.bilibili.com/1205099105986019328
2026-08-01 17:11:17,730|line:346| Expecting value: line 1 column 1 (char 0)
2026-08-01 17:11:17,730|line:347| error line:319
2026-08-01 17:11:17,731|line:533| *#*#*#*#*#*#*#*#*#*原动态处理失败*#*#*#*#*#*#*#*#*#
2026-08-01 17:11:17,731|line:519| https://t.bilibili.com/1229675714154856465
2026-08-01 17:11:20,070|line:346| Expecting value: line 1 column 1 (char 0)
2026-08-01 17:11:20,070|line:347| error line:319
2026-08-01 17:11:20,071|line:533| *#*#*#*#*#*#*#*#*#*原动态处理失败*#*#*#*#*#*#*#*#*#
2026-08-01 17:11:20,071|line:519| https://t.bilibili.com/1227410602066968582
2026-08-01 17:11:24,403|line:346| Expecting value: line 1 column 1 (char 0)
2026-08-01 17:11:24,403|line:347| error line:319
2026-08-01 17:11:24,405|line:533| *#*#*#*#*#*#*#*#*#*原动态处理失败*#*#*#*#*#*#*#*#*#
2026-08-01 17:11:24,405|line:519| https://t.bilibili.com/1231124586970480647
2026-08-01 17:11:25,735|line:346| Expecting value: line 1 column 1 (char 0)
2026-08-01 17:11:25,735|line:347| error line:319
2026-08-01 17:11:25,736|line:533| *#*#*#*#*#*#*#*#*#*原动态处理失败*#*#*#*#*#*#*#*#*#
2026-08-01 17:11:25,736|line:519| https://t.bilibili.com/1230768151984078866
2026-08-01 17:11:30,087|line:346| Expecting value: line 1 column 1 (char 0)
2026-08-01 17:11:30,087|line:347| error line:319
2026-08-01 17:11:30,088|line:533| *#*#*#*#*#*#*#*#*#*原动态处理失败*#*#*#*#*#*#*#*#*#
2026-08-01 17:11:30,088|line:519| https://t.bilibili.com/1228939333427265541
2026-08-01 17:11:31,398|line:346| Expecting value: line 1 column 1 (char 0)
2026-08-01 17:11:31,398|line:347| error line:319
2026-08-01 17:11:31,399|line:533| *#*#*#*#*#*#*#*#*#*原动态处理失败*#*#*#*#*#*#*#*#*#
2026-08-01 17:11:31,399|line:519| https://t.bilibili.com/1229671908768743447
2026-08-01 17:11:34,715|line:346| Expecting value: line 1 column 1 (char 0)
2026-08-01 17:11:34,715|line:347| error line:319
2026-08-01 17:11:34,716|line:533| *#*#*#*#*#*#*#*#*#*原动态处理失败*#*#*#*#*#*#*#*#*#
2026-08-01 17:11:34,716|line:519| https://t.bilibili.com/1229575293498294289
2026-08-01 17:11:38,058|line:346| Expecting value: line 1 column 1 (char 0)
2026-08-01 17:11:38,058|line:347| error line:319
2026-08-01 17:11:38,059|line:533| *#*#*#*#*#*#*#*#*#*原动态处理失败*#*#*#*#*#*#*#*#*#
2026-08-01 17:11:38,059|line:519| https://t.bilibili.com/1229932746449616916
2026-08-01 17:11:41,356|line:346| Expecting value: line 1 column 1 (char 0)
2026-08-01 17:11:41,356|line:347| error line:319
2026-08-01 17:11:41,357|line:533| *#*#*#*#*#*#*#*#*#*原动态处理失败*#*#*#*#*#*#*#*#*#
2026-08-01 17:11:41,357|line:519| https://t.bilibili.com/1229680125082075145
2026-08-01 17:11:44,705|line:346| Expecting value: line 1 column 1 (char 0)
2026-08-01 17:11:44,705|line:347| error line:319
2026-08-01 17:11:44,706|line:533| *#*#*#*#*#*#*#*#*#*原动态处理失败*#*#*#*#*#*#*#*#*#
2026-08-01 17:11:44,707|line:519| https://t.bilibili.com/1229627211081842707
2026-08-01 17:11:48,085|line:346| Expecting value: line 1 column 1 (char 0)
2026-08-01 17:11:48,085|line:347| error line:319
2026-08-01 17:11:48,086|line:533| *#*#*#*#*#*#*#*#*#*原动态处理失败*#*#*#*#*#*#*#*#*#
2026-08-01 17:11:48,087|line:519| https://t.bilibili.com/1230336451914235945
2026-08-01 17:11:51,390|line:346| Expecting value: line 1 column 1 (char 0)
2026-08-01 17:11:51,391|line:347| error line:319
2026-08-01 17:11:51,392|line:533| *#*#*#*#*#*#*#*#*#*原动态处理失败*#*#*#*#*#*#*#*#*#
2026-08-01 17:11:51,392|line:519| https://t.bilibili.com/1229312029221716020
2026-08-01 17:11:55,697|line:346| Expecting value: line 1 column 1 (char 0)
2026-08-01 17:11:55,698|line:347| error line:319
2026-08-01 17:11:55,699|line:533| *#*#*#*#*#*#*#*#*#*原动态处理失败*#*#*#*#*#*#*#*#*#
2026-08-01 17:11:55,699|line:519| https://t.bilibili.com/1229590972315205632
2026-08-01 17:11:57,016|line:346| Expecting value: line 1 column 1 (char 0)
2026-08-01 17:11:57,016|line:347| error line:319
2026-08-01 17:11:57,017|line:533| *#*#*#*#*#*#*#*#*#*原动态处理失败*#*#*#*#*#*#*#*#*#
2026-08-01 17:11:57,017|line:519| https://t.bilibili.com/1220685196553093173
2026-08-01 17:11:58,315|line:346| Expecting value: line 1 column 1 (char 0)
2026-08-01 17:11:58,315|line:347| error line:319
2026-08-01 17:11:58,316|line:533| *#*#*#*#*#*#*#*#*#*原动态处理失败*#*#*#*#*#*#*#*#*#
2026-08-01 17:11:58,316|line:519| https://t.bilibili.com/1230363475828539397
2026-08-01 17:12:02,656|line:346| Expecting value: line 1 column 1 (char 0)
2026-08-01 17:12:02,656|line:347| error line:319
2026-08-01 17:12:02,657|line:533| *#*#*#*#*#*#*#*#*#*原动态处理失败*#*#*#*#*#*#*#*#*#
2026-08-01 17:12:02,657|line:519| https://t.bilibili.com/1227296821970206729
2026-08-01 17:12:06,002|line:346| Expecting value: line 1 column 1 (char 0)
2026-08-01 17:12:06,002|line:347| error line:319
2026-08-01 17:12:06,003|line:533| *#*#*#*#*#*#*#*#*#*原动态处理失败*#*#*#*#*#*#*#*#*#
2026-08-01 17:12:06,004|line:519| https://t.bilibili.com/1230302212444389384
2026-08-01 17:12:07,329|line:346| Expecting value: line 1 column 1 (char 0)
2026-08-01 17:12:07,329|line:347| error line:319
2026-08-01 17:12:07,330|line:533| *#*#*#*#*#*#*#*#*#*原动态处理失败*#*#*#*#*#*#*#*#*#
2026-08-01 17:12:07,330|line:519| https://t.bilibili.com/1229511178205528069
2026-08-01 17:12:10,633|line:346| Expecting value: line 1 column 1 (char 0)
2026-08-01 17:12:10,633|line:347| error line:319
2026-08-01 17:12:10,634|line:533| *#*#*#*#*#*#*#*#*#*原动态处理失败*#*#*#*#*#*#*#*#*#
2026-08-01 17:12:10,634|line:519| https://t.bilibili.com/1220793094701580322
2026-08-01 17:12:11,977|line:346| Expecting value: line 1 column 1 (char 0)
2026-08-01 17:12:11,977|line:347| error line:319
2026-08-01 17:12:11,978|line:533| *#*#*#*#*#*#*#*#*#*原动态处理失败*#*#*#*#*#*#*#*#*#
2026-08-01 17:12:11,979|line:519| https://t.bilibili.com/1231128877691043843
2026-08-01 17:12:14,308|line:346| Expecting value: line 1 column 1 (char 0)
2026-08-01 17:12:14,309|line:347| error line:319
2026-08-01 17:12:14,310|line:533| *#*#*#*#*#*#*#*#*#*原动态处理失败*#*#*#*#*#*#*#*#*#
2026-08-01 17:12:14,310|line:519| https://t.bilibili.com/1231117453070696448
2026-08-01 17:12:18,660|line:346| Expecting value: line 1 column 1 (char 0)
2026-08-01 17:12:18,660|line:347| error line:319
2026-08-01 17:12:18,662|line:533| *#*#*#*#*#*#*#*#*#*原动态处理失败*#*#*#*#*#*#*#*#*#
2026-08-01 17:12:18,662|line:519| https://t.bilibili.com/1229953224875704320
2026-08-01 17:12:21,043|line:346| Expecting value: line 1 column 1 (char 0)
2026-08-01 17:12:21,044|line:347| error line:319
2026-08-01 17:12:21,045|line:533| *#*#*#*#*#*#*#*#*#*原动态处理失败*#*#*#*#*#*#*#*#*#
2026-08-01 17:12:21,045|line:519| https://t.bilibili.com/1230083113257795620
2026-08-01 17:12:23,423|line:346| Expecting value: line 1 column 1 (char 0)
2026-08-01 17:12:23,424|line:347| error line:319
2026-08-01 17:12:23,425|line:533| *#*#*#*#*#*#*#*#*#*原动态处理失败*#*#*#*#*#*#*#*#*#
2026-08-01 17:12:23,425|line:519| https://t.bilibili.com/1228166454037184521
2026-08-01 17:12:25,783|line:346| Expecting value: line 1 column 1 (char 0)
2026-08-01 17:12:25,784|line:347| error line:319
2026-08-01 17:12:25,785|line:533| *#*#*#*#*#*#*#*#*#*原动态处理失败*#*#*#*#*#*#*#*#*#
2026-08-01 17:12:25,785|line:519| https://t.bilibili.com/1221055783512309797
2026-08-01 17:12:27,087|line:346| Expecting value: line 1 column 1 (char 0)
2026-08-01 17:12:27,087|line:347| error line:319
2026-08-01 17:12:27,088|line:533| *#*#*#*#*#*#*#*#*#*原动态处理失败*#*#*#*#*#*#*#*#*#
2026-08-01 17:12:27,088|line:519| https://t.bilibili.com/1230796754312495128
2026-08-01 17:12:31,441|line:346| Expecting value: line 1 column 1 (char 0)
2026-08-01 17:12:31,441|line:347| error line:319
2026-08-01 17:12:31,442|line:533| *#*#*#*#*#*#*#*#*#*原动态处理失败*#*#*#*#*#*#*#*#*#
2026-08-01 17:12:31,443|line:519| https://t.bilibili.com/1222632880419635207
2026-08-01 17:12:32,772|line:346| Expecting value: line 1 column 1 (char 0)
2026-08-01 17:12:32,772|line:347| error line:319
2026-08-01 17:12:32,773|line:533| *#*#*#*#*#*#*#*#*#*原动态处理失败*#*#*#*#*#*#*#*#*#
2026-08-01 17:12:32,773|line:519| https://t.bilibili.com/1230007332826513412
2026-08-01 17:12:37,101|line:346| Expecting value: line 1 column 1 (char 0)
2026-08-01 17:12:37,101|line:347| error line:319
2026-08-01 17:12:37,102|line:533| *#*#*#*#*#*#*#*#*#*原动态处理失败*#*#*#*#*#*#*#*#*#
2026-08-01 17:12:37,103|line:519| https://t.bilibili.com/1227719897698533412
2026-08-01 17:12:41,437|line:346| Expecting value: line 1 column 1 (char 0)
2026-08-01 17:12:41,438|line:347| error line:319
2026-08-01 17:12:41,439|line:533| *#*#*#*#*#*#*#*#*#*原动态处理失败*#*#*#*#*#*#*#*#*#
2026-08-01 17:12:41,439|line:519| https://t.bilibili.com/1230063343532769289
2026-08-01 17:12:42,794|line:346| Expecting value: line 1 column 1 (char 0)
2026-08-01 17:12:42,794|line:347| error line:319
2026-08-01 17:12:42,795|line:533| *#*#*#*#*#*#*#*#*#*原动态处理失败*#*#*#*#*#*#*#*#*#
2026-08-01 17:12:42,795|line:519| https://t.bilibili.com/1231105259617648657
2026-08-01 17:12:44,098|line:346| Expecting value: line 1 column 1 (char 0)
2026-08-01 17:12:44,099|line:347| error line:319
2026-08-01 17:12:44,100|line:533| *#*#*#*#*#*#*#*#*#*原动态处理失败*#*#*#*#*#*#*#*#*#
2026-08-01 17:12:44,100|line:519| https://t.bilibili.com/1230501700771512339
2026-08-01 17:12:46,436|line:346| Expecting value: line 1 column 1 (char 0)
2026-08-01 17:12:46,436|line:347| error line:319
2026-08-01 17:12:46,437|line:533| *#*#*#*#*#*#*#*#*#*原动态处理失败*#*#*#*#*#*#*#*#*#
2026-08-01 17:12:46,437|line:519| https://t.bilibili.com/1224519296669974648
2026-08-01 17:12:48,801|line:346| Expecting value: line 1 column 1 (char 0)
2026-08-01 17:12:48,801|line:347| error line:319
2026-08-01 17:12:48,802|line:533| *#*#*#*#*#*#*#*#*#*原动态处理失败*#*#*#*#*#*#*#*#*#
2026-08-01 17:12:48,802|line:519| https://t.bilibili.com/1229636531171360804
2026-08-01 17:12:50,180|line:346| Expecting value: line 1 column 1 (char 0)
2026-08-01 17:12:50,180|line:347| error line:319
2026-08-01 17:12:50,181|line:533| *#*#*#*#*#*#*#*#*#*原动态处理失败*#*#*#*#*#*#*#*#*#
2026-08-01 17:12:50,182|line:519| https://t.bilibili.com/1231172737887633412
2026-08-01 17:12:52,501|line:346| Expecting value: line 1 column 1 (char 0)
2026-08-01 17:12:52,501|line:347| error line:319
2026-08-01 17:12:52,502|line:533| *#*#*#*#*#*#*#*#*#*原动态处理失败*#*#*#*#*#*#*#*#*#
2026-08-01 17:12:52,503|line:519| https://t.bilibili.com/1228517318485606424
2026-08-01 17:12:56,939|line:346| Expecting value: line 1 column 1 (char 0)
2026-08-01 17:12:56,939|line:347| error line:319
2026-08-01 17:12:56,940|line:533| *#*#*#*#*#*#*#*#*#*原动态处理失败*#*#*#*#*#*#*#*#*#
2026-08-01 17:12:56,940|line:519| https://t.bilibili.com/1227721886284120068
2026-08-01 17:12:58,317|line:346| Expecting value: line 1 column 1 (char 0)
2026-08-01 17:12:58,318|line:347| error line:319
2026-08-01 17:12:58,319|line:533| *#*#*#*#*#*#*#*#*#*原动态处理失败*#*#*#*#*#*#*#*#*#
2026-08-01 17:12:58,319|line:519| https://t.bilibili.com/1229951128890769409
2026-08-01 17:13:01,623|line:346| Expecting value: line 1 column 1 (char 0)
2026-08-01 17:13:01,623|line:347| error line:319
2026-08-01 17:13:01,624|line:533| *#*#*#*#*#*#*#*#*#*原动态处理失败*#*#*#*#*#*#*#*#*#
2026-08-01 17:13:01,625|line:519| https://t.bilibili.com/1230411162842038289
2026-08-01 17:13:05,995|line:346| Expecting value: line 1 column 1 (char 0)
2026-08-01 17:13:05,995|line:347| error line:319
2026-08-01 17:13:05,996|line:533| *#*#*#*#*#*#*#*#*#*原动态处理失败*#*#*#*#*#*#*#*#*#
2026-08-01 17:13:05,996|line:519| https://t.bilibili.com/1231186911248252935
2026-08-01 17:13:07,370|line:346| Expecting value: line 1 column 1 (char 0)
2026-08-01 17:13:07,371|line:347| error line:319
2026-08-01 17:13:07,372|line:533| *#*#*#*#*#*#*#*#*#*原动态处理失败*#*#*#*#*#*#*#*#*#
2026-08-01 17:13:07,372|line:519| https://t.bilibili.com/1230769101117325333
2026-08-01 17:13:11,717|line:346| Expecting value: line 1 column 1 (char 0)
2026-08-01 17:13:11,717|line:347| error line:319
2026-08-01 17:13:11,718|line:533| *#*#*#*#*#*#*#*#*#*原动态处理失败*#*#*#*#*#*#*#*#*#
2026-08-01 17:13:11,718|line:519| https://t.bilibili.com/1230317435948630040
2026-08-01 17:13:13,051|line:346| Expecting value: line 1 column 1 (char 0)
2026-08-01 17:13:13,052|line:347| error line:319
2026-08-01 17:13:13,053|line:533| *#*#*#*#*#*#*#*#*#*原动态处理失败*#*#*#*#*#*#*#*#*#
2026-08-01 17:13:13,053|line:519| https://t.bilibili.com/1229963489859076113
2026-08-01 17:13:14,356|line:346| Expecting value: line 1 column 1 (char 0)
2026-08-01 17:13:14,356|line:347| error line:319
2026-08-01 17:13:14,357|line:533| *#*#*#*#*#*#*#*#*#*原动态处理失败*#*#*#*#*#*#*#*#*#
2026-08-01 17:13:14,358|line:519| https://t.bilibili.com/1229935443724730400
2026-08-01 17:13:16,757|line:346| Expecting value: line 1 column 1 (char 0)
2026-08-01 17:13:16,757|line:347| error line:319
2026-08-01 17:13:16,758|line:533| *#*#*#*#*#*#*#*#*#*原动态处理失败*#*#*#*#*#*#*#*#*#
2026-08-01 17:13:16,759|line:519| https://t.bilibili.com/1230733573163581443
2026-08-01 17:13:21,098|line:346| Expecting value: line 1 column 1 (char 0)
2026-08-01 17:13:21,098|line:347| error line:319
2026-08-01 17:13:21,099|line:533| *#*#*#*#*#*#*#*#*#*原动态处理失败*#*#*#*#*#*#*#*#*#
2026-08-01 17:13:21,100|line:519| https://t.bilibili.com/1230450629294424080
2026-08-01 17:13:23,413|line:346| Expecting value: line 1 column 1 (char 0)
2026-08-01 17:13:23,413|line:347| error line:319
2026-08-01 17:13:23,414|line:533| *#*#*#*#*#*#*#*#*#*原动态处理失败*#*#*#*#*#*#*#*#*#
2026-08-01 17:13:23,415|line:519| https://t.bilibili.com/1230798766509916162
2026-08-01 17:13:24,717|line:346| Expecting value: line 1 column 1 (char 0)
2026-08-01 17:13:24,717|line:347| error line:319
2026-08-01 17:13:24,718|line:533| *#*#*#*#*#*#*#*#*#*原动态处理失败*#*#*#*#*#*#*#*#*#
2026-08-01 17:13:24,718|line:519| https://t.bilibili.com/1230734758613352451
2026-08-01 17:13:26,050|line:346| Expecting value: line 1 column 1 (char 0)
2026-08-01 17:13:26,050|line:347| error line:319
2026-08-01 17:13:26,051|line:533| *#*#*#*#*#*#*#*#*#*原动态处理失败*#*#*#*#*#*#*#*#*#
2026-08-01 17:13:26,051|line:519| https://t.bilibili.com/1230013058075590659
2026-08-01 17:13:28,356|line:346| Expecting value: line 1 column 1 (char 0)
2026-08-01 17:13:28,357|line:347| error line:319
2026-08-01 17:13:28,358|line:533| *#*#*#*#*#*#*#*#*#*原动态处理失败*#*#*#*#*#*#*#*#*#
2026-08-01 17:13:28,358|line:519| https://t.bilibili.com/1230702009460457480
2026-08-01 17:13:30,689|line:346| Expecting value: line 1 column 1 (char 0)
2026-08-01 17:13:30,690|line:347| error line:319
2026-08-01 17:13:30,691|line:533| *#*#*#*#*#*#*#*#*#*原动态处理失败*#*#*#*#*#*#*#*#*#
2026-08-01 17:13:30,691|line:519| https://t.bilibili.com/1227334067921354758
2026-08-01 17:13:32,999|line:346| Expecting value: line 1 column 1 (char 0)
2026-08-01 17:13:33,000|line:347| error line:319
2026-08-01 17:13:33,001|line:533| *#*#*#*#*#*#*#*#*#*原动态处理失败*#*#*#*#*#*#*#*#*#
2026-08-01 17:13:33,001|line:519| https://t.bilibili.com/1230308173808664583
2026-08-01 17:13:36,303|line:346| Expecting value: line 1 column 1 (char 0)
2026-08-01 17:13:36,304|line:347| error line:319
2026-08-01 17:13:36,305|line:533| *#*#*#*#*#*#*#*#*#*原动态处理失败*#*#*#*#*#*#*#*#*#
2026-08-01 17:13:36,305|line:519| https://t.bilibili.com/1220445024128335958
2026-08-01 17:13:40,609|line:346| Expecting value: line 1 column 1 (char 0)
2026-08-01 17:13:40,609|line:347| error line:319
2026-08-01 17:13:40,610|line:533| *#*#*#*#*#*#*#*#*#*原动态处理失败*#*#*#*#*#*#*#*#*#
2026-08-01 17:13:40,610|line:519| https://t.bilibili.com/1225843671295852563
2026-08-01 17:13:43,941|line:346| Expecting value: line 1 column 1 (char 0)
2026-08-01 17:13:43,941|line:347| error line:319
2026-08-01 17:13:43,942|line:533| *#*#*#*#*#*#*#*#*#*原动态处理失败*#*#*#*#*#*#*#*#*#
2026-08-01 17:13:43,943|line:519| https://t.bilibili.com/1229654827707924515
2026-08-01 17:13:47,294|line:346| Expecting value: line 1 column 1 (char 0)
2026-08-01 17:13:47,295|line:347| error line:319
2026-08-01 17:13:47,296|line:533| *#*#*#*#*#*#*#*#*#*原动态处理失败*#*#*#*#*#*#*#*#*#
2026-08-01 17:13:47,296|line:519| https://t.bilibili.com/1221467928554110976
2026-08-01 17:13:50,614|line:346| Expecting value: line 1 column 1 (char 0)
2026-08-01 17:13:50,614|line:347| error line:319
2026-08-01 17:13:50,615|line:533| *#*#*#*#*#*#*#*#*#*原动态处理失败*#*#*#*#*#*#*#*#*#
2026-08-01 17:13:50,616|line:519| https://t.bilibili.com/1206305132793298967
2026-08-01 17:13:52,942|line:346| Expecting value: line 1 column 1 (char 0)
2026-08-01 17:13:52,942|line:347| error line:319
2026-08-01 17:13:52,943|line:533| *#*#*#*#*#*#*#*#*#*原动态处理失败*#*#*#*#*#*#*#*#*#
2026-08-01 17:13:52,943|line:519| https://t.bilibili.com/1230014982210453555
2026-08-01 17:13:57,246|line:346| Expecting value: line 1 column 1 (char 0)
2026-08-01 17:13:57,246|line:347| error line:319
2026-08-01 17:13:57,247|line:533| *#*#*#*#*#*#*#*#*#*原动态处理失败*#*#*#*#*#*#*#*#*#
2026-08-01 17:13:57,247|line:519| https://t.bilibili.com/1227145355652497429
2026-08-01 17:14:01,577|line:346| Expecting value: line 1 column 1 (char 0)
2026-08-01 17:14:01,578|line:347| error line:319
2026-08-01 17:14:01,579|line:533| *#*#*#*#*#*#*#*#*#*原动态处理失败*#*#*#*#*#*#*#*#*#
2026-08-01 17:14:01,579|line:519| https://t.bilibili.com/1223282279533510665
2026-08-01 17:14:03,913|line:346| Expecting value: line 1 column 1 (char 0)
2026-08-01 17:14:03,913|line:347| error line:319
2026-08-01 17:14:03,914|line:533| *#*#*#*#*#*#*#*#*#*原动态处理失败*#*#*#*#*#*#*#*#*#
2026-08-01 17:14:03,914|line:519| https://t.bilibili.com/1230856400675012663
2026-08-01 17:14:05,230|line:346| Expecting value: line 1 column 1 (char 0)
2026-08-01 17:14:05,230|line:347| error line:319
2026-08-01 17:14:05,231|line:533| *#*#*#*#*#*#*#*#*#*原动态处理失败*#*#*#*#*#*#*#*#*#
2026-08-01 17:14:05,232|line:519| https://t.bilibili.com/1224830630247792673
2026-08-01 17:14:06,560|line:346| Expecting value: line 1 column 1 (char 0)
2026-08-01 17:14:06,561|line:347| error line:319
2026-08-01 17:14:06,562|line:533| *#*#*#*#*#*#*#*#*#*原动态处理失败*#*#*#*#*#*#*#*#*#
2026-08-01 17:14:06,562|line:519| https://t.bilibili.com/1228097996539822085
2026-08-01 17:14:07,889|line:346| Expecting value: line 1 column 1 (char 0)
2026-08-01 17:14:07,890|line:347| error line:319
2026-08-01 17:14:07,891|line:533| *#*#*#*#*#*#*#*#*#*原动态处理失败*#*#*#*#*#*#*#*#*#
2026-08-01 17:14:07,891|line:519| https://t.bilibili.com/1230317435954921480
2026-08-01 17:14:09,219|line:346| Expecting value: line 1 column 1 (char 0)
2026-08-01 17:14:09,219|line:347| error line:319
2026-08-01 17:14:09,220|line:533| *#*#*#*#*#*#*#*#*#*原动态处理失败*#*#*#*#*#*#*#*#*#
2026-08-01 17:14:09,220|line:519| https://t.bilibili.com/1231180309917073427
2026-08-01 17:14:12,566|line:346| Expecting value: line 1 column 1 (char 0)
2026-08-01 17:14:12,566|line:347| error line:319
2026-08-01 17:14:12,567|line:533| *#*#*#*#*#*#*#*#*#*原动态处理失败*#*#*#*#*#*#*#*#*#
2026-08-01 17:14:12,568|line:519| https://t.bilibili.com/1229642428158312505
2026-08-01 17:14:16,870|line:346| Expecting value: line 1 column 1 (char 0)
2026-08-01 17:14:16,870|line:347| error line:319
2026-08-01 17:14:16,871|line:533| *#*#*#*#*#*#*#*#*#*原动态处理失败*#*#*#*#*#*#*#*#*#
2026-08-01 17:14:16,871|line:519| https://t.bilibili.com/1230673220321935384
2026-08-01 17:14:18,209|line:346| Expecting value: line 1 column 1 (char 0)
2026-08-01 17:14:18,210|line:347| error line:319
2026-08-01 17:14:18,211|line:533| *#*#*#*#*#*#*#*#*#*原动态处理失败*#*#*#*#*#*#*#*#*#
2026-08-01 17:14:18,211|line:519| https://t.bilibili.com/1227720928489635844
2026-08-01 17:14:21,541|line:346| Expecting value: line 1 column 1 (char 0)
2026-08-01 17:14:21,541|line:347| error line:319
2026-08-01 17:14:21,542|line:533| *#*#*#*#*#*#*#*#*#*原动态处理失败*#*#*#*#*#*#*#*#*#
2026-08-01 17:14:21,542|line:519| https://t.bilibili.com/1231062782425694216
2026-08-01 17:14:25,857|line:346| Expecting value: line 1 column 1 (char 0)
2026-08-01 17:14:25,857|line:347| error line:319
2026-08-01 17:14:25,858|line:533| *#*#*#*#*#*#*#*#*#*原动态处理失败*#*#*#*#*#*#*#*#*#
2026-08-01 17:14:25,858|line:519| https://t.bilibili.com/1222540109177421831
2026-08-01 17:14:30,162|line:346| Expecting value: line 1 column 1 (char 0)
2026-08-01 17:14:30,162|line:347| error line:319
2026-08-01 17:14:30,163|line:533| *#*#*#*#*#*#*#*#*#*原动态处理失败*#*#*#*#*#*#*#*#*#
2026-08-01 17:14:30,164|line:519| https://t.bilibili.com/1229962038153838608
2026-08-01 17:14:32,465|line:346| Expecting value: line 1 column 1 (char 0)
2026-08-01 17:14:32,466|line:347| error line:319
2026-08-01 17:14:32,467|line:533| *#*#*#*#*#*#*#*#*#*原动态处理失败*#*#*#*#*#*#*#*#*#
2026-08-01 17:14:32,467|line:552| 执行结束
2026-08-01 17:14:32,467|line:556| 执行失败，错误数量为98
2026-08-01 17:14:32,467|line:558| ==================================================2026-08-02 01:14==================================================
2026-08-01 17:14:32,467|line:232| processing article 51986313
2026-08-01 17:14:37,843|line:507| ==================================================2026-08-02 01:14==================================================
2026-08-01 17:14:37,844|line:519| https://t.bilibili.com/1225512314587840520
2026-08-01 17:14:42,178|line:346| Expecting value: line 1 column 1 (char 0)
2026-08-01 17:14:42,178|line:347| error line:319
2026-08-01 17:14:42,179|line:533| *#*#*#*#*#*#*#*#*#*原动态处理失败*#*#*#*#*#*#*#*#*#
2026-08-01 17:14:42,180|line:519| https://t.bilibili.com/1224854467309993993
2026-08-01 17:14:44,496|line:346| Expecting value: line 1 column 1 (char 0)
2026-08-01 17:14:44,497|line:347| error line:319
2026-08-01 17:14:44,498|line:533| *#*#*#*#*#*#*#*#*#*原动态处理失败*#*#*#*#*#*#*#*#*#
2026-08-01 17:14:44,498|line:519| https://t.bilibili.com/1231496763114782753
2026-08-01 17:14:48,794|line:346| Expecting value: line 1 column 1 (char 0)
2026-08-01 17:14:48,794|line:347| error line:319
2026-08-01 17:14:48,795|line:533| *#*#*#*#*#*#*#*#*#*原动态处理失败*#*#*#*#*#*#*#*#*#
2026-08-01 17:14:48,795|line:519| https://t.bilibili.com/1231518388247855124
2026-08-01 17:14:51,097|line:346| Expecting value: line 1 column 1 (char 0)
2026-08-01 17:14:51,098|line:347| error line:319
2026-08-01 17:14:51,099|line:533| *#*#*#*#*#*#*#*#*#*原动态处理失败*#*#*#*#*#*#*#*#*#
2026-08-01 17:14:51,099|line:519| https://t.bilibili.com/1231515523493134355
2026-08-01 17:14:55,399|line:346| Expecting value: line 1 column 1 (char 0)
2026-08-01 17:14:55,399|line:347| error line:319
2026-08-01 17:14:55,400|line:533| *#*#*#*#*#*#*#*#*#*原动态处理失败*#*#*#*#*#*#*#*#*#
2026-08-01 17:14:55,400|line:519| https://t.bilibili.com/1231075068154478609
2026-08-01 17:14:56,703|line:346| Expecting value: line 1 column 1 (char 0)
2026-08-01 17:14:56,704|line:347| error line:319
2026-08-01 17:14:56,705|line:533| *#*#*#*#*#*#*#*#*#*原动态处理失败*#*#*#*#*#*#*#*#*#
2026-08-01 17:14:56,705|line:519| https://t.bilibili.com/1231152377573146628
2026-08-01 17:14:58,009|line:346| Expecting value: line 1 column 1 (char 0)
2026-08-01 17:14:58,009|line:347| error line:319
2026-08-01 17:14:58,010|line:533| *#*#*#*#*#*#*#*#*#*原动态处理失败*#*#*#*#*#*#*#*#*#
2026-08-01 17:14:58,010|line:519| https://t.bilibili.com/1231573965149831172
2026-08-01 17:15:01,326|line:346| Expecting value: line 1 column 1 (char 0)
2026-08-01 17:15:01,326|line:347| error line:319
2026-08-01 17:15:01,327|line:533| *#*#*#*#*#*#*#*#*#*原动态处理失败*#*#*#*#*#*#*#*#*#
2026-08-01 17:15:01,327|line:519| https://t.bilibili.com/1231225407073681415
2026-08-01 17:15:03,632|line:346| Expecting value: line 1 column 1 (char 0)
2026-08-01 17:15:03,632|line:347| error line:319
2026-08-01 17:15:03,633|line:533| *#*#*#*#*#*#*#*#*#*原动态处理失败*#*#*#*#*#*#*#*#*#
2026-08-01 17:15:03,634|line:519| https://t.bilibili.com/1230764277881634823
2026-08-01 17:15:05,945|line:346| Expecting value: line 1 column 1 (char 0)
2026-08-01 17:15:05,945|line:347| error line:319
2026-08-01 17:15:05,946|line:533| *#*#*#*#*#*#*#*#*#*原动态处理失败*#*#*#*#*#*#*#*#*#
2026-08-01 17:15:05,947|line:519| https://t.bilibili.com/1231565031575912471
2026-08-01 17:15:07,378|line:346| Expecting value: line 1 column 1 (char 0)
2026-08-01 17:15:07,378|line:347| error line:319
2026-08-01 17:15:07,379|line:533| *#*#*#*#*#*#*#*#*#*原动态处理失败*#*#*#*#*#*#*#*#*#
2026-08-01 17:15:07,380|line:519| https://t.bilibili.com/1231415229554884613
2026-08-01 17:15:09,682|line:346| Expecting value: line 1 column 1 (char 0)
2026-08-01 17:15:09,682|line:347| error line:319
2026-08-01 17:15:09,683|line:533| *#*#*#*#*#*#*#*#*#*原动态处理失败*#*#*#*#*#*#*#*#*#
2026-08-01 17:15:09,683|line:519| https://t.bilibili.com/1231075068182790153
2026-08-01 17:15:13,986|line:346| Expecting value: line 1 column 1 (char 0)
2026-08-01 17:15:13,986|line:347| error line:319
2026-08-01 17:15:13,987|line:533| *#*#*#*#*#*#*#*#*#*原动态处理失败*#*#*#*#*#*#*#*#*#
2026-08-01 17:15:13,987|line:519| https://t.bilibili.com/1231544415768543238
2026-08-01 17:15:17,298|line:346| Expecting value: line 1 column 1 (char 0)
2026-08-01 17:15:17,299|line:347| error line:319
2026-08-01 17:15:17,300|line:533| *#*#*#*#*#*#*#*#*#*原动态处理失败*#*#*#*#*#*#*#*#*#
2026-08-01 17:15:17,300|line:519| https://t.bilibili.com/1231415229571661825
2026-08-01 17:15:18,597|line:346| Expecting value: line 1 column 1 (char 0)
2026-08-01 17:15:18,598|line:347| error line:319
2026-08-01 17:15:18,599|line:533| *#*#*#*#*#*#*#*#*#*原动态处理失败*#*#*#*#*#*#*#*#*#
2026-08-01 17:15:18,599|line:519| https://t.bilibili.com/1231407498660937760
2026-08-01 17:15:22,934|line:346| Expecting value: line 1 column 1 (char 0)
2026-08-01 17:15:22,934|line:347| error line:319
2026-08-01 17:15:22,935|line:533| *#*#*#*#*#*#*#*#*#*原动态处理失败*#*#*#*#*#*#*#*#*#
2026-08-01 17:15:22,935|line:519| https://t.bilibili.com/1231399767679959043
2026-08-01 17:15:25,238|line:346| Expecting value: line 1 column 1 (char 0)
2026-08-01 17:15:25,238|line:347| error line:319
2026-08-01 17:15:25,239|line:533| *#*#*#*#*#*#*#*#*#*原动态处理失败*#*#*#*#*#*#*#*#*#
2026-08-01 17:15:25,239|line:519| https://t.bilibili.com/1231417806575108096
2026-08-01 17:15:26,536|line:346| Expecting value: line 1 column 1 (char 0)
2026-08-01 17:15:26,537|line:347| error line:319
2026-08-01 17:15:26,538|line:533| *#*#*#*#*#*#*#*#*#*原动态处理失败*#*#*#*#*#*#*#*#*#
2026-08-01 17:15:26,538|line:519| https://t.bilibili.com/1231233116520054793
2026-08-01 17:15:28,845|line:346| Expecting value: line 1 column 1 (char 0)
2026-08-01 17:15:28,845|line:347| error line:319
2026-08-01 17:15:28,846|line:533| *#*#*#*#*#*#*#*#*#*原动态处理失败*#*#*#*#*#*#*#*#*#
2026-08-01 17:15:28,846|line:519| https://t.bilibili.com/1231410075621392388
2026-08-01 17:15:31,171|line:346| Expecting value: line 1 column 1 (char 0)
2026-08-01 17:15:31,171|line:347| error line:319
2026-08-01 17:15:31,172|line:533| *#*#*#*#*#*#*#*#*#*原动态处理失败*#*#*#*#*#*#*#*#*#
2026-08-01 17:15:31,172|line:519| https://t.bilibili.com/1231415229603119113
2026-08-01 17:15:32,469|line:346| Expecting value: line 1 column 1 (char 0)
2026-08-01 17:15:32,470|line:347| error line:319
2026-08-01 17:15:32,471|line:533| *#*#*#*#*#*#*#*#*#*原动态处理失败*#*#*#*#*#*#*#*#*#
2026-08-01 17:15:32,471|line:519| https://t.bilibili.com/1231457749773058052
2026-08-01 17:15:33,936|line:346| Expecting value: line 1 column 1 (char 0)
2026-08-01 17:15:33,936|line:347| error line:319
2026-08-01 17:15:33,937|line:533| *#*#*#*#*#*#*#*#*#*原动态处理失败*#*#*#*#*#*#*#*#*#
2026-08-01 17:15:33,938|line:519| https://t.bilibili.com/1230673739996200985
2026-08-01 17:15:36,344|line:346| Expecting value: line 1 column 1 (char 0)
2026-08-01 17:15:36,344|line:347| error line:319
2026-08-01 17:15:36,345|line:533| *#*#*#*#*#*#*#*#*#*原动态处理失败*#*#*#*#*#*#*#*#*#
2026-08-01 17:15:36,345|line:519| https://t.bilibili.com/1231261909968224258
2026-08-01 17:15:39,686|line:346| Expecting value: line 1 column 1 (char 0)
2026-08-01 17:15:39,686|line:347| error line:319
2026-08-01 17:15:39,687|line:533| *#*#*#*#*#*#*#*#*#*原动态处理失败*#*#*#*#*#*#*#*#*#
2026-08-01 17:15:39,687|line:519| https://t.bilibili.com/1231429697174241336
2026-08-01 17:15:42,024|line:346| Expecting value: line 1 column 1 (char 0)
2026-08-01 17:15:42,024|line:347| error line:319
2026-08-01 17:15:42,025|line:533| *#*#*#*#*#*#*#*#*#*原动态处理失败*#*#*#*#*#*#*#*#*#
2026-08-01 17:15:42,025|line:519| https://t.bilibili.com/1231399767726096418
2026-08-01 17:15:46,322|line:346| Expecting value: line 1 column 1 (char 0)
2026-08-01 17:15:46,323|line:347| error line:319
2026-08-01 17:15:46,324|line:533| *#*#*#*#*#*#*#*#*#*原动态处理失败*#*#*#*#*#*#*#*#*#
2026-08-01 17:15:46,324|line:519| https://t.bilibili.com/1230317435954921480
2026-08-01 17:15:48,627|line:346| Expecting value: line 1 column 1 (char 0)
2026-08-01 17:15:48,627|line:347| error line:319
2026-08-01 17:15:48,628|line:533| *#*#*#*#*#*#*#*#*#*原动态处理失败*#*#*#*#*#*#*#*#*#
2026-08-01 17:15:48,629|line:519| https://t.bilibili.com/1231450905708068864
2026-08-01 17:15:49,987|line:346| Expecting value: line 1 column 1 (char 0)
2026-08-01 17:15:49,987|line:347| error line:319
2026-08-01 17:15:49,988|line:533| *#*#*#*#*#*#*#*#*#*原动态处理失败*#*#*#*#*#*#*#*#*#
2026-08-01 17:15:49,988|line:519| https://t.bilibili.com/1231216104181858342
2026-08-01 17:15:54,293|line:346| Expecting value: line 1 column 1 (char 0)
2026-08-01 17:15:54,293|line:347| error line:319
2026-08-01 17:15:54,294|line:533| *#*#*#*#*#*#*#*#*#*原动态处理失败*#*#*#*#*#*#*#*#*#
2026-08-01 17:15:54,294|line:519| https://t.bilibili.com/1231539489444200465
2026-08-01 17:15:57,599|line:346| Expecting value: line 1 column 1 (char 0)
2026-08-01 17:15:57,599|line:347| error line:319
2026-08-01 17:15:57,600|line:533| *#*#*#*#*#*#*#*#*#*原动态处理失败*#*#*#*#*#*#*#*#*#
2026-08-01 17:15:57,600|line:519| https://t.bilibili.com/1231546655575113730
2026-08-01 17:15:59,899|line:346| Expecting value: line 1 column 1 (char 0)
2026-08-01 17:15:59,899|line:347| error line:319
2026-08-01 17:15:59,900|line:533| *#*#*#*#*#*#*#*#*#*原动态处理失败*#*#*#*#*#*#*#*#*#
2026-08-01 17:15:59,900|line:519| https://t.bilibili.com/1231501345839644681
2026-08-01 17:16:01,204|line:346| Expecting value: line 1 column 1 (char 0)
2026-08-01 17:16:01,204|line:347| error line:319
2026-08-01 17:16:01,205|line:533| *#*#*#*#*#*#*#*#*#*原动态处理失败*#*#*#*#*#*#*#*#*#
2026-08-01 17:16:01,205|line:519| https://t.bilibili.com/1231422932594458643
2026-08-01 17:16:03,530|line:346| Expecting value: line 1 column 1 (char 0)
2026-08-01 17:16:03,530|line:347| error line:319
2026-08-01 17:16:03,531|line:533| *#*#*#*#*#*#*#*#*#*原动态处理失败*#*#*#*#*#*#*#*#*#
2026-08-01 17:16:03,531|line:519| https://t.bilibili.com/1231415229595779075
2026-08-01 17:16:05,845|line:346| Expecting value: line 1 column 1 (char 0)
2026-08-01 17:16:05,846|line:347| error line:319
2026-08-01 17:16:05,847|line:533| *#*#*#*#*#*#*#*#*#*原动态处理失败*#*#*#*#*#*#*#*#*#
2026-08-01 17:16:05,847|line:519| https://t.bilibili.com/1231519603744571493
2026-08-01 17:16:08,420|line:346| Expecting value: line 1 column 1 (char 0)
2026-08-01 17:16:08,420|line:347| error line:319
2026-08-01 17:16:08,421|line:533| *#*#*#*#*#*#*#*#*#*原动态处理失败*#*#*#*#*#*#*#*#*#
2026-08-01 17:16:08,422|line:519| https://t.bilibili.com/1231238790199115782
2026-08-01 17:16:09,759|line:346| Expecting value: line 1 column 1 (char 0)
2026-08-01 17:16:09,760|line:347| error line:319
2026-08-01 17:16:09,761|line:533| *#*#*#*#*#*#*#*#*#*原动态处理失败*#*#*#*#*#*#*#*#*#
2026-08-01 17:16:09,761|line:519| https://t.bilibili.com/1231234778690224153
2026-08-01 17:16:11,058|line:346| Expecting value: line 1 column 1 (char 0)
2026-08-01 17:16:11,058|line:347| error line:319
2026-08-01 17:16:11,059|line:533| *#*#*#*#*#*#*#*#*#*原动态处理失败*#*#*#*#*#*#*#*#*#
2026-08-01 17:16:11,059|line:519| https://t.bilibili.com/1231206494135910513
2026-08-01 17:16:14,388|line:346| Expecting value: line 1 column 1 (char 0)
2026-08-01 17:16:14,388|line:347| error line:319
2026-08-01 17:16:14,389|line:533| *#*#*#*#*#*#*#*#*#*原动态处理失败*#*#*#*#*#*#*#*#*#
2026-08-01 17:16:14,390|line:552| 执行结束
2026-08-01 17:16:14,390|line:556| 执行失败，错误数量为38
2026-08-01 17:16:14,390|line:558| ==================================================2026-08-02 01:16==================================================
2026-08-01 17:16:14,390|line:232| processing article 51976757
2026-08-01 17:16:16,676|line:507| ==================================================2026-08-02 01:16==================================================
2026-08-01 17:16:16,676|line:519| https://t.bilibili.com/1228075697098981393
2026-08-01 17:16:20,113|line:346| Expecting value: line 1 column 1 (char 0)
2026-08-01 17:16:20,113|line:347| error line:319
2026-08-01 17:16:20,114|line:533| *#*#*#*#*#*#*#*#*#*原动态处理失败*#*#*#*#*#*#*#*#*#
2026-08-01 17:16:20,115|line:519| https://t.bilibili.com/1226586820916019200
2026-08-01 17:16:21,482|line:346| Expecting value: line 1 column 1 (char 0)
2026-08-01 17:16:21,482|line:347| error line:319
2026-08-01 17:16:21,483|line:533| *#*#*#*#*#*#*#*#*#*原动态处理失败*#*#*#*#*#*#*#*#*#
2026-08-01 17:16:21,483|line:519| https://t.bilibili.com/1228095943570620419
2026-08-01 17:16:24,870|line:346| Expecting value: line 1 column 1 (char 0)
2026-08-01 17:16:24,870|line:347| error line:319
2026-08-01 17:16:24,871|line:533| *#*#*#*#*#*#*#*#*#*原动态处理失败*#*#*#*#*#*#*#*#*#
2026-08-01 17:16:24,872|line:519| https://t.bilibili.com/1230014982210453555
2026-08-01 17:16:26,297|line:346| Expecting value: line 1 column 1 (char 0)
2026-08-01 17:16:26,297|line:347| error line:319
2026-08-01 17:16:26,298|line:533| *#*#*#*#*#*#*#*#*#*原动态处理失败*#*#*#*#*#*#*#*#*#
2026-08-01 17:16:26,299|line:519| https://t.bilibili.com/1225512314587840520
2026-08-01 17:16:28,641|line:346| Expecting value: line 1 column 1 (char 0)
2026-08-01 17:16:28,641|line:347| error line:319
2026-08-01 17:16:28,642|line:533| *#*#*#*#*#*#*#*#*#*原动态处理失败*#*#*#*#*#*#*#*#*#
2026-08-01 17:16:28,642|line:519| https://t.bilibili.com/1224519296669974648
2026-08-01 17:16:32,044|line:346| Expecting value: line 1 column 1 (char 0)
2026-08-01 17:16:32,044|line:347| error line:319
2026-08-01 17:16:32,045|line:533| *#*#*#*#*#*#*#*#*#*原动态处理失败*#*#*#*#*#*#*#*#*#
2026-08-01 17:16:32,045|line:519| https://t.bilibili.com/1224854467309993993
2026-08-01 17:16:33,558|line:346| Expecting value: line 1 column 1 (char 0)
2026-08-01 17:16:33,558|line:347| error line:319
2026-08-01 17:16:33,559|line:533| *#*#*#*#*#*#*#*#*#*原动态处理失败*#*#*#*#*#*#*#*#*#
2026-08-01 17:16:33,559|line:519| https://t.bilibili.com/1227334067921354758
2026-08-01 17:16:35,960|line:346| Expecting value: line 1 column 1 (char 0)
2026-08-01 17:16:35,960|line:347| error line:319
2026-08-01 17:16:35,961|line:533| *#*#*#*#*#*#*#*#*#*原动态处理失败*#*#*#*#*#*#*#*#*#
2026-08-01 17:16:35,961|line:519| https://t.bilibili.com/1229312029221716020
2026-08-01 17:16:38,406|line:346| Expecting value: line 1 column 1 (char 0)
2026-08-01 17:16:38,406|line:347| error line:319
2026-08-01 17:16:38,407|line:533| *#*#*#*#*#*#*#*#*#*原动态处理失败*#*#*#*#*#*#*#*#*#
2026-08-01 17:16:38,408|line:519| https://t.bilibili.com/1228247177978970132
2026-08-01 17:16:42,751|line:346| Expecting value: line 1 column 1 (char 0)
2026-08-01 17:16:42,751|line:347| error line:319
2026-08-01 17:16:42,752|line:533| *#*#*#*#*#*#*#*#*#*原动态处理失败*#*#*#*#*#*#*#*#*#
2026-08-01 17:16:42,752|line:519| https://t.bilibili.com/1227145355652497429
2026-08-01 17:16:46,106|line:346| Expecting value: line 1 column 1 (char 0)
2026-08-01 17:16:46,106|line:347| error line:319
2026-08-01 17:16:46,107|line:533| *#*#*#*#*#*#*#*#*#*原动态处理失败*#*#*#*#*#*#*#*#*#
2026-08-01 17:16:46,107|line:519| https://t.bilibili.com/1231171234653274117
2026-08-01 17:16:48,439|line:346| Expecting value: line 1 column 1 (char 0)
2026-08-01 17:16:48,439|line:347| error line:319
2026-08-01 17:16:48,440|line:533| *#*#*#*#*#*#*#*#*#*原动态处理失败*#*#*#*#*#*#*#*#*#
2026-08-01 17:16:48,441|line:519| https://t.bilibili.com/1231143265802125320
2026-08-01 17:16:52,776|line:346| Expecting value: line 1 column 1 (char 0)
2026-08-01 17:16:52,776|line:347| error line:319
2026-08-01 17:16:52,777|line:533| *#*#*#*#*#*#*#*#*#*原动态处理失败*#*#*#*#*#*#*#*#*#
2026-08-01 17:16:52,777|line:519| https://t.bilibili.com/1223285232296263721
2026-08-01 17:16:57,089|line:346| Expecting value: line 1 column 1 (char 0)
2026-08-01 17:16:57,089|line:347| error line:319
2026-08-01 17:16:57,090|line:533| *#*#*#*#*#*#*#*#*#*原动态处理失败*#*#*#*#*#*#*#*#*#
2026-08-01 17:16:57,090|line:519| https://t.bilibili.com/1220793094701580322
2026-08-01 17:17:00,387|line:346| Expecting value: line 1 column 1 (char 0)
2026-08-01 17:17:00,387|line:347| error line:319
2026-08-01 17:17:00,389|line:533| *#*#*#*#*#*#*#*#*#*原动态处理失败*#*#*#*#*#*#*#*#*#
2026-08-01 17:17:00,389|line:519| https://t.bilibili.com/1220685196553093173
2026-08-01 17:17:03,690|line:346| Expecting value: line 1 column 1 (char 0)
2026-08-01 17:17:03,690|line:347| error line:319
2026-08-01 17:17:03,691|line:533| *#*#*#*#*#*#*#*#*#*原动态处理失败*#*#*#*#*#*#*#*#*#
2026-08-01 17:17:03,691|line:519| https://t.bilibili.com/1219998049005207552
2026-08-01 17:17:08,169|line:346| Expecting value: line 1 column 1 (char 0)
2026-08-01 17:17:08,170|line:347| error line:319
2026-08-01 17:17:08,171|line:533| *#*#*#*#*#*#*#*#*#*原动态处理失败*#*#*#*#*#*#*#*#*#
2026-08-01 17:17:08,171|line:552| 执行结束
2026-08-01 17:17:08,171|line:556| 执行失败，错误数量为17
2026-08-01 17:17:08,171|line:558| ==================================================2026-08-02 01:17==================================================
2026-08-01 17:17:08,171|line:232| processing article 51976538
2026-08-01 17:17:12,936|line:507| ==================================================2026-08-02 01:17==================================================
2026-08-01 17:17:12,936|line:232| processing article 51959342
2026-08-01 17:17:17,253|line:507| ==================================================2026-08-02 01:17==================================================
2026-08-01 17:17:17,253|line:519| https://t.bilibili.com/1230901622383575064
2026-08-01 17:17:18,560|line:346| Expecting value: line 1 column 1 (char 0)
2026-08-01 17:17:18,560|line:347| error line:319
2026-08-01 17:17:18,561|line:533| *#*#*#*#*#*#*#*#*#*原动态处理失败*#*#*#*#*#*#*#*#*#
2026-08-01 17:17:18,562|line:519| https://t.bilibili.com/1228593017333481493
2026-08-01 17:17:20,902|line:346| Expecting value: line 1 column 1 (char 0)
2026-08-01 17:17:20,902|line:347| error line:319
2026-08-01 17:17:20,903|line:533| *#*#*#*#*#*#*#*#*#*原动态处理失败*#*#*#*#*#*#*#*#*#
2026-08-01 17:17:20,904|line:519| https://t.bilibili.com/1228134417872977920
2026-08-01 17:17:25,199|line:346| Expecting value: line 1 column 1 (char 0)
2026-08-01 17:17:25,199|line:347| error line:319
2026-08-01 17:17:25,200|line:533| *#*#*#*#*#*#*#*#*#*原动态处理失败*#*#*#*#*#*#*#*#*#
2026-08-01 17:17:25,200|line:519| https://t.bilibili.com/1224854467309993993
2026-08-01 17:17:27,515|line:346| Expecting value: line 1 column 1 (char 0)
2026-08-01 17:17:27,515|line:347| error line:319
2026-08-01 17:17:27,516|line:533| *#*#*#*#*#*#*#*#*#*原动态处理失败*#*#*#*#*#*#*#*#*#
2026-08-01 17:17:27,516|line:519| https://t.bilibili.com/1225877298725519369
2026-08-01 17:17:28,872|line:346| Expecting value: line 1 column 1 (char 0)
2026-08-01 17:17:28,872|line:347| error line:319
2026-08-01 17:17:28,873|line:533| *#*#*#*#*#*#*#*#*#*原动态处理失败*#*#*#*#*#*#*#*#*#
2026-08-01 17:17:28,873|line:519| https://t.bilibili.com/1228579720110538755
2026-08-01 17:17:31,177|line:346| Expecting value: line 1 column 1 (char 0)
2026-08-01 17:17:31,178|line:347| error line:319
2026-08-01 17:17:31,179|line:533| *#*#*#*#*#*#*#*#*#*原动态处理失败*#*#*#*#*#*#*#*#*#
2026-08-01 17:17:31,179|line:519| https://t.bilibili.com/1220035284228374545
2026-08-01 17:17:34,591|line:346| Expecting value: line 1 column 1 (char 0)
2026-08-01 17:17:34,591|line:347| error line:319
2026-08-01 17:17:34,592|line:533| *#*#*#*#*#*#*#*#*#*原动态处理失败*#*#*#*#*#*#*#*#*#
2026-08-01 17:17:34,592|line:519| https://t.bilibili.com/1231105259617648657
2026-08-01 17:17:37,903|line:346| Expecting value: line 1 column 1 (char 0)
2026-08-01 17:17:37,903|line:347| error line:319
2026-08-01 17:17:37,904|line:533| *#*#*#*#*#*#*#*#*#*原动态处理失败*#*#*#*#*#*#*#*#*#
2026-08-01 17:17:37,904|line:519| https://t.bilibili.com/1230859664850157572
2026-08-01 17:17:39,209|line:346| Expecting value: line 1 column 1 (char 0)
2026-08-01 17:17:39,209|line:347| error line:319
2026-08-01 17:17:39,210|line:533| *#*#*#*#*#*#*#*#*#*原动态处理失败*#*#*#*#*#*#*#*#*#
2026-08-01 17:17:39,210|line:519| https://t.bilibili.com/1230464510678007832
2026-08-01 17:17:42,587|line:346| Expecting value: line 1 column 1 (char 0)
2026-08-01 17:17:42,587|line:347| error line:319
2026-08-01 17:17:42,588|line:533| *#*#*#*#*#*#*#*#*#*原动态处理失败*#*#*#*#*#*#*#*#*#
2026-08-01 17:17:42,589|line:519| https://t.bilibili.com/1231150026056531972
2026-08-01 17:17:45,919|line:346| Expecting value: line 1 column 1 (char 0)
2026-08-01 17:17:45,919|line:347| error line:319
2026-08-01 17:17:45,920|line:533| *#*#*#*#*#*#*#*#*#*原动态处理失败*#*#*#*#*#*#*#*#*#
2026-08-01 17:17:45,920|line:519| https://t.bilibili.com/1230319959248207895
2026-08-01 17:17:48,250|line:346| Expecting value: line 1 column 1 (char 0)
2026-08-01 17:17:48,250|line:347| error line:319
2026-08-01 17:17:48,251|line:533| *#*#*#*#*#*#*#*#*#*原动态处理失败*#*#*#*#*#*#*#*#*#
2026-08-01 17:17:48,251|line:519| https://t.bilibili.com/1230163738366050358
2026-08-01 17:17:52,581|line:346| Expecting value: line 1 column 1 (char 0)
2026-08-01 17:17:52,582|line:347| error line:319
2026-08-01 17:17:52,583|line:533| *#*#*#*#*#*#*#*#*#*原动态处理失败*#*#*#*#*#*#*#*#*#
2026-08-01 17:17:52,583|line:519| https://t.bilibili.com/1230309707124572212
2026-08-01 17:17:54,927|line:346| Expecting value: line 1 column 1 (char 0)
2026-08-01 17:17:54,927|line:347| error line:319
2026-08-01 17:17:54,928|line:533| *#*#*#*#*#*#*#*#*#*原动态处理失败*#*#*#*#*#*#*#*#*#
2026-08-01 17:17:54,928|line:519| https://t.bilibili.com/1230377692192309289
2026-08-01 17:17:56,230|line:346| Expecting value: line 1 column 1 (char 0)
2026-08-01 17:17:56,230|line:347| error line:319
2026-08-01 17:17:56,231|line:533| *#*#*#*#*#*#*#*#*#*原动态处理失败*#*#*#*#*#*#*#*#*#
2026-08-01 17:17:56,231|line:519| https://t.bilibili.com/1229705688721129475
2026-08-01 17:17:58,561|line:346| Expecting value: line 1 column 1 (char 0)
2026-08-01 17:17:58,561|line:347| error line:319
2026-08-01 17:17:58,562|line:533| *#*#*#*#*#*#*#*#*#*原动态处理失败*#*#*#*#*#*#*#*#*#
2026-08-01 17:17:58,562|line:519| https://t.bilibili.com/1228183715520184344
2026-08-01 17:17:59,895|line:346| Expecting value: line 1 column 1 (char 0)
2026-08-01 17:17:59,895|line:347| error line:319
2026-08-01 17:17:59,896|line:533| *#*#*#*#*#*#*#*#*#*原动态处理失败*#*#*#*#*#*#*#*#*#
2026-08-01 17:17:59,896|line:519| https://t.bilibili.com/1231186911248252935
2026-08-01 17:18:03,193|line:346| Expecting value: line 1 column 1 (char 0)
2026-08-01 17:18:03,193|line:347| error line:319
2026-08-01 17:18:03,194|line:533| *#*#*#*#*#*#*#*#*#*原动态处理失败*#*#*#*#*#*#*#*#*#
2026-08-01 17:18:03,194|line:519| https://t.bilibili.com/1223359588913381376
2026-08-01 17:18:07,490|line:346| Expecting value: line 1 column 1 (char 0)
2026-08-01 17:18:07,491|line:347| error line:319
2026-08-01 17:18:07,492|line:533| *#*#*#*#*#*#*#*#*#*原动态处理失败*#*#*#*#*#*#*#*#*#
2026-08-01 17:18:07,492|line:519| https://t.bilibili.com/1230750368665698321
2026-08-01 17:18:09,994|line:346| Expecting value: line 1 column 1 (char 0)
2026-08-01 17:18:09,994|line:347| error line:319
2026-08-01 17:18:09,995|line:533| *#*#*#*#*#*#*#*#*#*原动态处理失败*#*#*#*#*#*#*#*#*#
2026-08-01 17:18:09,995|line:519| https://t.bilibili.com/1220282674358255620
2026-08-01 17:18:11,299|line:346| Expecting value: line 1 column 1 (char 0)
2026-08-01 17:18:11,300|line:347| error line:319
2026-08-01 17:18:11,301|line:533| *#*#*#*#*#*#*#*#*#*原动态处理失败*#*#*#*#*#*#*#*#*#
2026-08-01 17:18:11,301|line:519| https://t.bilibili.com/1221521735888666627
2026-08-01 17:18:13,600|line:346| Expecting value: line 1 column 1 (char 0)
2026-08-01 17:18:13,600|line:347| error line:319
2026-08-01 17:18:13,601|line:533| *#*#*#*#*#*#*#*#*#*原动态处理失败*#*#*#*#*#*#*#*#*#
2026-08-01 17:18:13,601|line:519| https://t.bilibili.com/1220445024139870211
2026-08-01 17:18:14,911|line:346| Expecting value: line 1 column 1 (char 0)
2026-08-01 17:18:14,912|line:347| error line:319
2026-08-01 17:18:14,913|line:533| *#*#*#*#*#*#*#*#*#*原动态处理失败*#*#*#*#*#*#*#*#*#
2026-08-01 17:18:14,913|line:519| https://t.bilibili.com/1224852453002838021
2026-08-01 17:18:16,216|line:346| Expecting value: line 1 column 1 (char 0)
2026-08-01 17:18:16,217|line:347| error line:319
2026-08-01 17:18:16,218|line:533| *#*#*#*#*#*#*#*#*#*原动态处理失败*#*#*#*#*#*#*#*#*#
2026-08-01 17:18:16,218|line:519| https://t.bilibili.com/1229561266124619784
2026-08-01 17:18:20,547|line:346| Expecting value: line 1 column 1 (char 0)
2026-08-01 17:18:20,547|line:347| error line:319
2026-08-01 17:18:20,548|line:533| *#*#*#*#*#*#*#*#*#*原动态处理失败*#*#*#*#*#*#*#*#*#
2026-08-01 17:18:20,548|line:519| https://t.bilibili.com/1229717572872568832
2026-08-01 17:18:21,946|line:346| Expecting value: line 1 column 1 (char 0)
2026-08-01 17:18:21,946|line:347| error line:319
2026-08-01 17:18:21,947|line:533| *#*#*#*#*#*#*#*#*#*原动态处理失败*#*#*#*#*#*#*#*#*#
2026-08-01 17:18:21,948|line:519| https://t.bilibili.com/1230533977478004758
2026-08-01 17:18:25,247|line:346| Expecting value: line 1 column 1 (char 0)
2026-08-01 17:18:25,247|line:347| error line:319
2026-08-01 17:18:25,248|line:533| *#*#*#*#*#*#*#*#*#*原动态处理失败*#*#*#*#*#*#*#*#*#
2026-08-01 17:18:25,248|line:519| https://t.bilibili.com/1221420817076715526
2026-08-01 17:18:26,718|line:346| Expecting value: line 1 column 1 (char 0)
2026-08-01 17:18:26,718|line:347| error line:319
2026-08-01 17:18:26,719|line:533| *#*#*#*#*#*#*#*#*#*原动态处理失败*#*#*#*#*#*#*#*#*#
2026-08-01 17:18:26,719|line:519| https://t.bilibili.com/1225137705401188377
2026-08-01 17:18:31,049|line:346| Expecting value: line 1 column 1 (char 0)
2026-08-01 17:18:31,049|line:347| error line:319
2026-08-01 17:18:31,050|line:533| *#*#*#*#*#*#*#*#*#*原动态处理失败*#*#*#*#*#*#*#*#*#
2026-08-01 17:18:31,050|line:519| https://t.bilibili.com/1228556402682757137
2026-08-01 17:18:33,353|line:346| Expecting value: line 1 column 1 (char 0)
2026-08-01 17:18:33,353|line:347| error line:319
2026-08-01 17:18:33,354|line:533| *#*#*#*#*#*#*#*#*#*原动态处理失败*#*#*#*#*#*#*#*#*#
2026-08-01 17:18:33,354|line:519| https://t.bilibili.com/1220414100376387588
2026-08-01 17:18:36,832|line:346| Expecting value: line 1 column 1 (char 0)
2026-08-01 17:18:36,832|line:347| error line:319
2026-08-01 17:18:36,833|line:533| *#*#*#*#*#*#*#*#*#*原动态处理失败*#*#*#*#*#*#*#*#*#
2026-08-01 17:18:36,833|line:552| 执行结束
2026-08-01 17:18:36,833|line:556| 执行失败，错误数量为31
2026-08-01 17:18:36,833|line:558| ==================================================2026-08-02 01:18==================================================
2026-08-01 17:18:36,833|line:232| processing article 51959172
2026-08-01 17:18:39,497|line:507| ==================================================2026-08-02 01:18==================================================
2026-08-01 17:18:39,498|line:232| processing article 51954081
2026-08-01 17:18:43,106|line:507| ==================================================2026-08-02 01:18==================================================
2026-08-01 17:18:43,106|line:232| processing article 51954008
2026-08-01 17:18:45,733|line:507| ==================================================2026-08-02 01:18==================================================
2026-08-01 17:18:54,568|line:578| ('reply: ', '榄菊官方', '[给心心]')
2026-08-01 17:18:54,569|line:578| ('reply: ', '吓死我啦芙莱', '并不是')
2026-08-01 17:18:54,569|line:578| ('reply: ', '花生十三-公考行测', '68')
2026-08-01 17:18:54,569|line:578| ('reply: ', '三鹿七茸猫尾巴', '[夏诺雅表情包_？？？]')
2026-08-01 17:18:54,569|line:578| ('reply: ', '小闪闪bling', 'hhh腾子买库洛让我感觉他自己有点不太想出大世界了')
2026-08-01 17:18:54,569|line:578| ('reply: ', '不修车的丸山彩', '不是，这……')
2026-08-01 17:18:54,569|line:578| ('reply: ', '好像都是一个人', '你在说什么')
2026-08-01 17:18:54,569|line:578| ('reply: ', '目标咨询', '太宠粉了啊')
2026-08-01 17:18:54,569|line:578| ('reply: ', '数玩工场', '祝你成功')
2026-08-01 17:18:54,569|line:578| ('reply: ', '益家有小佰', '恭喜宝子，获得小电视月度会员1份和克刻冰冰猴喉糖随机口味1份～记得私信小佰提供信息哦~')
2026-08-01 17:18:54,569|line:578| ('reply: ', '圆环之理-Madoka', '是的')
2026-08-01 17:18:54,570|line:578| ('reply: ', '兰的三姨', '这就是银河巨星的实力！')
2026-08-01 17:18:54,570|line:578| ('reply: ', '花园百合铃音', '有男不玩，我只吃麻辣火锅，xxn滚[吃瓜]')
2026-08-01 17:18:54,570|line:578| ('reply: ', '是绝赞的阿鬼', '[tv_难过]')
2026-08-01 17:18:54,570|line:578| ('reply: ', '桃稚不幼稚', '还行')
2026-08-01 17:18:54,570|line:578| ('reply: ', '陌罔子吖', '佬，这个报名有啥条件不。最近太非了，想下次报来抽[脱单doge][脱单doge][脱单doge]')
2026-08-01 17:18:54,570|line:578| ('reply: ', '太二酸菜鱼', '恭喜成为本期欧皇[打call]获得【肥龙联名显眼包】1份，在收到本信息的两天内回复哥的私信哦~逾期哥就自己收啦！[脱单doge]')
2026-08-01 17:18:54,570|line:578| ('reply: ', '得一想二的松鼠', '中奖分我一半')
2026-08-01 17:18:54,570|line:578| ('reply: ', '佑凉Uriyoo', '谢谢！！！[UP_24967030_感恩]')
2026-08-01 17:18:54,570|line:578| ('reply: ', '岛莓祁', '好耶')
2026-08-01 17:18:56,943|line:587| ('at: ', '电脑报', '恭喜@小小Shaun UID：1090970340，@-叶晓吖  UID：22437099  获得 【电竞大礼包】1份， 请在三日内私信我')
2026-08-01 17:18:56,944|line:587| ('at: ', '联想拯救者官方', '是我喜欢的奖品名单 直接开奖 上 趁现在没人偷摸开个奖 恭喜这些小伙伴 【拯救者7.1声卡H7游戏耳机】获奖名单 @泪水打湿猪脚饭o @xoomoon @小小Shaun @T山海连云T @超超超超薄脆饼干 @BerboomC 【拯救者C140氮化镓适配器】获奖名单 @改个天凉好个秋 @夜猫子牙不好 @LLL好久不见 @林殇倾慕婉 @今天也要拥抱微风 @洳不及我万一 @胜利の天平 【白金独角兽电竞鼠标】获奖名单 @底片上的诗旅人 【拯救者C170氮化镓适配器】获奖名单 @麦當劳无限好 @無名丶の辈 @任性的提莫 @广东有暖风 由于B站私信规则修改 我会私信中奖的小伙伴一条消息，还请注意查收并回复我您的收货地址与联系方式，奖品基本会在私信您信息后的三十个工作日内发货')
2026-08-01 17:18:56,944|line:587| ('at: ', 'Apexgaming艾湃电竞', '恭喜 @小小Shaun 获得饮料一份，三天内联系我，过时不候！')
2026-08-01 17:18:56,944|line:587| ('at: ', '梦_水晶花', '1 @浪子游2fans6@被_____打下来的飞机@拉斯特臣后面一个点@专心致志的学生@猫猫头OmMeow@小小Shaun@龐門左道@啦啦痴痴腻@bili_66938050009@日月星辰668')
2026-08-01 17:18:56,944|line:587| ('at: ', 'iKF蓝牙耳机', '恭喜@小小Shaun 宝子成为苏泊尔福利动态幸运儿！\n注意：即日起72小时内回复信息确认领奖哦！逾期将自动视为放弃中奖资格。\n没有中奖的宝子们不要气馁，参与一下下置顶视频iKF Mars，增加欧气值，说不定下个幸运儿就是你！\n链接：\nhttps://www.bilibili.com/video/BV1Soo6YLEHZ/?spm_id_from=333.1387.list.card_archive.click&vd_source=21fb0967ccc75e6b3b2447ade2c740dd\n还没参与抽奖的宝子们，赶紧点击上方链接参与吧！还有特别福利惊喜等你哦~')
2026-08-01 17:18:56,944|line:587| ('at: ', 'wellymerck威利默克', '恭喜@小小Shaun\xa0 获得《我是你的小狗3 永远等你回家》1本，请于5天内联系威宝，凭关注+互动截图领取奖品，逾期作废~')
2026-08-01 17:18:56,944|line:587| ('at: ', '宁美NINGMEI', '恭喜@小小Shaun   中奖，请在12月1日24点前私信我：1. 奖品+中奖信息a. 实物奖：姓名电话地址，给文字！省市区路清晰，提交不清晰不发奖，信息错误致无法签收，概不负责；\n\nb. 现金红包给到支付宝实名+账号；\n\nc. 京东卡/猫超卡 等购物卡给到姓名+电话；2. 宁美和品牌方关注截图+转发截图！\n\n必须关注品牌方，否则奖品不予发放；如遇无法私信图片的情况，等待我回复后即可发送图片。PS： \n\n因后台收信有时会出问题，以回复“已登记”为准，没有回复即表示私信未收到。\n\n过期视为自动放弃，不会补发；奖品30个工作日内发送，勿催哦~\n\n不发全，不回复。其他小伙伴请继续努力！')
2026-08-01 17:18:56,944|line:587| ('at: ', '爱玛电动车官方账号', '#一“玛”当先榜# 快来看看10月都是谁和爱玛酱互动最多呀~ 💕恭喜@小小Shaun 和@甘瑞凯拉莎 排行第一！这两位小玛达将会获得【爱玛随机周边×1】，请5天内私信爱玛酱领奖哟~[鼓掌] 以后也请继续单推我无敌可爱美少女爱玛酱呀嘿嘿！(●´З｀●)')
2026-08-01 17:18:56,944|line:587| ('at: ', '爱玛电动车官方账号', '')
2026-08-01 17:18:56,944|line:587| ('at: ', '海露滴眼液', '互动榜出炉啦')
2026-08-01 17:18:56,944|line:587| ('at: ', '和蔼可亲桃白白', '\u200b//@九号公司:\u200b恭喜@小小Shaun 中奖！后续记得查收私信哟～\u200b//@九号公司:#互动抽奖# 谢谢粒粒的复工礼！小九也来加个码~关注【@微粒贷+@九号公司 】并转发该动态，抽一位小可爱获得【100元京东卡】~ #供电局福利社# 10月31日抽出！')
2026-08-01 17:18:56,944|line:587| ('at: ', '望大家身体健康快乐', '\u200b//@九号公司:\u200b恭喜@小小Shaun 中奖！后续记得查收私信哟～\u200b//@九号公司 :#互动抽奖# 谢谢粒粒的复工礼！小九也来加个码~关注【@微粒贷+@九号公司 】并转发该动态，抽一位小可爱获得【100元京东卡】~ #供电局福利社# 10月31日抽出！')
2026-08-01 17:18:56,945|line:587| ('at: ', 'MoMA_Reona', '//@九号公司:\u200b恭喜@小小Shaun 中奖！后续记得查收私信哟～\u200b//@九号公司:#互动抽奖# 谢谢粒粒的复工礼！小九也来加个码~关注【@微粒贷+@九号公司 】并转发该动态，抽一位小可爱获得【100元京东卡】~ #供电局福利社# 10月31日抽出！')
2026-08-01 17:18:56,945|line:587| ('at: ', '摸鱼二队', '\u200b//@九号公司:\u200b恭喜@小小Shaun 中奖！后续记得查收私信哟～\u200b//@九号公司 :#互动抽奖# 谢谢粒粒的复工礼！小九也来加个码~关注【@微粒贷+@九号公司 】并转发该动态，抽一位小可爱获得【100元京东卡】~ #供电局福利社# 10月31日抽出！')
2026-08-01 17:18:56,945|line:587| ('at: ', '文少嘅一些事一些情', '\u200b//@九号公司:\u200b恭喜@小小Shaun 中奖！后续记得查收私信哟～\u200b//@九号公司 :#互动抽奖# 谢谢粒粒的复工礼！小九也来加个码~关注【@微粒贷+@九号公司 】并转发该动态，抽一位小可爱获得【100元京东卡】~ #供电局福利社# 10月31日抽出！')
2026-08-01 17:18:56,945|line:587| ('at: ', 'Carry队友的嘟嘟酱丶', '\u200b//@九号公司:\u200b恭喜@小小Shaun 中奖！后续记得查收私信哟～\u200b//@九号公司 :#互动抽奖# 谢谢粒粒的复工礼！小九也来加个码~关注【@微粒贷+@九号公司 】并转发该动态，抽一位小可爱获得【100元京东卡】~ #供电局福利社# 10月31日抽出！')
2026-08-01 17:18:56,945|line:587| ('at: ', '蛤蟆zero', '//@九号公司:\u200b恭喜@小小Shaun 中奖！后续记得查收私信哟～\u200b//@九号公司:#互动抽奖# 谢谢粒粒的复工礼！小九也来加个码~关注【@微粒贷+@九号公司 】并转发该动态，抽一位小可爱获得【100元京东卡】~ #供电局福利社# 10月31日抽出！c冲冲冲')
2026-08-01 17:18:56,945|line:587| ('at: ', '木而各子要吃笃栗子', '\u200b//@九号公司:\u200b恭喜@小小Shaun 中奖！后续记得查收私信哟～\u200b//@九号公司 :#互动抽奖# 谢谢粒粒的复工礼！小九也来加个码~关注【@微粒贷+@九号公司 】并转发该动态，抽一位小可爱获得【100元京东卡】~ #供电局福利社# 10月31日抽出！')
2026-08-01 17:18:56,945|line:587| ('at: ', '裙下愚臣情默默', '\u200b//@九号公司:\u200b恭喜@小小Shaun 中奖！后续记得查收私信哟～\u200b//@九号公司 :#互动抽奖# 谢谢粒粒的复工礼！小九也来加个码~关注【@微粒贷+@九号公司 】并转发该动态，抽一位小可爱获得【100元京东卡】~ #供电局福利社# 10月31日抽出！')
2026-08-01 17:18:56,945|line:587| ('at: ', '戊子毕宿', '')
