2026-08-20 17:54:26,796|line:454| processing article 52494291
2026-08-20 17:54:27,040|line:939| ==================================================2026-08-20 17:54==================================================
2026-08-20 17:54:27,040|line:951| https://t.bilibili.com/1224854467309993993
2026-08-20 17:54:27,040|line:953| 已有
2026-08-20 17:54:27,040|line:951| https://t.bilibili.com/1227157609149104130
2026-08-20 17:54:27,040|line:953| 已有
2026-08-20 17:54:27,041|line:951| https://t.bilibili.com/1225602319919349764
2026-08-20 17:54:27,041|line:953| 已有
2026-08-20 17:54:27,041|line:951| https://t.bilibili.com/1232309469667393556
2026-08-20 17:54:27,041|line:953| 已有
2026-08-20 17:54:27,041|line:951| https://t.bilibili.com/1234410090970218515
2026-08-20 17:54:27,041|line:953| 已有
2026-08-20 17:54:27,041|line:951| https://t.bilibili.com/1237236316839608340
2026-08-20 17:54:27,041|line:953| 已有
2026-08-20 17:54:27,041|line:951| https://t.bilibili.com/1237599563695521797
2026-08-20 17:54:27,041|line:953| 已有
2026-08-20 17:54:27,041|line:951| https://t.bilibili.com/1237967973119950852
2026-08-20 17:54:29,308|line:764| =========此为源动态=========
2026-08-20 17:54:29,309|line:785| *********子动态开始*********
2026-08-20 17:54:36,983|line:815| *********子动态结束*********
2026-08-20 17:54:36,983|line:969| -=-=-=-=处理回最初的动态-=-=-=-=
2026-08-20 17:54:45,162|line:910| 转发成功 1238588187918467073
2026-08-20 17:54:49,014|line:926| 评论发送成功
2026-08-20 17:54:53,501|line:860| 100680137 === 已经关注了
2026-08-20 17:54:56,828|line:935| 动态-点赞 OK
2026-08-20 17:54:57,841|line:951| https://t.bilibili.com/1238117051438989368
2026-08-20 17:54:59,064|line:958| 官方 或 预约 OUT！
2026-08-20 17:54:59,064|line:951| https://t.bilibili.com/1238100174374436867
2026-08-20 17:55:07,042|line:764| =========此为源动态=========
2026-08-20 17:55:07,050|line:785| *********子动态开始*********
2026-08-20 17:55:13,846|line:815| *********子动态结束*********
2026-08-20 17:55:13,848|line:969| -=-=-=-=处理回最初的动态-=-=-=-=
2026-08-20 17:55:21,983|line:910| 转发成功 1238588342508978200
2026-08-20 17:55:25,571|line:926| 评论发送成功
2026-08-20 17:55:29,893|line:860| 5633240 === 已经关注了
2026-08-20 17:55:33,279|line:935| 动态-点赞 OK
2026-08-20 17:55:36,282|line:951| https://t.bilibili.com/1238261611454529574
2026-08-20 17:55:39,663|line:764| =========此为源动态=========
2026-08-20 17:55:39,664|line:785| *********子动态开始*********
2026-08-20 17:55:50,218|line:815| *********子动态结束*********
2026-08-20 17:55:50,220|line:969| -=-=-=-=处理回最初的动态-=-=-=-=
2026-08-20 17:55:57,148|line:910| 转发成功 1238588497156112388
2026-08-20 17:56:00,533|line:926| 评论发送成功
2026-08-20 17:56:06,529|line:872| 关注 ==== 1425816229 OK
2026-08-20 17:56:09,737|line:935| 动态-点赞 OK
2026-08-20 17:56:11,744|line:951| https://t.bilibili.com/1238203225691127811
2026-08-20 17:56:13,227|line:764| =========此为源动态=========
2026-08-20 17:56:13,228|line:785| *********子动态开始*********
2026-08-20 17:56:25,033|line:815| *********子动态结束*********
2026-08-20 17:56:25,036|line:969| -=-=-=-=处理回最初的动态-=-=-=-=
2026-08-20 17:56:35,189|line:910| 转发成功 1238588660319780865
2026-08-20 17:56:38,547|line:926| 评论发送成功
2026-08-20 17:56:39,875|line:860| 410502055 === 已经关注了
2026-08-20 17:56:43,102|line:935| 动态-点赞 OK
2026-08-20 17:56:47,107|line:951| https://t.bilibili.com/1228848557120815106
2026-08-20 17:56:49,322|line:764| =========此为源动态=========
2026-08-20 17:56:49,323|line:785| *********子动态开始*********
2026-08-20 17:56:54,037|line:815| *********子动态结束*********
2026-08-20 17:56:54,040|line:969| -=-=-=-=处理回最初的动态-=-=-=-=
2026-08-20 17:56:59,913|line:910| 转发成功 1238588763432550420
2026-08-20 17:57:03,228|line:926| 评论发送成功
2026-08-20 17:57:07,248|line:860| 401259484 === 已经关注了
2026-08-20 17:57:14,572|line:935| 动态-点赞 OK
2026-08-20 17:57:17,574|line:951| https://t.bilibili.com/1228512675656368152
2026-08-20 17:57:20,794|line:764| =========此为源动态=========
2026-08-20 17:57:20,795|line:785| *********子动态开始*********
2026-08-20 17:57:28,807|line:815| *********子动态结束*********
2026-08-20 17:57:28,809|line:969| -=-=-=-=处理回最初的动态-=-=-=-=
2026-08-20 17:57:38,663|line:910| 转发成功 1238588930895380501
2026-08-20 17:57:41,898|line:926| 评论发送成功
2026-08-20 17:57:43,126|line:860| 2116954234 === 已经关注了
2026-08-20 17:57:46,313|line:935| 动态-点赞 OK
2026-08-20 17:57:50,323|line:951| https://t.bilibili.com/1233703616049577992
2026-08-20 17:57:52,521|line:764| =========此为源动态=========
2026-08-20 17:57:52,522|line:785| *********子动态开始*********
2026-08-20 17:57:57,190|line:815| *********子动态结束*********
2026-08-20 17:57:57,191|line:969| -=-=-=-=处理回最初的动态-=-=-=-=
2026-08-20 17:58:04,842|line:910| 转发成功 1238589042595987488
2026-08-20 17:58:08,113|line:926| 评论发送成功
2026-08-20 17:58:11,396|line:860| 99090477 === 已经关注了
2026-08-20 17:58:14,595|line:935| 动态-点赞 OK
2026-08-20 17:58:15,605|line:951| https://t.bilibili.com/1233703809369243689
2026-08-20 17:58:19,900|line:764| =========此为源动态=========
2026-08-20 17:58:19,900|line:785| *********子动态开始*********
2026-08-20 17:58:26,580|line:815| *********子动态结束*********
2026-08-20 17:58:26,583|line:969| -=-=-=-=处理回最初的动态-=-=-=-=
2026-08-20 17:58:37,174|line:910| 转发成功 1238589184329908226
2026-08-20 17:58:40,392|line:926| 评论发送成功
2026-08-20 17:58:43,653|line:860| 3546889211349649 === 已经关注了
2026-08-20 17:58:46,806|line:935| 动态-点赞 OK
2026-08-20 17:58:50,813|line:951| https://t.bilibili.com/1235246707656097798
2026-08-20 17:58:52,134|line:764| =========此为源动态=========
2026-08-20 17:58:52,135|line:785| *********子动态开始*********
2026-08-20 17:59:02,908|line:815| *********子动态结束*********
2026-08-20 17:59:02,909|line:969| -=-=-=-=处理回最初的动态-=-=-=-=
2026-08-20 17:59:13,637|line:910| 转发成功 1238589338962362385
2026-08-20 17:59:17,016|line:926| 评论发送成功
2026-08-20 17:59:21,529|line:872| 关注 ==== 3707048822835827 OK
2026-08-20 17:59:24,741|line:935| 动态-点赞 OK
2026-08-20 17:59:27,748|line:951| https://t.bilibili.com/1235888663510908931
2026-08-20 17:59:32,043|line:764| =========此为源动态=========
2026-08-20 17:59:32,044|line:785| *********子动态开始*********
2026-08-20 17:59:40,001|line:815| *********子动态结束*********
2026-08-20 17:59:40,003|line:969| -=-=-=-=处理回最初的动态-=-=-=-=
2026-08-20 17:59:46,842|line:910| 转发成功 1238589480642805763
2026-08-20 17:59:50,118|line:926| 评论发送成功
2026-08-20 17:59:57,748|line:872| 关注 ==== 3546384600926764 OK
2026-08-20 18:00:00,937|line:935| 动态-点赞 OK
2026-08-20 18:00:04,943|line:951| https://t.bilibili.com/1236274686571053059
2026-08-20 18:00:07,141|line:764| =========此为源动态=========
2026-08-20 18:00:07,142|line:785| *********子动态开始*********
2026-08-20 18:00:16,914|line:815| *********子动态结束*********
2026-08-20 18:00:16,916|line:969| -=-=-=-=处理回最初的动态-=-=-=-=
2026-08-20 18:00:25,557|line:910| 转发成功 1238589648194764835
2026-08-20 18:00:28,784|line:926| 评论发送成功
2026-08-20 18:00:35,430|line:872| 关注 ==== 482819885 OK
2026-08-20 18:00:38,651|line:935| 动态-点赞 OK
2026-08-20 18:00:41,660|line:951| https://t.bilibili.com/1236272509033119744
2026-08-20 18:00:45,872|line:764| =========此为源动态=========
2026-08-20 18:00:45,883|line:785| *********子动态开始*********
2026-08-20 18:00:55,783|line:815| *********子动态结束*********
2026-08-20 18:00:55,785|line:969| -=-=-=-=处理回最初的动态-=-=-=-=
2026-08-20 18:01:06,448|line:910| 转发成功 1238589824297861120
2026-08-20 18:01:09,817|line:926| 评论发送成功
2026-08-20 18:01:14,323|line:872| 关注 ==== 56324796 OK
2026-08-20 18:01:17,542|line:935| 动态-点赞 OK
2026-08-20 18:01:19,547|line:951| https://t.bilibili.com/1236270103835705353
2026-08-20 18:01:22,786|line:764| =========此为源动态=========
2026-08-20 18:01:22,789|line:785| *********子动态开始*********
2026-08-20 18:01:27,506|line:815| *********子动态结束*********
2026-08-20 18:01:27,507|line:969| -=-=-=-=处理回最初的动态-=-=-=-=
2026-08-20 18:01:36,208|line:910| 转发成功 1238589953138491393
2026-08-20 18:01:39,483|line:926| 评论发送成功
2026-08-20 18:01:40,853|line:860| 24505689 === 已经关注了
2026-08-20 18:01:44,047|line:935| 动态-点赞 OK
2026-08-20 18:01:47,053|line:951| https://t.bilibili.com/1236263914763714561
2026-08-20 18:01:50,288|line:764| =========此为源动态=========
2026-08-20 18:01:50,290|line:785| *********子动态开始*********
2026-08-20 18:01:59,114|line:815| *********子动态结束*********
2026-08-20 18:01:59,115|line:969| -=-=-=-=处理回最初的动态-=-=-=-=
2026-08-20 18:02:09,925|line:910| 转发成功 1238590094871363603
2026-08-20 18:02:13,225|line:926| 评论发送成功
2026-08-20 18:02:16,538|line:860| 2431441 === 已经关注了
2026-08-20 18:02:19,695|line:935| 动态-点赞 OK
2026-08-20 18:02:22,698|line:951| https://t.bilibili.com/1236265521131814929
2026-08-20 18:02:24,864|line:764| =========此为源动态=========
2026-08-20 18:02:24,864|line:785| *********子动态开始*********
2026-08-20 18:02:29,512|line:815| *********子动态结束*********
2026-08-20 18:02:29,512|line:969| -=-=-=-=处理回最初的动态-=-=-=-=
2026-08-20 18:02:36,207|line:910| 转发成功 1238590210826043393
2026-08-20 18:02:39,421|line:926| 评论发送成功
2026-08-20 18:02:44,966|line:872| 关注 ==== 1144821442 OK
2026-08-20 18:02:48,156|line:935| 动态-点赞 OK
2026-08-20 18:02:52,161|line:951| https://t.bilibili.com/1234754996158857225
2026-08-20 18:02:53,404|line:764| =========此为源动态=========
2026-08-20 18:02:53,405|line:785| *********子动态开始*********
2026-08-20 18:03:05,116|line:815| *********子动态结束*********
2026-08-20 18:03:05,130|line:969| -=-=-=-=处理回最初的动态-=-=-=-=
2026-08-20 18:03:16,790|line:910| 转发成功 1238590382642561045
2026-08-20 18:03:20,077|line:926| 评论发送成功
2026-08-20 18:03:23,422|line:860| 3546937909315862 === 已经关注了
2026-08-20 18:03:26,589|line:935| 动态-点赞 OK
2026-08-20 18:03:27,594|line:951| https://t.bilibili.com/1235603451888533507
2026-08-20 18:03:30,831|line:764| =========此为源动态=========
2026-08-20 18:03:30,832|line:785| *********子动态开始*********
2026-08-20 18:03:40,536|line:815| *********子动态结束*********
2026-08-20 18:03:40,538|line:969| -=-=-=-=处理回最初的动态-=-=-=-=
2026-08-20 18:03:50,388|line:910| 转发成功 1238590528667254817
2026-08-20 18:03:53,676|line:926| 评论发送成功
2026-08-20 18:04:01,326|line:872| 关注 ==== 1382062461 OK
2026-08-20 18:04:04,501|line:935| 动态-点赞 OK
2026-08-20 18:04:06,511|line:951| https://t.bilibili.com/1236367406297776135
2026-08-20 18:04:10,715|line:764| =========此为源动态=========
2026-08-20 18:04:10,717|line:785| *********子动态开始*********
2026-08-20 18:04:23,445|line:815| *********子动态结束*********
2026-08-20 18:04:23,446|line:969| -=-=-=-=处理回最初的动态-=-=-=-=
2026-08-20 18:04:29,125|line:910| 转发成功 1238590696165736451
2026-08-20 18:04:32,427|line:926| 评论发送成功
2026-08-20 18:04:38,406|line:872| 关注 ==== 3546612506823300 OK
2026-08-20 18:04:41,581|line:935| 动态-点赞 OK
2026-08-20 18:04:44,588|line:951| https://t.bilibili.com/1236365061291769895
2026-08-20 18:04:47,838|line:764| =========此为源动态=========
2026-08-20 18:04:47,839|line:785| *********子动态开始*********
2026-08-20 18:05:00,601|line:815| *********子动态结束*********
2026-08-20 18:05:00,603|line:969| -=-=-=-=处理回最初的动态-=-=-=-=
2026-08-20 18:05:09,245|line:910| 转发成功 1238590867958136838
2026-08-20 18:05:12,484|line:926| 评论发送成功
2026-08-20 18:05:15,790|line:860| 493836206 === 已经关注了
2026-08-20 18:05:18,967|line:935| 动态-点赞 OK
2026-08-20 18:05:20,969|line:951| https://t.bilibili.com/1237385395199541257
2026-08-20 18:05:23,193|line:764| =========此为源动态=========
2026-08-20 18:05:23,195|line:785| *********子动态开始*********
2026-08-20 18:05:29,977|line:815| *********子动态结束*********
2026-08-20 18:05:29,983|line:969| -=-=-=-=处理回最初的动态-=-=-=-=
2026-08-20 18:05:38,788|line:910| 转发成功 1238590992530014227
2026-08-20 18:05:42,059|line:926| 评论发送成功
2026-08-20 18:05:44,421|line:860| 571307144 === 已经关注了
2026-08-20 18:05:47,602|line:935| 动态-点赞 OK
2026-08-20 18:05:50,607|line:951| https://t.bilibili.com/1237383550481727489
2026-08-20 18:05:51,807|line:764| =========此为源动态=========
2026-08-20 18:05:51,808|line:785| *********子动态开始*********
2026-08-20 18:05:59,541|line:815| *********子动态结束*********
2026-08-20 18:05:59,543|line:969| -=-=-=-=处理回最初的动态-=-=-=-=
2026-08-20 18:06:11,306|line:910| 转发成功 1238591134262886404
2026-08-20 18:06:14,630|line:926| 评论发送成功
2026-08-20 18:06:22,203|line:872| 关注 ==== 3706957848381523 OK
2026-08-20 18:06:25,384|line:935| 动态-点赞 OK
2026-08-20 18:06:29,389|line:951| https://t.bilibili.com/1237348497125015561
2026-08-20 18:06:33,609|line:764| =========此为源动态=========
2026-08-20 18:06:33,610|line:785| *********子动态开始*********
2026-08-20 18:06:40,301|line:815| *********子动态结束*********
2026-08-20 18:06:40,302|line:969| -=-=-=-=处理回最初的动态-=-=-=-=
2026-08-20 18:06:48,978|line:910| 转发成功 1238591297411874823
2026-08-20 18:06:52,300|line:926| 评论发送成功
2026-08-20 18:06:53,661|line:860| 429886010 === 已经关注了
2026-08-20 18:06:56,820|line:935| 动态-点赞 OK
2026-08-20 18:07:00,829|line:951| https://t.bilibili.com/1237457215635324982
2026-08-20 18:07:00,831|line:953| 已有
2026-08-20 18:07:00,831|line:951| https://t.bilibili.com/1237358826521362441
2026-08-20 18:07:00,831|line:953| 已有
2026-08-20 18:07:00,831|line:951| https://t.bilibili.com/1237817078042329104
2026-08-20 18:07:00,832|line:953| 已有
2026-08-20 18:07:00,832|line:951| https://t.bilibili.com/1237854607468658709
2026-08-20 18:07:00,832|line:953| 已有
2026-08-20 18:07:00,833|line:951| https://t.bilibili.com/1237372020646215687
2026-08-20 18:07:03,086|line:958| 官方 或 预约 OUT！
2026-08-20 18:07:03,092|line:951| https://t.bilibili.com/1238185685031059480
2026-08-20 18:07:05,324|line:764| =========此为源动态=========
2026-08-20 18:07:05,325|line:785| *********子动态开始*********
2026-08-20 18:07:15,191|line:815| *********子动态结束*********
2026-08-20 18:07:15,192|line:969| -=-=-=-=处理回最初的动态-=-=-=-=
2026-08-20 18:07:22,006|line:910| 转发成功 1238591439200321540
2026-08-20 18:07:25,262|line:926| 评论发送成功
2026-08-20 18:07:27,555|line:860| 429702140 === 已经关注了
2026-08-20 18:07:30,710|line:935| 动态-点赞 OK
2026-08-20 18:07:33,715|line:951| https://t.bilibili.com/1237339043865296901
2026-08-20 18:07:34,911|line:759| =========此为子动态=========
2026-08-20 18:07:41,337|line:836| *************原动态已存在***************
2026-08-20 18:07:41,341|line:785| *********子动态开始*********
2026-08-20 18:07:53,856|line:801| 恢复子动态 1237339043865296901
2026-08-20 18:08:01,693|line:910| 转发成功 1238591606670491673
2026-08-20 18:08:04,953|line:926| 评论发送成功
2026-08-20 18:08:11,444|line:860| 3546683120028119 === 已经关注了
2026-08-20 18:08:11,446|line:810| ----完成一个子动态----
2026-08-20 18:08:12,833|line:801| 恢复子动态 1237748543249186818
2026-08-20 18:08:17,208|line:801| 恢复子动态 1236266637793951748
2026-08-20 18:08:24,965|line:801| 恢复子动态 1237449939938705432
2026-08-20 18:08:33,747|line:910| 转发成功 1238591744115736594
2026-08-20 18:08:37,165|line:926| 评论发送成功
2026-08-20 18:08:39,653|line:860| 1129687681 === 已经关注了
2026-08-20 18:08:39,654|line:810| ----完成一个子动态----
2026-08-20 18:08:43,966|line:801| 恢复子动态 1236265147479097367
2026-08-20 18:08:47,295|line:801| 恢复子动态 1236349088308396032
2026-08-20 18:08:51,695|line:801| 恢复子动态 1236296380457156617
2026-08-20 18:08:53,066|line:801| 恢复子动态 1236354697543024664
2026-08-20 18:08:53,068|line:815| *********子动态结束*********
2026-08-20 18:08:56,074|line:951| https://t.bilibili.com/1236631353565380614
2026-08-20 18:08:57,301|line:759| =========此为子动态=========
2026-08-20 18:09:01,815|line:825| *************原动态处理开始***************
2026-08-20 18:09:09,327|line:910| 转发成功 1238591898723024902
2026-08-20 18:09:12,599|line:926| 评论发送成功
2026-08-20 18:09:13,941|line:860| 405484897 === 已经关注了
2026-08-20 18:09:17,199|line:935| 动态-点赞 OK
2026-08-20 18:09:17,200|line:832| *************原动态处理完成***************
2026-08-20 18:09:17,201|line:785| *********子动态开始*********
2026-08-20 18:09:30,229|line:801| 恢复子动态 1236631353565380614
2026-08-20 18:09:38,992|line:910| 转发成功 1238592027618181124
2026-08-20 18:09:42,247|line:926| 评论发送成功
2026-08-20 18:09:47,735|line:860| 396808737 === 已经关注了
2026-08-20 18:09:47,737|line:810| ----完成一个子动态----
2026-08-20 18:09:47,738|line:815| *********子动态结束*********
2026-08-20 18:09:48,742|line:951| https://t.bilibili.com/1231991697917870082
2026-08-20 18:09:53,042|line:759| =========此为子动态=========
2026-08-20 18:10:07,938|line:825| *************原动态处理开始***************
2026-08-20 18:10:12,525|line:910| 转发成功 1238592169315401794
2026-08-20 18:10:15,858|line:926| 评论发送成功
2026-08-20 18:10:22,448|line:872| 关注 ==== 1836352776 OK
2026-08-20 18:10:25,652|line:935| 动态-点赞 OK
2026-08-20 18:10:25,654|line:832| *************原动态处理完成***************
2026-08-20 18:10:25,654|line:785| *********子动态开始*********
2026-08-20 18:10:35,774|line:801| 恢复子动态 1231991697917870082
2026-08-20 18:10:45,916|line:910| 转发成功 1238592311055613990
2026-08-20 18:10:49,217|line:926| 评论发送成功
2026-08-20 18:10:58,316|line:860| 92337361 === 已经关注了
2026-08-20 18:10:58,318|line:810| ----完成一个子动态----
2026-08-20 18:10:58,318|line:815| *********子动态结束*********
2026-08-20 18:11:02,327|line:984| 执行结束
2026-08-20 18:11:02,332|line:991| ==================================================2026-08-20 18:11==================================================
2026-08-20 18:11:02,333|line:454| processing article 52490256
2026-08-20 18:11:02,517|line:418| 获取 Article 结构化正文失败 52490256: -509 请求过于频繁，请稍后再试
2026-08-20 18:11:03,518|line:418| 获取 Article 结构化正文失败 52490256: -509 请求过于频繁，请稍后再试
2026-08-20 18:11:05,270|line:418| 获取 Article 结构化正文失败 52490256: -509 请求过于频繁，请稍后再试
2026-08-20 18:11:07,990|line:939| ==================================================2026-08-20 18:11==================================================
2026-08-20 18:11:07,991|line:951| https://t.bilibili.com/1224854467309993993
2026-08-20 18:11:07,991|line:953| 已有
2026-08-20 18:11:07,993|line:951| https://t.bilibili.com/1227157609149104130
2026-08-20 18:11:07,993|line:953| 已有
2026-08-20 18:11:07,994|line:951| https://t.bilibili.com/1225602319919349764
2026-08-20 18:11:07,994|line:953| 已有
2026-08-20 18:11:07,994|line:951| https://t.bilibili.com/1232309469667393556
2026-08-20 18:11:07,994|line:953| 已有
2026-08-20 18:11:07,995|line:951| https://t.bilibili.com/1234410090970218515
2026-08-20 18:11:07,995|line:953| 已有
2026-08-20 18:11:07,995|line:951| https://t.bilibili.com/1238194012991520801
2026-08-20 18:11:10,296|line:764| =========此为源动态=========
2026-08-20 18:11:10,297|line:785| *********子动态开始*********
2026-08-20 18:11:20,065|line:815| *********子动态结束*********
2026-08-20 18:11:20,066|line:969| -=-=-=-=处理回最初的动态-=-=-=-=
2026-08-20 18:11:27,758|line:910| 转发成功 1238592491443191861
2026-08-20 18:11:31,052|line:926| 评论发送成功
2026-08-20 18:11:34,376|line:860| 100680137 === 已经关注了
2026-08-20 18:11:37,559|line:935| 动态-点赞 OK
2026-08-20 18:11:40,566|line:951| https://t.bilibili.com/1238194618551500808
2026-08-20 18:11:41,792|line:764| =========此为源动态=========
2026-08-20 18:11:41,793|line:785| *********子动态开始*********
2026-08-20 18:11:48,480|line:815| *********子动态结束*********
2026-08-20 18:11:48,483|line:969| -=-=-=-=处理回最初的动态-=-=-=-=
2026-08-20 18:11:59,281|line:910| 转发成功 1238592628911505433
2026-08-20 18:12:02,522|line:926| 评论发送成功
2026-08-20 18:12:05,823|line:860| 100680137 === 已经关注了
2026-08-20 18:12:09,030|line:935| 动态-点赞 OK
2026-08-20 18:12:11,034|line:951| https://t.bilibili.com/1237967973119950852
2026-08-20 18:12:11,035|line:953| 已有
2026-08-20 18:12:11,036|line:951| https://t.bilibili.com/1238094762714595353
2026-08-20 18:12:13,249|line:764| =========此为源动态=========
2026-08-20 18:12:13,250|line:785| *********子动态开始*********
2026-08-20 18:12:21,915|line:815| *********子动态结束*********
2026-08-20 18:12:21,916|line:969| -=-=-=-=处理回最初的动态-=-=-=-=
2026-08-20 18:12:29,698|line:910| 转发成功 1238592757736407062
2026-08-20 18:12:33,016|line:926| 评论发送成功
2026-08-20 18:12:36,370|line:860| 432158620 === 已经关注了
2026-08-20 18:12:39,570|line:935| 动态-点赞 OK
2026-08-20 18:12:42,579|line:951| https://t.bilibili.com/1237821922743418899
2026-08-20 18:12:44,810|line:764| =========此为源动态=========
2026-08-20 18:12:44,811|line:785| *********子动态开始*********
2026-08-20 18:12:52,642|line:815| *********子动态结束*********
2026-08-20 18:12:52,644|line:969| -=-=-=-=处理回最初的动态-=-=-=-=
2026-08-20 18:13:00,445|line:910| 转发成功 1238592890885636096
2026-08-20 18:13:03,723|line:926| 评论评论已提交，被up主精选后对所有人可见
2026-08-20 18:13:10,329|line:872| 关注 ==== 3546617026185273 OK
2026-08-20 18:13:13,493|line:935| 动态-点赞 OK
2026-08-20 18:13:17,497|line:951| https://t.bilibili.com/1238203225691127811
2026-08-20 18:13:17,499|line:953| 已有
2026-08-20 18:13:17,499|line:951| https://t.bilibili.com/1238174513832656948
2026-08-20 18:13:20,724|line:764| =========此为源动态=========
2026-08-20 18:13:20,726|line:785| *********子动态开始*********
2026-08-20 18:13:31,595|line:815| *********子动态结束*********
2026-08-20 18:13:31,597|line:969| -=-=-=-=处理回最初的动态-=-=-=-=
2026-08-20 18:13:39,306|line:910| 转发成功 1238593058361049093
2026-08-20 18:13:42,553|line:926| 评论发送成功
2026-08-20 18:13:45,903|line:860| 439868658 === 已经关注了
2026-08-20 18:13:49,129|line:935| 动态-点赞 OK
2026-08-20 18:13:51,137|line:951| https://t.bilibili.com/1238193179766816793
2026-08-20 18:13:52,342|line:764| =========此为源动态=========
2026-08-20 18:13:52,342|line:785| *********子动态开始*********
2026-08-20 18:14:02,112|line:815| *********子动态结束*********
2026-08-20 18:14:02,113|line:969| -=-=-=-=处理回最初的动态-=-=-=-=
2026-08-20 18:14:09,785|line:910| 转发成功 1238593187226845190
2026-08-20 18:14:13,075|line:926| 评论发送成功
2026-08-20 18:14:15,431|line:860| 627553716 === 已经关注了
2026-08-20 18:14:18,598|line:935| 动态-点赞 OK
2026-08-20 18:14:20,601|line:951| https://t.bilibili.com/1238192647185629203
2026-08-20 18:14:22,807|line:764| =========此为源动态=========
2026-08-20 18:14:22,809|line:785| *********子动态开始*********
2026-08-20 18:14:30,602|line:815| *********子动态结束*********
2026-08-20 18:14:30,603|line:969| -=-=-=-=处理回最初的动态-=-=-=-=
2026-08-20 18:14:40,280|line:910| 转发成功 1238593320354054164
2026-08-20 18:14:43,581|line:926| 评论发送成功
2026-08-20 18:14:45,905|line:860| 543816944 === 已经关注了
2026-08-20 18:14:49,090|line:935| 动态-点赞 OK
2026-08-20 18:14:52,094|line:951| https://t.bilibili.com/1238165114279952388
2026-08-20 18:14:56,344|line:764| =========此为源动态=========
2026-08-20 18:14:56,345|line:785| *********子动态开始*********
2026-08-20 18:15:04,045|line:815| *********子动态结束*********
2026-08-20 18:15:04,046|line:969| -=-=-=-=处理回最初的动态-=-=-=-=
2026-08-20 18:15:12,800|line:910| 转发成功 1238593457840193553
2026-08-20 18:15:16,102|line:926| 评论发送成功
2026-08-20 18:15:20,402|line:860| 79955050 === 已经关注了
2026-08-20 18:15:23,587|line:935| 动态-点赞 OK
2026-08-20 18:15:26,592|line:951| https://t.bilibili.com/1238161212311601173
2026-08-20 18:15:29,802|line:764| =========此为源动态=========
2026-08-20 18:15:29,803|line:785| *********子动态开始*********
2026-08-20 18:15:39,665|line:815| *********子动态结束*********
2026-08-20 18:15:39,666|line:969| -=-=-=-=处理回最初的动态-=-=-=-=
2026-08-20 18:15:48,379|line:910| 转发成功 1238593612445384722
2026-08-20 18:15:51,656|line:926| 评论发送成功
2026-08-20 18:15:53,957|line:860| 524845477 === 已经关注了
2026-08-20 18:15:57,173|line:935| 动态-点赞 OK
2026-08-20 18:16:00,183|line:951| https://t.bilibili.com/1238172662671343664
2026-08-20 18:16:04,381|line:764| =========此为源动态=========
2026-08-20 18:16:04,384|line:785| *********子动态开始*********
2026-08-20 18:16:14,126|line:815| *********子动态结束*********
2026-08-20 18:16:14,129|line:969| -=-=-=-=处理回最初的动态-=-=-=-=
2026-08-20 18:16:22,923|line:910| 转发成功 1238593758472175632
2026-08-20 18:16:26,279|line:926| 评论发送成功
2026-08-20 18:16:27,633|line:860| 57704859 === 已经关注了
2026-08-20 18:16:30,835|line:935| 动态-点赞 OK
2026-08-20 18:16:33,841|line:951| https://t.bilibili.com/1238115913283141640
2026-08-20 18:16:38,045|line:764| =========此为源动态=========
2026-08-20 18:16:38,046|line:785| *********子动态开始*********
2026-08-20 18:16:44,920|line:815| *********子动态结束*********
2026-08-20 18:16:44,921|line:969| -=-=-=-=处理回最初的动态-=-=-=-=
2026-08-20 18:16:52,704|line:910| 转发成功 1238593887304417350
2026-08-20 18:16:55,965|line:926| 评论发送成功
2026-08-20 18:16:57,280|line:860| 3546710322186667 === 已经关注了
2026-08-20 18:17:00,459|line:935| 动态-点赞 OK
2026-08-20 18:17:02,462|line:951| https://t.bilibili.com/1238116673522761782
2026-08-20 18:17:04,738|line:958| 官方 或 预约 OUT！
2026-08-20 18:17:04,739|line:951| https://t.bilibili.com/1238103831551672344
2026-08-20 18:17:07,914|line:958| 官方 或 预约 OUT！
2026-08-20 18:17:07,915|line:951| https://t.bilibili.com/1238125686492758019
2026-08-20 18:17:12,099|line:958| 官方 或 预约 OUT！
2026-08-20 18:17:12,099|line:951| https://t.bilibili.com/1238178121617768455
2026-08-20 18:17:13,275|line:764| =========此为源动态=========
2026-08-20 18:17:13,276|line:785| *********子动态开始*********
2026-08-20 18:17:21,981|line:815| *********子动态结束*********
2026-08-20 18:17:21,982|line:969| -=-=-=-=处理回最初的动态-=-=-=-=
2026-08-20 18:17:33,725|line:910| 转发成功 1238594063432679465
2026-08-20 18:17:37,068|line:926| 评论发送成功
2026-08-20 18:17:40,408|line:860| 25876049 === 已经关注了
2026-08-20 18:17:43,696|line:935| 动态-点赞 OK
2026-08-20 18:17:45,701|line:951| https://t.bilibili.com/1238175892475215888
2026-08-20 18:17:47,934|line:764| =========此为源动态=========
2026-08-20 18:17:47,934|line:785| *********子动态开始*********
2026-08-20 18:17:53,665|line:815| *********子动态结束*********
2026-08-20 18:17:53,667|line:969| -=-=-=-=处理回最初的动态-=-=-=-=
2026-08-20 18:18:01,352|line:910| 转发成功 1238594183654015027
2026-08-20 18:18:04,600|line:926| 评论发送成功
2026-08-20 18:18:08,961|line:860| 622557681 === 已经关注了
2026-08-20 18:18:12,135|line:935| 动态-点赞 OK
2026-08-20 18:18:16,140|line:951| https://t.bilibili.com/1238163140729896996
2026-08-20 18:18:17,344|line:764| =========此为源动态=========
2026-08-20 18:18:17,345|line:785| *********子动态开始*********
2026-08-20 18:18:26,080|line:815| *********子动态结束*********
2026-08-20 18:18:26,082|line:969| -=-=-=-=处理回最初的动态-=-=-=-=
2026-08-20 18:18:36,915|line:910| 转发成功 1238594333962141737
2026-08-20 18:18:40,215|line:926| 评论发送成功
2026-08-20 18:18:42,557|line:860| 486445583 === 已经关注了
2026-08-20 18:18:45,738|line:935| 动态-点赞 OK
2026-08-20 18:18:48,743|line:951| https://t.bilibili.com/1238156610269872130
2026-08-20 18:18:52,924|line:764| =========此为源动态=========
2026-08-20 18:18:52,928|line:785| *********子动态开始*********
2026-08-20 18:18:59,662|line:815| *********子动态结束*********
2026-08-20 18:18:59,664|line:969| -=-=-=-=处理回最初的动态-=-=-=-=
2026-08-20 18:19:09,382|line:910| 转发成功 1238594475689771027
2026-08-20 18:19:12,633|line:926| 评论发送成功
2026-08-20 18:19:14,947|line:860| 9535164 === 已经关注了
2026-08-20 18:19:18,154|line:935| 动态-点赞 OK
2026-08-20 18:19:22,159|line:951| https://t.bilibili.com/1238172254683004968
2026-08-20 18:19:26,335|line:764| =========此为源动态=========
2026-08-20 18:19:26,336|line:785| *********子动态开始*********
2026-08-20 18:19:36,102|line:815| *********子动态结束*********
2026-08-20 18:19:36,103|line:969| -=-=-=-=处理回最初的动态-=-=-=-=
2026-08-20 18:19:44,825|line:910| 转发成功 1238594626054520888
2026-08-20 18:19:48,125|line:926| 评论发送成功
2026-08-20 18:19:51,495|line:860| 108766164 === 已经关注了
2026-08-20 18:19:54,703|line:935| 动态-点赞 OK
2026-08-20 18:19:58,706|line:951| https://t.bilibili.com/1238079300837572611
2026-08-20 18:20:09,282|line:764| =========此为源动态=========
2026-08-20 18:20:09,283|line:785| *********子动态开始*********
2026-08-20 18:20:21,080|line:815| *********子动态结束*********
2026-08-20 18:20:21,081|line:969| -=-=-=-=处理回最初的动态-=-=-=-=
2026-08-20 18:20:30,850|line:910| 转发成功 1238594823621967872
2026-08-20 18:20:34,468|line:926| 评论发送成功
2026-08-20 18:20:37,880|line:860| 631208134 === 已经关注了
2026-08-20 18:20:41,048|line:935| 动态-点赞 OK
2026-08-20 18:20:45,050|line:951| https://t.bilibili.com/1238162668278251529
2026-08-20 18:20:46,268|line:764| =========此为源动态=========
2026-08-20 18:20:46,269|line:785| *********子动态开始*********
2026-08-20 18:20:56,917|line:815| *********子动态结束*********
2026-08-20 18:20:56,918|line:969| -=-=-=-=处理回最初的动态-=-=-=-=
2026-08-20 18:21:08,580|line:910| 转发成功 1238594986830725120
2026-08-20 18:21:11,886|line:926| 评论发送成功
2026-08-20 18:21:16,436|line:872| 关注 ==== 485759425 OK
2026-08-20 18:21:19,607|line:935| 动态-点赞 OK
2026-08-20 18:21:23,610|line:951| https://t.bilibili.com/1238165754245808151
2026-08-20 18:21:25,849|line:764| =========此为源动态=========
2026-08-20 18:21:25,849|line:785| *********子动态开始*********
2026-08-20 18:21:33,617|line:815| *********子动态结束*********
2026-08-20 18:21:33,619|line:969| -=-=-=-=处理回最初的动态-=-=-=-=
2026-08-20 18:21:42,332|line:910| 转发成功 1238595132826058790
2026-08-20 18:21:45,586|line:926| 评论发送成功
2026-08-20 18:21:49,925|line:860| 621089888 === 已经关注了
2026-08-20 18:21:53,113|line:935| 动态-点赞 OK
2026-08-20 18:21:56,119|line:951| https://t.bilibili.com/1238153245149364226
2026-08-20 18:22:00,312|line:764| =========此为源动态=========
2026-08-20 18:22:00,319|line:785| *********子动态开始*********
2026-08-20 18:22:09,049|line:815| *********子动态结束*********
2026-08-20 18:22:09,051|line:969| -=-=-=-=处理回最初的动态-=-=-=-=
2026-08-20 18:22:16,727|line:910| 转发成功 1238595278894792720
2026-08-20 18:22:20,118|line:926| 评论发送成功
2026-08-20 18:22:23,499|line:860| 1431814328 === 已经关注了
2026-08-20 18:22:26,672|line:935| 动态-点赞 OK
2026-08-20 18:22:30,679|line:951| https://t.bilibili.com/1238151428348837894
2026-08-20 18:22:32,870|line:764| =========此为源动态=========
2026-08-20 18:22:32,871|line:785| *********子动态开始*********
2026-08-20 18:22:40,555|line:815| *********子动态结束*********
2026-08-20 18:22:40,556|line:969| -=-=-=-=处理回最初的动态-=-=-=-=
2026-08-20 18:22:48,223|line:910| 转发成功 1238595416293900297
2026-08-20 18:22:51,473|line:926| 评论发送成功
2026-08-20 18:22:55,803|line:860| 67192137 === 已经关注了
2026-08-20 18:22:59,021|line:935| 动态-点赞 OK
2026-08-20 18:23:01,027|line:951| https://t.bilibili.com/1238164785731731460
2026-08-20 18:23:05,235|line:764| =========此为源动态=========
2026-08-20 18:23:05,235|line:785| *********子动态开始*********
2026-08-20 18:23:12,906|line:815| *********子动态结束*********
2026-08-20 18:23:12,908|line:969| -=-=-=-=处理回最初的动态-=-=-=-=
2026-08-20 18:23:20,633|line:910| 转发成功 1238595553775845396
2026-08-20 18:23:23,936|line:926| 评论发送成功
2026-08-20 18:23:25,268|line:860| 434718226 === 已经关注了
2026-08-20 18:23:28,450|line:935| 动态-点赞 OK
2026-08-20 18:23:30,456|line:951| https://t.bilibili.com/1238102493672505364
2026-08-20 18:23:31,654|line:764| =========此为源动态=========
2026-08-20 18:23:31,654|line:785| *********子动态开始*********
2026-08-20 18:23:41,376|line:815| *********子动态结束*********
2026-08-20 18:23:41,379|line:969| -=-=-=-=处理回最初的动态-=-=-=-=
2026-08-20 18:23:51,095|line:910| 转发成功 1238595686870548486
2026-08-20 18:23:54,388|line:926| 评论发送成功
2026-08-20 18:23:57,692|line:860| 673348637 === 已经关注了
2026-08-20 18:24:00,876|line:935| 动态-点赞 OK
2026-08-20 18:24:02,880|line:951| https://t.bilibili.com/1238126345780723718
2026-08-20 18:24:07,124|line:958| 官方 或 预约 OUT！
2026-08-20 18:24:07,125|line:951| https://t.bilibili.com/1238144756115046405
2026-08-20 18:24:09,401|line:764| =========此为源动态=========
2026-08-20 18:24:09,407|line:785| *********子动态开始*********
2026-08-20 18:24:17,153|line:815| *********子动态结束*********
2026-08-20 18:24:17,154|line:969| -=-=-=-=处理回最初的动态-=-=-=-=
2026-08-20 18:24:24,893|line:910| 转发成功 1238595828614955081
2026-08-20 18:24:28,177|line:926| 评论发送成功
2026-08-20 18:24:29,521|line:860| 383768376 === 已经关注了
2026-08-20 18:24:32,712|line:935| 动态-点赞 OK
2026-08-20 18:24:34,716|line:951| https://t.bilibili.com/1238087031773462547
2026-08-20 18:24:37,914|line:764| =========此为源动态=========
2026-08-20 18:24:37,915|line:785| *********子动态开始*********
2026-08-20 18:24:43,670|line:815| *********子动态结束*********
2026-08-20 18:24:43,670|line:969| -=-=-=-=处理回最初的动态-=-=-=-=
2026-08-20 18:24:52,516|line:910| 转发成功 1238595948864602131
2026-08-20 18:24:55,765|line:926| 评论发送成功
2026-08-20 18:24:57,076|line:860| 434624234 === 已经关注了
2026-08-20 18:25:00,237|line:935| 动态-点赞 OK
2026-08-20 18:25:03,248|line:951| https://t.bilibili.com/1238088520013185024
2026-08-20 18:25:10,642|line:764| =========此为源动态=========
2026-08-20 18:25:10,644|line:785| *********子动态开始*********
2026-08-20 18:25:18,386|line:815| *********子动态结束*********
2026-08-20 18:25:18,387|line:969| -=-=-=-=处理回最初的动态-=-=-=-=
2026-08-20 18:25:29,151|line:910| 转发成功 1238596107790974984
2026-08-20 18:25:32,400|line:926| 评论发送成功
2026-08-20 18:25:35,702|line:860| 488757623 === 已经关注了
2026-08-20 18:25:38,866|line:935| 动态-点赞 OK
2026-08-20 18:25:40,871|line:951| https://t.bilibili.com/1238094762690478153
2026-08-20 18:25:43,083|line:764| =========此为源动态=========
2026-08-20 18:25:43,083|line:785| *********子动态开始*********
2026-08-20 18:25:49,737|line:815| *********子动态结束*********
2026-08-20 18:25:49,738|line:969| -=-=-=-=处理回最初的动态-=-=-=-=
2026-08-20 18:26:00,533|line:910| 转发成功 1238596240960126980
2026-08-20 18:26:03,772|line:926| 评论发送成功
2026-08-20 18:26:05,030|line:860| 1310714247 === 已经关注了
2026-08-20 18:26:08,253|line:935| 动态-点赞 OK
2026-08-20 18:26:11,259|line:951| https://t.bilibili.com/1238170390665101351
2026-08-20 18:26:14,474|line:764| =========此为源动态=========
2026-08-20 18:26:14,475|line:785| *********子动态开始*********
2026-08-20 18:26:23,802|line:815| *********子动态结束*********
2026-08-20 18:26:23,803|line:969| -=-=-=-=处理回最初的动态-=-=-=-=
2026-08-20 18:26:35,735|line:910| 转发成功 1238596391246233619
2026-08-20 18:26:39,922|line:926| 评论发送成功
2026-08-20 18:26:47,537|line:872| 关注 ==== 3493298314414346 OK
2026-08-20 18:26:51,820|line:935| 动态-点赞 OK
2026-08-20 18:26:54,826|line:951| https://t.bilibili.com/1238103728437854226
2026-08-20 18:26:56,098|line:958| 官方 或 预约 OUT！
2026-08-20 18:26:56,099|line:951| https://t.bilibili.com/1238087031774511106
2026-08-20 18:26:58,277|line:764| =========此为源动态=========
2026-08-20 18:26:58,278|line:785| *********子动态开始*********
2026-08-20 18:27:07,797|line:815| *********子动态结束*********
2026-08-20 18:27:07,798|line:969| -=-=-=-=处理回最初的动态-=-=-=-=
2026-08-20 18:27:17,589|line:910| 转发成功 1238596571688337447
2026-08-20 18:27:20,964|line:926| 评论发送成功
2026-08-20 18:27:23,186|line:860| 429643625 === 已经关注了
2026-08-20 18:27:26,411|line:935| 动态-点赞 OK
2026-08-20 18:27:27,415|line:951| https://t.bilibili.com/1238080589317275651
2026-08-20 18:27:30,793|line:764| =========此为源动态=========
2026-08-20 18:27:30,794|line:785| *********子动态开始*********
2026-08-20 18:27:39,106|line:815| *********子动态结束*********
2026-08-20 18:27:39,108|line:969| -=-=-=-=处理回最初的动态-=-=-=-=
2026-08-20 18:27:45,769|line:910| 转发成功 1238596691941130240
2026-08-20 18:27:49,134|line:926| 评论发送成功
2026-08-20 18:27:52,454|line:860| 624211844 === 已经关注了
2026-08-20 18:27:55,857|line:935| 动态-点赞 OK
2026-08-20 18:27:57,861|line:951| https://t.bilibili.com/1238115823074148369
2026-08-20 18:27:59,067|line:764| =========此为源动态=========
2026-08-20 18:27:59,067|line:785| *********子动态开始*********
2026-08-20 18:28:06,214|line:815| *********子动态结束*********
2026-08-20 18:28:06,215|line:969| -=-=-=-=处理回最初的动态-=-=-=-=
2026-08-20 18:28:14,465|line:910| 转发成功 1238596816444850233
2026-08-20 18:28:17,797|line:926| 评论发送成功
2026-08-20 18:28:19,099|line:860| 3546620132067507 === 已经关注了
2026-08-20 18:28:22,254|line:935| 动态-点赞 OK
2026-08-20 18:28:26,258|line:951| https://t.bilibili.com/1238108135083737089
2026-08-20 18:28:27,700|line:764| =========此为源动态=========
2026-08-20 18:28:27,701|line:785| *********子动态开始*********
2026-08-20 18:28:34,598|line:815| *********子动态结束*********
2026-08-20 18:28:34,599|line:969| -=-=-=-=处理回最初的动态-=-=-=-=
2026-08-20 18:28:47,363|line:910| 转发成功 1238596945344200741
2026-08-20 18:28:50,614|line:926| 评论发送成功
2026-08-20 18:28:54,173|line:860| 3546642129094759 === 已经关注了
2026-08-20 18:28:57,773|line:935| 动态-点赞 OK
2026-08-20 18:28:59,779|line:951| https://t.bilibili.com/1238134282837295123
2026-08-20 18:29:01,276|line:958| 官方 或 预约 OUT！
2026-08-20 18:29:01,276|line:951| https://t.bilibili.com/1238125686485417986
2026-08-20 18:29:04,738|line:764| =========此为源动态=========
2026-08-20 18:29:04,738|line:785| *********子动态开始*********
2026-08-20 18:29:13,587|line:815| *********子动态结束*********
2026-08-20 18:29:13,589|line:969| -=-=-=-=处理回最初的动态-=-=-=-=
2026-08-20 18:29:20,429|line:910| 转发成功 1238597099937857590
2026-08-20 18:29:23,964|line:926| 评论发送成功
2026-08-20 18:29:25,268|line:860| 25876049 === 已经关注了
2026-08-20 18:29:28,789|line:935| 动态-点赞 OK
2026-08-20 18:29:29,795|line:951| https://t.bilibili.com/1238125001464348692
2026-08-20 18:29:32,033|line:764| =========此为源动态=========
2026-08-20 18:29:32,034|line:785| *********子动态开始*********
2026-08-20 18:29:43,198|line:815| *********子动态结束*********
2026-08-20 18:29:43,198|line:969| -=-=-=-=处理回最初的动态-=-=-=-=
2026-08-20 18:29:51,905|line:910| 转发成功 1238597233100718119
2026-08-20 18:29:55,134|line:926| 评论发送成功
2026-08-20 18:29:56,410|line:860| 394373125 === 已经关注了
2026-08-20 18:29:59,558|line:935| 动态-点赞 OK
2026-08-20 18:30:00,564|line:951| https://t.bilibili.com/1238121449499131925
2026-08-20 18:30:01,767|line:764| =========此为源动态=========
2026-08-20 18:30:01,768|line:785| *********子动态开始*********
2026-08-20 18:30:11,502|line:815| *********子动态结束*********
2026-08-20 18:30:11,503|line:969| -=-=-=-=处理回最初的动态-=-=-=-=
2026-08-20 18:30:20,147|line:910| 转发成功 1238597357619118100
2026-08-20 18:30:23,456|line:926| 评论发送成功
2026-08-20 18:30:27,751|line:860| 542973072 === 已经关注了
2026-08-20 18:30:30,937|line:935| 动态-点赞 OK
2026-08-20 18:30:31,954|line:951| https://t.bilibili.com/1238120878295744521
2026-08-20 18:30:34,260|line:764| =========此为源动态=========
2026-08-20 18:30:34,261|line:785| *********子动态开始*********
2026-08-20 18:30:44,956|line:815| *********子动态结束*********
2026-08-20 18:30:44,958|line:969| -=-=-=-=处理回最初的动态-=-=-=-=
2026-08-20 18:30:53,959|line:910| 转发成功 1238597499349893137
2026-08-20 18:30:57,257|line:926| 评论发送成功
2026-08-20 18:30:59,602|line:860| 3493131628579774 === 已经关注了
2026-08-20 18:31:02,783|line:935| 动态-点赞 OK
2026-08-20 18:31:06,787|line:951| https://t.bilibili.com/1238125686500098098
2026-08-20 18:31:07,990|line:764| =========此为源动态=========
2026-08-20 18:31:07,991|line:785| *********子动态开始*********
2026-08-20 18:31:14,895|line:815| *********子动态结束*********
2026-08-20 18:31:14,895|line:969| -=-=-=-=处理回最初的动态-=-=-=-=
2026-08-20 18:31:26,143|line:910| 转发成功 1238597641128902661
2026-08-20 18:31:29,429|line:926| 评论发送成功
2026-08-20 18:31:30,740|line:860| 3494370223327232 === 已经关注了
2026-08-20 18:31:33,942|line:935| 动态-点赞 OK
2026-08-20 18:31:34,949|line:951| https://t.bilibili.com/1238111279016574982
2026-08-20 18:31:39,155|line:764| =========此为源动态=========
2026-08-20 18:31:39,157|line:785| *********子动态开始*********
2026-08-20 18:31:48,028|line:815| *********子动态结束*********
2026-08-20 18:31:48,031|line:969| -=-=-=-=处理回最初的动态-=-=-=-=
2026-08-20 18:31:54,198|line:910| 转发成功 1238597761393229830
2026-08-20 18:31:57,468|line:926| 评论发送成功
2026-08-20 18:32:04,016|line:872| 关注 ==== 7600646 OK
2026-08-20 18:32:07,451|line:935| 动态-点赞 OK
2026-08-20 18:32:08,453|line:951| https://t.bilibili.com/1238117051438989368
2026-08-20 18:32:12,640|line:958| 官方 或 预约 OUT！
2026-08-20 18:32:12,641|line:951| https://t.bilibili.com/1238108285429612549
2026-08-20 18:32:15,857|line:764| =========此为源动态=========
2026-08-20 18:32:15,861|line:785| *********子动态开始*********
2026-08-20 18:32:27,474|line:815| *********子动态结束*********
2026-08-20 18:32:27,475|line:969| -=-=-=-=处理回最初的动态-=-=-=-=
2026-08-20 18:32:34,900|line:910| 转发成功 1238597933141590032
2026-08-20 18:32:38,238|line:926| 评论发送成功
2026-08-20 18:32:41,675|line:860| 92337361 === 已经关注了
2026-08-20 18:32:44,851|line:935| 动态-点赞 OK
2026-08-20 18:32:47,855|line:951| https://t.bilibili.com/1238081806975107110
2026-08-20 18:32:50,059|line:764| =========此为源动态=========
2026-08-20 18:32:50,067|line:785| *********子动态开始*********
2026-08-20 18:32:56,862|line:815| *********子动态结束*********
2026-08-20 18:32:56,863|line:969| -=-=-=-=处理回最初的动态-=-=-=-=
2026-08-20 18:33:03,800|line:910| 转发成功 1238598057739681830
2026-08-20 18:33:07,689|line:926| 评论发送成功
2026-08-20 18:33:15,685|line:872| 关注 ==== 431636085 OK
2026-08-20 18:33:18,876|line:935| 动态-点赞 OK
2026-08-20 18:33:20,877|line:951| https://t.bilibili.com/1238091054042841090
2026-08-20 18:33:22,068|line:764| =========此为源动态=========
2026-08-20 18:33:22,069|line:785| *********子动态开始*********
2026-08-20 18:33:28,809|line:815| *********子动态结束*********
2026-08-20 18:33:28,810|line:969| -=-=-=-=处理回最初的动态-=-=-=-=
2026-08-20 18:33:37,869|line:910| 转发成功 1238598203781152839
2026-08-20 18:33:41,171|line:926| 评论发送成功
2026-08-20 18:33:42,630|line:860| 79955050 === 已经关注了
2026-08-20 18:33:45,906|line:935| 动态-点赞 OK
2026-08-20 18:33:47,911|line:951| https://t.bilibili.com/1238099201542324226
2026-08-20 18:33:51,123|line:764| =========此为源动态=========
2026-08-20 18:33:51,124|line:785| *********子动态开始*********
2026-08-20 18:34:01,876|line:815| *********子动态结束*********
2026-08-20 18:34:01,876|line:969| -=-=-=-=处理回最初的动态-=-=-=-=
2026-08-20 18:34:14,146|line:910| 转发成功 1238598362643562517
2026-08-20 18:34:17,423|line:926| 评论发送成功
2026-08-20 18:34:20,706|line:860| 1694196506 === 已经关注了
2026-08-20 18:34:23,907|line:935| 动态-点赞 OK
2026-08-20 18:34:24,912|line:951| https://t.bilibili.com/1238100953891078163
2026-08-20 18:34:28,377|line:764| =========此为源动态=========
2026-08-20 18:34:28,378|line:785| *********子动态开始*********
2026-08-20 18:34:37,970|line:815| *********子动态结束*********
2026-08-20 18:34:37,971|line:969| -=-=-=-=处理回最初的动态-=-=-=-=
2026-08-20 18:34:47,962|line:910| 转发成功 1238598504415232032
2026-08-20 18:34:51,245|line:926| 评论发送成功
2026-08-20 18:34:52,596|line:860| 1902330279 === 已经关注了
2026-08-20 18:34:55,987|line:935| 动态-点赞 OK
2026-08-20 18:34:56,989|line:951| https://t.bilibili.com/1238100174374436867
2026-08-20 18:34:56,990|line:953| 已有
2026-08-20 18:34:56,990|line:951| https://t.bilibili.com/1238088189281828887
2026-08-20 18:34:58,719|line:958| 官方 或 预约 OUT！
2026-08-20 18:34:58,720|line:951| https://t.bilibili.com/1238082141949001737
2026-08-20 18:35:02,915|line:958| 官方 或 预约 OUT！
2026-08-20 18:35:02,916|line:951| https://t.bilibili.com/1238082597214486560
2026-08-20 18:35:05,115|line:764| =========此为源动态=========
2026-08-20 18:35:05,117|line:785| *********子动态开始*********
2026-08-20 18:35:16,246|line:801| 恢复子动态 1238093386169188352
2026-08-20 18:35:24,247|line:910| 转发成功 1238598663282884625
2026-08-20 18:35:27,497|line:926| 评论发送成功
2026-08-20 18:35:33,789|line:860| 397664175 === 已经关注了
2026-08-20 18:35:33,790|line:810| ----完成一个子动态----
2026-08-20 18:35:33,791|line:815| *********子动态结束*********
2026-08-20 18:35:33,791|line:969| -=-=-=-=处理回最初的动态-=-=-=-=
2026-08-20 18:35:42,682|line:910| 转发成功 1238598740652064790
2026-08-20 18:35:46,164|line:926| 评论发送成功
2026-08-20 18:35:49,488|line:860| 630815423 === 已经关注了
2026-08-20 18:35:52,905|line:935| 动态-点赞 OK
2026-08-20 18:35:55,908|line:951| https://t.bilibili.com/1238083383211327489
2026-08-20 18:35:57,238|line:764| =========此为源动态=========
2026-08-20 18:35:57,239|line:785| *********子动态开始*********
2026-08-20 18:36:02,109|line:815| *********子动态结束*********
2026-08-20 18:36:02,110|line:969| -=-=-=-=处理回最初的动态-=-=-=-=
2026-08-20 18:36:09,101|line:910| 转发成功 1238598856567947264
2026-08-20 18:36:12,585|line:926| 评论发送成功
2026-08-20 18:36:14,301|line:860| 334454303 === 已经关注了
2026-08-20 18:36:17,696|line:935| 动态-点赞 OK
2026-08-20 18:36:21,702|line:951| https://t.bilibili.com/1238084920818008082
2026-08-20 18:36:26,068|line:764| =========此为源动态=========
2026-08-20 18:36:26,068|line:785| *********子动态开始*********
2026-08-20 18:36:38,072|line:815| *********子动态结束*********
2026-08-20 18:36:38,074|line:969| -=-=-=-=处理回最初的动态-=-=-=-=
2026-08-20 18:36:46,765|line:910| 转发成功 1238599015485931529
2026-08-20 18:36:50,025|line:926| 评论发送成功
2026-08-20 18:36:54,424|line:860| 2013348916 === 已经关注了
2026-08-20 18:36:57,639|line:935| 动态-点赞 OK
2026-08-20 18:37:00,646|line:951| https://t.bilibili.com/1238079796884275203
2026-08-20 18:37:02,065|line:764| =========此为源动态=========
2026-08-20 18:37:02,068|line:785| *********子动态开始*********
2026-08-20 18:37:13,056|line:815| *********子动态结束*********
2026-08-20 18:37:13,057|line:969| -=-=-=-=处理回最初的动态-=-=-=-=
2026-08-20 18:37:21,097|line:910| 转发成功 1238599161531596802
2026-08-20 18:37:24,542|line:926| 评论发送成功
2026-08-20 18:37:31,594|line:872| 关注 ==== 3546982140348589 OK
2026-08-20 18:37:34,774|line:935| 动态-点赞 OK
2026-08-20 18:37:35,775|line:951| https://t.bilibili.com/1238083937263157253
2026-08-20 18:37:37,998|line:764| =========此为源动态=========
2026-08-20 18:37:38,003|line:785| *********子动态开始*********
2026-08-20 18:37:45,852|line:815| *********子动态结束*********
2026-08-20 18:37:45,853|line:969| -=-=-=-=处理回最初的动态-=-=-=-=
2026-08-20 18:37:55,843|line:910| 转发成功 1238599311826092097
2026-08-20 18:37:59,435|line:926| 评论发送成功
2026-08-20 18:38:00,785|line:860| 327988055 === 已经关注了
2026-08-20 18:38:04,227|line:935| 动态-点赞 OK
2026-08-20 18:38:08,232|line:951| https://t.bilibili.com/1238085341731094533
2026-08-20 18:38:09,677|line:764| =========此为源动态=========
2026-08-20 18:38:09,678|line:785| *********子动态开始*********
2026-08-20 18:38:17,597|line:815| *********子动态结束*********
2026-08-20 18:38:17,597|line:969| -=-=-=-=处理回最初的动态-=-=-=-=
2026-08-20 18:38:24,049|line:910| 转发成功 1238599432119779346
2026-08-20 18:38:27,356|line:926| 评论发送成功
2026-08-20 18:38:30,076|line:860| 2122458627 === 已经关注了
2026-08-20 18:38:33,748|line:935| 动态-点赞 OK
2026-08-20 18:38:35,753|line:951| https://t.bilibili.com/1238076124709257220
2026-08-20 18:38:38,986|line:958| 官方 或 预约 OUT！
2026-08-20 18:38:38,987|line:951| https://t.bilibili.com/1237800986977763332
2026-08-20 18:38:40,694|line:764| =========此为源动态=========
2026-08-20 18:38:40,696|line:785| *********子动态开始*********
2026-08-20 18:38:50,550|line:815| *********子动态结束*********
2026-08-20 18:38:50,551|line:969| -=-=-=-=处理回最初的动态-=-=-=-=
2026-08-20 18:39:00,505|line:910| 转发成功 1238599591018889238
2026-08-20 18:39:03,835|line:926| 评论发送成功
2026-08-20 18:39:06,133|line:860| 238623328 === 已经关注了
2026-08-20 18:39:09,313|line:935| 动态-点赞 OK
2026-08-20 18:39:11,318|line:951| https://t.bilibili.com/1237873105906434053
2026-08-20 18:39:12,559|line:764| =========此为源动态=========
2026-08-20 18:39:12,561|line:785| *********子动态开始*********
2026-08-20 18:39:22,328|line:815| *********子动态结束*********
2026-08-20 18:39:22,329|line:969| -=-=-=-=处理回最初的动态-=-=-=-=
2026-08-20 18:39:31,332|line:910| 转发成功 1238599724200624137
2026-08-20 18:39:35,359|line:926| 评论发送成功
2026-08-20 18:39:36,661|line:860| 1439255 === 已经关注了
2026-08-20 18:39:39,877|line:935| 动态-点赞 OK
2026-08-20 18:39:41,883|line:951| https://t.bilibili.com/1237846597344165907
2026-08-20 18:39:46,076|line:764| =========此为源动态=========
2026-08-20 18:39:46,077|line:785| *********子动态开始*********
2026-08-20 18:39:58,085|line:815| *********子动态结束*********
2026-08-20 18:39:58,087|line:969| -=-=-=-=处理回最初的动态-=-=-=-=
2026-08-20 18:40:12,834|line:980| ('GET请求失败', 'https://api.bilibili.com/x/polymer/web-dynamic/v1/detail?timezone_offset=-480&id=1237846597344165907&features=itemOpusStyle')
2026-08-20 18:40:12,835|line:981| error line:972
2026-08-20 18:40:14,841|line:951| https://t.bilibili.com/1237895280825729029
2026-08-20 18:40:28,313|line:770| ('GET请求失败', 'https://api.bilibili.com/x/polymer/web-dynamic/v1/detail?timezone_offset=-480&id=1237895280825729029&features=itemOpusStyle')
2026-08-20 18:40:28,314|line:771| error line:752
2026-08-20 18:40:28,315|line:965| *#*#*#*#*#*#*#*#*#*原动态处理失败*#*#*#*#*#*#*#*#*#
2026-08-20 18:40:28,315|line:951| https://t.bilibili.com/1237863442224775201
2026-08-20 18:40:40,434|line:770| ('GET请求失败', 'https://api.bilibili.com/x/polymer/web-dynamic/v1/detail?timezone_offset=-480&id=1237863442224775201&features=itemOpusStyle')
2026-08-20 18:40:40,435|line:771| error line:752
2026-08-20 18:40:40,435|line:965| *#*#*#*#*#*#*#*#*#*原动态处理失败*#*#*#*#*#*#*#*#*#
2026-08-20 18:40:40,435|line:951| https://t.bilibili.com/1237842607327936548
2026-08-20 18:40:55,485|line:770| ('GET请求失败', 'https://api.bilibili.com/x/polymer/web-dynamic/v1/detail?timezone_offset=-480&id=1237842607327936548&features=itemOpusStyle')
2026-08-20 18:40:55,486|line:771| error line:752
2026-08-20 18:40:55,486|line:965| *#*#*#*#*#*#*#*#*#*原动态处理失败*#*#*#*#*#*#*#*#*#
2026-08-20 18:40:55,486|line:951| https://t.bilibili.com/1237372020646215687
2026-08-20 18:41:09,570|line:770| ('GET请求失败', 'https://api.bilibili.com/x/polymer/web-dynamic/v1/detail?timezone_offset=-480&id=1237372020646215687&features=itemOpusStyle')
2026-08-20 18:41:09,572|line:771| error line:752
2026-08-20 18:41:09,572|line:965| *#*#*#*#*#*#*#*#*#*原动态处理失败*#*#*#*#*#*#*#*#*#
2026-08-20 18:41:09,573|line:951| https://t.bilibili.com/1237776258682585096
2026-08-20 18:41:23,118|line:770| ('GET请求失败', 'https://api.bilibili.com/x/polymer/web-dynamic/v1/detail?timezone_offset=-480&id=1237776258682585096&features=itemOpusStyle')
2026-08-20 18:41:23,119|line:771| error line:752
2026-08-20 18:41:23,119|line:965| *#*#*#*#*#*#*#*#*#*原动态处理失败*#*#*#*#*#*#*#*#*#
2026-08-20 18:41:23,119|line:951| https://t.bilibili.com/1237754601292169216
2026-08-20 18:41:36,960|line:770| ('GET请求失败', 'https://api.bilibili.com/x/polymer/web-dynamic/v1/detail?timezone_offset=-480&id=1237754601292169216&features=itemOpusStyle')
2026-08-20 18:41:36,961|line:771| error line:752
2026-08-20 18:41:36,961|line:965| *#*#*#*#*#*#*#*#*#*原动态处理失败*#*#*#*#*#*#*#*#*#
2026-08-20 18:41:36,962|line:951| https://t.bilibili.com/1237787369730473985
2026-08-20 18:41:47,495|line:770| ('GET请求失败', 'https://api.bilibili.com/x/polymer/web-dynamic/v1/detail?timezone_offset=-480&id=1237787369730473985&features=itemOpusStyle')
2026-08-20 18:41:47,497|line:771| error line:752
2026-08-20 18:41:47,497|line:965| *#*#*#*#*#*#*#*#*#*原动态处理失败*#*#*#*#*#*#*#*#*#
2026-08-20 18:41:47,498|line:951| https://t.bilibili.com/1238184701498228739
2026-08-20 18:41:59,065|line:770| ('GET请求失败', 'https://api.bilibili.com/x/polymer/web-dynamic/v1/detail?timezone_offset=-480&id=1238184701498228739&features=itemOpusStyle')
2026-08-20 18:41:59,066|line:771| error line:752
2026-08-20 18:41:59,067|line:965| *#*#*#*#*#*#*#*#*#*原动态处理失败*#*#*#*#*#*#*#*#*#
2026-08-20 18:41:59,067|line:951| https://t.bilibili.com/1238184246197092355
2026-08-20 18:42:11,605|line:770| ('GET请求失败', 'https://api.bilibili.com/x/polymer/web-dynamic/v1/detail?timezone_offset=-480&id=1238184246197092355&features=itemOpusStyle')
2026-08-20 18:42:11,606|line:771| error line:752
2026-08-20 18:42:11,606|line:965| *#*#*#*#*#*#*#*#*#*原动态处理失败*#*#*#*#*#*#*#*#*#
2026-08-20 18:42:11,607|line:951| https://t.bilibili.com/1238183546132103185
2026-08-20 18:42:24,863|line:770| ('GET请求失败', 'https://api.bilibili.com/x/polymer/web-dynamic/v1/detail?timezone_offset=-480&id=1238183546132103185&features=itemOpusStyle')
2026-08-20 18:42:24,869|line:771| error line:752
2026-08-20 18:42:24,869|line:965| *#*#*#*#*#*#*#*#*#*原动态处理失败*#*#*#*#*#*#*#*#*#
2026-08-20 18:42:24,870|line:951| https://t.bilibili.com/1238218893743357954
2026-08-20 18:42:38,986|line:770| ('GET请求失败', 'https://api.bilibili.com/x/polymer/web-dynamic/v1/detail?timezone_offset=-480&id=1238218893743357954&features=itemOpusStyle')
2026-08-20 18:42:38,987|line:771| error line:752
2026-08-20 18:42:38,987|line:965| *#*#*#*#*#*#*#*#*#*原动态处理失败*#*#*#*#*#*#*#*#*#
2026-08-20 18:42:38,987|line:951| https://t.bilibili.com/1238207177014902818
2026-08-20 18:42:49,313|line:770| ('GET请求失败', 'https://api.bilibili.com/x/polymer/web-dynamic/v1/detail?timezone_offset=-480&id=1238207177014902818&features=itemOpusStyle')
2026-08-20 18:42:49,314|line:771| error line:752
2026-08-20 18:42:49,314|line:965| *#*#*#*#*#*#*#*#*#*原动态处理失败*#*#*#*#*#*#*#*#*#
2026-08-20 18:42:49,314|line:951| https://t.bilibili.com/1238094762741858311
2026-08-20 18:43:05,654|line:770| ('GET请求失败', 'https://api.bilibili.com/x/polymer/web-dynamic/v1/detail?timezone_offset=-480&id=1238094762741858311&features=itemOpusStyle')
2026-08-20 18:43:05,655|line:771| error line:752
2026-08-20 18:43:05,655|line:965| *#*#*#*#*#*#*#*#*#*原动态处理失败*#*#*#*#*#*#*#*#*#
2026-08-20 18:43:05,656|line:951| https://t.bilibili.com/1238232916753907713
2026-08-20 18:43:15,861|line:770| ('GET请求失败', 'https://api.bilibili.com/x/polymer/web-dynamic/v1/detail?timezone_offset=-480&id=1238232916753907713&features=itemOpusStyle')
2026-08-20 18:43:15,862|line:771| error line:752
2026-08-20 18:43:15,863|line:965| *#*#*#*#*#*#*#*#*#*原动态处理失败*#*#*#*#*#*#*#*#*#
2026-08-20 18:43:15,864|line:951| https://t.bilibili.com/1238219542282371081
2026-08-20 18:43:30,078|line:770| ('GET请求失败', 'https://api.bilibili.com/x/polymer/web-dynamic/v1/detail?timezone_offset=-480&id=1238219542282371081&features=itemOpusStyle')
2026-08-20 18:43:30,080|line:771| error line:752
2026-08-20 18:43:30,080|line:965| *#*#*#*#*#*#*#*#*#*原动态处理失败*#*#*#*#*#*#*#*#*#
2026-08-20 18:43:30,080|line:951| https://t.bilibili.com/1238236507384315945
2026-08-20 18:43:42,146|line:770| ('GET请求失败', 'https://api.bilibili.com/x/polymer/web-dynamic/v1/detail?timezone_offset=-480&id=1238236507384315945&features=itemOpusStyle')
2026-08-20 18:43:42,147|line:771| error line:752
2026-08-20 18:43:42,148|line:965| *#*#*#*#*#*#*#*#*#*原动态处理失败*#*#*#*#*#*#*#*#*#
2026-08-20 18:43:42,148|line:951| https://t.bilibili.com/1238217880112201750
2026-08-20 18:43:53,270|line:770| ('GET请求失败', 'https://api.bilibili.com/x/polymer/web-dynamic/v1/detail?timezone_offset=-480&id=1238217880112201750&features=itemOpusStyle')
2026-08-20 18:43:53,273|line:771| error line:752
2026-08-20 18:43:53,273|line:965| *#*#*#*#*#*#*#*#*#*原动态处理失败*#*#*#*#*#*#*#*#*#
2026-08-20 18:43:53,273|line:951| https://t.bilibili.com/1238218283845419017
2026-08-20 18:44:12,107|line:770| ('GET请求失败', 'https://api.bilibili.com/x/polymer/web-dynamic/v1/detail?timezone_offset=-480&id=1238218283845419017&features=itemOpusStyle')
2026-08-20 18:44:12,108|line:771| error line:752
2026-08-20 18:44:12,108|line:965| *#*#*#*#*#*#*#*#*#*原动态处理失败*#*#*#*#*#*#*#*#*#
2026-08-20 18:44:12,109|line:951| https://t.bilibili.com/1238218457761185793
2026-08-20 18:44:24,177|line:770| ('GET请求失败', 'https://api.bilibili.com/x/polymer/web-dynamic/v1/detail?timezone_offset=-480&id=1238218457761185793&features=itemOpusStyle')
2026-08-20 18:44:24,179|line:771| error line:752
2026-08-20 18:44:24,179|line:965| *#*#*#*#*#*#*#*#*#*原动态处理失败*#*#*#*#*#*#*#*#*#
2026-08-20 18:44:24,179|line:951| https://t.bilibili.com/1238240166668140546
2026-08-20 18:44:42,532|line:770| ('GET请求失败', 'https://api.bilibili.com/x/polymer/web-dynamic/v1/detail?timezone_offset=-480&id=1238240166668140546&features=itemOpusStyle')
2026-08-20 18:44:42,532|line:771| error line:752
2026-08-20 18:44:42,533|line:965| *#*#*#*#*#*#*#*#*#*原动态处理失败*#*#*#*#*#*#*#*#*#
2026-08-20 18:44:42,533|line:951| https://t.bilibili.com/1238205995952373785
2026-08-20 18:45:00,536|line:770| ('GET请求失败', 'https://api.bilibili.com/x/polymer/web-dynamic/v1/detail?timezone_offset=-480&id=1238205995952373785&features=itemOpusStyle')
2026-08-20 18:45:00,539|line:771| error line:752
2026-08-20 18:45:00,539|line:965| *#*#*#*#*#*#*#*#*#*原动态处理失败*#*#*#*#*#*#*#*#*#
2026-08-20 18:45:00,540|line:951| https://t.bilibili.com/1238185685031059480
2026-08-20 18:45:00,540|line:953| 已有
2026-08-20 18:45:00,540|line:951| https://t.bilibili.com/1238261611454529574
2026-08-20 18:45:00,540|line:953| 已有
2026-08-20 18:45:00,541|line:951| https://t.bilibili.com/1238177163793924105
2026-08-20 18:45:16,462|line:770| ('GET请求失败', 'https://api.bilibili.com/x/polymer/web-dynamic/v1/detail?timezone_offset=-480&id=1238177163793924105&features=itemOpusStyle')
2026-08-20 18:45:16,464|line:771| error line:752
2026-08-20 18:45:16,465|line:965| *#*#*#*#*#*#*#*#*#*原动态处理失败*#*#*#*#*#*#*#*#*#
2026-08-20 18:45:16,471|line:951| https://t.bilibili.com/1238169729253769235
2026-08-20 18:45:32,475|line:770| ('GET请求失败', 'https://api.bilibili.com/x/polymer/web-dynamic/v1/detail?timezone_offset=-480&id=1238169729253769235&features=itemOpusStyle')
2026-08-20 18:45:32,482|line:771| error line:752
2026-08-20 18:45:32,482|line:965| *#*#*#*#*#*#*#*#*#*原动态处理失败*#*#*#*#*#*#*#*#*#
2026-08-20 18:45:32,482|line:951| https://t.bilibili.com/1238160555189993490
2026-08-20 18:45:45,602|line:770| ('GET请求失败', 'https://api.bilibili.com/x/polymer/web-dynamic/v1/detail?timezone_offset=-480&id=1238160555189993490&features=itemOpusStyle')
2026-08-20 18:45:45,603|line:771| error line:752
2026-08-20 18:45:45,603|line:965| *#*#*#*#*#*#*#*#*#*原动态处理失败*#*#*#*#*#*#*#*#*#
2026-08-20 18:45:45,604|line:951| https://t.bilibili.com/1238150723997270053
2026-08-20 18:46:01,694|line:770| ('GET请求失败', 'https://api.bilibili.com/x/polymer/web-dynamic/v1/detail?timezone_offset=-480&id=1238150723997270053&features=itemOpusStyle')
2026-08-20 18:46:01,695|line:771| error line:752
2026-08-20 18:46:01,696|line:965| *#*#*#*#*#*#*#*#*#*原动态处理失败*#*#*#*#*#*#*#*#*#
2026-08-20 18:46:01,696|line:951| https://t.bilibili.com/1238143590033522694
2026-08-20 18:46:14,935|line:770| ('GET请求失败', 'https://api.bilibili.com/x/polymer/web-dynamic/v1/detail?timezone_offset=-480&id=1238143590033522694&features=itemOpusStyle')
2026-08-20 18:46:14,943|line:771| error line:752
2026-08-20 18:46:14,944|line:965| *#*#*#*#*#*#*#*#*#*原动态处理失败*#*#*#*#*#*#*#*#*#
2026-08-20 18:46:14,944|line:951| https://t.bilibili.com/1238083331692691461
2026-08-20 18:46:27,436|line:770| ('GET请求失败', 'https://api.bilibili.com/x/polymer/web-dynamic/v1/detail?timezone_offset=-480&id=1238083331692691461&features=itemOpusStyle')
2026-08-20 18:46:27,437|line:771| error line:752
2026-08-20 18:46:27,437|line:965| *#*#*#*#*#*#*#*#*#*原动态处理失败*#*#*#*#*#*#*#*#*#
2026-08-20 18:46:27,437|line:951| https://t.bilibili.com/1238087463434453026
2026-08-20 18:46:44,477|line:770| ('GET请求失败', 'https://api.bilibili.com/x/polymer/web-dynamic/v1/detail?timezone_offset=-480&id=1238087463434453026&features=itemOpusStyle')
2026-08-20 18:46:44,478|line:771| error line:752
2026-08-20 18:46:44,478|line:965| *#*#*#*#*#*#*#*#*#*原动态处理失败*#*#*#*#*#*#*#*#*#
2026-08-20 18:46:44,478|line:951| https://t.bilibili.com/1238121453772079124
2026-08-20 18:47:00,872|line:770| ('GET请求失败', 'https://api.bilibili.com/x/polymer/web-dynamic/v1/detail?timezone_offset=-480&id=1238121453772079124&features=itemOpusStyle')
2026-08-20 18:47:00,875|line:771| error line:752
2026-08-20 18:47:00,876|line:965| *#*#*#*#*#*#*#*#*#*原动态处理失败*#*#*#*#*#*#*#*#*#
2026-08-20 18:47:00,876|line:951| https://t.bilibili.com/1238090731917148169
2026-08-20 18:47:15,008|line:770| ('GET请求失败', 'https://api.bilibili.com/x/polymer/web-dynamic/v1/detail?timezone_offset=-480&id=1238090731917148169&features=itemOpusStyle')
2026-08-20 18:47:15,009|line:771| error line:752
2026-08-20 18:47:15,010|line:965| *#*#*#*#*#*#*#*#*#*原动态处理失败*#*#*#*#*#*#*#*#*#
2026-08-20 18:47:15,010|line:951| https://t.bilibili.com/1238092320999473171
2026-08-20 18:47:28,236|line:770| ('GET请求失败', 'https://api.bilibili.com/x/polymer/web-dynamic/v1/detail?timezone_offset=-480&id=1238092320999473171&features=itemOpusStyle')
2026-08-20 18:47:28,237|line:771| error line:752
2026-08-20 18:47:28,237|line:965| *#*#*#*#*#*#*#*#*#*原动态处理失败*#*#*#*#*#*#*#*#*#
2026-08-20 18:47:28,237|line:951| https://t.bilibili.com/1238093386169188352
2026-08-20 18:47:28,237|line:953| 已有
2026-08-20 18:47:28,238|line:951| https://t.bilibili.com/1238190108873588759
2026-08-20 18:47:41,169|line:770| ('GET请求失败', 'https://api.bilibili.com/x/polymer/web-dynamic/v1/detail?timezone_offset=-480&id=1238190108873588759&features=itemOpusStyle')
2026-08-20 18:47:41,170|line:771| error line:752
2026-08-20 18:47:41,170|line:965| *#*#*#*#*#*#*#*#*#*原动态处理失败*#*#*#*#*#*#*#*#*#
2026-08-20 18:47:41,170|line:951| https://t.bilibili.com/1238102302542266406
2026-08-20 18:47:54,817|line:770| ('GET请求失败', 'https://api.bilibili.com/x/polymer/web-dynamic/v1/detail?timezone_offset=-480&id=1238102302542266406&features=itemOpusStyle')
2026-08-20 18:47:54,820|line:771| error line:752
2026-08-20 18:47:54,821|line:965| *#*#*#*#*#*#*#*#*#*原动态处理失败*#*#*#*#*#*#*#*#*#
2026-08-20 18:47:54,821|line:951| https://t.bilibili.com/1238200863469600787
2026-08-20 18:47:54,821|line:953| 已有
2026-08-20 18:47:54,822|line:951| https://t.bilibili.com/1238094627425222705
2026-08-20 18:48:08,077|line:770| ('GET请求失败', 'https://api.bilibili.com/x/polymer/web-dynamic/v1/detail?timezone_offset=-480&id=1238094627425222705&features=itemOpusStyle')
2026-08-20 18:48:08,079|line:771| error line:752
2026-08-20 18:48:08,079|line:965| *#*#*#*#*#*#*#*#*#*原动态处理失败*#*#*#*#*#*#*#*#*#
2026-08-20 18:48:08,080|line:951| https://t.bilibili.com/1238109183088263171
2026-08-20 18:48:21,700|line:770| ('GET请求失败', 'https://api.bilibili.com/x/polymer/web-dynamic/v1/detail?timezone_offset=-480&id=1238109183088263171&features=itemOpusStyle')
2026-08-20 18:48:21,701|line:771| error line:752
2026-08-20 18:48:21,701|line:965| *#*#*#*#*#*#*#*#*#*原动态处理失败*#*#*#*#*#*#*#*#*#
2026-08-20 18:48:21,702|line:951| https://t.bilibili.com/1238189778148524067
2026-08-20 18:48:21,702|line:953| 已有
2026-08-20 18:48:21,702|line:951| https://t.bilibili.com/1238189142468198465
2026-08-20 18:48:39,146|line:770| ('GET请求失败', 'https://api.bilibili.com/x/polymer/web-dynamic/v1/detail?timezone_offset=-480&id=1238189142468198465&features=itemOpusStyle')
2026-08-20 18:48:39,146|line:771| error line:752
2026-08-20 18:48:39,147|line:965| *#*#*#*#*#*#*#*#*#*原动态处理失败*#*#*#*#*#*#*#*#*#
2026-08-20 18:48:39,147|line:951| https://t.bilibili.com/1238223257412304905
2026-08-20 18:48:53,092|line:770| ('GET请求失败', 'https://api.bilibili.com/x/polymer/web-dynamic/v1/detail?timezone_offset=-480&id=1238223257412304905&features=itemOpusStyle')
2026-08-20 18:48:53,092|line:771| error line:752
2026-08-20 18:48:53,093|line:965| *#*#*#*#*#*#*#*#*#*原动态处理失败*#*#*#*#*#*#*#*#*#
2026-08-20 18:48:53,093|line:951| https://t.bilibili.com/1238231623973994517
2026-08-20 18:48:53,093|line:953| 已有
2026-08-20 18:48:53,093|line:951| https://t.bilibili.com/1237908466362744902
2026-08-20 18:49:06,232|line:770| ('GET请求失败', 'https://api.bilibili.com/x/polymer/web-dynamic/v1/detail?timezone_offset=-480&id=1237908466362744902&features=itemOpusStyle')
2026-08-20 18:49:06,234|line:771| error line:752
2026-08-20 18:49:06,236|line:965| *#*#*#*#*#*#*#*#*#*原动态处理失败*#*#*#*#*#*#*#*#*#
2026-08-20 18:49:06,237|line:984| 执行结束
2026-08-20 18:49:06,237|line:989| 执行失败，错误数量为39
2026-08-20 18:49:06,238|line:991| ==================================================2026-08-20 18:49==================================================
2026-08-20 18:49:08,465|line:1011| ('reply: ', '榄菊官方', '[给心心]')
2026-08-20 18:49:08,465|line:1011| ('reply: ', '吓死我啦芙莱', '并不是')
2026-08-20 18:49:08,466|line:1011| ('reply: ', '花生十三-公考行测', '68')
2026-08-20 18:49:08,466|line:1011| ('reply: ', '三鹿七茸猫尾巴', '[夏诺雅表情包_？？？]')
2026-08-20 18:49:08,477|line:1011| ('reply: ', '小闪闪bling', 'hhh腾子买库洛让我感觉他自己有点不太想出大世界了')
2026-08-20 18:49:08,479|line:1011| ('reply: ', 'M4LMG-布洛妮娅', '不是，这……')
2026-08-20 18:49:08,479|line:1011| ('reply: ', '好像都是一个人', '你在说什么')
2026-08-20 18:49:08,481|line:1011| ('reply: ', '目标咨询', '太宠粉了啊')
2026-08-20 18:49:08,481|line:1011| ('reply: ', '数玩工场', '祝你成功')
2026-08-20 18:49:08,481|line:1011| ('reply: ', '益家有小佰', '恭喜宝子，获得小电视月度会员1份和克刻冰冰猴喉糖随机口味1份～记得私信小佰提供信息哦~')
2026-08-20 18:49:08,482|line:1011| ('reply: ', '圆环之理-Madoka', '是的')
2026-08-20 18:49:08,482|line:1011| ('reply: ', '兰的三姨', '这就是银河巨星的实力！')
2026-08-20 18:49:08,482|line:1011| ('reply: ', '花园百合铃音', '有男不玩，我只吃麻辣火锅，xxn滚[吃瓜]')
2026-08-20 18:49:08,482|line:1011| ('reply: ', '是绝赞的阿鬼', '[tv_难过]')
2026-08-20 18:49:08,482|line:1011| ('reply: ', '桃稚不幼稚', '还行')
2026-08-20 18:49:08,482|line:1011| ('reply: ', '陌罔子吖', '佬，这个报名有啥条件不。最近太非了，想下次报来抽[脱单doge][脱单doge][脱单doge]')
2026-08-20 18:49:08,483|line:1011| ('reply: ', '太二酸菜鱼', '恭喜成为本期欧皇[打call]获得【肥龙联名显眼包】1份，在收到本信息的两天内回复哥的私信哦~逾期哥就自己收啦！[脱单doge]')
2026-08-20 18:49:08,483|line:1011| ('reply: ', '得一想二的松鼠', '中奖分我一半')
2026-08-20 18:49:08,483|line:1011| ('reply: ', '佑凉Uriyoo', '谢谢！！！[UP_24967030_感恩]')
2026-08-20 18:49:08,483|line:1011| ('reply: ', '岛莓祁', '好耶')
2026-08-20 18:49:09,710|line:1020| ('at: ', '电脑报', '恭喜@小小Shaun UID：1090970340，@-叶晓吖  UID：22437099  获得 【电竞大礼包】1份， 请在三日内私信我')
2026-08-20 18:49:09,711|line:1020| ('at: ', '联想拯救者官方', '是我喜欢的奖品名单 直接开奖 上 趁现在没人偷摸开个奖 恭喜这些小伙伴 【拯救者7.1声卡H7游戏耳机】获奖名单 @泪水打湿猪脚饭o @xoomoon @小小Shaun @T山海连云T @超超超超薄脆饼干 @BerboomC 【拯救者C140氮化镓适配器】获奖名单 @改个天凉好个秋 @夜猫子牙不好 @LLL好久不见 @林殇倾慕婉 @今天也要拥抱微风 @洳不及我万一 @胜利の天平 【白金独角兽电竞鼠标】获奖名单 @底片上的诗旅人 【拯救者C170氮化镓适配器】获奖名单 @麦當劳无限好 @無名丶の辈 @任性的提莫 @广东有暖风 由于B站私信规则修改 我会私信中奖的小伙伴一条消息，还请注意查收并回复我您的收货地址与联系方式，奖品基本会在私信您信息后的三十个工作日内发货')
2026-08-20 18:49:09,712|line:1020| ('at: ', 'Apexgaming艾湃电竞', '恭喜 @小小Shaun 获得饮料一份，三天内联系我，过时不候！')
2026-08-20 18:49:09,712|line:1020| ('at: ', '梦_水晶花', '1 @浪子游2fans6@被_____打下来的飞机@拉斯特臣后面一个点@专心致志的学生@猫猫头OmMeow@小小Shaun@龐門左道@啦啦痴痴腻@bili_66938050009@日月星辰668')
2026-08-20 18:49:09,712|line:1020| ('at: ', 'iKF蓝牙耳机', '恭喜@小小Shaun 宝子成为苏泊尔福利动态幸运儿！\n注意：即日起72小时内回复信息确认领奖哦！逾期将自动视为放弃中奖资格。\n没有中奖的宝子们不要气馁，参与一下下置顶视频iKF Mars，增加欧气值，说不定下个幸运儿就是你！\n链接：\nhttps://www.bilibili.com/video/BV1Soo6YLEHZ/?spm_id_from=333.1387.list.card_archive.click&vd_source=21fb0967ccc75e6b3b2447ade2c740dd\n还没参与抽奖的宝子们，赶紧点击上方链接参与吧！还有特别福利惊喜等你哦~')
2026-08-20 18:49:09,712|line:1020| ('at: ', 'wellymerck威利默克', '恭喜@小小Shaun\xa0 获得《我是你的小狗3 永远等你回家》1本，请于5天内联系威宝，凭关注+互动截图领取奖品，逾期作废~')
2026-08-20 18:49:09,713|line:1020| ('at: ', '宁美NINGMEI', '恭喜@小小Shaun   中奖，请在12月1日24点前私信我：1. 奖品+中奖信息a. 实物奖：姓名电话地址，给文字！省市区路清晰，提交不清晰不发奖，信息错误致无法签收，概不负责；\n\nb. 现金红包给到支付宝实名+账号；\n\nc. 京东卡/猫超卡 等购物卡给到姓名+电话；2. 宁美和品牌方关注截图+转发截图！\n\n必须关注品牌方，否则奖品不予发放；如遇无法私信图片的情况，等待我回复后即可发送图片。PS： \n\n因后台收信有时会出问题，以回复“已登记”为准，没有回复即表示私信未收到。\n\n过期视为自动放弃，不会补发；奖品30个工作日内发送，勿催哦~\n\n不发全，不回复。其他小伙伴请继续努力！')
2026-08-20 18:49:09,714|line:1020| ('at: ', '爱玛电动车官方账号', '#一“玛”当先榜# 快来看看10月都是谁和爱玛酱互动最多呀~ 💕恭喜@小小Shaun 和@甘瑞凯拉莎 排行第一！这两位小玛达将会获得【爱玛随机周边×1】，请5天内私信爱玛酱领奖哟~[鼓掌] 以后也请继续单推我无敌可爱美少女爱玛酱呀嘿嘿！(●´З｀●)')
2026-08-20 18:49:09,714|line:1020| ('at: ', '爱玛电动车官方账号', '')
2026-08-20 18:49:09,714|line:1020| ('at: ', '海露滴眼液', '互动榜出炉啦')
2026-08-20 18:49:09,715|line:1020| ('at: ', '和蔼可亲桃白白', '\u200b//@九号公司:\u200b恭喜@小小Shaun 中奖！后续记得查收私信哟～\u200b//@九号公司:#互动抽奖# 谢谢粒粒的复工礼！小九也来加个码~关注【@微粒贷+@九号公司 】并转发该动态，抽一位小可爱获得【100元京东卡】~ #供电局福利社# 10月31日抽出！')
2026-08-20 18:49:09,715|line:1020| ('at: ', '望大家身体健康快乐', '\u200b//@九号公司:\u200b恭喜@小小Shaun 中奖！后续记得查收私信哟～\u200b//@九号公司 :#互动抽奖# 谢谢粒粒的复工礼！小九也来加个码~关注【@微粒贷+@九号公司 】并转发该动态，抽一位小可爱获得【100元京东卡】~ #供电局福利社# 10月31日抽出！')
2026-08-20 18:49:09,716|line:1020| ('at: ', 'MoMA_Reona', '//@九号公司:\u200b恭喜@小小Shaun 中奖！后续记得查收私信哟～\u200b//@九号公司:#互动抽奖# 谢谢粒粒的复工礼！小九也来加个码~关注【@微粒贷+@九号公司 】并转发该动态，抽一位小可爱获得【100元京东卡】~ #供电局福利社# 10月31日抽出！')
2026-08-20 18:49:09,716|line:1020| ('at: ', '摸鱼二队', '\u200b//@九号公司:\u200b恭喜@小小Shaun 中奖！后续记得查收私信哟～\u200b//@九号公司 :#互动抽奖# 谢谢粒粒的复工礼！小九也来加个码~关注【@微粒贷+@九号公司 】并转发该动态，抽一位小可爱获得【100元京东卡】~ #供电局福利社# 10月31日抽出！')
2026-08-20 18:49:09,716|line:1020| ('at: ', '文少嘅一些事一些情', '\u200b//@九号公司:\u200b恭喜@小小Shaun 中奖！后续记得查收私信哟～\u200b//@九号公司 :#互动抽奖# 谢谢粒粒的复工礼！小九也来加个码~关注【@微粒贷+@九号公司 】并转发该动态，抽一位小可爱获得【100元京东卡】~ #供电局福利社# 10月31日抽出！')
2026-08-20 18:49:09,717|line:1020| ('at: ', 'Carry队友的嘟嘟酱丶', '\u200b//@九号公司:\u200b恭喜@小小Shaun 中奖！后续记得查收私信哟～\u200b//@九号公司 :#互动抽奖# 谢谢粒粒的复工礼！小九也来加个码~关注【@微粒贷+@九号公司 】并转发该动态，抽一位小可爱获得【100元京东卡】~ #供电局福利社# 10月31日抽出！')
2026-08-20 18:49:09,718|line:1020| ('at: ', '蛤蟆zero', '//@九号公司:\u200b恭喜@小小Shaun 中奖！后续记得查收私信哟～\u200b//@九号公司:#互动抽奖# 谢谢粒粒的复工礼！小九也来加个码~关注【@微粒贷+@九号公司 】并转发该动态，抽一位小可爱获得【100元京东卡】~ #供电局福利社# 10月31日抽出！c冲冲冲')
2026-08-20 18:49:09,718|line:1020| ('at: ', '木而各子要吃笃栗子', '\u200b//@九号公司:\u200b恭喜@小小Shaun 中奖！后续记得查收私信哟～\u200b//@九号公司 :#互动抽奖# 谢谢粒粒的复工礼！小九也来加个码~关注【@微粒贷+@九号公司 】并转发该动态，抽一位小可爱获得【100元京东卡】~ #供电局福利社# 10月31日抽出！')
2026-08-20 18:49:09,719|line:1020| ('at: ', '裙下愚臣情默默', '\u200b//@九号公司:\u200b恭喜@小小Shaun 中奖！后续记得查收私信哟～\u200b//@九号公司 :#互动抽奖# 谢谢粒粒的复工礼！小九也来加个码~关注【@微粒贷+@九号公司 】并转发该动态，抽一位小可爱获得【100元京东卡】~ #供电局福利社# 10月31日抽出！')
2026-08-20 18:49:09,719|line:1020| ('at: ', '戊子毕宿', '')
