2026-08-19 17:37:41,916|line:449| processing article 52481668
2026-08-19 17:37:42,067|line:413| 获取 Article 结构化正文失败 52481668: -509 请求过于频繁，请稍后再试
2026-08-19 17:37:43,022|line:413| 获取 Article 结构化正文失败 52481668: -509 请求过于频繁，请稍后再试
2026-08-19 17:37:44,784|line:413| 获取 Article 结构化正文失败 52481668: -509 请求过于频繁，请稍后再试
2026-08-19 17:37:47,376|line:413| 获取 Article 结构化正文失败 52481668: -509 请求过于频繁，请稍后再试
2026-08-19 17:37:50,733|line:413| 获取 Article 结构化正文失败 52481668: -509 请求过于频繁，请稍后再试
2026-08-19 17:37:54,868|line:413| 获取 Article 结构化正文失败 52481668: -509 请求过于频繁，请稍后再试
2026-08-19 17:38:11,252|line:449| processing article 52481575
2026-08-19 17:43:47,292|line:449| processing article 52481668
2026-08-19 17:43:53,906|line:449| processing article 52481575
2026-08-19 17:43:54,053|line:413| 获取 Article 结构化正文失败 52481575: -509 请求过于频繁，请稍后再试
2026-08-19 17:44:54,614|line:449| processing article 52481668
2026-08-19 17:44:54,749|line:413| 获取 Article 结构化正文失败 52481668: -509 请求过于频繁，请稍后再试
2026-08-19 17:44:55,708|line:413| 获取 Article 结构化正文失败 52481668: -509 请求过于频繁，请稍后再试
2026-08-19 17:44:57,489|line:413| 获取 Article 结构化正文失败 52481668: -509 请求过于频繁，请稍后再试
2026-08-19 17:45:04,417|line:449| processing article 52481668
2026-08-19 18:05:48,400|line:449| processing article 52463726
2026-08-19 18:05:48,656|line:413| 获取 Article 结构化正文失败 52463726: -509 请求过于频繁，请稍后再试
2026-08-19 18:06:12,748|line:867| 关注 ==== 81437098 OK
2026-08-19 18:06:19,519|line:905| 转发成功 1238220083431473173
2026-08-19 18:06:23,151|line:920| 评论发送成功
2026-08-19 18:13:37,390|line:867| 关注 ==== 266673649 OK
2026-08-19 18:13:42,875|line:905| 转发成功 1238221986103033912
2026-08-19 18:13:46,140|line:920| 评论发送成功
